{
  "source_commit": "0557dbd8f2196df871af20c0982bdc2526f0ad6e",
  "base_commit": "b877db0edd2e4550d6ea81750656112fb7f2e223",
  "status": "PASS",
  "changed_path_count": 156,
  "indexed_authority_count": 28,
  "frozen_and_requirement_files": [
    "04_KineticLoop_DB_Schema_Design_v0.2_FROZEN.md",
    "05_KineticLoop_Protocol_v1.2_FROZEN.md",
    "FROZEN_BASELINE.json",
    "CURRENT_REQUIREMENT_SET.json",
    "KineticLoop_Acceptance_Spec_v1.2.2.json",
    "KineticLoop_Integration_Acceptance_v0.1.json"
  ],
  "historical_artifacts_preserved": 4023,
  "prerequisites": [
    "KL-076",
    "KL-079",
    "KL-077",
    "KL-027",
    "KL-078",
    "KL-026",
    "KL-023",
    "KL-022",
    "KL-028",
    "KL-029"
  ],
  "execution_gzip_functions_unchanged": true,
  "kl080_only_definition_of_done_appended": true,
  "kl080_migration_applied": false,
  "budget": {
    "identity": "HG-051",
    "base": "b877db0edd2e4550d6ea81750656112fb7f2e223",
    "head": "0557dbd8f2196df871af20c0982bdc2526f0ad6e",
    "stored_bytes": 4756119,
    "files": 135,
    "errors": [],
    "remedy": "python tools/harness/compact_evidence.py capture --help"
  }
}
