{
  "status": "PASS",
  "schema": "THREAD_REVIEW.schema.json",
  "envelope_classification": "ordinary review evidence",
  "files": [
    {
      "path": "docs/exec-plans/reviews/HG-049/PROTOCOL.json",
      "sha256": "6df634b07b8f47228287d51108203f3d2d2e9aaec64cc7cf01bdd629a88d33f8",
      "bytes": 843
    },
    {
      "path": "docs/exec-plans/reviews/HG-049/protocol/REPORT.md",
      "sha256": "43d7360ea028cd042035d087a6e97bb6acb92e1992646acc8d1cdd979ca4585e",
      "bytes": 6023
    },
    {
      "path": "docs/exec-plans/reviews/HG-049/protocol/focused.log",
      "sha256": "96f0680a8163d6c5c64e91e64e209cc0d2e1b1b7b17e5242b9fbbde6de235918",
      "bytes": 225
    },
    {
      "path": "docs/exec-plans/reviews/HG-049/protocol/focused.xml",
      "sha256": "6a4c55182f67ed1ddb81cfcf020e04c9bfaa2a18e638e9142f01383639eff64a",
      "bytes": 9803
    },
    {
      "path": "docs/exec-plans/reviews/HG-049/protocol/verify-initial.log",
      "sha256": "9e30deb641fb9436e66ba68e6e700a94ed9168f42b1de75f1cedefd0e39623d5",
      "bytes": 8271
    },
    {
      "path": "docs/exec-plans/reviews/HG-049/protocol/verify.py",
      "sha256": "321ac80f2a0fa57b2902912cacb78812029d9ae32e302a9ad107b2de8474ccba",
      "bytes": 9522
    }
  ]
}
