KL-015 exact packet checks
tested_commit=c281e6aaefea2196e998aba23a09eebab527bb0a

[01] uv run pytest -q tests/unit/persistence/test_transactions.py::test_transaction_owner_matrix_complete
PASS: 1 passed in 0.22s
[02] uv run pytest -q tests/unit/persistence/test_transactions.py::test_catalog_mapping_and_release_owner_boundaries_complete
PASS: 1 passed in 0.16s
[03] uv run pytest -q tests/db/test_transaction_interfaces.py::test_registry_lease_required_for_publish_commit_and_session_entry
PASS: 1 passed in 2.63s
[04] uv run pytest -q tests/db/test_transaction_interfaces.py::test_preparation_work_stays_outside_coordination_locks
PASS: 1 passed in 2.41s
[05] uv run pytest -q tests/db/test_transaction_interfaces.py::test_factset_build_stays_outside_subject_coordination
PASS: 1 passed in 2.40s
[06] uv run pytest -q tests/db/test_transaction_interfaces.py::test_subject_guard_required
PASS: 1 passed in 2.45s
[07] uv run pytest -q tests/db/test_transaction_interfaces.py::test_complete_frozen_lock_order_enforced
PASS: 1 passed in 2.50s
[08] uv run pytest -q tests/db/test_transaction_interfaces.py::test_multi_key_lock_order_is_stable
PASS: 1 passed in 2.45s
[09] uv run pytest -q tests/db/test_transaction_interfaces.py::test_reverse_lock_order_is_rejected
PASS: 7 passed in 2.62s
[10] uv run pytest -q tests/db/test_transaction_interfaces.py::test_receipt_before_s01_is_rejected
PASS: 1 passed in 2.34s
[11] uv run pytest -q tests/db/test_transaction_interfaces.py::test_artifact_identity_required
PASS: 1 passed in 2.36s
[12] uv run pytest -q tests/db/test_transaction_interfaces.py::test_direct_write_bypass_rejected
PASS: 1 passed in 2.35s
[13] uv run pytest -q tests/db/test_transaction_interfaces.py::test_event_outbox_atomicity_enforced
PASS: 8 passed in 2.59s; incomplete success paths are rejected atomically
[14] uv run pytest -q tests/db/test_transaction_interfaces.py::test_outbox_dispatcher_does_not_lock_subject_guard
PASS: 1 passed in 2.34s
[15] uv run pytest -q tests/db/test_transaction_interfaces.py::test_stale_fence_commit_is_rejected
PASS: 1 passed in 2.45s; acquisition expiry/status and successful exact-attempt reaper covered
[16] uv run pytest -q tests/db/test_transaction_interfaces.py::test_dispatch_first_winner_and_replay_non_resend
PASS: 1 passed in 2.45s; wrong-owner helper use is rejected and replay is non-sendable
[17] uv run pytest -q tests/db/test_transaction_interfaces.py::test_ack_loss_replay_preserves_natural_uniqueness
PASS: 1 passed in 2.38s; revision and observation-key T1 identities are covered
[18] uv run pytest -q tests/db/test_transaction_interfaces.py::test_t6_ack_loss_replay_returns_same_issuance
PASS: 1 passed in 2.57s; PASS/expiry/full-closure guards, prior and first-head commits, exact attempt, conditional supersession, and replay covered
[19] uv run pytest -q tests/db/test_transaction_interfaces.py tests/unit/persistence/test_transactions.py
PASS: 33 passed in 3.73s
[20] uv run kl check-harness
PASS: HARNESS_CHECK_PASS tasks=69 active=67

exit_code=0 for every command
