KL-015 exact packet checks
tested_commit=cc059195ec683730a7225bbf40f55a53658453a6

[01] uv run pytest -q tests/unit/persistence/test_transactions.py::test_transaction_owner_matrix_complete
PASS: 1 passed in 0.20s
[02] uv run pytest -q tests/unit/persistence/test_transactions.py::test_catalog_mapping_and_release_owner_boundaries_complete
PASS: 1 passed in 0.17s
[03] uv run pytest -q tests/db/test_transaction_interfaces.py::test_registry_lease_required_for_publish_commit_and_session_entry
PASS: 1 passed in 2.54s
[04] uv run pytest -q tests/db/test_transaction_interfaces.py::test_preparation_work_stays_outside_coordination_locks
PASS: 1 passed in 2.38s
[05] uv run pytest -q tests/db/test_transaction_interfaces.py::test_factset_build_stays_outside_subject_coordination
PASS: 1 passed in 2.39s
[06] uv run pytest -q tests/db/test_transaction_interfaces.py::test_subject_guard_required
PASS: 1 passed in 2.34s
[07] uv run pytest -q tests/db/test_transaction_interfaces.py::test_complete_frozen_lock_order_enforced
PASS: 1 passed in 2.35s
[08] uv run pytest -q tests/db/test_transaction_interfaces.py::test_multi_key_lock_order_is_stable
PASS: 1 passed in 2.35s
[09] uv run pytest -q tests/db/test_transaction_interfaces.py::test_reverse_lock_order_is_rejected
PASS: 7 passed in 2.60s
[10] uv run pytest -q tests/db/test_transaction_interfaces.py::test_receipt_before_s01_is_rejected
PASS: 1 passed in 2.36s
[11] uv run pytest -q tests/db/test_transaction_interfaces.py::test_artifact_identity_required
PASS: 1 passed in 2.37s
[12] uv run pytest -q tests/db/test_transaction_interfaces.py::test_direct_write_bypass_rejected
PASS: 1 passed in 2.38s
[13] uv run pytest -q tests/db/test_transaction_interfaces.py::test_event_outbox_atomicity_enforced
PASS: 8 passed in 2.60s
[14] uv run pytest -q tests/db/test_transaction_interfaces.py::test_outbox_dispatcher_does_not_lock_subject_guard
PASS: 1 passed in 2.37s
[15] uv run pytest -q tests/db/test_transaction_interfaces.py::test_stale_fence_commit_is_rejected
PASS: 1 passed in 2.42s; exact owner/fence/status/deadline/request/attempt and reaper bases verified
[16] uv run pytest -q tests/db/test_transaction_interfaces.py::test_dispatch_first_winner_and_replay_non_resend
PASS: 1 passed in 2.42s; executable permission is first-winner only and generic replay is non-sendable
[17] uv run pytest -q tests/db/test_transaction_interfaces.py::test_ack_loss_replay_preserves_natural_uniqueness
PASS: 1 passed in 2.41s; source natural identity, not client key, serializes T1 admission
[18] uv run pytest -q tests/db/test_transaction_interfaces.py::test_t6_ack_loss_replay_returns_same_issuance
PASS: 1 passed in 2.45s; mandatory T6 writes, exact validation/certificate/closure inputs, prior-head supersession, and rollback negatives verified
[19] uv run pytest -q tests/db/test_transaction_interfaces.py tests/unit/persistence/test_transactions.py
PASS: 32 passed in 3.58s
[20] uv run kl check-harness
PASS: HARNESS_CHECK_PASS tasks=69 active=67

exit_code=0 for every command
