KL-015 supplemental regression checks
tested_commit=c96798c39616410fca87ea6655bc805e8db45b86

$ uv run pytest -q tests/db
195 passed in 98.97s
exit_code=0
$ uv run kl test-unit
174 passed in 15.60s
exit_code=0
$ uv run kl test-harness
134 passed in 153.67s
exit_code=0
$ uv run kl lint
All checks passed!
exit_code=0
$ uv run kl typecheck
Success: no issues found in 82 source files
exit_code=0

frozen_sha256 DOC-PROTOCOL-V1.2
expected=00bf3eb2e0e2e00867d114b42e147a2341d98454f08629c849ebf0b4c0c4916c
actual=00bf3eb2e0e2e00867d114b42e147a2341d98454f08629c849ebf0b4c0c4916c
result=PASS
frozen_sha256 DOC-DB-V0.2
expected=2158a80bdc0e16eaf9c2cd835f704bdc2f346565dc35cb0c1fc1a8c00a1b8eda
actual=2158a80bdc0e16eaf9c2cd835f704bdc2f346565dc35cb0c1fc1a8c00a1b8eda
result=PASS

write_scope against base 21ec0b508959d8ce24dfe1a0e4d59a0820394068
docs/contracts/repository_transactions.md
src/kineticloop/persistence/transactions.py
tests/db/test_transaction_interfaces.py
tests/unit/persistence/test_transactions.py
result=PASS
