KL-011 remediation required check evidence
task_identity: harness-backlog-v0.2/KL-011
tested_commit: e68aacbc47a47fe6cb6b25f9d25bf8097e98352e
environment: PATH includes /private/tmp/kl001-bootstrap/bin; UV_CACHE_DIR=/private/tmp/kl001-uv-cache

check_id: typed_fact_children_are_closed
command: uv run pytest -q tests/unit/persistence/test_fact_children.py::test_typed_fact_children_are_closed
output:
.                                                                        [100%]
1 passed in 0.01s
result: PASS
oracle: Named test passed, rejected undeclared kinds, and verified every closed field's scalar type, state/nullability shape, unit policy, and identity keys.

check_id: actual_unknown_zero_are_distinct
command: uv run pytest -q tests/unit/persistence/test_fact_children.py::test_actual_unknown_zero_are_distinct
output:
.                                                                        [100%]
1 passed in 0.01s
result: PASS
oracle: Named test passed for nonzero actual, unknown, not-measured, and actual numeric zero as distinct representations.

check_id: fact_child_provenance_is_mandatory
command: uv run pytest -q tests/unit/persistence/test_fact_children.py::test_fact_child_provenance_is_mandatory
output:
.                                                                        [100%]
1 passed in 0.01s
result: PASS
oracle: Named test passed, verified provenance on every declared field, and rejected omitted, null, incomplete, and explicitly unprovenanced fields.

check_id: schema_topology_regression_passes
command: uv run pytest -q tests/unit/persistence/test_schema_topology.py tests/unit/persistence/test_fact_children.py
output:
..........                                                               [100%]
10 passed in 0.01s
result: PASS
oracle: Both topology and remediated fact-child suites passed.

check_id: harness_validation_passes
command: uv run kl check-harness
output:
HARNESS_CHECK_PASS tasks=68 active=66
result: PASS
oracle: Command printed HARNESS_CHECK_PASS.

Supplementary pre-freeze checks:
- uv run pytest -q tests/unit -> 144 passed in 20.06s
- uv run ruff check . -> All checks passed!
- uv run mypy src tools tests -> Success: no issues found in 60 source files
