REVIEWED_HEAD_SHA=89249abcfe5075d958c5e1ea4532b774ea4668de
CLONE=/private/tmp/kl078-db-final-89249ab
COMMAND=/private/tmp/kl001-bootstrap/bin/uv run pytest -q -s tests/db/test_preparation.py
INFO  [alembic.runtime.migration] Context impl PostgresqlImpl.
INFO  [alembic.runtime.migration] Will assume transactional DDL.
INFO  [alembic.runtime.migration] Running upgrade  -> 76fd67f76bd4, frozen S01-S51 baseline
INFO  [alembic.runtime.migration] Context impl PostgresqlImpl.
INFO  [alembic.runtime.migration] Will assume transactional DDL.
INFO  [alembic.runtime.migration] Running upgrade 76fd67f76bd4 -> a3f91c7d2e10, migrated SafetyRegistry integration and role-owner hardening
INFO  [alembic.runtime.migration] Running upgrade a3f91c7d2e10 -> b6e4d8a1c927, trusted artifact registration and bounded dependency admission
INFO  [alembic.runtime.migration] Running upgrade b6e4d8a1c927 -> d4c1a9e7b203, production, test, and evaluation subject namespace isolation
INFO  [alembic.runtime.migration] Running upgrade d4c1a9e7b203 -> e8c2f1a6b904, Materialize frozen S27 active partition uniqueness (legacy PENDING = ADMITTED).
NAMESPACE DatabaseNamespace(project_name='kineticloop-kl078-prep-89249ab-28b3c3297249', database_name='kineticloop_kl078_prep_89249ab_28b3c3297249') MIGRATION e8c2f1a6b904
ACTUAL_SOURCE cd420470-28ba-5a0b-932d-c9cbd65fa176 SEALED
PERSISTED_PROOFS {"artifact_closure_ids": ["44841fc8-f193-4391-b40c-69d499f93233", "d809258e-022b-4df4-b1b3-5d3bb4230d56"], "artifact_hash": "fca180b52a8a8d49569a1981a1c922be61cfc7148d1ddcce1f9f401401497946", "basis_hash": "5bd85644a68fc9ff1f41ec2bbd99b7c5d834b38a09d744fac8725f3c3d53e5e8", "build": "81129c52-0ee1-5fe3-816b-bdcb547bec07", "dependency_basis_hash": "f167a5f23eff2c1615fdfb0306b3d055c8d26a1a3605182654d4ce194fa04b30", "dependency_ids": ["e636281d-cfd9-545b-a976-1f8c222d3eab", "06b9c598-2bf6-509f-87cc-84b8ce244eae", "b6e64c57-7345-53ae-9b66-3279e4b3e2f8", "f8b3f91f-d47c-513d-8a71-8ca07ed5060d", "f966a36d-4f11-503d-ab61-b24680a23e03", "9352e992-f1e0-5138-8920-b69add23937a"], "manifest_hash": "ebd09f52744675580e1aeaeab0c990223f1e1fb827b969e460d75453dce7779f", "projection": "6f54593d-2dc8-583c-9d2f-252e79ddb336", "source": "cd420470-28ba-5a0b-932d-c9cbd65fa176", "source_hash": "1925d1b2de675f5431827f84c3dacc0753a9f6f1e2c4e0458c3af2cebfd004f6"}
OWNER_OUTPUT {'projection_id': '6f54593d-2dc8-583c-9d2f-252e79ddb336', 'revision': 1, 'input_basis_hash': '5bd85644a68fc9ff1f41ec2bbd99b7c5d834b38a09d744fac8725f3c3d53e5e8', 'dependency_ids': ['06b9c598-2bf6-509f-87cc-84b8ce244eae', '9352e992-f1e0-5138-8920-b69add23937a', 'b6e64c57-7345-53ae-9b66-3279e4b3e2f8', 'e636281d-cfd9-545b-a976-1f8c222d3eab', 'f8b3f91f-d47c-513d-8a71-8ca07ed5060d', 'f966a36d-4f11-503d-ab61-b24680a23e03'], 'executable': False} {'build_id': '81129c52-0ee1-5fe3-816b-bdcb547bec07', 'status': 'READY', 'dependency_basis_hash': 'f167a5f23eff2c1615fdfb0306b3d055c8d26a1a3605182654d4ce194fa04b30', 'artifact_dependency_closure_hash': 'fca180b52a8a8d49569a1981a1c922be61cfc7148d1ddcce1f9f401401497946', 'manifest_hash': 'ebd09f52744675580e1aeaeab0c990223f1e1fb827b969e460d75453dce7779f', 'executable': False} {'manifest_id': 'db833f36-12e5-4fbc-8a30-344c8e78c666', 'generation': 1, 'receipt_id': '9638911a-dea6-4c97-b525-7d7f2eec2ecf', 'event_id': '808919f8-8775-4f27-abcb-01d504a306d7', 'executable': False, 'replayed': False}
.INFO  [alembic.runtime.migration] Context impl PostgresqlImpl.
INFO  [alembic.runtime.migration] Will assume transactional DDL.
INFO  [alembic.runtime.migration] Running upgrade  -> 76fd67f76bd4, frozen S01-S51 baseline
INFO  [alembic.runtime.migration] Context impl PostgresqlImpl.
INFO  [alembic.runtime.migration] Will assume transactional DDL.
INFO  [alembic.runtime.migration] Running upgrade 76fd67f76bd4 -> a3f91c7d2e10, migrated SafetyRegistry integration and role-owner hardening
INFO  [alembic.runtime.migration] Running upgrade a3f91c7d2e10 -> b6e4d8a1c927, trusted artifact registration and bounded dependency admission
INFO  [alembic.runtime.migration] Running upgrade b6e4d8a1c927 -> d4c1a9e7b203, production, test, and evaluation subject namespace isolation
INFO  [alembic.runtime.migration] Running upgrade d4c1a9e7b203 -> e8c2f1a6b904, Materialize frozen S27 active partition uniqueness (legacy PENDING = ADMITTED).
LIFECYCLE ['bootstrap_two_phase(selected_lifecycle)', 'reset', 'start', 'destroy'] CLEANUP_OK elapsed 4.072487832978368
NAMESPACE DatabaseNamespace(project_name='kineticloop-kl078-prep-89249ab-28b3c3297249', database_name='kineticloop_kl078_prep_89249ab_28b3c3297249') MIGRATION e8c2f1a6b904
ACTUAL_SOURCE 33125afc-ed5a-50c3-95f0-e80b575874f8 READY
ACTUAL_SOURCE eef0e624-d928-587c-9d7e-969824bc847b SEALED
PERSISTED_PROOFS {"artifact_closure_ids": ["119d9ef3-723d-40b4-b8d6-6d2bb4f5fafc", "9bb67fa1-0f44-45e8-ac27-b7e08bdeeef3"], "artifact_hash": "37af151823b581215ac97829cfdd08441476c500ff436b9f0f4da4feacabad9d", "basis_hash": "9d9823bf824982edbc651fa8ddaff7d6a8061883c40421e4c8a605635e69f8a3", "build": "f399bde4-db7a-5b96-a231-2d9efd44676b", "dependency_basis_hash": "715badf9ce23a9093deda05a35529aba2f78c39a6624695f372746cd7d3b65c8", "dependency_ids": ["13c5934c-6896-5683-b5cc-de0e6ec689e7", "fadb5568-5ace-5950-b34d-71a676dc6be4", "a16699c5-77ad-525b-a1ea-3af03db8f1c8", "f18295c7-6ee6-52df-9b4b-dd68502f7fbb", "678844b6-33b8-5332-824b-a6b598e14e14", "af6153fc-cd0b-55c0-ba09-1ed15ae80302"], "manifest_hash": "8bc1b85f6aa1211b8daa35c7444bd5a6307a42ad9bf0e4fb0ec9435285e803f0", "projection": "e1da2894-e79e-5fdf-a669-c6d709eb2e9e", "source": "eef0e624-d928-587c-9d7e-969824bc847b", "source_hash": "47b98f1dc1dd9eac8565f78ee1383c523f4ad11ecf5071a48e7666093f461a0e"}
ACTUAL_SOURCE e6fb4c79-5242-5a41-94e9-a8b2a075dbb1 SEALED
ACTUAL_SOURCE 1515e708-3db2-56a3-acf6-cca2f1de057c SEALED
PERSISTED_PROOFS {"artifact_closure_ids": ["119d9ef3-723d-40b4-b8d6-6d2bb4f5fafc", "9bb67fa1-0f44-45e8-ac27-b7e08bdeeef3"], "artifact_hash": "37af151823b581215ac97829cfdd08441476c500ff436b9f0f4da4feacabad9d", "basis_hash": "78b2bc2e9aee709bf397381fb5102a23a8aba706deb6338e48fc93bdc3437c9e", "build": "448b3956-5063-573a-8362-0957d4089f31", "dependency_basis_hash": "11c3102945e4d08def58dfe125161674e3e0427596e9c29b3a7a365db7941c5f", "dependency_ids": ["74a5c73f-e5cf-5343-9782-0e40c02f514a", "ac52e44b-af3f-5218-8479-e6b7b951629a", "ca49bb03-a853-5100-bba4-8d215d077076", "f22e8193-1575-56c3-a4a7-41e99219ae26", "6b8d84cd-ad83-585a-9e89-cfbabc7e93ca", "570da9db-3929-5482-b016-1f9a6964ad38"], "manifest_hash": "5d393bbeb7cec31ee3959d508420a5a2b4dae634268480f236cb354d2c3aca95", "projection": "bbb72287-5bb6-5d68-9bb9-efd984395d2b", "source": "1515e708-3db2-56a3-acf6-cca2f1de057c", "source_hash": "5bcdd3efbd04782c7cf2520475d084101f03a195fe864fc86e7265d8b09a9a98"}
ACTUAL_SOURCE 08d7dd18-545c-576e-843a-4973cb9027ad SEALED
ACTUAL_SOURCE eac02030-cf4a-55d8-ba8e-443d888bac43 SEALED
PERSISTED_PROOFS {"artifact_closure_ids": ["119d9ef3-723d-40b4-b8d6-6d2bb4f5fafc", "9bb67fa1-0f44-45e8-ac27-b7e08bdeeef3"], "artifact_hash": "37af151823b581215ac97829cfdd08441476c500ff436b9f0f4da4feacabad9d", "basis_hash": "ce5d97dc676228f7905a8ffb1b9e68e3fd31ffd00ef45e810fd86e1aed51c02b", "build": "4d783963-771b-509a-a9f2-6a5f07e07ce9", "dependency_basis_hash": "198bf0c0ac2d0ba7ce0748d41e07130754a0043534eb5e75911241b96c455512", "dependency_ids": ["d9c036a8-428a-54eb-ade4-5b0a7dbae81b", "1860e1a7-9e52-5928-856d-cf8029709b34", "0eb79cef-5ee6-56b8-94ae-dc52e9fcfb8c", "c178d938-d228-5f6a-b19d-5719ae81f4ac", "27624062-2123-5305-b2b6-2fb49f46765f", "cd79e24b-f097-52af-ae4a-6a68b040fa3f"], "manifest_hash": "c7bad6b5d6966d2b2daa18bb0f73e65fa1c67bca9446dd0766e662137dedb770", "projection": "338aa9c9-88c2-535d-aa9c-0d8ba6645918", "source": "eac02030-cf4a-55d8-ba8e-443d888bac43", "source_hash": "42dd390e7c9cd71c08a96056a72115c9a45b42438a692c45e866365229cf6d14"}
.INFO  [alembic.runtime.migration] Context impl PostgresqlImpl.
INFO  [alembic.runtime.migration] Will assume transactional DDL.
INFO  [alembic.runtime.migration] Running upgrade  -> 76fd67f76bd4, frozen S01-S51 baseline
INFO  [alembic.runtime.migration] Context impl PostgresqlImpl.
INFO  [alembic.runtime.migration] Will assume transactional DDL.
INFO  [alembic.runtime.migration] Running upgrade 76fd67f76bd4 -> a3f91c7d2e10, migrated SafetyRegistry integration and role-owner hardening
INFO  [alembic.runtime.migration] Running upgrade a3f91c7d2e10 -> b6e4d8a1c927, trusted artifact registration and bounded dependency admission
INFO  [alembic.runtime.migration] Running upgrade b6e4d8a1c927 -> d4c1a9e7b203, production, test, and evaluation subject namespace isolation
INFO  [alembic.runtime.migration] Running upgrade d4c1a9e7b203 -> e8c2f1a6b904, Materialize frozen S27 active partition uniqueness (legacy PENDING = ADMITTED).
LIFECYCLE ['bootstrap_two_phase(selected_lifecycle)', 'reset', 'start', 'destroy'] CLEANUP_OK elapsed 6.122863332973793
NAMESPACE DatabaseNamespace(project_name='kineticloop-kl078-prep-89249ab-28b3c3297249', database_name='kineticloop_kl078_prep_89249ab_28b3c3297249') MIGRATION e8c2f1a6b904
ACTUAL_SOURCE a6306fae-0176-5824-8c52-55142527289f SEALED
PERSISTED_PROOFS {"artifact_closure_ids": ["4882814e-c612-45fc-9729-99274ce5378d", "da7efc62-ded7-4c90-8f9e-8983129faabe"], "artifact_hash": "29a92580b2ac017c5d91175c1071175b7e2d078f6de204ed2bde6abea8e92201", "basis_hash": "1a1ac8f47d6adad347c856ed5dc4f00ad0685d8c40f8260b87aa4b80c057a9a9", "build": "46d810ff-aa53-5154-b328-b26ed61caf4d", "dependency_basis_hash": "1af8a91ae3afd3aaeab98960262c524200b687e40ec0820c5fd7401e18d1433b", "dependency_ids": ["e3f95fca-bff6-5306-b3fd-bd157d9fac60", "ce8672ca-6aa6-5f22-9b47-122642073cb4", "483bd6f7-7fbd-5037-b105-73bddd8b7d72", "0cfbb95e-8fc8-50a1-93e7-077de6fb50e1", "eedad690-4f03-5899-8630-90800111112c", "111575da-af12-5856-8c5f-fd3acc64cd79"], "manifest_hash": "5a147fb3bce7beddde6fc42b20c36ba935c9eb7b19c86af9fba5957845277e14", "projection": "9ae04ea0-50e5-570a-b36f-c2b6459d555e", "source": "a6306fae-0176-5824-8c52-55142527289f", "source_hash": "3afb5d71e369969c8174b7fbd25dd9d1a3a34ae6f0b5c557d2c7ba0d53a9a4f7"}
ACTUAL_SOURCE bd20d16b-dd69-5b9a-834f-89aa05ee8eee SEALED
PERSISTED_PROOFS {"artifact_closure_ids": ["4882814e-c612-45fc-9729-99274ce5378d", "da7efc62-ded7-4c90-8f9e-8983129faabe"], "artifact_hash": "29a92580b2ac017c5d91175c1071175b7e2d078f6de204ed2bde6abea8e92201", "basis_hash": "9304d0c4cb0f41b7876e430c46fd6c2498a3d472587dea063ebd2ab1efbefb55", "build": "ee4ff682-ee6b-58d0-9c05-af7c6f0a7b37", "dependency_basis_hash": "f884d8fc2ba71d491e33f07500907096b4a04e340a3fd0c5bb9be06fd27129aa", "dependency_ids": ["f01d7666-3124-51a0-8310-b320ae6a583a", "821cfc4a-2e9e-50f8-aa5c-2dcbe6c5d5c5", "407c20c5-4ff9-50e4-a810-ce2c4ad91d4f", "1f035a1b-4f6e-59d6-84ce-765a5f95139e", "2cad9bea-091d-5e04-89be-c6e8b8da01fb", "30f541cb-d333-58b5-9cd0-a7b360ede8fa"], "manifest_hash": "3842af4ca341ba74d23d21523ff739958f90bc5a1b483389d1cf87e19c9c2b0a", "projection": "662305bd-056f-5b03-a5b0-c65243010bf9", "source": "bd20d16b-dd69-5b9a-834f-89aa05ee8eee", "source_hash": "5e9bd65d0fb74c911ea4c66537bd76d715af53741fa8d3d91cae371e8ac5e01e"}
.INFO  [alembic.runtime.migration] Context impl PostgresqlImpl.
INFO  [alembic.runtime.migration] Will assume transactional DDL.
INFO  [alembic.runtime.migration] Running upgrade  -> 76fd67f76bd4, frozen S01-S51 baseline
INFO  [alembic.runtime.migration] Context impl PostgresqlImpl.
INFO  [alembic.runtime.migration] Will assume transactional DDL.
INFO  [alembic.runtime.migration] Running upgrade 76fd67f76bd4 -> a3f91c7d2e10, migrated SafetyRegistry integration and role-owner hardening
INFO  [alembic.runtime.migration] Running upgrade a3f91c7d2e10 -> b6e4d8a1c927, trusted artifact registration and bounded dependency admission
INFO  [alembic.runtime.migration] Running upgrade b6e4d8a1c927 -> d4c1a9e7b203, production, test, and evaluation subject namespace isolation
INFO  [alembic.runtime.migration] Running upgrade d4c1a9e7b203 -> e8c2f1a6b904, Materialize frozen S27 active partition uniqueness (legacy PENDING = ADMITTED).
LIFECYCLE ['bootstrap_two_phase(selected_lifecycle)', 'reset', 'start', 'destroy'] CLEANUP_OK elapsed 4.781518834177405
NAMESPACE DatabaseNamespace(project_name='kineticloop-kl078-prep-89249ab-28b3c3297249', database_name='kineticloop_kl078_prep_89249ab_28b3c3297249') MIGRATION e8c2f1a6b904
ACTUAL_SOURCE 34ef37e9-866a-51b4-a8c8-8b438cf8b3be SEALED
PERSISTED_PROOFS {"artifact_closure_ids": ["a6d23714-43dc-44a6-b24f-842a8a995591", "fe7b5dd9-eabe-4144-9e7e-43765d2db2f6"], "artifact_hash": "5284f1f387e99b215075f7ad9217924c6923cbccf993eecdb09d5ca5aee28eb8", "basis_hash": "be1ceb064aadbae4da0a443c2e67a31cabf38e8de328e8f78e0dd746031e5af1", "build": "c328299f-098c-5599-99ee-98d18d513cc9", "dependency_basis_hash": "34b1fad7cafd6d7fca5d830557125383fe8bff303bea10a4fd19fcbaebc2cdfd", "dependency_ids": ["ec934881-800a-57b6-849d-2a31d2f73911", "75db227e-5d9f-5942-a40b-8d107f25ad70", "751a668d-c573-5703-a9ed-75bf65773976", "d090f61c-a355-5f6e-8328-cc76082ff7ee", "a37dc08b-2adc-5f9b-bbaa-cf6ccaa89b5d", "e2601b13-9bf1-5a44-a2c8-95ce9cbce477"], "manifest_hash": "b8204e66d28721c4a0cf893ec18b702e366e62e24fa567bcdde2dde0b082b5f5", "projection": "3d21f1d8-d426-599b-9cd3-bdd9eab8e064", "source": "34ef37e9-866a-51b4-a8c8-8b438cf8b3be", "source_hash": "0aa4b33a23f449df2a0de57a2f9cde4c5423e810d815e200db3293ba57859a2d"}
ACTUAL_SOURCE 0a359543-0aef-56cb-b8f9-d8e6d9c129c0 SEALED
ACTUAL_SOURCE 837a33b8-e5cc-5d4f-94d5-eb733223bb04 SEALED
ACTUAL_SOURCE e1d5098b-6450-5425-a8a9-433f86d95d38 SEALED
PERSISTED_PROOFS {"artifact_closure_ids": ["a6d23714-43dc-44a6-b24f-842a8a995591", "fe7b5dd9-eabe-4144-9e7e-43765d2db2f6"], "artifact_hash": "5284f1f387e99b215075f7ad9217924c6923cbccf993eecdb09d5ca5aee28eb8", "basis_hash": "00c76f1e9c1242d9076c97d747dc91db1bfcedeccd365e6c7f2788c0a740d063", "build": "75b9b57d-be39-55e4-b447-d5efb75865b3", "dependency_basis_hash": "e4b6faf9253e2af1278898f989404d333ed63c7be3ced605434237b98c52f417", "dependency_ids": ["0b9a699e-00bc-5836-b974-4a7f6ee66b17", "3a49dc7c-0485-5b50-b985-86d94d8250c5", "0b012c65-80d5-5dd5-97d6-53e45e9da465", "a9c82140-05bf-530a-b078-c6cb285d2b68", "44e3b226-3440-52f7-84a2-3ef2a4254d1b", "5fffb546-22f9-5f79-8fe8-70a241944f94"], "manifest_hash": "37a4aaaf73d7152e54072379caa825a8d174e2123f8ab64f62f946e053783d96", "projection": "a2605e1a-d1c0-5e09-a314-5d7e57e842b8", "source": "e1d5098b-6450-5425-a8a9-433f86d95d38", "source_hash": "6de19ff2586877d5ae02e3343800b1af1c071f397cbb752e4edf076449ce9a89"}
ACTUAL_SOURCE bb2b387b-c359-57f9-8ba7-13c4a9e7bcdd SEALED
OBSERVED_LOCAL_BLOCKER projection {'first': 117, 'second': 118}
PERSISTED_PROJECTION_PROOF 2319cd80-0a6c-5add-830b-0d1b12ac9111 30404de2d4d392113c93708e4e40a5bd2204c961b64319d2e68cbca40181f5b4 [{'projection_id': '2319cd80-0a6c-5add-830b-0d1b12ac9111', 'kind': 'COLLECTION', 'key': 'actual-facts', 'collection': 'actual-facts-and-absence:v1', 'policy': None, 'program': None, 'fact': None, 'factset': 'bb2b387b-c359-57f9-8ba7-13c4a9e7bcdd', 'catalog': None, 'mapping': None}, {'projection_id': '2319cd80-0a6c-5add-830b-0d1b12ac9111', 'kind': 'ENGINE', 'key': 'test:kl078-engine-16e16e4f-3955-4daa-83c8-6b8276b4bf26:1', 'collection': None, 'policy': None, 'program': None, 'fact': None, 'factset': None, 'catalog': None, 'mapping': None}, {'projection_id': '2319cd80-0a6c-5add-830b-0d1b12ac9111', 'kind': 'FACT', 'key': 'actual-member', 'collection': None, 'policy': None, 'program': None, 'fact': 'c0d731d9-9f82-472b-8350-5ace93d38d94', 'factset': None, 'catalog': None, 'mapping': None}, {'projection_id': '2319cd80-0a6c-5add-830b-0d1b12ac9111', 'kind': 'FACTSET', 'key': 'sealed-input', 'collection': None, 'policy': None, 'program': None, 'fact': None, 'factset': 'bb2b387b-c359-57f9-8ba7-13c4a9e7bcdd', 'catalog': None, 'mapping': None}, {'projection_id': '2319cd80-0a6c-5add-830b-0d1b12ac9111', 'kind': 'POLICY', 'key': 'selected-policy', 'collection': None, 'policy': '0aaf85cd-d6dd-4bab-ac14-00164ff4bb31', 'program': None, 'fact': None, 'factset': None, 'catalog': None, 'mapping': None}, {'projection_id': '2319cd80-0a6c-5add-830b-0d1b12ac9111', 'kind': 'PROGRAM', 'key': 'selected-program', 'collection': None, 'policy': None, 'program': 'dfdb6c5c-dfd2-4d6e-9a70-631d7c2b8ade', 'fact': None, 'factset': None, 'catalog': None, 'mapping': None}]
PERSISTED_DUPLICATE_CLOSURE projection {'projection_id': '2319cd80-0a6c-5add-830b-0d1b12ac9111', 'revision': 1, 'input_basis_hash': '30404de2d4d392113c93708e4e40a5bd2204c961b64319d2e68cbca40181f5b4', 'dependency_ids': ['28b6d4bc-c2b8-528f-9bef-b73fb3e2f6da', '50d4dc56-c64b-51da-a82b-50e23f65e054', '822bcb40-efcd-5508-8ab6-a0ca39949fd3', '83c02940-7514-5ec1-aeb0-991cdc437bd3', 'a0030d32-e1ed-5660-a63b-8f7e22d580e8', 'ae782018-91fc-5158-a08f-80cd0033dbf0'], 'executable': False} [3, 18, 4]
ACTUAL_SOURCE e3064ac2-3620-5a2a-a44e-5208aa7885ed SEALED
OBSERVED_LOCAL_BLOCKER build {'first': 119, 'second': 120}
PERSISTED_PROOFS {"artifact_closure_ids": ["a6d23714-43dc-44a6-b24f-842a8a995591", "fe7b5dd9-eabe-4144-9e7e-43765d2db2f6"], "artifact_hash": "5284f1f387e99b215075f7ad9217924c6923cbccf993eecdb09d5ca5aee28eb8", "basis_hash": "77e102dbd2b59562466052f2dc00e98f155f23cdabbd8bf575d491abbe294630", "build": "e993cd83-abf6-5d08-b9ff-24c42bb00226", "dependency_basis_hash": "39fc164b9ba670580cb6377233049870c879cbdefa46fc7f73af40459cb3502e", "dependency_ids": ["17909260-2177-5e0f-b172-2095c9f80a3d", "75b88ece-6704-52fb-b2d0-8cfc342ed53d", "c548a797-3201-5e29-aafa-f1acd0bc3a24", "a399bc62-ddab-5f75-bcee-a18f30ad72b2", "f4759497-c571-5717-9705-21057b1729d9", "0f42e7e7-313f-50be-98b5-4c14e5d002b9"], "manifest_hash": "d3ab0116b631ddff9479200c194c838bfd22801f87fe9e531e225c25bb08fcbe", "projection": "6b1e8e7f-4500-538b-802a-1d7a50348f3d", "source": "e3064ac2-3620-5a2a-a44e-5208aa7885ed", "source_hash": "590a8f1554b0d8cc1183078dd20e1e49f9e89705696c9a663d503077f9befbad"}
PERSISTED_DUPLICATE_CLOSURE build {'build_id': 'e993cd83-abf6-5d08-b9ff-24c42bb00226', 'status': 'BUILDING', 'executable': False} [4, 24, 5]
ACTUAL_SOURCE 2c24b9ac-9eae-5593-99ed-bde258d830f3 SEALED
OBSERVED_LOCAL_BLOCKER complete {'first': 121, 'second': 122}
PERSISTED_PROOFS {"artifact_closure_ids": ["a6d23714-43dc-44a6-b24f-842a8a995591", "fe7b5dd9-eabe-4144-9e7e-43765d2db2f6"], "artifact_hash": "5284f1f387e99b215075f7ad9217924c6923cbccf993eecdb09d5ca5aee28eb8", "basis_hash": "dce7be61bc70b8c41af5b56805b23f518533fd7249dab8a8303ca8f8cd470c90", "build": "511c3913-7190-5526-b17b-484b3a6e23aa", "dependency_basis_hash": "bfbbd743319e5b1baa9af787e4d7d686330371e0f87ecf43f5ba9a0f04d50233", "dependency_ids": ["74e340b2-3382-5087-9e21-9779573779b3", "4fe2b1ef-fa1a-5ffd-9bce-ab875deadd70", "7db56ca6-344d-5dfa-9bf2-7382c93276b6", "7f7de93a-15be-515e-9465-d2731acf40df", "818361f6-801d-5e3e-a933-59510aa66ad9", "ef62683b-97b6-5782-9f43-e670262da524"], "manifest_hash": "476a0a68834e194025dd919cb4c9ea5db9066d6829003056f4cb67055b175b91", "projection": "95e49286-55fd-5798-a3f2-b0cb9b8d64d7", "source": "2c24b9ac-9eae-5593-99ed-bde258d830f3", "source_hash": "dde10cce9cd5c60432478d254213b9c5072eb1786d56f2f927287317f4e1acc2"}
PERSISTED_DUPLICATE_CLOSURE complete {'build_id': '511c3913-7190-5526-b17b-484b3a6e23aa', 'status': 'READY', 'dependency_basis_hash': 'bfbbd743319e5b1baa9af787e4d7d686330371e0f87ecf43f5ba9a0f04d50233', 'artifact_dependency_closure_hash': '5284f1f387e99b215075f7ad9217924c6923cbccf993eecdb09d5ca5aee28eb8', 'manifest_hash': '476a0a68834e194025dd919cb4c9ea5db9066d6829003056f4cb67055b175b91', 'executable': False} [5, 30, 6]
.INFO  [alembic.runtime.migration] Context impl PostgresqlImpl.
INFO  [alembic.runtime.migration] Will assume transactional DDL.
INFO  [alembic.runtime.migration] Running upgrade  -> 76fd67f76bd4, frozen S01-S51 baseline
INFO  [alembic.runtime.migration] Context impl PostgresqlImpl.
INFO  [alembic.runtime.migration] Will assume transactional DDL.
INFO  [alembic.runtime.migration] Running upgrade 76fd67f76bd4 -> a3f91c7d2e10, migrated SafetyRegistry integration and role-owner hardening
INFO  [alembic.runtime.migration] Running upgrade a3f91c7d2e10 -> b6e4d8a1c927, trusted artifact registration and bounded dependency admission
INFO  [alembic.runtime.migration] Running upgrade b6e4d8a1c927 -> d4c1a9e7b203, production, test, and evaluation subject namespace isolation
INFO  [alembic.runtime.migration] Running upgrade d4c1a9e7b203 -> e8c2f1a6b904, Materialize frozen S27 active partition uniqueness (legacy PENDING = ADMITTED).
LIFECYCLE ['bootstrap_two_phase(selected_lifecycle)', 'reset', 'start', 'destroy'] CLEANUP_OK elapsed 4.145255541894585
NAMESPACE DatabaseNamespace(project_name='kineticloop-kl078-prep-89249ab-28b3c3297249', database_name='kineticloop_kl078_prep_89249ab_28b3c3297249') MIGRATION e8c2f1a6b904
ACTUAL_SOURCE c52ff663-daff-510e-adb8-9f3ca007ad75 SEALED
PERSISTED_PROOFS {"artifact_closure_ids": ["b1353b54-6ac2-4c6a-a99d-de80c2f3b680", "ea9e5d0b-575c-4759-bca7-055d4b61b91c"], "artifact_hash": "e9e6116c6c947ed70dd69747cb2edb17c939895074c1f3fc1f8b99a958a85029", "basis_hash": "01409fca48473011be14193b3f98c21627a9b704d397624d82ab4b5113a98cc5", "build": "8feb7cfa-303e-5e54-b177-7064317fe905", "dependency_basis_hash": "4a42917fac1bae6981f45efd42e25016eb626fa9dd687e201594335f1ed3a636", "dependency_ids": ["50f9f8b6-e734-5a2f-bfd9-2b5f57498f55", "fe8b7788-0beb-50c0-8331-b79f8406cf7b", "8c6714be-323c-58df-b674-ca76bc476519", "f1298519-2c90-511e-a034-b3ee3ed33aa5", "18987efb-cd0c-5247-8e1a-15a5ebfd564c", "951992c6-3cb5-5aa5-8976-6c2a68068d9b"], "manifest_hash": "a71448ac1ea7303655e62884196fcb06bc6fd57ad472f3eae7f59993a66b4494", "projection": "5c4d0458-fa2f-50f8-a7dd-e95cb18124ea", "source": "c52ff663-daff-510e-adb8-9f3ca007ad75", "source_hash": "bf7fedd42cd4cd665fac0ab5835feaec34386e6faad58406d37b4c8ea17a12de"}
ACTUAL_SOURCE fcda9664-a6ba-57dd-be63-4d72296f05e8 SEALED
OBSERVED_S01_BLOCKER 118 120
FROZEN_T3_LOCK_ORDER 7 8
.LIFECYCLE ['bootstrap_two_phase(selected_lifecycle)', 'reset', 'start', 'destroy'] CLEANUP_OK elapsed 3.765975832939148

5 passed in 23.25s
