============================= test session starts ==============================
platform darwin -- Python 3.12.14, pytest-8.4.2, pluggy-1.6.0
rootdir: /private/tmp/kl078-general-review-89249ab
configfile: pyproject.toml
collected 219 items

tests/unit/config/test_secret_loader.py .                                [  0%]
tests/unit/contracts/test_artifact_registry.py ...                       [  1%]
tests/unit/contracts/test_commands.py ..............                     [  8%]
tests/unit/contracts/test_errors.py .                                    [  8%]
tests/unit/contracts/test_receipts.py ........................           [ 19%]
tests/unit/contracts/test_results.py .....                               [ 21%]
tests/unit/contracts/test_safety_registry.py ..                          [ 22%]
tests/unit/contracts/test_shadow.py ...                                  [ 24%]
tests/unit/identity/test_roles.py .............                          [ 30%]
tests/unit/integrations/test_launch_registry.py ........                 [ 33%]
tests/unit/integrations/test_provider.py ...........                     [ 38%]
tests/unit/persistence/test_fact_children.py ...                         [ 40%]
tests/unit/persistence/test_immutability.py ....                         [ 42%]
tests/unit/persistence/test_preparation.py ...                           [ 43%]
tests/unit/persistence/test_schema_topology.py .......                   [ 46%]
tests/unit/persistence/test_transactions.py ...                          [ 47%]
tests/unit/primitives/test_canonical.py ...........                      [ 52%]
tests/unit/primitives/test_hashes.py ........                            [ 56%]
tests/unit/primitives/test_ids.py .........                              [ 60%]
tests/unit/primitives/test_times.py .......................              [ 71%]
tests/unit/protocol/test_authorization.py ...                            [ 72%]
tests/unit/protocol/test_execution.py ..                                 [ 73%]
tests/unit/protocol/test_factsets.py .....                               [ 75%]
tests/unit/protocol/test_interleaving_namespace.py ...                   [ 77%]
tests/unit/security/test_redaction.py .................................. [ 92%]
...                                                                      [ 94%]
tests/unit/security/test_synthetic_fixtures.py .                         [ 94%]
tests/unit/test_cli.py ...                                               [ 95%]
tests/unit/workflow/test_call_ledger.py ...                              [ 97%]
tests/unit/workflow/test_planning.py ..                                  [ 98%]
tests/unit/workflow/test_planning_progress.py ....                       [100%]

======================== 219 passed in 80.44s (0:01:20) ========================
