INFO  [alembic.runtime.migration] Context impl PostgresqlImpl.
INFO  [alembic.runtime.migration] Will assume transactional DDL.
INFO  [alembic.runtime.migration] Running upgrade  -> 76fd67f76bd4, frozen S01-S51 baseline
INFO  [alembic.runtime.migration] Context impl PostgresqlImpl.
INFO  [alembic.runtime.migration] Will assume transactional DDL.
INFO  [alembic.runtime.migration] Running upgrade 76fd67f76bd4 -> a3f91c7d2e10, migrated SafetyRegistry integration and role-owner hardening
INFO  [alembic.runtime.migration] Running upgrade a3f91c7d2e10 -> b6e4d8a1c927, trusted artifact registration and bounded dependency admission
INFO  [alembic.runtime.migration] Running upgrade b6e4d8a1c927 -> d4c1a9e7b203, production, test, and evaluation subject namespace isolation
INFO  [alembic.runtime.migration] Running upgrade d4c1a9e7b203 -> e8c2f1a6b904, Materialize frozen S27 active partition uniqueness (legacy PENDING = ADMITTED).
NAMESPACE DatabaseNamespace(project_name='kineticloop-kl078-prep-89249ab-411320a53ae9', database_name='kineticloop_kl078_prep_89249ab_411320a53ae9') MIGRATION e8c2f1a6b904
ACTUAL_SOURCE 2d77b294-13b6-5b70-93e3-458129aa5536 SEALED
PERSISTED_PROOFS {"artifact_closure_ids": ["5931398f-a8a6-46ea-83a8-4f6d480261e2", "8f17bd91-1a3e-48ad-ac44-92b8b5e4ac81"], "artifact_hash": "c21bd361e9f7d8a31593c38bcb5bf8488c3d817be67b39b6cfbb1a5be860012e", "basis_hash": "0278786435ce7f5f0ea0ab8cbc765bfbd37aa347c890cb2dce5b48df1fcdbf59", "build": "9eb89e6e-fa55-5090-b9fc-31cbe9596c76", "dependency_basis_hash": "72831a1ee41b3c245a89d1a43b5ceb58e1a04212b0ed67ebeac1695473507b4a", "dependency_ids": ["1841987b-94ca-5996-9a1f-e29e260202be", "6f0c3a00-08df-5157-a127-2df2a9ed9954", "8affd2bf-8133-56f8-b234-e67938067d54", "1af35516-cd4a-5d80-b1a0-d19db2bb8935", "befaeba2-15ae-5747-b7e5-fb6e239e6944", "b8a90918-540c-5d5d-b21c-aacf53f1a434"], "manifest_hash": "a70625cad6b24453ba79356905574762de491351651c2b39cbb5361074a0f595", "projection": "da5522e1-8246-5acb-88c2-ac5091f635d1", "source": "2d77b294-13b6-5b70-93e3-458129aa5536", "source_hash": "96c424b62b20ae113802924aca1f972027a8294d04ee7d565f67a0dfbf05edc3"}
OWNER_OUTPUT {'projection_id': 'da5522e1-8246-5acb-88c2-ac5091f635d1', 'revision': 1, 'input_basis_hash': '0278786435ce7f5f0ea0ab8cbc765bfbd37aa347c890cb2dce5b48df1fcdbf59', 'dependency_ids': ['1841987b-94ca-5996-9a1f-e29e260202be', '1af35516-cd4a-5d80-b1a0-d19db2bb8935', '6f0c3a00-08df-5157-a127-2df2a9ed9954', '8affd2bf-8133-56f8-b234-e67938067d54', 'b8a90918-540c-5d5d-b21c-aacf53f1a434', 'befaeba2-15ae-5747-b7e5-fb6e239e6944'], 'executable': False} {'build_id': '9eb89e6e-fa55-5090-b9fc-31cbe9596c76', 'status': 'READY', 'dependency_basis_hash': '72831a1ee41b3c245a89d1a43b5ceb58e1a04212b0ed67ebeac1695473507b4a', 'artifact_dependency_closure_hash': 'c21bd361e9f7d8a31593c38bcb5bf8488c3d817be67b39b6cfbb1a5be860012e', 'manifest_hash': 'a70625cad6b24453ba79356905574762de491351651c2b39cbb5361074a0f595', 'executable': False} {'manifest_id': '7f63600b-4a00-47d0-a341-ddac46c77767', 'generation': 1, 'receipt_id': '5362896e-d367-4474-bc6d-43149e33d066', 'event_id': '741a4f9b-3ff5-4889-844e-2701262a9559', 'executable': False, 'replayed': False}
.INFO  [alembic.runtime.migration] Context impl PostgresqlImpl.
INFO  [alembic.runtime.migration] Will assume transactional DDL.
INFO  [alembic.runtime.migration] Running upgrade  -> 76fd67f76bd4, frozen S01-S51 baseline
INFO  [alembic.runtime.migration] Context impl PostgresqlImpl.
INFO  [alembic.runtime.migration] Will assume transactional DDL.
INFO  [alembic.runtime.migration] Running upgrade 76fd67f76bd4 -> a3f91c7d2e10, migrated SafetyRegistry integration and role-owner hardening
INFO  [alembic.runtime.migration] Running upgrade a3f91c7d2e10 -> b6e4d8a1c927, trusted artifact registration and bounded dependency admission
INFO  [alembic.runtime.migration] Running upgrade b6e4d8a1c927 -> d4c1a9e7b203, production, test, and evaluation subject namespace isolation
INFO  [alembic.runtime.migration] Running upgrade d4c1a9e7b203 -> e8c2f1a6b904, Materialize frozen S27 active partition uniqueness (legacy PENDING = ADMITTED).
LIFECYCLE ['bootstrap_two_phase(selected_lifecycle)', 'reset', 'start', 'destroy'] CLEANUP_OK elapsed 3.8607327500358224
NAMESPACE DatabaseNamespace(project_name='kineticloop-kl078-prep-89249ab-411320a53ae9', database_name='kineticloop_kl078_prep_89249ab_411320a53ae9') MIGRATION e8c2f1a6b904
ACTUAL_SOURCE 4a203832-fe5d-5739-9693-b9dd3328ceca READY
ACTUAL_SOURCE c2116692-5cbd-501c-b3bf-5a7fda734e98 SEALED
PERSISTED_PROOFS {"artifact_closure_ids": ["37978d82-2699-42c5-b20a-61145e7e0015", "d609f498-9f1e-432e-a6bb-ac770ed3e33f"], "artifact_hash": "03d14a5942f1761b9af4841ad351ef5494c9ae6445b398cbbac7162aa9ad7ed1", "basis_hash": "54b72574b4c63504bd30bc4ea789b857c51467d4dee4031b01985ef9e7923b19", "build": "9fe76338-5d3c-5ab4-95c3-2be0a2b00f91", "dependency_basis_hash": "f9c08c69a06a9dda3d0dd0a4194c5a4464a6d15ff9085fbf39ff5750693904a1", "dependency_ids": ["8ddca393-b101-5156-99dc-f8ce274a85a9", "04f59887-becc-51aa-80b3-314832ec438f", "d29e4e80-72b1-587c-896c-0bf49ee66b92", "d7c6627f-088c-51f3-9b26-1acfc7aa816c", "8ff5622e-8f5f-5a1f-979e-1652f93e4d6e", "0377d717-9227-5e51-887d-2af334938a34"], "manifest_hash": "3d2b121ac80bae8e33a90c9916afc473d5cfefa94c89b7d2147b09669ba1c339", "projection": "035a15ac-cf09-5a3d-a797-b0bd3c6a99da", "source": "c2116692-5cbd-501c-b3bf-5a7fda734e98", "source_hash": "0dbfb99d57b22eccb6f4fa28c8dccf60f8f276094354c465a243c92598abd850"}
ACTUAL_SOURCE 7d2eb06e-c2dd-5045-8729-c34e2af7f876 SEALED
ACTUAL_SOURCE 414e22c9-7b52-5799-99a9-66529965760f SEALED
PERSISTED_PROOFS {"artifact_closure_ids": ["37978d82-2699-42c5-b20a-61145e7e0015", "d609f498-9f1e-432e-a6bb-ac770ed3e33f"], "artifact_hash": "03d14a5942f1761b9af4841ad351ef5494c9ae6445b398cbbac7162aa9ad7ed1", "basis_hash": "3255dceeefc872199b40c4228d855cbc922c348c5fd1b054c7c6aa30e5ebe746", "build": "679fd33a-cd40-593f-a690-7cf701badae8", "dependency_basis_hash": "08ababf749ff7fdda795efcdfd37724fe10d895f644776194d46405ca7bae611", "dependency_ids": ["583a1de6-bb0c-5282-8ffc-3c0c1cf32981", "3f9533ad-edf9-5612-a54a-b92d4ca79fda", "7a8ad107-0fb5-5a71-a723-72cad42da15d", "cc7e0dbd-0477-56b4-a347-d1e8d9793909", "99a91233-1fa2-5cbc-aad6-5fd0307dd392", "0bea4dfe-615f-56be-b35b-532d3c6fe6fb"], "manifest_hash": "e7433f04172902fd991d0680d6e0c5f724d27ef2f4d27fb87359eb39fba7642f", "projection": "3b6e555f-a801-53d3-a612-8a44198fb6c7", "source": "414e22c9-7b52-5799-99a9-66529965760f", "source_hash": "c4714d35d3cd05bc69d5c7cc3f0322f486da7dacb5df9db96fe33a64e0fe37bc"}
ACTUAL_SOURCE 60ee7814-9c52-5eb0-8861-471c9a53a0f9 SEALED
ACTUAL_SOURCE e084df3f-00a4-5678-acc0-032567480ab6 SEALED
PERSISTED_PROOFS {"artifact_closure_ids": ["37978d82-2699-42c5-b20a-61145e7e0015", "d609f498-9f1e-432e-a6bb-ac770ed3e33f"], "artifact_hash": "03d14a5942f1761b9af4841ad351ef5494c9ae6445b398cbbac7162aa9ad7ed1", "basis_hash": "1d04bb54e40c6f19219556ac1f95634839ef072ff0f9d84d664dbc39cd7524cb", "build": "c5cfff57-9793-5d6d-be2b-0a0a7c57825e", "dependency_basis_hash": "c044a942e7d1f1b8dc8d447c2d2a9aa4e7b7b4dd857ec7d97cfcf6e2bda3ef74", "dependency_ids": ["6ff15565-a7a4-5ac6-a7a6-3e4d27fe9ca7", "bd8d9a61-3828-566b-af43-5b58ca3ce58c", "4130520e-9337-540c-973d-c9cc5d865d56", "7b4f7072-a001-5bb1-8bd7-067ae4fe82d8", "a1158aad-0191-5584-89a9-2ee4a9c82d89", "fa29a368-e734-5b70-9ffb-f1c220f24d67"], "manifest_hash": "3ffe1190ecd6aa4c6a9a91ee06cade73f9c2138006cf1db2f690d1ce7a75f62a", "projection": "2c444f18-4ff6-5e27-b7d2-65fbfe7fcb0f", "source": "e084df3f-00a4-5678-acc0-032567480ab6", "source_hash": "b53a1ef3784adf7ec62cf8ff9e9bdc0dd8293ce2c2d3f948f09d3d90d3e545b5"}
.INFO  [alembic.runtime.migration] Context impl PostgresqlImpl.
INFO  [alembic.runtime.migration] Will assume transactional DDL.
INFO  [alembic.runtime.migration] Running upgrade  -> 76fd67f76bd4, frozen S01-S51 baseline
INFO  [alembic.runtime.migration] Context impl PostgresqlImpl.
INFO  [alembic.runtime.migration] Will assume transactional DDL.
INFO  [alembic.runtime.migration] Running upgrade 76fd67f76bd4 -> a3f91c7d2e10, migrated SafetyRegistry integration and role-owner hardening
INFO  [alembic.runtime.migration] Running upgrade a3f91c7d2e10 -> b6e4d8a1c927, trusted artifact registration and bounded dependency admission
INFO  [alembic.runtime.migration] Running upgrade b6e4d8a1c927 -> d4c1a9e7b203, production, test, and evaluation subject namespace isolation
INFO  [alembic.runtime.migration] Running upgrade d4c1a9e7b203 -> e8c2f1a6b904, Materialize frozen S27 active partition uniqueness (legacy PENDING = ADMITTED).
LIFECYCLE ['bootstrap_two_phase(selected_lifecycle)', 'reset', 'start', 'destroy'] CLEANUP_OK elapsed 7.245527790859342
NAMESPACE DatabaseNamespace(project_name='kineticloop-kl078-prep-89249ab-411320a53ae9', database_name='kineticloop_kl078_prep_89249ab_411320a53ae9') MIGRATION e8c2f1a6b904
ACTUAL_SOURCE 108bcf86-138c-5075-9298-eb7e9dda18db SEALED
PERSISTED_PROOFS {"artifact_closure_ids": ["47d38aff-85dd-4888-b20f-b9385514952a", "82b19d58-923f-41c6-9b34-803dcdbaa4b4"], "artifact_hash": "3d8533d3fdf3fb62c92aa6ea2d08e972fdd548bf6b81692cdc1d29968cdce8ee", "basis_hash": "387fa25b04ca71b8f7dd2e02d4a25c10fed27954dac0c921c291e11a81e70750", "build": "2a51b8d9-862e-51d8-9aec-42f39bd90b7d", "dependency_basis_hash": "7f122c0b78759a43b405aea863102312fa53b87bc7b8890db6937528f1fad542", "dependency_ids": ["2940a0a4-a3d2-51e0-8e20-d9df53f268b6", "f0c10459-2167-5b1a-976e-198fe050dd72", "5e6101c9-18cf-51b5-94f2-188e246b7ba6", "0ab5f223-d448-5a25-854a-abf6a53787f2", "e94b382b-60d1-51bb-8193-9deb841c3d02", "878bcd0c-898f-5ebb-a08d-879020365bee"], "manifest_hash": "96fe124ddceaa99e17bf618943db91e259ca1dc25414de0c88772d83a0a4ecf9", "projection": "3692f3e3-0aaa-5811-8ffb-72b4fda0f00a", "source": "108bcf86-138c-5075-9298-eb7e9dda18db", "source_hash": "5bc91a015464ff4e5c8c52558c3d7189d4092fe1ce814fd1d287fa5fc9629a85"}
ACTUAL_SOURCE e3e906fb-09e0-5dd3-b773-e5c6e140837e SEALED
PERSISTED_PROOFS {"artifact_closure_ids": ["47d38aff-85dd-4888-b20f-b9385514952a", "82b19d58-923f-41c6-9b34-803dcdbaa4b4"], "artifact_hash": "3d8533d3fdf3fb62c92aa6ea2d08e972fdd548bf6b81692cdc1d29968cdce8ee", "basis_hash": "ec04240dbf9de003becdefbdd473ca7fc8e5f6f610a8eb578440ba25f541d4e1", "build": "51d073ac-978d-5a1a-bac8-e12814dcf8ae", "dependency_basis_hash": "07219372e8f7d6eeec0236026f77854125663b4d18bdc66cea17b45893a4f146", "dependency_ids": ["fe04d8bd-f782-5478-85b4-33620422788a", "d46339e2-531f-5b4f-bd0c-5f0c93201c69", "59865e2a-bc73-5b53-8a7e-99d6c3592188", "abd7ba77-f9a4-5080-aaec-a31786a712f4", "73c75521-a8ae-5a25-ae24-497d8a245254", "6ff7b863-ede4-54fd-8c7b-0e67074b3cff"], "manifest_hash": "e8e2be45271183033c51e8a57a00910c9861d355cddba824037fd686bc8edd29", "projection": "ea743ade-4f71-55ea-953a-bddaa5bfbb25", "source": "e3e906fb-09e0-5dd3-b773-e5c6e140837e", "source_hash": "a91bd5b4bf6366f253a1ffa1567ac958b4fcc1089109bd1ee83998ae43985dad"}
.INFO  [alembic.runtime.migration] Context impl PostgresqlImpl.
INFO  [alembic.runtime.migration] Will assume transactional DDL.
INFO  [alembic.runtime.migration] Running upgrade  -> 76fd67f76bd4, frozen S01-S51 baseline
INFO  [alembic.runtime.migration] Context impl PostgresqlImpl.
INFO  [alembic.runtime.migration] Will assume transactional DDL.
INFO  [alembic.runtime.migration] Running upgrade 76fd67f76bd4 -> a3f91c7d2e10, migrated SafetyRegistry integration and role-owner hardening
INFO  [alembic.runtime.migration] Running upgrade a3f91c7d2e10 -> b6e4d8a1c927, trusted artifact registration and bounded dependency admission
INFO  [alembic.runtime.migration] Running upgrade b6e4d8a1c927 -> d4c1a9e7b203, production, test, and evaluation subject namespace isolation
INFO  [alembic.runtime.migration] Running upgrade d4c1a9e7b203 -> e8c2f1a6b904, Materialize frozen S27 active partition uniqueness (legacy PENDING = ADMITTED).
LIFECYCLE ['bootstrap_two_phase(selected_lifecycle)', 'reset', 'start', 'destroy'] CLEANUP_OK elapsed 4.90691391704604
NAMESPACE DatabaseNamespace(project_name='kineticloop-kl078-prep-89249ab-411320a53ae9', database_name='kineticloop_kl078_prep_89249ab_411320a53ae9') MIGRATION e8c2f1a6b904
ACTUAL_SOURCE c51e9778-316e-5519-9ba0-614cfa4aac7e SEALED
PERSISTED_PROOFS {"artifact_closure_ids": ["0de51de1-85a0-43a4-90de-f32639b6238f", "71cc2539-3ffd-4846-9c46-e4f70295039c"], "artifact_hash": "aa5417fc1540f460d1127bce4d139244a229df6016e32a03066e4045e6dc6da3", "basis_hash": "8e0492886c213bccc5b33d02e74187e4a140f108118a69bb59806ce9e1f16057", "build": "45716e85-b0cb-5173-9fcd-903b2c3ceaa4", "dependency_basis_hash": "9f59c16105c19726166d9c4d34f7a4c5047e8120ccaeeec37aa357eca8522be9", "dependency_ids": ["1c546101-d3f3-59ec-ac61-ed487f5290e9", "2f77346e-59d3-5f04-bbae-3ddf47938881", "c02d8b6e-56f8-5c31-b592-8970ff0d5157", "c6c61a2f-faea-5aa6-9193-9cad7998a351", "4ee38f8f-6a9e-56d7-8da6-0d5986c67d91", "9d54bb11-163a-53be-8bfd-6a8b8e0a9d07"], "manifest_hash": "9d920d724837a9ae9fcd18abb6903260d00a70d8b24da8db14c06683655b1acd", "projection": "74370f48-eeb3-5bcc-a0c1-206c301c53ce", "source": "c51e9778-316e-5519-9ba0-614cfa4aac7e", "source_hash": "ee97894f200593d26253c6f0dbdfb4e850465daeea46a5fc3e947e53693ee960"}
ACTUAL_SOURCE 4bfe4f91-7304-53ba-90ec-d2a664775c60 SEALED
ACTUAL_SOURCE 192f0415-5264-5e07-b674-e91c328ced55 SEALED
ACTUAL_SOURCE 413dac43-5654-5430-b5a2-713490fa770b SEALED
PERSISTED_PROOFS {"artifact_closure_ids": ["0de51de1-85a0-43a4-90de-f32639b6238f", "71cc2539-3ffd-4846-9c46-e4f70295039c"], "artifact_hash": "aa5417fc1540f460d1127bce4d139244a229df6016e32a03066e4045e6dc6da3", "basis_hash": "9f5921d5f3acbf55177ab131116d63e43a4f81b06d0abdf6bd1a3ce5f73c8f66", "build": "0479162e-884b-594b-877e-f700de3b8456", "dependency_basis_hash": "7720aa13d258b77b613cff2b870ae0b569913a97c91718f0b7827ba206d30e63", "dependency_ids": ["3a13393d-76a5-53d1-97ec-46ca26d069a7", "3dce6a1e-53b5-59e7-b6c3-8dc177c4e6cd", "1900200c-8881-571d-8eb9-4fc4a0f767e6", "8c63ffea-71c9-52dc-ae50-e23735eb1401", "60f72b1e-4234-550a-bf09-719d7a181ddc", "a7cf4806-af9d-5a8a-8736-ba4662e504db"], "manifest_hash": "1548a07f79b2fac67db6971e905430893985356cbe231e3baf97cfde0cd897e1", "projection": "afdb342a-ee81-5634-8953-8a948257d51a", "source": "413dac43-5654-5430-b5a2-713490fa770b", "source_hash": "9522593f4a7eda5666e547861256349416c36f0ca4b3ddb637588546e5cb4698"}
ACTUAL_SOURCE d21cb311-f117-58ba-8046-2476b1733719 SEALED
OBSERVED_LOCAL_BLOCKER projection {'first': 117, 'second': 118}
PERSISTED_PROJECTION_PROOF 93edc433-ac5e-5d5a-acbf-cd4f7cb6d9a0 52532d9f8fb530d35a2ddebe8b41bebc83633bd98102003be38078bd98c7d674 [{'projection_id': '93edc433-ac5e-5d5a-acbf-cd4f7cb6d9a0', 'kind': 'COLLECTION', 'key': 'actual-facts', 'collection': 'actual-facts-and-absence:v1', 'policy': None, 'program': None, 'fact': None, 'factset': 'd21cb311-f117-58ba-8046-2476b1733719', 'catalog': None, 'mapping': None}, {'projection_id': '93edc433-ac5e-5d5a-acbf-cd4f7cb6d9a0', 'kind': 'ENGINE', 'key': 'test:kl078-engine-4379f51f-3410-460b-b3a3-1426d712623f:1', 'collection': None, 'policy': None, 'program': None, 'fact': None, 'factset': None, 'catalog': None, 'mapping': None}, {'projection_id': '93edc433-ac5e-5d5a-acbf-cd4f7cb6d9a0', 'kind': 'FACT', 'key': 'actual-member', 'collection': None, 'policy': None, 'program': None, 'fact': '0939ab78-b967-4e5d-9c80-7d0b61431074', 'factset': None, 'catalog': None, 'mapping': None}, {'projection_id': '93edc433-ac5e-5d5a-acbf-cd4f7cb6d9a0', 'kind': 'FACTSET', 'key': 'sealed-input', 'collection': None, 'policy': None, 'program': None, 'fact': None, 'factset': 'd21cb311-f117-58ba-8046-2476b1733719', 'catalog': None, 'mapping': None}, {'projection_id': '93edc433-ac5e-5d5a-acbf-cd4f7cb6d9a0', 'kind': 'POLICY', 'key': 'selected-policy', 'collection': None, 'policy': '685e8199-b585-432a-8023-2e5353df1354', 'program': None, 'fact': None, 'factset': None, 'catalog': None, 'mapping': None}, {'projection_id': '93edc433-ac5e-5d5a-acbf-cd4f7cb6d9a0', 'kind': 'PROGRAM', 'key': 'selected-program', 'collection': None, 'policy': None, 'program': '3c8009be-5c37-4f83-bd62-a2af2a58ce71', 'fact': None, 'factset': None, 'catalog': None, 'mapping': None}]
PERSISTED_DUPLICATE_CLOSURE projection {'projection_id': '93edc433-ac5e-5d5a-acbf-cd4f7cb6d9a0', 'revision': 1, 'input_basis_hash': '52532d9f8fb530d35a2ddebe8b41bebc83633bd98102003be38078bd98c7d674', 'dependency_ids': ['19446a18-e0be-5f2b-915a-6d19733bc8c7', '59aaa5f2-4133-5e72-9d2f-70f9e9a04fd8', '64246dad-4347-5c36-b7e1-bc48847d8733', '725255de-57e3-568e-ae83-b8e7c6937a76', '75661663-5b17-5fa1-ad15-269dc8f11fae', 'b14472fe-4137-513b-a3b9-0e554093dadd'], 'executable': False} [3, 18, 4]
ACTUAL_SOURCE 8b194db9-cc72-51d3-9d04-73f9b940ddd0 SEALED
OBSERVED_LOCAL_BLOCKER build {'first': 119, 'second': 120}
PERSISTED_PROOFS {"artifact_closure_ids": ["0de51de1-85a0-43a4-90de-f32639b6238f", "71cc2539-3ffd-4846-9c46-e4f70295039c"], "artifact_hash": "aa5417fc1540f460d1127bce4d139244a229df6016e32a03066e4045e6dc6da3", "basis_hash": "0603e447e59713cdb9c06c4a09794b1d5ced3b6a95a45c583073d29b3232e717", "build": "cc1e9dce-fafb-53a5-a6cd-21a9598dae4e", "dependency_basis_hash": "977cd4bb3ca2e346ea03427858d68cccafc8f71a417353b47adb678ea4dd1265", "dependency_ids": ["be9f9239-2727-52cc-afb2-7449cb4b5423", "ba2795ba-2d10-5302-8b4f-513785f9261e", "796d8089-2e28-5b02-bea0-4a29329cc731", "34ed084c-57dc-5289-88fb-56b0d509d5a2", "c9aa817c-f963-56c1-a47d-9656e0c0fdf8", "72b4318e-91df-593d-84a4-9b581869586a"], "manifest_hash": "fe50911b268e27f0e8fd66d3d76219db90989480b608e95da7058d838dabc6b9", "projection": "af7fea3d-e3e3-57c7-a4b6-0dfd8e620a58", "source": "8b194db9-cc72-51d3-9d04-73f9b940ddd0", "source_hash": "2923d6ffc57252c28f8065345076ab393e88464e2096875c462f5890f06c6d42"}
PERSISTED_DUPLICATE_CLOSURE build {'build_id': 'cc1e9dce-fafb-53a5-a6cd-21a9598dae4e', 'status': 'BUILDING', 'executable': False} [4, 24, 5]
ACTUAL_SOURCE 5ff203e6-0e35-526a-910c-bfdccbfe0376 SEALED
OBSERVED_LOCAL_BLOCKER complete {'first': 121, 'second': 122}
PERSISTED_PROOFS {"artifact_closure_ids": ["0de51de1-85a0-43a4-90de-f32639b6238f", "71cc2539-3ffd-4846-9c46-e4f70295039c"], "artifact_hash": "aa5417fc1540f460d1127bce4d139244a229df6016e32a03066e4045e6dc6da3", "basis_hash": "76a4f1fa0639edfcb9db40ae2106a48cd3569bd4f9ff4f4499a63807d739340a", "build": "7d065eff-fb01-5188-b95c-6bb65415b1a7", "dependency_basis_hash": "382cb9cc8ba6743ef0ac191ab06d292706c048f6f65c0b4bb7c70daf8878acb9", "dependency_ids": ["5326dcd0-7139-5e4c-9ff7-9515b850bc1e", "569f1685-5b5f-5c38-b38f-a659be82d784", "28dfb8da-7211-5113-b243-a12128a71883", "9d7e01b7-af38-51f7-a742-e2f212975710", "5921957d-0a89-5f3e-bddb-b95c032e0e2b", "f62513b8-1410-52bb-ba36-a517681e551b"], "manifest_hash": "25193f4d175da100951c1b847f0507a62f472e052d71c287182d3f93db55c76c", "projection": "c7c18d42-4208-5f23-97af-30fcf7009464", "source": "5ff203e6-0e35-526a-910c-bfdccbfe0376", "source_hash": "c94066d78be097af5fc7e80b3697a1b8d19adad252f61b4a2df1104d163b8063"}
PERSISTED_DUPLICATE_CLOSURE complete {'build_id': '7d065eff-fb01-5188-b95c-6bb65415b1a7', 'status': 'READY', 'dependency_basis_hash': '382cb9cc8ba6743ef0ac191ab06d292706c048f6f65c0b4bb7c70daf8878acb9', 'artifact_dependency_closure_hash': 'aa5417fc1540f460d1127bce4d139244a229df6016e32a03066e4045e6dc6da3', 'manifest_hash': '25193f4d175da100951c1b847f0507a62f472e052d71c287182d3f93db55c76c', 'executable': False} [5, 30, 6]
.INFO  [alembic.runtime.migration] Context impl PostgresqlImpl.
INFO  [alembic.runtime.migration] Will assume transactional DDL.
INFO  [alembic.runtime.migration] Running upgrade  -> 76fd67f76bd4, frozen S01-S51 baseline
INFO  [alembic.runtime.migration] Context impl PostgresqlImpl.
INFO  [alembic.runtime.migration] Will assume transactional DDL.
INFO  [alembic.runtime.migration] Running upgrade 76fd67f76bd4 -> a3f91c7d2e10, migrated SafetyRegistry integration and role-owner hardening
INFO  [alembic.runtime.migration] Running upgrade a3f91c7d2e10 -> b6e4d8a1c927, trusted artifact registration and bounded dependency admission
INFO  [alembic.runtime.migration] Running upgrade b6e4d8a1c927 -> d4c1a9e7b203, production, test, and evaluation subject namespace isolation
INFO  [alembic.runtime.migration] Running upgrade d4c1a9e7b203 -> e8c2f1a6b904, Materialize frozen S27 active partition uniqueness (legacy PENDING = ADMITTED).
LIFECYCLE ['bootstrap_two_phase(selected_lifecycle)', 'reset', 'start', 'destroy'] CLEANUP_OK elapsed 4.509884250117466
NAMESPACE DatabaseNamespace(project_name='kineticloop-kl078-prep-89249ab-411320a53ae9', database_name='kineticloop_kl078_prep_89249ab_411320a53ae9') MIGRATION e8c2f1a6b904
ACTUAL_SOURCE 1a0bc952-f477-5003-8082-46d1d9727650 SEALED
PERSISTED_PROOFS {"artifact_closure_ids": ["58a37a0b-d4a3-405e-a260-e5c0dc71ea63", "61f6cd4c-8f1c-434b-aa8c-3006ee4e364b"], "artifact_hash": "5c04733daaf0701f92b8747364e60d526f2c1289c6a62415e4b391384715a0f8", "basis_hash": "30a115aa11ab73dc39178e1df06f99fddf0d5b993b82c923d8fa7e8df87c4183", "build": "4c7d37ea-fe8f-552a-b8c3-658fa4d68174", "dependency_basis_hash": "c66d160eb73a03beec79c4528d7f649207f9886189433e8b017321d24443b326", "dependency_ids": ["367d2eaf-8759-5116-a9ce-5d6b0f0041ad", "06de640c-63a2-547f-bb33-95eebb0ecce0", "f1846997-e49d-5153-9d1c-d80654c1e23c", "f35da7b6-cd9a-579d-bc01-780c24fe66e8", "2855d17f-5b0b-537d-b029-a4a58e71bc5e", "39f676b0-2826-578c-a66d-7e423a343fe1"], "manifest_hash": "e0760e67c3c18bf9f744b811d8dde571d424641b8e7debd05a68f62eca6755cc", "projection": "a27d535a-992d-513a-8e82-f316039097d5", "source": "1a0bc952-f477-5003-8082-46d1d9727650", "source_hash": "a957eb0504e12dcafbc83952873999cf0f2c048d1582119694725428cfc69db3"}
ACTUAL_SOURCE f8a28baa-8cb6-598f-bf7f-6c18c852c04d SEALED
OBSERVED_S01_BLOCKER 120 121
FROZEN_T3_LOCK_ORDER 7 8
.LIFECYCLE ['bootstrap_two_phase(selected_lifecycle)', 'reset', 'start', 'destroy'] CLEANUP_OK elapsed 4.227518875151873

5 passed in 25.22s
