INFO  [alembic.runtime.migration] Context impl PostgresqlImpl.
INFO  [alembic.runtime.migration] Will assume transactional DDL.
INFO  [alembic.runtime.migration] Running upgrade  -> 76fd67f76bd4, frozen S01-S51 baseline
INFO  [alembic.runtime.migration] Context impl PostgresqlImpl.
INFO  [alembic.runtime.migration] Will assume transactional DDL.
INFO  [alembic.runtime.migration] Running upgrade 76fd67f76bd4 -> a3f91c7d2e10, migrated SafetyRegistry integration and role-owner hardening
INFO  [alembic.runtime.migration] Running upgrade a3f91c7d2e10 -> b6e4d8a1c927, trusted artifact registration and bounded dependency admission
INFO  [alembic.runtime.migration] Running upgrade b6e4d8a1c927 -> d4c1a9e7b203, production, test, and evaluation subject namespace isolation
INFO  [alembic.runtime.migration] Running upgrade d4c1a9e7b203 -> e8c2f1a6b904, Materialize frozen S27 active partition uniqueness (legacy PENDING = ADMITTED).
NAMESPACE DatabaseNamespace(project_name='kineticloop-kl078-prep-89249ab-97c3d06909ce', database_name='kineticloop_kl078_prep_89249ab_97c3d06909ce') MIGRATION e8c2f1a6b904
ACTUAL_SOURCE c089a9d1-c9d7-5a10-877d-6021072e0519 SEALED
PERSISTED_PROOFS {"artifact_closure_ids": ["1479e0c6-3be2-4fee-8759-f77670e9c91c", "de3fc0e2-96c3-4eb7-bbf8-b6d2fb4b9251"], "artifact_hash": "543db964a0d98d53faafb3e2263d6bb78a72c4440feea283f18de144d8ec5c60", "basis_hash": "614ad456d0c0f16454923976de72d7752dc8fb56f24df83866c9deea4e1138c5", "build": "a448088d-d855-5c2b-97e3-af2e7a72d56e", "dependency_basis_hash": "013bf8ed2f48dfa448fab5f5a9fdf71d920f52473bc9d4d5942fcbcd2a5ff3ae", "dependency_ids": ["bb5d6c82-0544-5a0d-bd2f-2aea19700202", "161238b0-2fe0-58de-8b57-fe27641d45bb", "cae09543-60cf-5c92-8ae6-ba86a453969d", "e5628d15-e44f-5e24-93d4-d8edb9886e34", "ac43d3fe-bf4e-5e2b-92c4-de80fc2c0c2b", "0b2c4394-3105-5a01-b580-c4c1245ca2cf"], "manifest_hash": "f3761d836ab13eeb2e46ddbf8987cd0e12155e043671d581000704f36bed112d", "projection": "6b81f898-8dbf-5496-a006-20e4bedf9263", "source": "c089a9d1-c9d7-5a10-877d-6021072e0519", "source_hash": "2fa370a52d230479f153bfc2f95a18ef77a49e06388aa57484a1630fbe38e3fc"}
OWNER_OUTPUT {'projection_id': '6b81f898-8dbf-5496-a006-20e4bedf9263', 'revision': 1, 'input_basis_hash': '614ad456d0c0f16454923976de72d7752dc8fb56f24df83866c9deea4e1138c5', 'dependency_ids': ['0b2c4394-3105-5a01-b580-c4c1245ca2cf', '161238b0-2fe0-58de-8b57-fe27641d45bb', 'ac43d3fe-bf4e-5e2b-92c4-de80fc2c0c2b', 'bb5d6c82-0544-5a0d-bd2f-2aea19700202', 'cae09543-60cf-5c92-8ae6-ba86a453969d', 'e5628d15-e44f-5e24-93d4-d8edb9886e34'], 'executable': False} {'build_id': 'a448088d-d855-5c2b-97e3-af2e7a72d56e', 'status': 'READY', 'dependency_basis_hash': '013bf8ed2f48dfa448fab5f5a9fdf71d920f52473bc9d4d5942fcbcd2a5ff3ae', 'artifact_dependency_closure_hash': '543db964a0d98d53faafb3e2263d6bb78a72c4440feea283f18de144d8ec5c60', 'manifest_hash': 'f3761d836ab13eeb2e46ddbf8987cd0e12155e043671d581000704f36bed112d', 'executable': False} {'manifest_id': '887a5c55-43cc-4476-a6fb-f691d5bb3cda', 'generation': 1, 'receipt_id': 'cc6b0400-cc6f-4817-9dd4-a5da22ade69a', 'event_id': 'b52253e0-b7bf-4793-bd6d-9eaef86ac00e', 'executable': False, 'replayed': False}
.INFO  [alembic.runtime.migration] Context impl PostgresqlImpl.
INFO  [alembic.runtime.migration] Will assume transactional DDL.
INFO  [alembic.runtime.migration] Running upgrade  -> 76fd67f76bd4, frozen S01-S51 baseline
INFO  [alembic.runtime.migration] Context impl PostgresqlImpl.
INFO  [alembic.runtime.migration] Will assume transactional DDL.
INFO  [alembic.runtime.migration] Running upgrade 76fd67f76bd4 -> a3f91c7d2e10, migrated SafetyRegistry integration and role-owner hardening
INFO  [alembic.runtime.migration] Running upgrade a3f91c7d2e10 -> b6e4d8a1c927, trusted artifact registration and bounded dependency admission
INFO  [alembic.runtime.migration] Running upgrade b6e4d8a1c927 -> d4c1a9e7b203, production, test, and evaluation subject namespace isolation
INFO  [alembic.runtime.migration] Running upgrade d4c1a9e7b203 -> e8c2f1a6b904, Materialize frozen S27 active partition uniqueness (legacy PENDING = ADMITTED).
LIFECYCLE ['bootstrap_two_phase(selected_lifecycle)', 'reset', 'start', 'destroy'] CLEANUP_OK elapsed 3.562094291904941
NAMESPACE DatabaseNamespace(project_name='kineticloop-kl078-prep-89249ab-97c3d06909ce', database_name='kineticloop_kl078_prep_89249ab_97c3d06909ce') MIGRATION e8c2f1a6b904
ACTUAL_SOURCE cae11cc8-20e6-5a82-a71f-7c83fd6796eb READY
ACTUAL_SOURCE 1ef9f7d2-5e4b-55d1-b6a0-b59fcd172802 SEALED
PERSISTED_PROOFS {"artifact_closure_ids": ["2c05ade4-7933-4151-9471-8a3ac5147a12", "d2fd0c23-1e1d-4e21-b2fb-b59abbc850c8"], "artifact_hash": "5cc33ead424c93a29f59fd5df9a06731e10ee88b8ab296528ccd0c349ad063f6", "basis_hash": "b4e87092db839791ac74e436dedbfeea36ad995f95f0c61e6568fa1a5b7877fc", "build": "529478f5-af53-53ae-be85-8e10d50f459e", "dependency_basis_hash": "feb79143786056aba6974a9d7af92b9501b34db981bc6f84ee99c5fafa680668", "dependency_ids": ["f26035cd-6031-5745-aa09-c6bf38ec8e33", "ae2e2138-cb55-5dd6-8614-e08f987b5bb6", "b6d0745e-bac1-5099-a712-a35525c22baa", "1b7ea317-307f-5fed-934e-84a7012d883d", "b5b8c070-f2fd-5263-acae-545556f78cd8", "a5fbe446-2039-54d5-9185-46f243924b14"], "manifest_hash": "667824b0a682dce229c517ccc9174a973f8b1bc23e588e6c2fe89c973509bd92", "projection": "796b4b2b-c917-5fcb-b418-a73de9b1ec62", "source": "1ef9f7d2-5e4b-55d1-b6a0-b59fcd172802", "source_hash": "58e5fdde913e93f4b9b9ef5acedbf9d78612f67936d5359612738e6cdca4f909"}
ACTUAL_SOURCE 4f463b80-2f3d-59cd-beaf-40dc4ee28363 SEALED
ACTUAL_SOURCE 2770b607-99e7-5b3f-a270-54ec75f2d72a SEALED
PERSISTED_PROOFS {"artifact_closure_ids": ["2c05ade4-7933-4151-9471-8a3ac5147a12", "d2fd0c23-1e1d-4e21-b2fb-b59abbc850c8"], "artifact_hash": "5cc33ead424c93a29f59fd5df9a06731e10ee88b8ab296528ccd0c349ad063f6", "basis_hash": "912c71eb7398cdd3f25f4099c85579fdc4d91ffecfe0d23444be8a21ae1c6ee3", "build": "3f456cb3-ac60-53ef-9ac6-9249504967ea", "dependency_basis_hash": "e3ffb86344b9ff392a261db79e7ec8c0f1ed234513d48fbae173477c4a587ad8", "dependency_ids": ["2ccbf87a-8eff-5af1-aef2-ce799c8f2e46", "6725cc06-a76c-5e92-a299-c67a9d6c7d24", "7a901f6b-bbba-5a2c-a93f-2192e7403b58", "7d8f820c-d283-50bf-878a-95865c57d1d9", "4a98d543-fdb0-5e93-b6be-89a9746aa7d6", "e93afbf6-ddfa-5f43-98ea-548f2fc69616"], "manifest_hash": "f3461fbf4ecf025d229eaa5a639d3bf30377c87f52f7da5e974f92fa9d83a548", "projection": "69742d09-db6b-546f-89a9-2277e5fbc1a3", "source": "2770b607-99e7-5b3f-a270-54ec75f2d72a", "source_hash": "6de788606071fa028bb8f9004683ac4ca963c1fd2f67983872b224238cd878de"}
ACTUAL_SOURCE 5c37dde1-a4bd-50c1-8e34-df927302377c SEALED
ACTUAL_SOURCE 69ae3cb5-8070-52f2-9132-3398ab66df7d SEALED
PERSISTED_PROOFS {"artifact_closure_ids": ["2c05ade4-7933-4151-9471-8a3ac5147a12", "d2fd0c23-1e1d-4e21-b2fb-b59abbc850c8"], "artifact_hash": "5cc33ead424c93a29f59fd5df9a06731e10ee88b8ab296528ccd0c349ad063f6", "basis_hash": "dbbfa9166da8441bbb603bd521e8088e928f785b3e8c69689228ef3d264c893b", "build": "49a64155-fe01-53e6-bba2-35aee463ace8", "dependency_basis_hash": "f25cbe5a361878c3641bccfd24fe391788912fa4229eb6fa612dada1b38f5674", "dependency_ids": ["0a693005-7457-5529-a1ff-4714ce0078f9", "3ef6d4c6-9352-5d99-9177-94174087fb9c", "09cf0f30-aaad-52fd-8814-9cb4956b0500", "ca9de9c3-b7b5-5d6c-b7b8-9ad61d053870", "336e731d-2955-53fc-8a46-788deb0b5b1f", "4b32c12d-f973-5be7-a6f2-6308772d96f1"], "manifest_hash": "789fe5c42104e82e89584072df776c7f57be0e7701bd7f20ea1a05c58b0fdd67", "projection": "8900bfe4-6ce8-5a7a-8719-65da3bb3b7c9", "source": "69ae3cb5-8070-52f2-9132-3398ab66df7d", "source_hash": "6d3dfe97757fe1cba04defb168658805511bb3a574487ea86b7ccf31c76e3252"}
.INFO  [alembic.runtime.migration] Context impl PostgresqlImpl.
INFO  [alembic.runtime.migration] Will assume transactional DDL.
INFO  [alembic.runtime.migration] Running upgrade  -> 76fd67f76bd4, frozen S01-S51 baseline
INFO  [alembic.runtime.migration] Context impl PostgresqlImpl.
INFO  [alembic.runtime.migration] Will assume transactional DDL.
INFO  [alembic.runtime.migration] Running upgrade 76fd67f76bd4 -> a3f91c7d2e10, migrated SafetyRegistry integration and role-owner hardening
INFO  [alembic.runtime.migration] Running upgrade a3f91c7d2e10 -> b6e4d8a1c927, trusted artifact registration and bounded dependency admission
INFO  [alembic.runtime.migration] Running upgrade b6e4d8a1c927 -> d4c1a9e7b203, production, test, and evaluation subject namespace isolation
INFO  [alembic.runtime.migration] Running upgrade d4c1a9e7b203 -> e8c2f1a6b904, Materialize frozen S27 active partition uniqueness (legacy PENDING = ADMITTED).
LIFECYCLE ['bootstrap_two_phase(selected_lifecycle)', 'reset', 'start', 'destroy'] CLEANUP_OK elapsed 5.137661624932662
NAMESPACE DatabaseNamespace(project_name='kineticloop-kl078-prep-89249ab-97c3d06909ce', database_name='kineticloop_kl078_prep_89249ab_97c3d06909ce') MIGRATION e8c2f1a6b904
ACTUAL_SOURCE 2ae7bc5f-3980-5490-b6d4-f5fc976070cb SEALED
PERSISTED_PROOFS {"artifact_closure_ids": ["17137b1e-8110-47c7-b8b0-0c28553d96d6", "b31d1f18-b7bb-4994-b6ec-4ad4606d2c85"], "artifact_hash": "699918abd0e7f7f2657d06e8a301705ac6fe680d6fedde8aef04e946da887f7f", "basis_hash": "5599ea6d31482af8cd4d5f3cfceeac56ad4dfe43f03d87905acc843ec7c177f5", "build": "c1afb23d-39d1-587c-ac97-a0dbf01e00d8", "dependency_basis_hash": "ff458bb3c4c3dd3df3f6d05560fc730cbd5571c6eff21da33aa41f92d609eff5", "dependency_ids": ["72e26010-ae56-5b00-a360-a47b40b68d42", "b00424eb-8776-58df-8886-6de3a98f5ad0", "059de26a-10a9-5755-919b-66eee6e4525f", "279e4175-edca-5405-ac21-fec0bbab7170", "2f1ebe51-d014-5995-9421-a040717b78a2", "27cb91f5-7e5c-5b6c-848d-f0805e7cf507"], "manifest_hash": "072e7483f005e91c0ce199a044bc11a3a7750f5a21fbe486d3bc6f5b2e5ab317", "projection": "ac2010fb-17d5-5785-b517-cce2db1a01bd", "source": "2ae7bc5f-3980-5490-b6d4-f5fc976070cb", "source_hash": "cd261b0413eccecde34ba5007702a44929abbea84ef070a1a389a57f77074128"}
ACTUAL_SOURCE aa60b131-40ea-5f33-aa4a-6a7a148f351d SEALED
PERSISTED_PROOFS {"artifact_closure_ids": ["17137b1e-8110-47c7-b8b0-0c28553d96d6", "b31d1f18-b7bb-4994-b6ec-4ad4606d2c85"], "artifact_hash": "699918abd0e7f7f2657d06e8a301705ac6fe680d6fedde8aef04e946da887f7f", "basis_hash": "c6c20b697ed25d4d77e860a37498ab21c48c080d9bb1f779b365216bb831fd97", "build": "ebf3f7e4-e129-51c8-a45c-d271c6c1c309", "dependency_basis_hash": "0f5a1130867d38d76b8461d43ba904d7c87de0fd7607b1b6be4624300c87fb68", "dependency_ids": ["5a3a45cb-c8a4-5d26-ab11-513b17bff496", "074f8348-76f5-5254-ad66-c3b23493c4b8", "b68be255-8102-5155-8421-c062c5351aa7", "0952e4f9-a702-5ce2-8ac5-f7250aa95699", "2743db25-1fe7-5b10-969e-dfe38b0203c5", "824f2527-be91-5376-bd34-0ac549730e1e"], "manifest_hash": "09a534e111fffd3d4af51e72081f96c7fc655eb382511ef3bdae07eb9f5567f8", "projection": "1dbb5156-17bb-501b-97c5-99264f7a98cd", "source": "aa60b131-40ea-5f33-aa4a-6a7a148f351d", "source_hash": "75022442a0a894f8397218d3de5e67fc817e99f5f04f34839e80323a3dca9ae9"}
.INFO  [alembic.runtime.migration] Context impl PostgresqlImpl.
INFO  [alembic.runtime.migration] Will assume transactional DDL.
INFO  [alembic.runtime.migration] Running upgrade  -> 76fd67f76bd4, frozen S01-S51 baseline
INFO  [alembic.runtime.migration] Context impl PostgresqlImpl.
INFO  [alembic.runtime.migration] Will assume transactional DDL.
INFO  [alembic.runtime.migration] Running upgrade 76fd67f76bd4 -> a3f91c7d2e10, migrated SafetyRegistry integration and role-owner hardening
INFO  [alembic.runtime.migration] Running upgrade a3f91c7d2e10 -> b6e4d8a1c927, trusted artifact registration and bounded dependency admission
INFO  [alembic.runtime.migration] Running upgrade b6e4d8a1c927 -> d4c1a9e7b203, production, test, and evaluation subject namespace isolation
INFO  [alembic.runtime.migration] Running upgrade d4c1a9e7b203 -> e8c2f1a6b904, Materialize frozen S27 active partition uniqueness (legacy PENDING = ADMITTED).
LIFECYCLE ['bootstrap_two_phase(selected_lifecycle)', 'reset', 'start', 'destroy'] CLEANUP_OK elapsed 3.612823999952525
NAMESPACE DatabaseNamespace(project_name='kineticloop-kl078-prep-89249ab-97c3d06909ce', database_name='kineticloop_kl078_prep_89249ab_97c3d06909ce') MIGRATION e8c2f1a6b904
ACTUAL_SOURCE b8f62f17-16ee-585f-bb3d-244ac1ef4a54 SEALED
PERSISTED_PROOFS {"artifact_closure_ids": ["2a346268-e011-4856-99f1-62291643eaef", "d52d112c-8989-43db-8041-d957dcf79e38"], "artifact_hash": "0e65fff286c78f437295541ef3dc218bb90e6ee125a08461b908cb26d2200843", "basis_hash": "ea01d1b0a06498d20bf73ec5c056c6eb2a33daa90b9c3188a66911016e1c02e8", "build": "c5aa46a3-84ea-585d-8092-b25ff6e587e9", "dependency_basis_hash": "da1016605b558ffb5e2746213e834cafd81b6e2a34bfce75ad46963a31ca6f41", "dependency_ids": ["5e93a6e7-daf1-56f2-9b7e-8d4467875c62", "b8d73b57-57b6-582f-95de-c0242d71e4d6", "4af2e181-899f-5118-882e-32bca33665d0", "48f256c4-6136-520c-a70d-c6bb8a392c81", "62295e32-e20d-5ecf-9424-2807db83bba8", "ef875ae3-3cb9-5eb1-8267-86be666ee4ae"], "manifest_hash": "8a35377867e10f4cf54488cf087f1542a2bea0e358e0363f4096f22b702cbd91", "projection": "5e9bad47-14df-5021-82d8-714a5ec83a12", "source": "b8f62f17-16ee-585f-bb3d-244ac1ef4a54", "source_hash": "88a6a4883bb46bbf4c800d3b66c0c5fda6d7c99611d0c9bcff43fde19e473160"}
ACTUAL_SOURCE 3c10183e-3ea8-5ef3-a725-8a6bdcf71c6c SEALED
ACTUAL_SOURCE e921e3f5-a994-55f0-8ebe-84081603dcd8 SEALED
ACTUAL_SOURCE 56b2fb46-9b5b-5bc5-8c2a-72b69bc0af30 SEALED
PERSISTED_PROOFS {"artifact_closure_ids": ["2a346268-e011-4856-99f1-62291643eaef", "d52d112c-8989-43db-8041-d957dcf79e38"], "artifact_hash": "0e65fff286c78f437295541ef3dc218bb90e6ee125a08461b908cb26d2200843", "basis_hash": "ac8eace282ab1f13c23f748a26fae5cebd817fcdeb7d9281a2a9eb3f6a4f615c", "build": "670d7bc6-dfd9-5406-9403-6ab6905b0299", "dependency_basis_hash": "d2591fc8db38c8b507ecb75584f73c97bc8e4d27bc50b5f8849199b3c6569b49", "dependency_ids": ["bc5e1125-10f6-5bc7-97f4-5658b1b6f95a", "5dec7ae3-459e-5d5c-aba2-c5cf8b734845", "f0c1eee8-31f0-52d8-b02d-094630b99621", "5e48b840-5834-5c49-9ad9-1876e96c89fa", "5ef91149-d92a-57a8-b3c0-24a69634922e", "547235b5-579f-5c36-855a-5c3e37c83156"], "manifest_hash": "dd9ad61b338a1c0bca50a5bb7cba7ce460efd038f91a9ed95b6f113f9986f0f9", "projection": "5106dc6a-4a78-5021-a126-a553a1fa7c3c", "source": "56b2fb46-9b5b-5bc5-8c2a-72b69bc0af30", "source_hash": "d596f611121a2156e584d904e2fea78ae6c41542f39126b0d672518635aefb8a"}
ACTUAL_SOURCE 4d8ffe76-46d8-5d85-97b1-6ce92e891ead SEALED
OBSERVED_LOCAL_BLOCKER projection {'first': 117, 'second': 118}
PERSISTED_PROJECTION_PROOF fb16a7b6-16e1-52fc-9a12-6b04b4712050 e5ef0bde50b7bb3a633d26170387ceb6c56d2cfba5bb7d6f413be26ccb1a07c2 [{'projection_id': 'fb16a7b6-16e1-52fc-9a12-6b04b4712050', 'kind': 'COLLECTION', 'key': 'actual-facts', 'collection': 'actual-facts-and-absence:v1', 'policy': None, 'program': None, 'fact': None, 'factset': '4d8ffe76-46d8-5d85-97b1-6ce92e891ead', 'catalog': None, 'mapping': None}, {'projection_id': 'fb16a7b6-16e1-52fc-9a12-6b04b4712050', 'kind': 'ENGINE', 'key': 'test:kl078-engine-4f116454-4104-4120-93b2-3837571e6e02:1', 'collection': None, 'policy': None, 'program': None, 'fact': None, 'factset': None, 'catalog': None, 'mapping': None}, {'projection_id': 'fb16a7b6-16e1-52fc-9a12-6b04b4712050', 'kind': 'FACT', 'key': 'actual-member', 'collection': None, 'policy': None, 'program': None, 'fact': '29c3978c-9d5f-4036-9211-5b03b51e7e64', 'factset': None, 'catalog': None, 'mapping': None}, {'projection_id': 'fb16a7b6-16e1-52fc-9a12-6b04b4712050', 'kind': 'FACTSET', 'key': 'sealed-input', 'collection': None, 'policy': None, 'program': None, 'fact': None, 'factset': '4d8ffe76-46d8-5d85-97b1-6ce92e891ead', 'catalog': None, 'mapping': None}, {'projection_id': 'fb16a7b6-16e1-52fc-9a12-6b04b4712050', 'kind': 'POLICY', 'key': 'selected-policy', 'collection': None, 'policy': '417289dc-c930-4778-abbe-53d9b08dd0f5', 'program': None, 'fact': None, 'factset': None, 'catalog': None, 'mapping': None}, {'projection_id': 'fb16a7b6-16e1-52fc-9a12-6b04b4712050', 'kind': 'PROGRAM', 'key': 'selected-program', 'collection': None, 'policy': None, 'program': '6b7056ca-ff48-4e54-a5cf-ba3e012151af', 'fact': None, 'factset': None, 'catalog': None, 'mapping': None}]
PERSISTED_DUPLICATE_CLOSURE projection {'projection_id': 'fb16a7b6-16e1-52fc-9a12-6b04b4712050', 'revision': 1, 'input_basis_hash': 'e5ef0bde50b7bb3a633d26170387ceb6c56d2cfba5bb7d6f413be26ccb1a07c2', 'dependency_ids': ['091299de-3cfd-51fb-8ef5-a1b323154a81', '2939e4ef-b2a7-541a-adce-8e62666b7aa9', '7669ac61-72e0-575a-b92b-ccedd917f8bd', 'cd30082b-ae1b-5b4c-af80-e6bf25f5d5c2', 'da16a054-bb3c-518e-8439-951ca078c01e', 'f9cf4fea-fca9-5817-be01-f618da4b6da3'], 'executable': False} [3, 18, 4]
ACTUAL_SOURCE 5cb183e9-cd7a-5d57-9af8-911b25c26d18 SEALED
OBSERVED_LOCAL_BLOCKER build {'first': 119, 'second': 120}
PERSISTED_PROOFS {"artifact_closure_ids": ["2a346268-e011-4856-99f1-62291643eaef", "d52d112c-8989-43db-8041-d957dcf79e38"], "artifact_hash": "0e65fff286c78f437295541ef3dc218bb90e6ee125a08461b908cb26d2200843", "basis_hash": "4d14e299317a7f6345a8432b66353f7954e265979a13c6a5245905aa7d5d131d", "build": "a1d789e4-0aa6-5479-8df5-4954cf5b3f86", "dependency_basis_hash": "91faec78ccf551a4ef6eb9280ea0d96178e9113f1e161076a6d9635d3ab7e635", "dependency_ids": ["4a54c20b-2dcf-578f-9275-065840008700", "30b48d09-29eb-55c3-bb2d-4b026071f084", "4b77fc44-5c72-5a65-8e3d-1c9fd687bbed", "58671851-2cc5-58af-9aae-b039393fa97e", "89ef1ea3-8e7c-5bd6-8891-0c6cf512b0b2", "e220005c-963a-57a6-be18-dacdb95304ce"], "manifest_hash": "f5ba4f15a3a6855e7cc2feefef87627ef8e96bb645927fd339924b64d366a307", "projection": "08bb6625-d27c-54c1-a937-369ac4235203", "source": "5cb183e9-cd7a-5d57-9af8-911b25c26d18", "source_hash": "977565b1561464f818b2a79d9f883320b95a476d9d5d7ec43ff77072d5c4a60f"}
PERSISTED_DUPLICATE_CLOSURE build {'build_id': 'a1d789e4-0aa6-5479-8df5-4954cf5b3f86', 'status': 'BUILDING', 'executable': False} [4, 24, 5]
ACTUAL_SOURCE bfb39e6e-a39b-5156-82d7-52a925787dae SEALED
OBSERVED_LOCAL_BLOCKER complete {'first': 121, 'second': 122}
PERSISTED_PROOFS {"artifact_closure_ids": ["2a346268-e011-4856-99f1-62291643eaef", "d52d112c-8989-43db-8041-d957dcf79e38"], "artifact_hash": "0e65fff286c78f437295541ef3dc218bb90e6ee125a08461b908cb26d2200843", "basis_hash": "11eff13e311d4c40e968c1ac6f5aa22c54e400ec1c06f8b1ecd4d0835ee070f8", "build": "ab7af967-c873-59ea-b7a4-22128ba678a7", "dependency_basis_hash": "4459074ea83a5ec60eb6ec3447c5c81b277960ecb35969ac2828ac5b501b0e4f", "dependency_ids": ["4af0524f-bf29-5230-aa1a-889f5251be9d", "f1f1822a-199c-5873-bc99-872bda0dcce8", "b6a1db2f-c833-58ed-a274-baac2d976bf8", "c88aa0d3-39cb-54e4-8a60-16942e43ceae", "b58cf3f7-d52f-5aad-b089-74c21b048ba0", "bae3364e-9cf7-5c63-ba28-ad980f65e28f"], "manifest_hash": "042a7089c1bbeb5d125865f166ac7e58c1e3bdb12ef8ea16b8a4bbcb1b30b88f", "projection": "84568c35-adfc-5c55-b04c-8954e31a4a63", "source": "bfb39e6e-a39b-5156-82d7-52a925787dae", "source_hash": "996fac2315da7fae5b0e673169dad8f4bc81cd8a60d77391de92576ed2349eca"}
PERSISTED_DUPLICATE_CLOSURE complete {'build_id': 'ab7af967-c873-59ea-b7a4-22128ba678a7', 'status': 'READY', 'dependency_basis_hash': '4459074ea83a5ec60eb6ec3447c5c81b277960ecb35969ac2828ac5b501b0e4f', 'artifact_dependency_closure_hash': '0e65fff286c78f437295541ef3dc218bb90e6ee125a08461b908cb26d2200843', 'manifest_hash': '042a7089c1bbeb5d125865f166ac7e58c1e3bdb12ef8ea16b8a4bbcb1b30b88f', 'executable': False} [5, 30, 6]
.INFO  [alembic.runtime.migration] Context impl PostgresqlImpl.
INFO  [alembic.runtime.migration] Will assume transactional DDL.
INFO  [alembic.runtime.migration] Running upgrade  -> 76fd67f76bd4, frozen S01-S51 baseline
INFO  [alembic.runtime.migration] Context impl PostgresqlImpl.
INFO  [alembic.runtime.migration] Will assume transactional DDL.
INFO  [alembic.runtime.migration] Running upgrade 76fd67f76bd4 -> a3f91c7d2e10, migrated SafetyRegistry integration and role-owner hardening
INFO  [alembic.runtime.migration] Running upgrade a3f91c7d2e10 -> b6e4d8a1c927, trusted artifact registration and bounded dependency admission
INFO  [alembic.runtime.migration] Running upgrade b6e4d8a1c927 -> d4c1a9e7b203, production, test, and evaluation subject namespace isolation
INFO  [alembic.runtime.migration] Running upgrade d4c1a9e7b203 -> e8c2f1a6b904, Materialize frozen S27 active partition uniqueness (legacy PENDING = ADMITTED).
LIFECYCLE ['bootstrap_two_phase(selected_lifecycle)', 'reset', 'start', 'destroy'] CLEANUP_OK elapsed 3.888831667136401
NAMESPACE DatabaseNamespace(project_name='kineticloop-kl078-prep-89249ab-97c3d06909ce', database_name='kineticloop_kl078_prep_89249ab_97c3d06909ce') MIGRATION e8c2f1a6b904
ACTUAL_SOURCE aebc1a50-6638-5c99-a475-7c3ef21aa70f SEALED
PERSISTED_PROOFS {"artifact_closure_ids": ["0da6f170-eba3-4e45-bfe6-fa293728df9b", "2658d90b-b08b-4cf1-93d6-1a4c2c7af092"], "artifact_hash": "ef5e84598c10942d035a98a876987e72ec9285d5a1c53d30f751b1e27447e439", "basis_hash": "c87f27dd5fe4daab84d2e9e6f6ece5f964e3657027b0054893e86800aee98132", "build": "c1e49c6a-1a87-5965-89b2-e0ba8b91ef70", "dependency_basis_hash": "bd6cd3219b23baf39cb234ad074707061ea1d792e7b860c9023e5c198d982860", "dependency_ids": ["021e0b02-e192-592b-8ac4-127b2ea1aca4", "50e35bef-9d32-502f-a8c1-06bebd5d53bd", "6bbe45e6-13c0-5ab9-814e-2e69b6ff1bd6", "2a5abbd0-04e8-51ed-b0a4-5f37aff318ba", "84d72566-e88f-57d7-85a2-2ab600933494", "42906f15-0b9b-5380-a335-36cee9a05d07"], "manifest_hash": "250cd53d05e27fcd0dcbbde78ef10e53d55dfd39c08f00797f8ae108e57954a2", "projection": "8ea65bb7-850d-564e-acb9-333e067ae92c", "source": "aebc1a50-6638-5c99-a475-7c3ef21aa70f", "source_hash": "6e34abff3f23715b1bfe1dcded199467fd21d581d2b62173d8d0b3dddba01d6c"}
ACTUAL_SOURCE e632a0ae-9320-5c81-8ab2-bb56e5e93e55 SEALED
OBSERVED_S01_BLOCKER 113 114
FROZEN_T3_LOCK_ORDER 7 8
.LIFECYCLE ['bootstrap_two_phase(selected_lifecycle)', 'reset', 'start', 'destroy'] CLEANUP_OK elapsed 3.651321915909648

5 passed in 20.20s
