KL-018 exact packet validation
base_commit: 2100f5998ae428112f90205647882280bce48809
tested_commit: d8c2fe09574ad91afb32c92214febc940262b535
date: 2026-09-26
environment: isolated Compose project kl_2a8a_220eb9a2f7ab; external two-phase bootstrap; non-superuser migration deployer; session-bound trusted-admin login

PASS artifact_registry_successor_migration_chain
command: uv run pytest -q tests/db/test_migrations.py::test_artifact_registry_successor_migration_chain
output: 1 passed in 2.48s

PASS artifact_identity_is_immutable
command: uv run pytest -q tests/db/test_artifact_registry.py::test_artifact_identity_is_immutable
output: 1 passed in 2.42s

PASS artifact_dependency_closure_required
command: uv run pytest -q tests/unit/contracts/test_artifact_registry.py::test_artifact_dependency_closure_required
output: 1 passed in 0.07s

PASS artifact_dependencies_must_be_pre_registered
command: uv run pytest -q tests/db/test_artifact_registry.py::test_artifact_dependencies_must_be_pre_registered
output: 1 passed in 2.35s

PASS artifact_dependency_graph_is_acyclic
command: uv run pytest -q tests/db/test_artifact_registry.py::test_artifact_dependency_graph_is_acyclic
output: 1 passed in 2.45s

PASS artifact_dependency_closure_is_bounded
command: uv run pytest -q tests/db/test_artifact_registry.py::test_artifact_dependency_closure_is_bounded
output: 1 passed in 2.59s

PASS artifact_registration_requires_management_capability
command: uv run pytest -q tests/unit/contracts/test_artifact_registry.py::test_artifact_registration_requires_management_capability
output: 1 passed in 0.08s

PASS artifact_registration_command_routine_privileges_enforced
command: uv run pytest -q tests/db/test_artifact_registry.py::test_artifact_registration_command_routine_privileges
output: 1 passed in 2.38s

PASS artifact_registration_session_authority_enforced
command: uv run pytest -q tests/db/test_artifact_registry.py::test_artifact_registration_session_authority_enforced
output: 1 passed in 2.50s

PASS artifact_registration_uses_exclusive_registry_gate
command: uv run pytest -q tests/db/test_artifact_registry.py::test_artifact_registration_uses_exclusive_registry_gate
output: 1 passed in 2.47s

PASS artifact_registration_direct_write_rejected
command: uv run pytest -q tests/db/test_artifact_registry.py::test_artifact_registration_direct_write_rejected
output: 1 passed in 2.49s

PASS unregistered_or_revoked_artifact_denied
command: uv run pytest -q tests/db/test_artifact_registry.py::test_unregistered_or_revoked_artifact_denied
output: 1 passed in 2.44s

PASS t3_t6_t7_require_artifact_refs
command: uv run pytest -q tests/unit/contracts/test_artifact_registry.py::test_t3_t6_t7_require_artifact_refs
output: 1 passed in 0.07s

PASS artifact_validity_is_null_total
command: uv run pytest -q tests/db/test_artifact_registry.py::test_artifact_validity_is_null_total
output: 1 passed in 2.87s
oracle: omitted, JSON-null, blank, one-sided TIMELESS, and missing/non-increasing BOUNDED validity fail with VALIDITY_UNDEFINED and zero mutation; the successor constraint is NULL-total; valid BOUNDED and policy-backed TIMELESS registration proceed.

PASS artifact_timeless_policy_is_registered_dependency
command: uv run pytest -q tests/db/test_artifact_registry.py::test_artifact_timeless_policy_is_registered_dependency
output: 1 passed in 2.56s
oracle: malformed, unknown, wrong-kind, and closure-absent policies fail before mutation; revoking the valid explicit policy dependency denies all T3/T6/T7 guards while the target remains registered.

PASS artifact_persistence_denials_are_stable
command: uv run pytest -q tests/db/test_artifact_registry.py::test_artifact_repository_maps_immutable_and_natural_identity_conflicts
output: 1 passed in 2.48s
oracle: changed artifact-id replay and S49 natural identity conflict both surface RegistryDenied(IMMUTABLE_ARTIFACT) without raw psycopg leakage or partial mutation.

PASS artifact_dependency_dense_graph_is_bounded
command: uv run pytest -q tests/db/test_artifact_registry.py::test_artifact_dependency_dense_graph_is_bounded
output: 1 passed in 2.63s
oracle: a dense 128-node, 960-edge acyclic closure completes within the enforced timeout; 129 nodes return frozen VALIDITY_UNDEFINED with zero mutation.

PASS artifact_registration_lock_timeout_is_atomic
command: uv run pytest -q tests/db/test_artifact_registry.py::test_artifact_registration_lock_timeout_is_atomic
output: 1 passed in 2.48s
oracle: S51 contention returns RegistryDenied(REGISTRY_TIMEOUT), with S49, edges, S51, receipt, event, and outbox state unchanged.

PASS artifact_registration_post_write_failure_is_atomic
command: uv run pytest -q tests/db/test_artifact_registry.py::test_artifact_registration_post_write_failure_is_atomic
output: 1 passed in 2.44s
oracle: a test-local receipt trigger fails after S49 INSERT and the top-level command transaction rolls back every registration write.

PASS artifact_registration_safety_registry_privilege_regression
command: uv run pytest -q tests/db/test_safety_registry.py::test_migrated_registry_command_routine_privileges
output: 1 passed in 2.46s
oracle: exactly eight approved SECURITY DEFINER routines exist; RegisterArtifact has its exact signature, owner, search_path, PUBLIC denial, trusted-admin-only grant, and runtime inverse denial.

PASS complete_db_suite_passes
command: uv run pytest -q tests/db
output: 137 passed in 77.93s

PASS artifact_registry_db_constraints_pass
command: uv run pytest -q tests/db/test_artifact_registry.py tests/db/test_migrations.py
output: 33 passed in 49.55s

PASS artifact_contract_unit_suite_passes
command: uv run pytest -q tests/unit/contracts/test_artifact_registry.py
output: 3 passed in 0.08s

PASS harness_validation_passes
command: uv run kl check-harness
output: HARNESS_CHECK_PASS tasks=69 active=67

Additional validation on tested_commit:
- PASS: uv run pytest -q tests/unit — 172 passed in 16.53s (one non-test pytest cache-write warning from the managed worktree sandbox).
- PASS: ruff check over every KL-018 Python write path — All checks passed.
- PASS: mypy over src/kineticloop/contracts/artifacts.py and src/kineticloop/persistence/artifact_registry.py — no issues.
- PASS: git diff --check master tested_commit.
- PASS: final implementation paths are within the refined KL-018 write scope.
- PASS: frozen Protocol, frozen DB, FROZEN_BASELINE.json, KL-013 baseline migration, and KL-072 successor migration are unchanged from base_commit.

SPEC_CHANGE_REQUIRED: no
