Using CPython 3.12.3 interpreter at: /usr/bin/python3.12
Creating virtual environment at: .venv
Resolved 33 packages in 1ms
   Building kineticloop @ file:///workspace/KineticLoop
Downloading sqlalchemy (3.2MiB)
Downloading pygments (1.2MiB)
Downloading pydantic-core (1.8MiB)
Downloading psycopg-binary (6.5MiB)
Downloading mypy (13.1MiB)
Downloading ruff (9.5MiB)
 Downloaded pygments
 Downloaded pydantic-core
 Downloaded sqlalchemy
 Downloaded psycopg-binary
      Built kineticloop @ file:///workspace/KineticLoop
 Downloaded ruff
 Downloaded mypy
Prepared 31 packages in 936ms
Installed 31 packages in 80ms
 + alembic==1.16.5
 + annotated-types==0.8.0
 + attrs==26.1.0
 + greenlet==3.5.6
 + iniconfig==2.3.0
 + jsonschema==4.25.1
 + jsonschema-specifications==2025.9.1
 + kineticloop==0.1.0 (from file:///workspace/KineticLoop)
 + librt==0.15.0
 + mako==1.4.3
 + markupsafe==3.0.3
 + mypy==1.20.2
 + mypy-extensions==1.1.0
 + packaging==26.3
 + pathspec==1.1.1
 + pluggy==1.6.0
 + psycopg==3.3.6
 + psycopg-binary==3.3.6
 + pydantic==2.11.9
 + pydantic-core==2.33.2
 + pygments==2.21.0
 + pytest==8.4.2
 + pyyaml==6.0.3
 + referencing==0.37.0
 + rpds-py==2026.6.3
 + ruff==0.16.8
 + sqlalchemy==2.0.43
 + types-jsonschema==4.26.0.20260518
 + types-pyyaml==6.0.12.20260906
 + typing-extensions==4.16.0
 + typing-inspection==0.4.4
