{
  "head": "0557dbd8f2196df871af20c0982bdc2526f0ad6e",
  "base": "b877db0edd2e4550d6ea81750656112fb7f2e223",
  "status": "PASS",
  "unchanged_DB_runtime_migrations_workflows_frozen_provider_boundaries": true,
  "unchanged_KL080_checks_resources_oracles": true,
  "HG051_KL080_migration_absent": true,
  "installed_schema_adjacent_file_unneeded": true,
  "candidate_schema_mismatch_missing_rejected": true,
  "budgets_unchanged": true,
  "original_inventory": [
    {
      "path": "docs/exec-plans/evidence/KL-080/15a7167e44b8044c94688cf7e367e2d02a962e31/harness_regressions_pass.xml",
      "revision": "7e19587458d611155051d0c89d36e0b89f98b8a1",
      "blob": "4c14842b283158b38b2b6771afa631a83fa1942b",
      "raw_bytes": 3456356,
      "sha256": "62bdbc352d2f80bc4f254e85b91a7101fecaef40ea72f27448aa04017f19f436",
      "exit": 0
    },
    {
      "path": "docs/exec-plans/evidence/KL-080/15a7167e44b8044c94688cf7e367e2d02a962e31/source_suite_dc.log",
      "revision": "7e19587458d611155051d0c89d36e0b89f98b8a1",
      "blob": "74b505e3882c8857e7d4434f200fa2ecf454d7b8",
      "raw_bytes": 12503732,
      "sha256": "2b9d584a65063ef0e00040c69fcdc925e7e512b5f49c281ab880962e7490d92d",
      "exit": 1
    },
    {
      "path": "docs/exec-plans/evidence/KL-080/d6bfb285087456a1a43d6c6b856a07eee4e1746d/harness_regressions_pass.parallel.xml",
      "revision": "79fa887dc20f5865902b0b5d90ce0e4b68e0118e",
      "blob": "f73c446fe5a49036e39e87121ad3a6029ebdffd1",
      "raw_bytes": 3456356,
      "sha256": "089e1aba60ca60a64c6b513a966d66732f3519e21c51b6d7af3e9dd0fabb93d7",
      "exit": 0
    },
    {
      "path": "docs/exec-plans/evidence/KL-080/d6bfb285087456a1a43d6c6b856a07eee4e1746d/source_suite_dc.log",
      "revision": "79fa887dc20f5865902b0b5d90ce0e4b68e0118e",
      "blob": "2da980979a754eaf2e081b7181aa11a839020c05",
      "raw_bytes": 12480477,
      "sha256": "5c94998447a516b39433e028b6ca98c64b0f8a00521db6096835210fb1209a1c",
      "exit": 1
    }
  ],
  "historical_outcome": {
    "task_status": "BLOCKED",
    "task_checks_status": "FAIL",
    "integration_status": "UNMERGED",
    "tested_commit": "15a7167e44b8044c94688cf7e367e2d02a962e31",
    "reviewed_head_sha": "7e19587458d611155051d0c89d36e0b89f98b8a1",
    "review_status": "CHANGES_REQUIRED"
  },
  "purpose": "Independent DB/concurrency review; no DB lifecycle or App/fullDB completion claim"
}
