TESTED_COMMIT=d6bfb285087456a1a43d6c6b856a07eee4e1746d
COMMAND=uv run pytest --collect-only -q tests/db/test_source_decision_conformance.py
tests/db/test_source_decision_conformance.py::test_preparation_owners[single-event-legacy]
tests/db/test_source_decision_conformance.py::test_preparation_owners[single-event-full]
tests/db/test_source_decision_conformance.py::test_preparation_owners[duplicate-event-legacy]
tests/db/test_source_decision_conformance.py::test_preparation_owners[duplicate-event-full]
tests/db/test_source_decision_conformance.py::test_canonical_full_t6
tests/db/test_source_decision_conformance.py::test_invalid_source_reconstruction
tests/db/test_source_decision_conformance.py::test_freshness_predicate_support[ELIGIBLE]
tests/db/test_source_decision_conformance.py::test_freshness_predicate_support[NOT_ELIGIBLE]
tests/db/test_source_decision_conformance.py::test_freshness_predicate_support[UNRESOLVED]
tests/db/test_source_decision_conformance.py::test_freshness_predicate_support[ADMITTED]
tests/db/test_source_decision_conformance.py::test_freshness_predicate_support[ACCEPTED]
tests/db/test_source_decision_conformance.py::test_freshness_predicate_support[unknown]
tests/db/test_source_decision_conformance.py::test_freshness_predicate_support[None]
tests/db/test_source_decision_conformance.py::test_owner_trajectories[legacy]
tests/db/test_source_decision_conformance.py::test_owner_trajectories[full-fdn]
tests/db/test_source_decision_conformance.py::test_current_denials[request_revision]
tests/db/test_source_decision_conformance.py::test_current_denials[source_legacy_dedup_conflict]
tests/db/test_source_decision_conformance.py::test_current_denials[source_legacy_admission_hash]
tests/db/test_source_decision_conformance.py::test_current_denials[source_legacy_association_hash]
tests/db/test_source_decision_conformance.py::test_current_denials[source_legacy_source_policy]
tests/db/test_source_decision_conformance.py::test_current_denials[source_legacy_association_id]
tests/db/test_source_decision_conformance.py::test_current_denials[source_legacy_unknown_association]
tests/db/test_source_decision_conformance.py::test_current_denials[source_legacy_NOT_ELIGIBLE]
tests/db/test_source_decision_conformance.py::test_current_denials[source_legacy_UNRESOLVED]
tests/db/test_source_decision_conformance.py::test_current_denials[source_legacy_ADMITTED]
tests/db/test_source_decision_conformance.py::test_current_denials[source_legacy_ACCEPTED]
tests/db/test_source_decision_conformance.py::test_current_denials[source_legacy_unknown]
tests/db/test_source_decision_conformance.py::test_current_denials[source_legacy_null_admission]
tests/db/test_source_decision_conformance.py::test_current_denials[source_legacy_AMBIGUOUS]
tests/db/test_source_decision_conformance.py::test_current_denials[source_legacy_RETRACTED]
tests/db/test_source_decision_conformance.py::test_current_denials[source_legacy_CONFIRMED]
tests/db/test_source_decision_conformance.py::test_current_denials[source_legacy_null_association]
tests/db/test_source_decision_conformance.py::test_current_denials[source_legacy_scope]
tests/db/test_source_decision_conformance.py::test_current_denials[source_legacy_provenance]
tests/db/test_source_decision_conformance.py::test_current_denials[source_legacy_target]
tests/db/test_source_decision_conformance.py::test_current_denials[source_legacy_unknown_actual]
tests/db/test_source_decision_conformance.py::test_current_denials[source_legacy_contradiction]
tests/db/test_source_decision_conformance.py::test_current_denials[source_legacy_retraction]
tests/db/test_source_decision_conformance.py::test_current_denials[source_legacy_membership]
tests/db/test_source_decision_conformance.py::test_current_denials[source_legacy_hash]
tests/db/test_source_decision_conformance.py::test_current_denials[source_full_dedup_conflict]
tests/db/test_source_decision_conformance.py::test_current_denials[source_full_admission_hash]
tests/db/test_source_decision_conformance.py::test_current_denials[source_full_association_hash]
tests/db/test_source_decision_conformance.py::test_current_denials[source_full_source_policy]
tests/db/test_source_decision_conformance.py::test_current_denials[source_full_association_id]
tests/db/test_source_decision_conformance.py::test_current_denials[source_full_unknown_association]
tests/db/test_source_decision_conformance.py::test_current_denials[source_full_NOT_ELIGIBLE]
tests/db/test_source_decision_conformance.py::test_current_denials[source_full_UNRESOLVED]
tests/db/test_source_decision_conformance.py::test_current_denials[source_full_ADMITTED]
tests/db/test_source_decision_conformance.py::test_current_denials[source_full_ACCEPTED]
tests/db/test_source_decision_conformance.py::test_current_denials[source_full_unknown]
tests/db/test_source_decision_conformance.py::test_current_denials[source_full_null_admission]
tests/db/test_source_decision_conformance.py::test_current_denials[source_full_AMBIGUOUS]
tests/db/test_source_decision_conformance.py::test_current_denials[source_full_RETRACTED]
tests/db/test_source_decision_conformance.py::test_current_denials[source_full_CONFIRMED]
tests/db/test_source_decision_conformance.py::test_current_denials[source_full_null_association]
tests/db/test_source_decision_conformance.py::test_current_denials[source_full_scope]
tests/db/test_source_decision_conformance.py::test_current_denials[source_full_provenance]
tests/db/test_source_decision_conformance.py::test_current_denials[source_full_target]
tests/db/test_source_decision_conformance.py::test_current_denials[source_full_unknown_actual]
tests/db/test_source_decision_conformance.py::test_current_denials[source_full_contradiction]
tests/db/test_source_decision_conformance.py::test_current_denials[source_full_retraction]
tests/db/test_source_decision_conformance.py::test_current_denials[source_full_membership]
tests/db/test_source_decision_conformance.py::test_current_denials[source_full_hash]
tests/db/test_source_decision_conformance.py::test_current_denials[legacy_downgrade]
tests/db/test_source_decision_conformance.py::test_current_denials[fitness_id]
tests/db/test_source_decision_conformance.py::test_current_denials[fitness_hash]
tests/db/test_source_decision_conformance.py::test_current_denials[demand_id]
tests/db/test_source_decision_conformance.py::test_current_denials[nutrition_id]
tests/db/test_source_decision_conformance.py::test_current_denials[nutrition_hash]
tests/db/test_source_decision_conformance.py::test_current_denials[training_resolution]
tests/db/test_source_decision_conformance.py::test_current_denials[nutrition_resolution]
tests/db/test_source_decision_conformance.py::test_current_denials[validation_hash]
tests/db/test_source_decision_conformance.py::test_current_denials[policy]
tests/db/test_source_decision_conformance.py::test_current_denials[subject]
tests/db/test_source_decision_conformance.py::test_current_denials[epoch]
tests/db/test_source_decision_conformance.py::test_current_denials[generation]
tests/db/test_source_decision_conformance.py::test_current_denials[execution_basis]
tests/db/test_source_decision_conformance.py::test_current_denials[fence]
tests/db/test_source_decision_conformance.py::test_current_denials[lease]
tests/db/test_source_decision_conformance.py::test_current_denials[deadline]
tests/db/test_source_decision_conformance.py::test_current_denials[control]
tests/db/test_source_decision_conformance.py::test_current_denials[runtime_revocation]
tests/db/test_source_decision_conformance.py::test_current_denials[resolution_expiry]
tests/db/test_source_decision_conformance.py::test_current_denials[missing_nutrition]
tests/db/test_source_decision_conformance.py::test_current_denials[reordered]
tests/db/test_source_decision_conformance.py::test_current_denials[foreign_certificate]
tests/db/test_source_decision_conformance.py::test_current_denials[wrong_action]
tests/db/test_source_decision_conformance.py::test_current_denials[wrong_proposal]
tests/db/test_source_decision_conformance.py::test_current_denials[current_manifest]
tests/db/test_source_decision_conformance.py::test_current_denials[current_attempt]
tests/db/test_source_decision_conformance.py::test_current_denials[budget]
tests/db/test_source_decision_conformance.py::test_repair_replay_expiry[source_input_invalidation]
tests/db/test_source_decision_conformance.py::test_repair_replay_expiry[runtime_revocation]
tests/db/test_source_decision_conformance.py::test_repair_replay_expiry[expiry_START]
tests/db/test_source_decision_conformance.py::test_repair_replay_expiry[expiry_CONTINUE]
tests/db/test_source_decision_conformance.py::test_repair_replay_expiry[expiry_RESUME]
tests/db/test_source_decision_conformance.py::test_repair_replay_expiry[f2]
tests/db/test_source_decision_conformance.py::test_repair_replay_expiry[history]
tests/db/test_source_decision_conformance.py::test_repair_replay_expiry[duplicate_commit]
tests/db/test_source_decision_conformance.py::test_repair_replay_expiry[duplicate_pause]
tests/db/test_source_decision_conformance.py::test_repair_replay_expiry[member]
tests/db/test_source_decision_conformance.py::test_repair_replay_expiry[issuance]
tests/db/test_source_decision_conformance.py::test_repair_replay_expiry[head]
tests/db/test_source_decision_conformance.py::test_repair_replay_expiry[success]
tests/db/test_source_decision_conformance.py::test_repair_replay_expiry[outbox]

106 tests collected in 0.36s

EXIT_CODE=0
