{
  "kineticloop_evidence": "historical-gzip-v1",
  "original": {
    "task_identity": "harness-backlog-v0.2/KL-080",
    "path": "docs/exec-plans/evidence/KL-080/d6bfb285087456a1a43d6c6b856a07eee4e1746d/source_suite_dc.log",
    "revision": "79fa887dc20f5865902b0b5d90ce0e4b68e0118e",
    "blob_id": "2da980979a754eaf2e081b7181aa11a839020c05",
    "raw_sha256": "5c94998447a516b39433e028b6ca98c64b0f8a00521db6096835210fb1209a1c",
    "raw_bytes": 12480477,
    "execution": {
      "tested_commit": "d6bfb285087456a1a43d6c6b856a07eee4e1746d",
      "command": "uv run pytest -q tests/db/test_source_decision_conformance.py",
      "exit_code": 1,
      "result": "FAIL",
      "timestamp": null
    },
    "execution_record": {
      "path": "docs/exec-plans/evidence/KL-080/d6bfb285087456a1a43d6c6b856a07eee4e1746d/checks.json",
      "revision": "79fa887dc20f5865902b0b5d90ce0e4b68e0118e",
      "sha256": "9b00d9cfed7a74d5e1c4923643ad5629ab484ca8542ed4f73b77fe80ae9ceb91",
      "bytes": 11318
    }
  },
  "payload": "docs/exec-plans/evidence/KL-080/d6bfb285087456a1a43d6c6b856a07eee4e1746d/5c94998447a516b39433e028b6ca98c64b0f8a00521db6096835210fb1209a1c.gz",
  "raw_sha256": "5c94998447a516b39433e028b6ca98c64b0f8a00521db6096835210fb1209a1c",
  "raw_bytes": 12480477,
  "stored_sha256": "fe6db33d256612616317278f9ae5af2b1e1f6db7c04ff567da9aa63b36a93a81",
  "stored_bytes": 1754305
}
