tests/db/test_artifact_registry.py::test_artifact_identity_is_immutable
tests/db/test_artifact_registry.py::test_artifact_dependencies_must_be_pre_registered
tests/db/test_artifact_registry.py::test_artifact_dependency_graph_is_acyclic
tests/db/test_artifact_registry.py::test_artifact_dependency_closure_is_bounded
tests/db/test_artifact_registry.py::test_artifact_registration_command_routine_privileges
tests/db/test_artifact_registry.py::test_artifact_registration_session_authority_enforced
tests/db/test_artifact_registry.py::test_artifact_registration_uses_exclusive_registry_gate
tests/db/test_artifact_registry.py::test_artifact_registration_direct_write_rejected
tests/db/test_artifact_registry.py::test_unregistered_or_revoked_artifact_denied
tests/db/test_artifact_registry.py::test_artifact_validity_is_null_total
tests/db/test_artifact_registry.py::test_artifact_timeless_policy_is_registered_dependency
tests/db/test_artifact_registry.py::test_artifact_repository_maps_immutable_and_natural_identity_conflicts
tests/db/test_artifact_registry.py::test_artifact_repository_normalizes_public_input_denials
tests/db/test_artifact_registry.py::test_artifact_dependency_dense_graph_is_bounded
tests/db/test_artifact_registry.py::test_artifact_registration_lock_timeout_is_atomic
tests/db/test_artifact_registry.py::test_artifact_registration_post_write_failure_is_atomic
tests/db/test_boundary_acceptance.py::test_b01_unsealed_canonical_denial
tests/db/test_boundary_acceptance.py::test_b02_stale_frontier_seal_race[True]
tests/db/test_boundary_acceptance.py::test_b02_stale_frontier_seal_race[False]
tests/db/test_boundary_acceptance.py::test_b03_sealed_immutability_ready_barrier
tests/db/test_boundary_acceptance.py::test_b04_relevant_revoke_issue_reauthorize[False]
tests/db/test_boundary_acceptance.py::test_b04_relevant_revoke_issue_reauthorize[True]
tests/db/test_boundary_acceptance.py::test_b05_unrelated_revoke_preserves_eligibility
tests/db/test_boundary_acceptance.py::test_b06_revoke_before_publish[True]
tests/db/test_boundary_acceptance.py::test_b06_revoke_before_publish[False]
tests/db/test_boundary_acceptance.py::test_b07_revoke_current_execution_denial[START]
tests/db/test_boundary_acceptance.py::test_b07_revoke_current_execution_denial[CONTINUE]
tests/db/test_boundary_acceptance.py::test_b07_revoke_current_execution_denial[RESUME]
tests/db/test_boundary_acceptance.py::test_b09_server_minimum_certificate[False-default]
tests/db/test_boundary_acceptance.py::test_b09_server_minimum_certificate[False-admission]
tests/db/test_boundary_acceptance.py::test_b09_server_minimum_certificate[False-runtime]
tests/db/test_boundary_acceptance.py::test_b09_server_minimum_certificate[False-deadline]
tests/db/test_boundary_acceptance.py::test_b09_server_minimum_certificate[False-projection]
tests/db/test_boundary_acceptance.py::test_b09_server_minimum_certificate[False-policy]
tests/db/test_boundary_acceptance.py::test_b09_server_minimum_certificate[True-default]
tests/db/test_boundary_acceptance.py::test_b09_server_minimum_certificate[True-admission]
tests/db/test_boundary_acceptance.py::test_b09_server_minimum_certificate[True-runtime]
tests/db/test_boundary_acceptance.py::test_b09_server_minimum_certificate[True-deadline]
tests/db/test_boundary_acceptance.py::test_b09_server_minimum_certificate[True-projection]
tests/db/test_boundary_acceptance.py::test_b09_server_minimum_certificate[True-policy]
tests/db/test_boundary_acceptance.py::test_b11_backdated_revoke_commit_linearization[False-T3]
tests/db/test_boundary_acceptance.py::test_b11_backdated_revoke_commit_linearization[False-T6]
tests/db/test_boundary_acceptance.py::test_b11_backdated_revoke_commit_linearization[False-T7]
tests/db/test_boundary_acceptance.py::test_b11_backdated_revoke_commit_linearization[True-T3]
tests/db/test_boundary_acceptance.py::test_b11_backdated_revoke_commit_linearization[True-T6]
tests/db/test_boundary_acceptance.py::test_b11_backdated_revoke_commit_linearization[True-T7]
tests/db/test_boundary_acceptance.py::test_b12_future_revoke_immediate_at_commit[False-T3]
tests/db/test_boundary_acceptance.py::test_b12_future_revoke_immediate_at_commit[False-T6]
tests/db/test_boundary_acceptance.py::test_b12_future_revoke_immediate_at_commit[False-T7]
tests/db/test_boundary_acceptance.py::test_b12_future_revoke_immediate_at_commit[True-T3]
tests/db/test_boundary_acceptance.py::test_b12_future_revoke_immediate_at_commit[True-T6]
tests/db/test_boundary_acceptance.py::test_b12_future_revoke_immediate_at_commit[True-T7]
tests/db/test_boundary_acceptance.py::test_b13_revoke_rollback_zero_effects[T3]
tests/db/test_boundary_acceptance.py::test_b13_revoke_rollback_zero_effects[T6]
tests/db/test_boundary_acceptance.py::test_b13_revoke_rollback_zero_effects[T7]
tests/db/test_boundary_acceptance.py::test_b14_registry_failclosed_stop_support[timeout-T3]
tests/db/test_boundary_acceptance.py::test_b14_registry_failclosed_stop_support[timeout-T6]
tests/db/test_boundary_acceptance.py::test_b14_registry_failclosed_stop_support[timeout-T7]
tests/db/test_boundary_acceptance.py::test_b14_registry_failclosed_stop_support[unavailable-T3]
tests/db/test_boundary_acceptance.py::test_b14_registry_failclosed_stop_support[unavailable-T6]
tests/db/test_boundary_acceptance.py::test_b14_registry_failclosed_stop_support[unavailable-T7]
tests/db/test_boundary_acceptance.py::test_b14_registry_failclosed_stop_support[positive-T3]
tests/db/test_boundary_acceptance.py::test_b14_registry_failclosed_stop_support[positive-T6]
tests/db/test_boundary_acceptance.py::test_b14_registry_failclosed_stop_support[positive-T7]
tests/db/test_boundary_acceptance.py::test_b15_fresh_registry_both_orders[True-T3]
tests/db/test_boundary_acceptance.py::test_b15_fresh_registry_both_orders[True-T6]
tests/db/test_boundary_acceptance.py::test_b15_fresh_registry_both_orders[True-T7]
tests/db/test_boundary_acceptance.py::test_b15_fresh_registry_both_orders[False-T3]
tests/db/test_boundary_acceptance.py::test_b15_fresh_registry_both_orders[False-T6]
tests/db/test_boundary_acceptance.py::test_b15_fresh_registry_both_orders[False-T7]
tests/db/test_boundary_acceptance.py::test_b16_continue_resume_after_invalidation[registry-CONTINUE]
tests/db/test_boundary_acceptance.py::test_b16_continue_resume_after_invalidation[registry-RESUME]
tests/db/test_boundary_acceptance.py::test_b16_continue_resume_after_invalidation[epoch-CONTINUE]
tests/db/test_boundary_acceptance.py::test_b16_continue_resume_after_invalidation[epoch-RESUME]
tests/db/test_boundary_acceptance.py::test_b17_transitive_revoke_denied[False-T3]
tests/db/test_boundary_acceptance.py::test_b17_transitive_revoke_denied[False-T6]
tests/db/test_boundary_acceptance.py::test_b17_transitive_revoke_denied[False-T7]
tests/db/test_boundary_acceptance.py::test_b17_transitive_revoke_denied[True-T3]
tests/db/test_boundary_acceptance.py::test_b17_transitive_revoke_denied[True-T6]
tests/db/test_boundary_acceptance.py::test_b17_transitive_revoke_denied[True-T7]
tests/db/test_call_ledger.py::test_planning_fixture_namespace_isolation
tests/db/test_call_ledger.py::test_competing_reservations_share_root_budget
tests/db/test_call_ledger.py::test_cancel_and_dispatch_have_one_winner
tests/db/test_call_ledger.py::test_stale_attempt_fence_and_deadline_deny
tests/db/test_call_ledger.py::test_ack_loss_and_payload_conflicts
tests/db/test_call_ledger.py::test_unknown_and_late_settlement_are_accounting_only
tests/db/test_cli.py::test_db_reset_routes_through_worktree_lifecycle
tests/db/test_cli.py::test_existing_engineering_command_is_delegated
tests/db/test_deterministic_planning.py::test_owner_pipeline
tests/db/test_deterministic_planning.py::test_stale_and_incomplete[FITNESS-takeover]
tests/db/test_deterministic_planning.py::test_stale_and_incomplete[FITNESS-revision]
tests/db/test_deterministic_planning.py::test_stale_and_incomplete[FITNESS-epoch]
tests/db/test_deterministic_planning.py::test_stale_and_incomplete[FITNESS-manifest]
tests/db/test_deterministic_planning.py::test_stale_and_incomplete[FITNESS-expiry]
tests/db/test_deterministic_planning.py::test_stale_and_incomplete[FITNESS-terminal]
tests/db/test_deterministic_planning.py::test_stale_and_incomplete[FITNESS-principal]
tests/db/test_deterministic_planning.py::test_stale_and_incomplete[FITNESS-policy]
tests/db/test_deterministic_planning.py::test_stale_and_incomplete[FITNESS-environment]
tests/db/test_deterministic_planning.py::test_stale_and_incomplete[FITNESS-missing_source]
tests/db/test_deterministic_planning.py::test_stale_and_incomplete[DEMAND-takeover]
tests/db/test_deterministic_planning.py::test_stale_and_incomplete[DEMAND-revision]
tests/db/test_deterministic_planning.py::test_stale_and_incomplete[DEMAND-epoch]
tests/db/test_deterministic_planning.py::test_stale_and_incomplete[DEMAND-manifest]
tests/db/test_deterministic_planning.py::test_stale_and_incomplete[DEMAND-expiry]
tests/db/test_deterministic_planning.py::test_stale_and_incomplete[DEMAND-terminal]
tests/db/test_deterministic_planning.py::test_stale_and_incomplete[DEMAND-principal]
tests/db/test_deterministic_planning.py::test_stale_and_incomplete[DEMAND-policy]
tests/db/test_deterministic_planning.py::test_stale_and_incomplete[DEMAND-environment]
tests/db/test_deterministic_planning.py::test_stale_and_incomplete[DEMAND-missing_source]
tests/db/test_deterministic_planning.py::test_stale_and_incomplete[NUTRITION-takeover]
tests/db/test_deterministic_planning.py::test_stale_and_incomplete[NUTRITION-revision]
tests/db/test_deterministic_planning.py::test_stale_and_incomplete[NUTRITION-epoch]
tests/db/test_deterministic_planning.py::test_stale_and_incomplete[NUTRITION-manifest]
tests/db/test_deterministic_planning.py::test_stale_and_incomplete[NUTRITION-expiry]
tests/db/test_deterministic_planning.py::test_stale_and_incomplete[NUTRITION-terminal]
tests/db/test_deterministic_planning.py::test_stale_and_incomplete[NUTRITION-principal]
tests/db/test_deterministic_planning.py::test_stale_and_incomplete[NUTRITION-policy]
tests/db/test_deterministic_planning.py::test_stale_and_incomplete[NUTRITION-environment]
tests/db/test_deterministic_planning.py::test_stale_and_incomplete[NUTRITION-missing_source]
tests/db/test_deterministic_planning.py::test_stale_and_incomplete[RESOLUTION-takeover]
tests/db/test_deterministic_planning.py::test_stale_and_incomplete[RESOLUTION-revision]
tests/db/test_deterministic_planning.py::test_stale_and_incomplete[RESOLUTION-epoch]
tests/db/test_deterministic_planning.py::test_stale_and_incomplete[RESOLUTION-manifest]
tests/db/test_deterministic_planning.py::test_stale_and_incomplete[RESOLUTION-expiry]
tests/db/test_deterministic_planning.py::test_stale_and_incomplete[RESOLUTION-terminal]
tests/db/test_deterministic_planning.py::test_stale_and_incomplete[RESOLUTION-principal]
tests/db/test_deterministic_planning.py::test_stale_and_incomplete[RESOLUTION-policy]
tests/db/test_deterministic_planning.py::test_stale_and_incomplete[RESOLUTION-environment]
tests/db/test_deterministic_planning.py::test_stale_and_incomplete[RESOLUTION-missing_source]
tests/db/test_deterministic_planning.py::test_stale_and_incomplete[VALIDATION-takeover]
tests/db/test_deterministic_planning.py::test_stale_and_incomplete[VALIDATION-revision]
tests/db/test_deterministic_planning.py::test_stale_and_incomplete[VALIDATION-epoch]
tests/db/test_deterministic_planning.py::test_stale_and_incomplete[VALIDATION-manifest]
tests/db/test_deterministic_planning.py::test_stale_and_incomplete[VALIDATION-expiry]
tests/db/test_deterministic_planning.py::test_stale_and_incomplete[VALIDATION-terminal]
tests/db/test_deterministic_planning.py::test_stale_and_incomplete[VALIDATION-principal]
tests/db/test_deterministic_planning.py::test_stale_and_incomplete[VALIDATION-policy]
tests/db/test_deterministic_planning.py::test_stale_and_incomplete[VALIDATION-environment]
tests/db/test_deterministic_planning.py::test_stale_and_incomplete[VALIDATION-missing_source]
tests/db/test_deterministic_planning.py::test_stale_and_incomplete[DEMAND-stale_fitness]
tests/db/test_deterministic_planning.py::test_stale_and_incomplete[NUTRITION-stale_fitness]
tests/db/test_deterministic_planning.py::test_stale_and_incomplete[RESOLUTION-stale_fitness]
tests/db/test_deterministic_planning.py::test_stale_and_incomplete[VALIDATION-stale_fitness]
tests/db/test_deterministic_planning.py::test_stale_and_incomplete[NUTRITION-stale_demand]
tests/db/test_deterministic_planning.py::test_stale_and_incomplete[RESOLUTION-stale_demand]
tests/db/test_deterministic_planning.py::test_stale_and_incomplete[VALIDATION-stale_demand]
tests/db/test_deterministic_planning.py::test_stale_and_incomplete[RESOLUTION-stale_nutrition]
tests/db/test_deterministic_planning.py::test_stale_and_incomplete[VALIDATION-stale_nutrition]
tests/db/test_deterministic_planning.py::test_stale_and_incomplete[RESOLUTION-missing_nutrition]
tests/db/test_deterministic_planning.py::test_stale_and_incomplete[VALIDATION-missing_nutrition]
tests/db/test_deterministic_planning.py::test_stale_and_incomplete[VALIDATION-resolution_mismatch]
tests/db/test_deterministic_planning.py::test_immutable_replay_rollback[FITNESS]
tests/db/test_deterministic_planning.py::test_immutable_replay_rollback[DEMAND]
tests/db/test_deterministic_planning.py::test_immutable_replay_rollback[NUTRITION]
tests/db/test_deterministic_planning.py::test_immutable_replay_rollback[RESOLUTION]
tests/db/test_deterministic_planning.py::test_immutable_replay_rollback[VALIDATION]
tests/db/test_factsets.py::test_build_replay_and_sealed_only_reads
tests/db/test_factsets.py::test_complete_serializes_with_candidate_writer[complete]
tests/db/test_factsets.py::test_complete_serializes_with_candidate_writer[writer]
tests/db/test_factsets.py::test_seal_frontier_atomicity_and_old_replay[input]
tests/db/test_factsets.py::test_seal_frontier_atomicity_and_old_replay[seal]
tests/db/test_factsets.py::test_begin_replay_after_concurrent_frontier_change
tests/db/test_factsets.py::test_policy_depth_decrease_compacts_historical_parent
tests/db/test_full_action_preparation.py::test_owner_pipeline
tests/db/test_full_action_preparation.py::test_basis_denials[parameters_training]
tests/db/test_full_action_preparation.py::test_basis_denials[parameters_nutrition]
tests/db/test_full_action_preparation.py::test_basis_denials[proposal]
tests/db/test_full_action_preparation.py::test_basis_denials[policy]
tests/db/test_full_action_preparation.py::test_basis_denials[environment]
tests/db/test_full_action_preparation.py::test_basis_denials[principal]
tests/db/test_full_action_preparation.py::test_basis_denials[subject]
tests/db/test_full_action_preparation.py::test_basis_denials[manifest]
tests/db/test_full_action_preparation.py::test_basis_denials[epoch]
tests/db/test_full_action_preparation.py::test_basis_denials[revision]
tests/db/test_full_action_preparation.py::test_basis_denials[attempt]
tests/db/test_full_action_preparation.py::test_basis_denials[fence]
tests/db/test_full_action_preparation.py::test_basis_denials[lease]
tests/db/test_full_action_preparation.py::test_basis_denials[deadline]
tests/db/test_full_action_preparation.py::test_basis_denials[control]
tests/db/test_full_action_preparation.py::test_basis_denials[runtime_revoked]
tests/db/test_full_action_preparation.py::test_basis_denials[missing_resolution]
tests/db/test_full_action_preparation.py::test_basis_denials[duplicate_resolution]
tests/db/test_full_action_preparation.py::test_basis_denials[reordered_bindings]
tests/db/test_full_action_preparation.py::test_basis_denials[foreign_resolution]
tests/db/test_full_action_preparation.py::test_basis_denials[source_membership]
tests/db/test_full_action_preparation.py::test_basis_denials[contradiction]
tests/db/test_full_action_preparation.py::test_basis_denials[retraction]
tests/db/test_full_action_preparation.py::test_basis_denials[unknown_exposure]
tests/db/test_full_action_preparation.py::test_basis_denials[future_evidence]
tests/db/test_full_action_preparation.py::test_basis_denials[truncation]
tests/db/test_full_action_preparation.py::test_basis_denials[binding_hash]
tests/db/test_full_action_preparation.py::test_basis_denials[terminal]
tests/db/test_full_action_preparation.py::test_basis_denials[takeover]
tests/db/test_full_action_preparation.py::test_basis_denials[wrong_action]
tests/db/test_full_action_preparation.py::test_basis_denials[consumer_resolution_swap]
tests/db/test_full_action_preparation.py::test_basis_denials[consumer_foreign_validation]
tests/db/test_full_action_preparation.py::test_basis_denials[consumer_foreign_resolution]
tests/db/test_full_action_preparation.py::test_basis_denials[consumer_runtime_revoked]
tests/db/test_full_action_preparation.py::test_basis_denials[consumer_execution_basis]
tests/db/test_full_action_preparation.py::test_basis_denials[consumer_epoch]
tests/db/test_full_action_preparation.py::test_basis_denials[consumer_revision]
tests/db/test_full_action_preparation.py::test_basis_denials[consumer_control]
tests/db/test_full_action_preparation.py::test_basis_denials[consumer_deadline]
tests/db/test_full_action_preparation.py::test_basis_denials[consumer_manifest]
tests/db/test_full_action_preparation.py::test_basis_denials[consumer_attempt]
tests/db/test_full_action_preparation.py::test_basis_denials[consumer_fence]
tests/db/test_full_action_preparation.py::test_basis_denials[consumer_takeover]
tests/db/test_full_action_preparation.py::test_basis_denials[consumer_lease]
tests/db/test_full_action_preparation.py::test_basis_denials[consumer_source_before_expiry]
tests/db/test_full_action_preparation.py::test_basis_denials[consumer_source_after_expiry]
tests/db/test_full_action_preparation.py::test_basis_denials[consumer_runtime_before_expiry]
tests/db/test_full_action_preparation.py::test_basis_denials[consumer_runtime_after_expiry]
tests/db/test_full_action_preparation.py::test_basis_denials[consumer_validation_source_before_expiry]
tests/db/test_full_action_preparation.py::test_basis_denials[consumer_validation_source_after_expiry]
tests/db/test_full_action_preparation.py::test_basis_denials[consumer_validation_runtime_before_expiry]
tests/db/test_full_action_preparation.py::test_basis_denials[consumer_validation_runtime_after_expiry]
tests/db/test_full_action_preparation.py::test_replay_and_atomicity[TRAINING]
tests/db/test_full_action_preparation.py::test_replay_and_atomicity[NUTRITION]
tests/db/test_full_action_preparation.py::test_replay_and_atomicity[VALIDATION]
tests/db/test_full_action_preparation.py::test_f2_repair
tests/db/test_full_action_preparation.py::test_legacy_and_no_authority[False]
tests/db/test_full_action_preparation.py::test_legacy_and_no_authority[True]
tests/db/test_full_test_execution.py::test_full_bundle_commit
tests/db/test_full_test_execution.py::test_full_bundle_denials[legacy_downgrade]
tests/db/test_full_test_execution.py::test_full_bundle_denials[fitness_id]
tests/db/test_full_test_execution.py::test_full_bundle_denials[fitness_hash]
tests/db/test_full_test_execution.py::test_full_bundle_denials[demand_id]
tests/db/test_full_test_execution.py::test_full_bundle_denials[nutrition_id]
tests/db/test_full_test_execution.py::test_full_bundle_denials[nutrition_hash]
tests/db/test_full_test_execution.py::test_full_bundle_denials[training_resolution]
tests/db/test_full_test_execution.py::test_full_bundle_denials[nutrition_resolution]
tests/db/test_full_test_execution.py::test_full_bundle_denials[validation_hash]
tests/db/test_full_test_execution.py::test_full_bundle_denials[policy]
tests/db/test_full_test_execution.py::test_full_bundle_denials[subject]
tests/db/test_full_test_execution.py::test_full_bundle_denials[epoch]
tests/db/test_full_test_execution.py::test_full_bundle_denials[generation]
tests/db/test_full_test_execution.py::test_full_bundle_denials[execution_basis]
tests/db/test_full_test_execution.py::test_full_bundle_denials[fence]
tests/db/test_full_test_execution.py::test_full_bundle_denials[lease]
tests/db/test_full_test_execution.py::test_full_bundle_denials[deadline]
tests/db/test_full_test_execution.py::test_full_bundle_denials[control]
tests/db/test_full_test_execution.py::test_full_bundle_denials[runtime_revocation]
tests/db/test_full_test_execution.py::test_full_bundle_denials[resolution_expiry]
tests/db/test_full_test_execution.py::test_full_bundle_denials[missing_nutrition]
tests/db/test_full_test_execution.py::test_full_bundle_denials[reordered]
tests/db/test_full_test_execution.py::test_full_bundle_denials[foreign_certificate]
tests/db/test_full_test_execution.py::test_full_bundle_denials[wrong_action]
tests/db/test_full_test_execution.py::test_full_bundle_denials[wrong_proposal]
tests/db/test_full_test_execution.py::test_full_bundle_denials[current_manifest]
tests/db/test_full_test_execution.py::test_full_bundle_denials[current_attempt]
tests/db/test_full_test_execution.py::test_full_bundle_denials[budget]
tests/db/test_full_test_execution.py::test_ordinary_pause_owner[positive]
tests/db/test_full_test_execution.py::test_ordinary_pause_owner[wrong_revision]
tests/db/test_full_test_execution.py::test_ordinary_pause_owner[wrong_binding]
tests/db/test_full_test_execution.py::test_ordinary_pause_owner[wrong_hash]
tests/db/test_full_test_execution.py::test_ordinary_pause_owner[wrong_session]
tests/db/test_full_test_execution.py::test_ordinary_pause_owner[wrong_subject]
tests/db/test_full_test_execution.py::test_ordinary_pause_owner[wrong_policy]
tests/db/test_full_test_execution.py::test_ordinary_pause_owner[wrong_environment]
tests/db/test_full_test_execution.py::test_ordinary_pause_owner[wrong_principal]
tests/db/test_full_test_execution.py::test_ordinary_pause_owner[duplicate]
tests/db/test_full_test_execution.py::test_ordinary_pause_owner[failure_session]
tests/db/test_full_test_execution.py::test_ordinary_pause_owner[failure_basis]
tests/db/test_full_test_execution.py::test_ordinary_pause_owner[failure_outcome]
tests/db/test_full_test_execution.py::test_ordinary_pause_owner[after_control]
tests/db/test_full_test_execution.py::test_ordinary_pause_owner[after_expiry]
tests/db/test_full_test_execution.py::test_ordinary_pause_owner[after_head_change]
tests/db/test_full_test_execution.py::test_ordinary_pause_owner[after_global_revocation]
tests/db/test_full_test_execution.py::test_ordinary_pause_owner[registry_blocked]
tests/db/test_full_test_execution.py::test_ordinary_pause_owner[generic_patch]
tests/db/test_full_test_execution.py::test_continue_resume_rechecks[positive-CONTINUE]
tests/db/test_full_test_execution.py::test_continue_resume_rechecks[positive-RESUME]
tests/db/test_full_test_execution.py::test_continue_resume_rechecks[positive-START]
tests/db/test_full_test_execution.py::test_continue_resume_rechecks[STOP-CONTINUE]
tests/db/test_full_test_execution.py::test_continue_resume_rechecks[STOP-RESUME]
tests/db/test_full_test_execution.py::test_continue_resume_rechecks[STOP-START]
tests/db/test_full_test_execution.py::test_continue_resume_rechecks[expiry-CONTINUE]
tests/db/test_full_test_execution.py::test_continue_resume_rechecks[expiry-RESUME]
tests/db/test_full_test_execution.py::test_continue_resume_rechecks[expiry-START]
tests/db/test_full_test_execution.py::test_replay_and_atomicity[history]
tests/db/test_full_test_execution.py::test_replay_and_atomicity[duplicate_commit]
tests/db/test_full_test_execution.py::test_replay_and_atomicity[member]
tests/db/test_full_test_execution.py::test_replay_and_atomicity[issuance]
tests/db/test_full_test_execution.py::test_replay_and_atomicity[head]
tests/db/test_full_test_execution.py::test_replay_and_atomicity[success]
tests/db/test_full_test_execution.py::test_replay_and_atomicity[outbox]
tests/db/test_full_test_execution.py::test_replay_and_atomicity[duplicate_pause]
tests/db/test_full_test_execution.py::test_trusted_post_lock_expiry[T6]
tests/db/test_full_test_execution.py::test_trusted_post_lock_expiry[START]
tests/db/test_full_test_execution.py::test_trusted_post_lock_expiry[CONTINUE]
tests/db/test_full_test_execution.py::test_trusted_post_lock_expiry[RESUME]
tests/db/test_full_test_execution.py::test_full_repair_and_unsupported_replacement[f2]
tests/db/test_full_test_execution.py::test_full_repair_and_unsupported_replacement[existing_head]
tests/db/test_full_test_execution.py::test_exact_session_binding[binding-ContinueSession]
tests/db/test_full_test_execution.py::test_exact_session_binding[binding-ResumeSession]
tests/db/test_full_test_execution.py::test_exact_session_binding[revision-ContinueSession]
tests/db/test_full_test_execution.py::test_exact_session_binding[revision-ResumeSession]
tests/db/test_full_test_execution.py::test_exact_session_binding[content-ContinueSession]
tests/db/test_full_test_execution.py::test_exact_session_binding[content-ResumeSession]
tests/db/test_full_test_execution.py::test_exact_session_binding[prescription-ContinueSession]
tests/db/test_full_test_execution.py::test_exact_session_binding[prescription-ResumeSession]
tests/db/test_full_test_execution.py::test_full_server_validity[False]
tests/db/test_full_test_execution.py::test_full_server_validity[True]
tests/db/test_full_test_execution.py::test_full_post_lock_planning_bound[False-lease]
tests/db/test_full_test_execution.py::test_full_post_lock_planning_bound[False-deadline]
tests/db/test_full_test_execution.py::test_full_post_lock_planning_bound[True-lease]
tests/db/test_full_test_execution.py::test_full_post_lock_planning_bound[True-deadline]
tests/db/test_immutability.py::test_update_delete_rejected
tests/db/test_immutability.py::test_owned_transition_only
tests/db/test_immutability.py::test_direct_sql_bypass_rejected
tests/db/test_lifecycle.py::test_namespace_is_stable_and_worktree_specific
tests/db/test_lifecycle.py::test_compose_namespace_cannot_be_overridden_by_ambient_environment
tests/db/test_lifecycle.py::test_reset_is_repeatable_and_targets_only_derived_database
tests/db/test_lifecycle.py::test_destroy_is_scoped_to_the_derived_compose_project
tests/db/test_lifecycle.py::test_destroy_reports_compose_cleanup_failure
tests/db/test_lifecycle.py::test_missing_docker_has_actionable_error
tests/db/test_lifecycle.py::test_temporary_socket_old_code_fails_repaired_code_passes
tests/db/test_lifecycle.py::test_permanent_tcp_unready_is_bounded_and_executes_zero_sql[False]
tests/db/test_lifecycle.py::test_permanent_tcp_unready_is_bounded_and_executes_zero_sql[True]
tests/db/test_lifecycle.py::test_delayed_final_ready_exact_reset_and_socket_sql
tests/db/test_lifecycle.py::test_sql_failure_preserves_redacted_error_without_replay[DROP]
tests/db/test_lifecycle.py::test_sql_failure_preserves_redacted_error_without_replay[CREATE]
tests/db/test_migrations.py::test_empty_db_upgrade_head
tests/db/test_migrations.py::test_safety_registry_successor_migration_chain
tests/db/test_migrations.py::test_artifact_registry_successor_migration_chain
tests/db/test_migrations.py::test_artifact_registry_upgrade_rejects_malformed_legacy_timeless_row
tests/db/test_migrations.py::test_subject_scope_ddl_guard_inventory
tests/db/test_migrations.py::test_subject_scope_preflight_requires_exact_external_ddl_guard
tests/db/test_migrations.py::test_subject_scope_preflight_rejects_legacy_external_inbound_fk
tests/db/test_migrations.py::test_subject_scope_preflight_rejects_writer_assumption_paths
tests/db/test_migrations.py::test_subject_scope_preflight_rejects_principal_object_bypasses
tests/db/test_migrations.py::test_subject_scope_downgrade_locks_serialize_registration_and_writes
tests/db/test_migrations.py::test_safety_registry_successor_contains_no_cluster_role_ddl
tests/db/test_migrations.py::test_two_phase_empty_db_upgrade_head
tests/db/test_migrations.py::test_safety_registry_role_preflight_fails_before_object_changes
tests/db/test_migrations.py::test_safety_registry_migrated_object_ownership
tests/db/test_migrations.py::test_safety_registry_repository_integrates_with_migrated_schema
tests/db/test_migrations.py::test_logical_inventory_complete
tests/db/test_migrations.py::test_fk_order_matches_topology
tests/db/test_migrations.py::test_immutable_history_materialized
tests/db/test_migrations.py::test_frozen_natural_keys_and_authorization_basis
tests/db/test_migrations.py::test_registry_and_authorization_authority_is_materialized
tests/db/test_migrations.py::test_typed_fact_child_rejects_wrong_parent_kind
tests/db/test_migrations.py::test_role_reconciliation_and_no_application_write_bypass
tests/db/test_migrations.py::test_factset_member_seal_serializes_and_old_parent_is_guarded
tests/db/test_migrations.py::test_upgrade_downgrade_roundtrip
tests/db/test_migrations.py::test_database_rebuild_is_deterministic
tests/db/test_migrations.py::test_planning_active_partition_successor
tests/db/test_planning.py::test_active_partition_and_quota_are_atomic
tests/db/test_planning.py::test_join_and_revision_preserve_root_authority
tests/db/test_planning.py::test_takeover_and_renew_fence_old_workers
tests/db/test_planning.py::test_atomicity_and_ack_loss_replay
tests/db/test_planning.py::test_bounded_owner_capabilities
tests/db/test_planning.py::test_command_identity_namespaces
tests/db/test_planning_progress.py::test_snapshot_owner
tests/db/test_planning_progress.py::test_current_guard_denials[owner]
tests/db/test_planning_progress.py::test_current_guard_denials[fence]
tests/db/test_planning_progress.py::test_current_guard_denials[revision]
tests/db/test_planning_progress.py::test_current_guard_denials[request]
tests/db/test_planning_progress.py::test_current_guard_denials[attempt]
tests/db/test_planning_progress.py::test_current_guard_denials[manifest]
tests/db/test_planning_progress.py::test_current_guard_denials[epoch]
tests/db/test_planning_progress.py::test_current_guard_denials[policy]
tests/db/test_planning_progress.py::test_current_guard_denials[environment]
tests/db/test_planning_progress.py::test_current_guard_denials[principal]
tests/db/test_planning_progress.py::test_current_guard_denials[subject]
tests/db/test_planning_progress.py::test_current_guard_denials[terminal_attempt]
tests/db/test_planning_progress.py::test_current_guard_denials[terminal_root]
tests/db/test_planning_progress.py::test_current_guard_denials[takeover]
tests/db/test_planning_progress.py::test_current_guard_denials[lease_expired]
tests/db/test_planning_progress.py::test_current_guard_denials[deadline_expired]
tests/db/test_planning_progress.py::test_current_guard_denials[control]
tests/db/test_planning_progress.py::test_current_guard_denials[request_changed]
tests/db/test_planning_progress.py::test_current_guard_denials[manifest_changed]
tests/db/test_planning_progress.py::test_current_guard_denials[manifest_expired]
tests/db/test_planning_progress.py::test_current_guard_denials[lease_before]
tests/db/test_planning_progress.py::test_current_guard_denials[deadline_before]
tests/db/test_planning_progress.py::test_current_guard_denials[manifest_before]
tests/db/test_planning_progress.py::test_current_guard_denials[snapshot_lease_wait]
tests/db/test_planning_progress.py::test_current_guard_denials[snapshot_deadline_wait]
tests/db/test_planning_progress.py::test_current_guard_denials[advance_lease_wait]
tests/db/test_planning_progress.py::test_current_guard_denials[advance_deadline_wait]
tests/db/test_planning_progress.py::test_progress_atomicity[owner_write-snapshot]
tests/db/test_planning_progress.py::test_progress_atomicity[owner_write-advance]
tests/db/test_planning_progress.py::test_progress_atomicity[bookkeeping-snapshot]
tests/db/test_planning_progress.py::test_progress_atomicity[bookkeeping-advance]
tests/db/test_planning_progress.py::test_progress_atomicity[ack_loss-snapshot]
tests/db/test_planning_progress.py::test_progress_atomicity[ack_loss-advance]
tests/db/test_planning_progress.py::test_progress_atomicity[concurrent-snapshot]
tests/db/test_planning_progress.py::test_progress_atomicity[concurrent-advance]
tests/db/test_planning_progress.py::test_snapshot_payload_denials[missing_block]
tests/db/test_planning_progress.py::test_snapshot_payload_denials[changed_constraints]
tests/db/test_planning_progress.py::test_snapshot_payload_denials[command_trust]
tests/db/test_planning_progress.py::test_snapshot_payload_denials[bad_hash]
tests/db/test_planning_progress.py::test_snapshot_payload_denials[truncated]
tests/db/test_planning_progress.py::test_snapshot_payload_denials[wrong_accounting]
tests/db/test_planning_progress.py::test_snapshot_payload_denials[unknown_builder]
tests/db/test_planning_progress.py::test_snapshot_payload_denials[builder_hash]
tests/db/test_planning_progress.py::test_snapshot_payload_denials[future_cutoff]
tests/db/test_planning_progress.py::test_terminal_exits[STALE]
tests/db/test_planning_progress.py::test_terminal_exits[FAILED]
tests/db/test_planning_progress.py::test_terminal_exits[CANCELLED]
tests/db/test_planning_progress.py::test_terminal_exits[LEASE_LOST]
tests/db/test_planning_progress.py::test_source_binding_denials[demand-NUTRITION]
tests/db/test_planning_progress.py::test_source_binding_denials[nutrition-VALIDATING]
tests/db/test_planning_progress.py::test_source_binding_denials[resolution-COMMIT_READY]
tests/db/test_planning_progress.py::test_source_binding_denials[action_type-COMMIT_READY]
tests/db/test_planning_progress.py::test_source_binding_denials[validation-COMMIT_READY]
tests/db/test_planning_progress.py::test_source_binding_denials[execution_basis-COMMIT_READY]
tests/db/test_planning_progress.py::test_source_binding_denials[missing_semantics-COMMIT_READY]
tests/db/test_preparation.py::test_owner_pipeline
tests/db/test_preparation.py::test_basis_denials
tests/db/test_preparation.py::test_immutable_replay
tests/db/test_preparation.py::test_duplicate_rollback
tests/db/test_preparation.py::test_no_authority
tests/db/test_protocol_execution.py::test_publish_ready_build
tests/db/test_protocol_execution.py::test_commit_test_only_bundle
tests/db/test_protocol_execution.py::test_start_new_session
tests/db/test_protocol_execution.py::test_stale_commit_basis_denies
tests/db/test_protocol_execution.py::test_current_start_denial
tests/db/test_protocol_execution.py::test_ack_loss_replay_is_historical
tests/db/test_protocol_execution.py::test_failures_roll_back_each_boundary
tests/db/test_protocol_execution.py::test_first_use_contention
tests/db/test_protocol_interleavings.py::test_publish_vs_user_revoke
tests/db/test_protocol_interleavings.py::test_start_vs_user_revoke
tests/db/test_protocol_interleavings.py::test_artifact_revoke_vs_issue
tests/db/test_protocol_interleavings.py::test_artifact_revoke_vs_start
tests/db/test_protocol_interleavings.py::test_artifact_revoke_vs_publish
tests/db/test_protocol_interleavings.py::test_cancel_vs_dispatch
tests/db/test_protocol_interleavings.py::test_seal_vs_input_update
tests/db/test_protocol_interleavings.py::test_takeover_vs_commit
tests/db/test_protocol_interleavings.py::test_expiry_vs_start
tests/db/test_result_writer.py::test_result_writer_binds_exact_tested_commit
tests/db/test_safety_registry.py::test_shared_gate_command_matrix_fails_closed
tests/db/test_safety_registry.py::test_direct_sql_null_lock_timeout_fails_closed_without_mutation
tests/db/test_safety_registry.py::test_migrated_schema_rejects_undefined_artifact_validity
tests/db/test_safety_registry.py::test_t6_migrated_eligibility_predicates_fail_closed[current_manifest]
tests/db/test_safety_registry.py::test_t6_migrated_eligibility_predicates_fail_closed[active_policy]
tests/db/test_safety_registry.py::test_t6_migrated_eligibility_predicates_fail_closed[manifest_subject]
tests/db/test_safety_registry.py::test_t6_migrated_eligibility_predicates_fail_closed[manifest_policy]
tests/db/test_safety_registry.py::test_t6_migrated_eligibility_predicates_fail_closed[manifest_epoch]
tests/db/test_safety_registry.py::test_t6_migrated_eligibility_predicates_fail_closed[manifest_registry_revision]
tests/db/test_safety_registry.py::test_t6_migrated_eligibility_predicates_fail_closed[manifest_validity]
tests/db/test_safety_registry.py::test_t6_migrated_eligibility_predicates_fail_closed[manifest_primary_artifact]
tests/db/test_safety_registry.py::test_t7_migrated_eligibility_predicates_fail_closed[authorization_subject]
tests/db/test_safety_registry.py::test_t7_migrated_eligibility_predicates_fail_closed[authorization_not_yet_valid]
tests/db/test_safety_registry.py::test_t7_migrated_eligibility_predicates_fail_closed[authorization_expired]
tests/db/test_safety_registry.py::test_t7_migrated_eligibility_predicates_fail_closed[authorization_registry_revision]
tests/db/test_safety_registry.py::test_t7_migrated_eligibility_predicates_fail_closed[authorization_registry_state]
tests/db/test_safety_registry.py::test_t7_migrated_eligibility_predicates_fail_closed[authorization_primary_artifact]
tests/db/test_safety_registry.py::test_t7_migrated_eligibility_predicates_fail_closed[authorization_epoch]
tests/db/test_safety_registry.py::test_t7_migrated_eligibility_predicates_fail_closed[authorization_targeted_event]
tests/db/test_safety_registry.py::test_t7_migrated_eligibility_predicates_fail_closed[closure_missing]
tests/db/test_safety_registry.py::test_t7_migrated_eligibility_predicates_fail_closed[closure_extra]
tests/db/test_safety_registry.py::test_t7_migrated_eligibility_predicates_fail_closed[closure_subject]
tests/db/test_safety_registry.py::test_t7_migrated_eligibility_predicates_fail_closed[closure_not_yet_valid]
tests/db/test_safety_registry.py::test_t7_migrated_eligibility_predicates_fail_closed[closure_expired]
tests/db/test_safety_registry.py::test_reauthorize_shared_gate_precedes_s01_and_fails_closed
tests/db/test_safety_registry.py::test_continue_session_rechecks_shared_gate_and_fails_closed
tests/db/test_safety_registry.py::test_exclusive_global_gate_serializes
tests/db/test_safety_registry.py::test_t2_global_commit_rollback_and_effective_at_semantics
tests/db/test_safety_registry.py::test_t2_global_has_no_subject_or_user_fanout_dependency
tests/db/test_safety_registry.py::test_revoke_artifact_atomic_linearization_and_idempotency
tests/db/test_safety_registry.py::test_shared_command_ack_loss_propagates_unknown_outcome[OperationalError]
tests/db/test_safety_registry.py::test_shared_command_ack_loss_propagates_unknown_outcome[QueryCanceled]
tests/db/test_safety_registry.py::test_shared_command_ack_loss_propagates_unknown_outcome[LockNotAvailable]
tests/db/test_safety_registry.py::test_revoke_ack_loss_reconciles_by_command_key[OperationalError]
tests/db/test_safety_registry.py::test_revoke_ack_loss_reconciles_by_command_key[QueryCanceled]
tests/db/test_safety_registry.py::test_revoke_ack_loss_reconciles_by_command_key[LockNotAvailable]
tests/db/test_safety_registry.py::test_committed_revoke_controls_current_admission_not_history
tests/db/test_safety_registry.py::test_direct_sql_revoke_rejects_unbound_payload_hash
tests/db/test_safety_registry.py::test_global_revoke_never_locks_s01
tests/db/test_safety_registry.py::test_stop_has_no_registry_dependency
tests/db/test_safety_registry.py::test_command_owners_reject_nested_transactions
tests/db/test_safety_registry.py::test_migrated_registry_command_routine_privileges
tests/db/test_safety_registry.py::test_migrated_registry_definer_search_path_and_schema_acl
tests/db/test_safety_registry.py::test_migrated_registry_runtime_login_boundary
tests/db/test_safety_registry.py::test_migrated_registry_role_owner_boundary
tests/db/test_secret_output.py::test_connection_default_diagnostics_are_credential_free
tests/db/test_secret_output.py::test_db_reset_cli_outputs_credential_free_diagnostics[False]
tests/db/test_secret_output.py::test_db_reset_cli_outputs_credential_free_diagnostics[True]
tests/db/test_secret_output.py::test_lifecycle_subprocess_and_cli_errors_are_redacted
tests/db/test_secret_output.py::test_db_reset_argument_errors_are_credential_free[--password=SYNTHETIC_CLI_RAW_NOT_A_CREDENTIAL-SYNTHETIC_CLI_RAW_NOT_A_CREDENTIAL]
tests/db/test_secret_output.py::test_db_reset_argument_errors_are_credential_free[--database-url=postgresql%3A%2F%2Falice%3Ahunter2%40db.invalid%2Fdb-alice%3Ahunter2]
tests/db/test_secret_output.py::test_db_reset_argument_errors_are_credential_free[--timeout=password=SYNTHETIC_TIMEOUT_SECRET-SYNTHETIC_TIMEOUT_SECRET]
tests/db/test_secret_output.py::test_db_reset_argument_errors_are_credential_free[--timeout=password%3DSYNTHETIC_TIMEOUT_ENCODED-SYNTHETIC_TIMEOUT_ENCODED]
tests/db/test_secret_output.py::test_db_reset_argument_errors_are_credential_free[--timeout=token%253DSYNTHETIC_TIMEOUT_DOUBLE-SYNTHETIC_TIMEOUT_DOUBLE]
tests/db/test_secret_output.py::test_db_reset_argument_errors_are_credential_free[--timeout=https%3A%2F%2Falice%3Ahunter2%40db.invalid%2Fdb%3Ftoken%3Dquerysecret-hunter2]
tests/db/test_secret_output.py::test_db_reset_argument_errors_are_credential_free[--pass%77ord=ENCODED_KEY_SECRET-ENCODED_KEY_SECRET]
tests/db/test_secret_output.py::test_db_reset_argument_errors_are_credential_free[--timeout=%70%61%73%73%77%6F%72%64%3D%53%59%4E%54%48%45%54%49%43-%53%59%4E%54%48%45%54%49%43]
tests/db/test_secret_output.py::test_db_reset_argument_errors_are_credential_free[--password=FIRST%0AENCODED_ARGPARSE_TAIL-ENCODED_ARGPARSE_TAIL]
tests/db/test_secret_output.py::test_db_reset_argument_errors_are_credential_free[--password;ARGPARSE_SEMICOLON_VALUE-ARGPARSE_SEMICOLON_VALUE]
tests/db/test_secret_output.py::test_db_reset_argument_errors_are_credential_free[--password%3BARGPARSE_ENCODED_SEMICOLON_VALUE-ARGPARSE_ENCODED_SEMICOLON_VALUE]
tests/db/test_secret_output.py::test_db_reset_argument_errors_are_credential_free[--authorization;AWS4-HMAC-SHA256;Signature=ARGPARSE_AUTH_SEMICOLON_VALUE-ARGPARSE_AUTH_SEMICOLON_VALUE]
tests/db/test_secret_output.py::test_db_reset_multiple_schemeless_authorities_are_credential_free[ ]
tests/db/test_secret_output.py::test_db_reset_multiple_schemeless_authorities_are_credential_free[,]
tests/db/test_secret_output.py::test_db_reset_multiple_schemeless_authorities_are_credential_free[;]
tests/db/test_secret_output.py::test_db_reset_multiple_schemeless_authorities_are_credential_free[/]
tests/db/test_secret_output.py::test_db_reset_multiple_schemeless_authorities_are_credential_free[-]
tests/db/test_secret_output.py::test_db_reset_multiple_schemeless_authorities_are_credential_free[+]
tests/db/test_secret_output.py::test_db_reset_multiple_schemeless_authorities_are_credential_free[.]
tests/db/test_secret_output.py::test_db_reset_multiple_schemeless_authorities_are_credential_free[_]
tests/db/test_secret_output.py::test_db_reset_multiple_schemeless_authorities_are_credential_free[~]
tests/db/test_secret_output.py::test_db_reset_multiple_schemeless_authorities_are_credential_free[%]
tests/db/test_secret_output.py::test_db_reset_multiple_schemeless_authorities_are_credential_free[:]
tests/db/test_secret_output.py::test_db_reset_split_argument_errors_are_credential_free[arguments0-SYNTHETIC_SEPARATE_SECRET]
tests/db/test_secret_output.py::test_db_reset_split_argument_errors_are_credential_free[arguments1-SYNTHETIC_AUTH_SECRET]
tests/db/test_secret_output.py::test_db_reset_never_executes_percent_decoded_parser_input[--timeout=%36%30]
tests/db/test_secret_output.py::test_db_reset_never_executes_percent_decoded_parser_input[--j%73on]
tests/db/test_secret_output.py::test_db_reset_arbitrary_authorization_diagnostic_is_credential_free
tests/db/test_secret_output.py::test_malformed_docker_endpoints_redact_scheme_less_userinfo[alice:hunter2@db.invalid:notaport-hunter2]
tests/db/test_secret_output.py::test_malformed_docker_endpoints_redact_scheme_less_userinfo[alice%3Ahunter2%40db.invalid:notaport-hunter2]
tests/db/test_secret_output.py::test_malformed_docker_endpoints_redact_scheme_less_userinfo[alice:hunter2@db.invalid:5432-hunter2]
tests/db/test_secret_output.py::test_malformed_docker_endpoints_redact_scheme_less_userinfo[alice%3Ahunter2%40db.invalid:5432-hunter2]
tests/db/test_secret_output.py::test_malformed_docker_endpoints_redact_scheme_less_userinfo[alice:alpha/bravo@db.invalid:notaport-alpha]
tests/db/test_secret_output.py::test_malformed_docker_endpoints_redact_scheme_less_userinfo[alice:alpha bravo@db.invalid:notaport-alpha]
tests/db/test_secret_output.py::test_malformed_docker_endpoints_redact_scheme_less_userinfo[notice@example.com alice:hunter2@db.invalid:notaport-hunter2]
tests/db/test_secret_output.py::test_malformed_docker_endpoints_redact_scheme_less_userinfo[notice@example.com,alice:hunter2@db.invalid:notaport-hunter2]
tests/db/test_secret_output.py::test_malformed_docker_endpoints_redact_scheme_less_userinfo[notice@example.com;alice:hunter2@db.invalid:notaport-hunter2]
tests/db/test_secret_output.py::test_malformed_docker_endpoints_redact_scheme_less_userinfo[notice@example.com/alice:hunter2@db.invalid:notaport-hunter2]
tests/db/test_secret_output.py::test_malformed_docker_endpoints_redact_scheme_less_userinfo[notice@example.com-alice:hunter2@db.invalid:notaport-hunter2]
tests/db/test_secret_output.py::test_malformed_docker_endpoints_redact_scheme_less_userinfo[notice@example.com+alice:hunter2@db.invalid:notaport-hunter2]
tests/db/test_secret_output.py::test_malformed_docker_endpoints_redact_scheme_less_userinfo[notice@example.com.alice:hunter2@db.invalid:notaport-hunter2]
tests/db/test_secret_output.py::test_malformed_docker_endpoints_redact_scheme_less_userinfo[notice@example.com_alice:hunter2@db.invalid:notaport-hunter2]
tests/db/test_secret_output.py::test_malformed_docker_endpoints_redact_scheme_less_userinfo[notice@example.com~alice:hunter2@db.invalid:notaport-hunter2]
tests/db/test_secret_output.py::test_malformed_docker_endpoints_redact_scheme_less_userinfo[notice@example.com%alice:hunter2@db.invalid:notaport-hunter2]
tests/db/test_secret_output.py::test_malformed_docker_endpoints_redact_scheme_less_userinfo[notice@example.com:alice:hunter2@db.invalid:notaport-hunter2]
tests/db/test_shadow_isolation.py::test_evaluation_principal_live_denials
tests/db/test_shadow_isolation.py::test_test_authorization_crossing_denials
tests/db/test_shadow_isolation.py::test_shadow_payload_owner_denials
tests/db/test_shadow_isolation.py::test_declared_evaluation_storage_isolation
tests/db/test_startup_readiness.py::test_actual_compose_and_lifecycle_tcp_alignment
tests/db/test_startup_readiness.py::test_hosted_entrypoint_exact_positive_and_negative_contract
tests/db/test_startup_readiness.py::test_probe_exact_environment_and_owned_namespace_fail_closed
tests/db/test_startup_readiness.py::test_probe_root_cause_oracle_rejects_success_without_ordering
tests/db/test_startup_readiness.py::test_probe_subprocesses_honor_remaining_total_deadline
tests/db/test_subject_scope.py::test_subject_namespace_isolation
tests/db/test_subject_scope.py::test_cross_subject_denial_is_non_enumerating
tests/db/test_subject_scope.py::test_test_authorization_is_isolated
tests/db/test_subject_scope.py::test_evaluation_storage_is_isolated
tests/db/test_subject_scope.py::test_application_role_scope_enforced
tests/db/test_subject_scope.py::test_application_wrapper_rejects_forged_database_identity
tests/db/test_subject_scope.py::test_runtime_writer_membership_drift_is_denied
tests/db/test_subject_scope.py::test_force_rls_blocks_post_registration_privilege_drift
tests/db/test_subject_scope.py::test_force_rls_preserves_security_definer_command_owner
tests/db/test_subject_scope.py::test_force_rls_inventory_covers_all_protected_tables
tests/db/test_subject_scope.py::test_bound_subject_cannot_remove_ddl_guards_after_set_role
tests/db/test_subject_scope.py::test_bound_subject_ddl_guard_blocks_references_existence_oracles
tests/db/test_subject_scope.py::test_bound_subject_bypassrls_drift_cannot_write_protected_rows
tests/db/test_subject_scope.py::test_authority_metadata_acl_membership_and_owner_drift_fail_closed
tests/db/test_subject_scope.py::test_noncanonical_inbound_fk_fails_registration_lookup_and_rls
tests/db/test_subject_scope.py::test_subject_id_is_immutable_on_protected_updates
tests/db/test_subject_scope.py::test_shared_namespace_login_cannot_become_subject_principal
tests/db/test_subject_scope.py::test_principal_with_protected_object_bypass_cannot_register
tests/db/test_subject_scope.py::test_subject_registration_serializes_with_first_storage_write
tests/db/test_subject_scope.py::test_populated_downgrade_fails_before_guard_or_acl_changes
tests/db/test_subject_scope.py::test_subject_scope_successor_is_cluster_role_ddl_free
tests/db/test_test_only_demo.py::test_full_trajectory
tests/db/test_test_only_demo.py::test_revoke_then_deny[positive-CONTINUE]
tests/db/test_test_only_demo.py::test_revoke_then_deny[positive-RESUME]
tests/db/test_test_only_demo.py::test_revoke_then_deny[positive-START]
tests/db/test_test_only_demo.py::test_revoke_then_deny[STOP-CONTINUE]
tests/db/test_test_only_demo.py::test_revoke_then_deny[STOP-RESUME]
tests/db/test_test_only_demo.py::test_revoke_then_deny[STOP-START]
tests/db/test_test_only_demo.py::test_revoke_then_deny[artifact-CONTINUE]
tests/db/test_test_only_demo.py::test_revoke_then_deny[artifact-RESUME]
tests/db/test_test_only_demo.py::test_revoke_then_deny[artifact-START]
tests/db/test_test_only_demo.py::test_expiry_then_deny[CONTINUE]
tests/db/test_test_only_demo.py::test_expiry_then_deny[RESUME]
tests/db/test_test_only_demo.py::test_expiry_then_deny[START]
tests/db/test_test_only_demo.py::test_trusted_post_lock_expiry[T6]
tests/db/test_test_only_demo.py::test_trusted_post_lock_expiry[START]
tests/db/test_test_only_demo.py::test_trusted_post_lock_expiry[CONTINUE]
tests/db/test_test_only_demo.py::test_trusted_post_lock_expiry[RESUME]
tests/db/test_test_only_demo.py::test_fdn_repair
tests/db/test_test_only_demo.py::test_production_shadow_denials[identity_principal]
tests/db/test_test_only_demo.py::test_production_shadow_denials[identity_environment]
tests/db/test_test_only_demo.py::test_production_shadow_denials[identity_policy]
tests/db/test_test_only_demo.py::test_production_shadow_denials[identity_subject]
tests/db/test_test_only_demo.py::test_production_shadow_denials[identity_production_role]
tests/db/test_test_only_demo.py::test_production_shadow_denials[identity_evaluation_role]
tests/db/test_test_only_demo.py::test_production_shadow_denials[identity_shadow]
tests/db/test_test_only_demo.py::test_production_shadow_denials[identity_production_scope]
tests/db/test_test_only_demo.py::test_production_shadow_denials[identity_production_connection]
tests/db/test_test_only_demo.py::test_production_shadow_denials[identity_evaluation_connection]
tests/db/test_test_only_demo.py::test_production_shadow_denials[identity_test_connection]
tests/db/test_test_only_demo.py::test_production_shadow_denials[identity_missing_snapshot]
tests/db/test_test_only_demo.py::test_production_shadow_denials[identity_missing_nutrition]
tests/db/test_test_only_demo.py::test_production_shadow_denials[identity_missing_validation]
tests/db/test_test_only_demo.py::test_production_shadow_denials[input_revision]
tests/db/test_test_only_demo.py::test_production_shadow_denials[context_missing_evidence]
tests/db/test_test_only_demo.py::test_production_shadow_denials[context_mandatory_context]
tests/db/test_test_only_demo.py::test_production_shadow_denials[context_fixture_policy]
tests/db/test_test_only_demo.py::test_production_shadow_denials[context_shadow_policy]
tests/db/test_test_only_demo.py::test_production_shadow_denials[context_production_policy]
tests/db/test_test_only_demo.py::test_production_shadow_denials[legacy_downgrade]
tests/db/test_test_only_demo.py::test_production_shadow_denials[fitness_id]
tests/db/test_test_only_demo.py::test_production_shadow_denials[fitness_hash]
tests/db/test_test_only_demo.py::test_production_shadow_denials[demand_id]
tests/db/test_test_only_demo.py::test_production_shadow_denials[nutrition_id]
tests/db/test_test_only_demo.py::test_production_shadow_denials[nutrition_hash]
tests/db/test_test_only_demo.py::test_production_shadow_denials[training_resolution]
tests/db/test_test_only_demo.py::test_production_shadow_denials[nutrition_resolution]
tests/db/test_test_only_demo.py::test_production_shadow_denials[validation_hash]
tests/db/test_test_only_demo.py::test_production_shadow_denials[policy]
tests/db/test_test_only_demo.py::test_production_shadow_denials[subject]
tests/db/test_test_only_demo.py::test_production_shadow_denials[epoch]
tests/db/test_test_only_demo.py::test_production_shadow_denials[generation]
tests/db/test_test_only_demo.py::test_production_shadow_denials[execution_basis]
tests/db/test_test_only_demo.py::test_production_shadow_denials[fence]
tests/db/test_test_only_demo.py::test_production_shadow_denials[control]
tests/db/test_test_only_demo.py::test_production_shadow_denials[runtime_revocation]
tests/db/test_test_only_demo.py::test_production_shadow_denials[missing_nutrition]
tests/db/test_test_only_demo.py::test_production_shadow_denials[reordered]
tests/db/test_test_only_demo.py::test_production_shadow_denials[foreign_certificate]
tests/db/test_test_only_demo.py::test_production_shadow_denials[wrong_action]
tests/db/test_test_only_demo.py::test_production_shadow_denials[wrong_proposal]
tests/db/test_test_only_demo.py::test_production_shadow_denials[current_manifest]
tests/db/test_transaction_interfaces.py::test_registry_lease_required_for_publish_commit_and_session_entry
tests/db/test_transaction_interfaces.py::test_preparation_work_stays_outside_coordination_locks
tests/db/test_transaction_interfaces.py::test_factset_build_stays_outside_subject_coordination
tests/db/test_transaction_interfaces.py::test_subject_guard_required
tests/db/test_transaction_interfaces.py::test_complete_frozen_lock_order_enforced
tests/db/test_transaction_interfaces.py::test_multi_key_lock_order_is_stable
tests/db/test_transaction_interfaces.py::test_reverse_lock_order_is_rejected[quota-subject]
tests/db/test_transaction_interfaces.py::test_reverse_lock_order_is_rejected[intent-quota]
tests/db/test_transaction_interfaces.py::test_reverse_lock_order_is_rejected[reservation-intent]
tests/db/test_transaction_interfaces.py::test_reverse_lock_order_is_rejected[daily-reservation]
tests/db/test_transaction_interfaces.py::test_reverse_lock_order_is_rejected[execution-daily]
tests/db/test_transaction_interfaces.py::test_reverse_lock_order_is_rejected[receipt-execution]
tests/db/test_transaction_interfaces.py::test_reverse_lock_order_is_rejected[aggregate-receipt]
tests/db/test_transaction_interfaces.py::test_receipt_before_s01_is_rejected
tests/db/test_transaction_interfaces.py::test_artifact_identity_required
tests/db/test_transaction_interfaces.py::test_direct_write_bypass_rejected
tests/db/test_transaction_interfaces.py::test_event_outbox_atomicity_enforced[ReceiveEvidence-86544]
tests/db/test_transaction_interfaces.py::test_event_outbox_atomicity_enforced[DecideAdmission-86560]
tests/db/test_transaction_interfaces.py::test_event_outbox_atomicity_enforced[PublishManifest-86576]
tests/db/test_transaction_interfaces.py::test_event_outbox_atomicity_enforced[AdmitOrReviseIntent-86592]
tests/db/test_transaction_interfaces.py::test_event_outbox_atomicity_enforced[AcquireLease-86608]
tests/db/test_transaction_interfaces.py::test_event_outbox_atomicity_enforced[CommitBundle-86624]
tests/db/test_transaction_interfaces.py::test_event_outbox_atomicity_enforced[StartSession-86640]
tests/db/test_transaction_interfaces.py::test_event_outbox_atomicity_enforced[SettleCall-86656]
tests/db/test_transaction_interfaces.py::test_t1_observation_key_identity_is_supported
tests/db/test_transaction_interfaces.py::test_outbox_dispatcher_does_not_lock_subject_guard
tests/db/test_transaction_interfaces.py::test_stale_fence_commit_is_rejected
tests/db/test_transaction_interfaces.py::test_dispatch_first_winner_and_replay_non_resend
tests/db/test_transaction_interfaces.py::test_t8_settlement_rejects_crosswired_intent_reservation
tests/db/test_transaction_interfaces.py::test_t2_invalidation_scope_is_mandatory[DecideAssociation]
tests/db/test_transaction_interfaces.py::test_t2_invalidation_scope_is_mandatory[DecideAdmission]
tests/db/test_transaction_interfaces.py::test_t2_invalidation_scope_is_mandatory[AcceptFactRevision]
tests/db/test_transaction_interfaces.py::test_t2_invalidation_scope_is_mandatory[ApplyControl]
tests/db/test_transaction_interfaces.py::test_t2_invalidation_scope_is_mandatory[ClearControl]
tests/db/test_transaction_interfaces.py::test_t2_invalidation_scope_is_mandatory[ApproveChange]
tests/db/test_transaction_interfaces.py::test_t2_invalidation_scope_is_mandatory[ActivateApprovedProgram]
tests/db/test_transaction_interfaces.py::test_t2_invalidation_scope_is_mandatory[RecordActualExecution]
tests/db/test_transaction_interfaces.py::test_t2_invalidation_scope_is_mandatory[CompleteReportedWorkout]
tests/db/test_transaction_interfaces.py::test_lease_commands_reject_arbitrary_attempt_locks
tests/db/test_transaction_interfaces.py::test_t2_invalidation_scope_must_match_active_policy
tests/db/test_transaction_interfaces.py::test_commit_bundle_rejects_inapplicable_reservation_lock
tests/db/test_transaction_interfaces.py::test_t8_expected_transition_is_exact
tests/db/test_transaction_interfaces.py::test_t8_stale_contender_rechecks_after_locked_transition
tests/db/test_transaction_interfaces.py::test_ack_loss_replay_preserves_natural_uniqueness
tests/db/test_transaction_interfaces.py::test_t6_ack_loss_replay_returns_same_issuance
tests/db/test_transaction_interfaces.py::test_reauthorize_requires_atomic_intent_success
tests/db/test_transaction_interfaces.py::test_t3_rejects_incomplete_or_crosswired_ready_candidate
tests/db/test_transaction_interfaces.py::test_t7_exact_session_and_t3_publication_guards
tests/db/test_transaction_interfaces.py::test_t2_t7_subject_commands_share_s01_linearization
tests/db/test_transaction_interfaces.py::test_concurrent_same_key_same_hash_replays_one_outcome
tests/db/test_transaction_interfaces.py::test_concurrent_same_key_different_hash_rejects_conflict
tests/db/test_transaction_interfaces.py::test_historical_replay_preserves_guard_boundary
tests/db/test_transaction_interfaces.py::test_t6_authorization_evaluator_persists_exact_minimum_certificate
tests/db/test_transaction_interfaces.py::test_t7_executability_rereads_epoch_scope_control_and_time
tests/db/test_transaction_interfaces.py::test_t6_t7_deny_revoked_transitive_dependency_after_current_registry_read
tests/db/test_workflow.py::test_review_record_only_push_does_not_rerun_database_evidence

674 tests collected in 1.40s
