{
  "status": "INDEPENDENT_GENERAL_AUDIT_PASS",
  "base_commit": "70dc4863ccdca95f7a44e79b68501a698262e323",
  "tested_commit": "35044fd3d94472b41b1bbe6c0313a2a7701c8063",
  "reviewed_head_sha": "5f41d88c5f8c3142b43b3101486c1fa149394543",
  "changed_path_count": 84,
  "final_checks": [
    {
      "check_id": "scope_audit",
      "raw_sha256": "a89fa64fa6cbbd7fc9259a8f8e9748756613c9a81b3a3c68912d557098fd4197",
      "raw_byte_count": 4241,
      "exit_code": 0
    },
    {
      "check_id": "upstream_scope_regressions",
      "raw_sha256": "a43b8675bda3bc775263b99c68ab004ca47f3cf6ee2db560b574e5c20ed09c38",
      "raw_byte_count": 180,
      "exit_code": 0
    },
    {
      "check_id": "original_gateway_reproduction",
      "raw_sha256": "8b94f82306afd4664342847e89ac3d57f0842c5deae536a5fb816cc4bfd96b6b",
      "raw_byte_count": 1616,
      "exit_code": 0
    },
    {
      "check_id": "candidate_gateway_feasibility",
      "raw_sha256": "9240e22070fb5c9f870577502051c3389aa69493e4059c794ab69577e6acbf02",
      "raw_byte_count": 4483,
      "exit_code": 0
    },
    {
      "check_id": "harness_validation",
      "raw_sha256": "ca9f77ce09e8995106b4e899417c673d47274934e2f199a331f9c371fba8d6ed",
      "raw_byte_count": 38,
      "exit_code": 0
    },
    {
      "check_id": "harness_tests",
      "raw_sha256": "f21130334f9cd842df28a2b69d60a31121afc5e4d64bba247bff25e548978380",
      "raw_byte_count": 2092,
      "exit_code": 0
    },
    {
      "check_id": "unit_tests",
      "raw_sha256": "079bb2093e90759722ab034fab0d56f80c19baa8a5a8c36a5f6b998f2bec7c6d",
      "raw_byte_count": 2732,
      "exit_code": 0
    },
    {
      "check_id": "lint",
      "raw_sha256": "82b3e6a6c090a57601d22943bd23fca9218d1031dbe5a7b754092f9a156b4f18",
      "raw_byte_count": 19,
      "exit_code": 0
    },
    {
      "check_id": "typecheck",
      "raw_sha256": "2016dd3826e50e6e19cdd89a468f59d442669f7a9e44785d866ae79236eff727",
      "raw_byte_count": 45,
      "exit_code": 0
    },
    {
      "check_id": "diff_clean",
      "raw_sha256": "e3b0c44298fc1c149afbf4c8996fb92427ae41e4649b934ca495991b7852b855",
      "raw_byte_count": 0,
      "exit_code": 0
    }
  ],
  "unchanged_old_tasks": 73,
  "changed_definitions": [
    "KL-076",
    "KL-078"
  ],
  "tested_suffix": "one linear commit; own record update and twenty new evidence files only"
}
EXACT_TRACEABILITY_AND_DERIVED_ENTRY_GUARDS_PASS
