KL-009 immutable tested-commit evidence, trusted exception-state cycle
date: 2026-09-24
task_identity: harness-backlog-v0.2/KL-009
base_commit: c2740b8dfa25c079bb51f816baa5a87d6422b841
tested_commit: 5230d8a46c08a823edd12bc46ec93c57fcb3b38f

CHECK config_secret_sources_are_separated
COMMAND .venv/bin/pytest -q tests/unit/config/test_secret_loader.py::test_config_secret_sources_are_separated
RESULT PASS
OUTPUT 1 passed in 0.01s

CHECK nested_redaction_is_non_mutating_and_authority_neutral
COMMAND .venv/bin/pytest -q tests/unit/security/test_redaction.py::test_nested_redaction_is_non_mutating_and_authority_neutral
RESULT PASS
OUTPUT 1 passed in 0.02s

CHECK synthetic_security_fixtures_have_provenance
COMMAND .venv/bin/pytest -q tests/unit/security/test_synthetic_fixtures.py::test_synthetic_security_fixtures_have_provenance
RESULT PASS
OUTPUT 1 passed in 0.01s

CHECK database_diagnostics_redact_credentials
COMMAND .venv/bin/pytest -q tests/db/test_secret_output.py
RESULT PASS
OUTPUT 25 passed in 0.03s

CHECK security_and_database_regressions_pass
COMMAND .venv/bin/pytest -q tests/unit/config tests/unit/security tests/db
RESULT PASS
OUTPUT 59 passed in 0.10s

CHECK harness_validation_passes
COMMAND .venv/bin/kl check-harness && .venv/bin/kl test-harness
RESULT PASS
OUTPUT HARNESS_CHECK_PASS tasks=68 active=66; 100 passed in 73.94s

ADDITIONAL CHECK lint
COMMAND .venv/bin/kl lint
RESULT PASS
OUTPUT All checks passed!

ADDITIONAL CHECK typecheck
COMMAND .venv/bin/kl typecheck
RESULT PASS
OUTPUT Success: no issues found in 54 source files

ADDITIONAL CHECK unit
COMMAND .venv/bin/kl test-unit
RESULT PASS
OUTPUT 119 passed in 2.24s

ADDITIONAL CHECK full_suite
COMMAND .venv/bin/pytest -q
RESULT PASS
OUTPUT 254 passed in 77.09s

ADVERSARIAL BOUNDARY COVERAGE
- Custom exception __getattribute__ hooks cannot run while args, cause, context, or type names are inspected.
- CalledProcessError subclasses cannot override command, output, stderr, or return-code reads during redaction.
- Direct, chained, and subprocess exception state remains credential-free while safe base-state context is retained.
- All earlier configuration, serialization, URL, parser, fixture, DB/CLI, host, mapping, set, format, delimiter, encoding, subclass, and non-mutation probes remain covered.
