KL-009 immutable tested-commit evidence, unresolved structured-format cycle
date: 2026-09-24
task_identity: harness-backlog-v0.2/KL-009
base_commit: c2740b8dfa25c079bb51f816baa5a87d6422b841
tested_commit: 37a60346ead84a770993b6ec8c5e9fdbed1e5c75

CHECK config_secret_sources_are_separated
COMMAND .venv/bin/pytest -q tests/unit/config/test_secret_loader.py::test_config_secret_sources_are_separated
RESULT PASS
OUTPUT 1 passed in 0.01s

CHECK nested_redaction_is_non_mutating_and_authority_neutral
COMMAND .venv/bin/pytest -q tests/unit/security/test_redaction.py::test_nested_redaction_is_non_mutating_and_authority_neutral
RESULT PASS
OUTPUT 1 passed in 0.02s

CHECK synthetic_security_fixtures_have_provenance
COMMAND .venv/bin/pytest -q tests/unit/security/test_synthetic_fixtures.py::test_synthetic_security_fixtures_have_provenance
RESULT PASS
OUTPUT 1 passed in 0.01s

CHECK database_diagnostics_redact_credentials
COMMAND .venv/bin/pytest -q tests/db/test_secret_output.py
RESULT PASS
OUTPUT 21 passed in 0.03s

CHECK security_and_database_regressions_pass
COMMAND .venv/bin/pytest -q tests/unit/config tests/unit/security tests/db
RESULT PASS
OUTPUT 48 passed in 0.09s

CHECK harness_validation_passes
COMMAND .venv/bin/kl check-harness && .venv/bin/kl test-harness
RESULT PASS
OUTPUT HARNESS_CHECK_PASS tasks=68 active=66; 100 passed in 74.34s

ADDITIONAL CHECK lint
COMMAND .venv/bin/kl lint
RESULT PASS
OUTPUT All checks passed!

ADDITIONAL CHECK typecheck
COMMAND .venv/bin/kl typecheck
RESULT PASS
OUTPUT Success: no issues found in 54 source files

ADDITIONAL CHECK unit
COMMAND .venv/bin/kl test-unit
RESULT PASS
OUTPUT 112 passed in 2.27s

ADDITIONAL CHECK full_suite
COMMAND .venv/bin/pytest -q
RESULT PASS
OUTPUT 243 passed in 76.66s

ADVERSARIAL BOUNDARY COVERAGE
- Empty-delimiter Authorization variants suppress arbitrary schemes and credentials, including encoded and exception forms.
- Mixed percent/brace dialects suppress unresolved arguments in direct and chained exception diagnostics.
- Sensitive named and out-of-range brace fields fail closed rather than selecting an arbitrary argument.
- Authorization placeholder tuples suppress every following scheme/credential argument in exceptions and subprocess fields.
- All earlier configuration, serialization, URL, parser, fixture, DB/CLI, host, mapping, encoding, subclass, and non-mutation probes remain covered.
