KL-009 immutable tested-commit evidence, presentation-only parser and recursive diagnostic cycle
date: 2026-09-24
task_identity: harness-backlog-v0.2/KL-009
base_commit: c2740b8dfa25c079bb51f816baa5a87d6422b841
tested_commit: d0f2679d4ad9a85c6d89a763d6e2b371fa888b5d

CHECK config_secret_sources_are_separated
COMMAND .venv/bin/pytest -q tests/unit/config/test_secret_loader.py::test_config_secret_sources_are_separated
RESULT PASS
OUTPUT 1 passed in 0.01s

CHECK nested_redaction_is_non_mutating_and_authority_neutral
COMMAND .venv/bin/pytest -q tests/unit/security/test_redaction.py::test_nested_redaction_is_non_mutating_and_authority_neutral
RESULT PASS
OUTPUT 1 passed in 0.02s

CHECK synthetic_security_fixtures_have_provenance
COMMAND .venv/bin/pytest -q tests/unit/security/test_synthetic_fixtures.py::test_synthetic_security_fixtures_have_provenance
RESULT PASS
OUTPUT 1 passed in 0.01s

CHECK database_diagnostics_redact_credentials
COMMAND .venv/bin/pytest -q tests/db/test_secret_output.py
RESULT PASS
OUTPUT 16 passed in 0.03s

CHECK security_and_database_regressions_pass
COMMAND .venv/bin/pytest -q tests/unit/config tests/unit/security tests/db
RESULT PASS
OUTPUT 32 passed in 0.08s

CHECK harness_validation_passes
COMMAND .venv/bin/kl check-harness && .venv/bin/kl test-harness
RESULT PASS
OUTPUT HARNESS_CHECK_PASS tasks=68 active=66; 100 passed in 74.30s

ADDITIONAL CHECK lint
COMMAND .venv/bin/kl lint
RESULT PASS
OUTPUT All checks passed!

ADDITIONAL CHECK typecheck
COMMAND .venv/bin/kl typecheck
RESULT PASS
OUTPUT Success: no issues found in 54 source files

ADDITIONAL CHECK unit
COMMAND .venv/bin/kl test-unit
RESULT PASS
OUTPUT 101 passed in 2.24s

ADDITIONAL CHECK full_suite
COMMAND .venv/bin/pytest -q
RESULT PASS
OUTPUT 227 passed in 77.27s

ADVERSARIAL BOUNDARY COVERAGE
- Argparse consumes original argv; encoded options and values cannot become executable through diagnostic redaction.
- Byte-form option/value sequences and malformed subprocess return codes fail closed.
- Nested raw, encoded, and recursively encoded URLs and sensitive assignments are recursively sanitized with a bounded depth.
- Nested brace width/precision fields redact the credential argument in structured logs and chained exceptions.
- All earlier configuration, serialization, URL, fixture, DB/CLI, type-name, and non-mutation probes remain covered.
