I001 [*] Import block is un-sorted or un-formatted
  --> tests/harness/test_local_db_ci.py:1:1
   |
 1 | / from __future__ import annotations
 2 | |
 3 | | import argparse
 4 | | import importlib.util
 5 | | import importlib.util
 6 | | import json
 7 | | import sys
 8 | | from pathlib import Path
 9 | | from typing import Any
10 | |
11 | | import pytest
12 | | import yaml
   | |___________^
13 |
14 |   _spec = importlib.util.spec_from_file_location(
   |
help: Organize imports
  |
4 | import importlib.util
  - import importlib.util
5 | import json
  |

F811 [*] Redefinition of unused `importlib.util` from line 4
 --> tests/harness/test_local_db_ci.py:5:8
  |
3 | import argparse
4 | import importlib.util
  |        -------------- previous definition of `importlib.util` here
5 | import importlib.util
  |        ^^^^^^^^^^^^^^ `importlib.util` redefined here
6 | import json
7 | import sys
  |
help: Remove definition: `importlib.util`
  |
4 | import importlib.util
  - import importlib.util
5 | import json
  |

Found 2 errors.
[*] 2 fixable with the `--fix` option.
