{
  "status": "PASS",
  "reviewed_head_sha": "ff93c08c7c32fba9e8dede0c161bb4f97bc98259",
  "prerequisites": 12,
  "raw_checks": 12,
  "suite_witness_counts": {
    "namespace": 61,
    "runtime_registration": 61,
    "admitted_inputs_only": 61,
    "atomic_receipt_event_outbox": 69,
    "sealed_source_and_published_basis": 61,
    "upstream": 61,
    "forward_stage": 410,
    "output": 174,
    "full_output": 173,
    "full_prepared_chain": 56,
    "real_T7_current_eligibility_before_mutation": 3,
    "positive_ordinary_pause_resume": 1,
    "full_commit": 1,
    "cleanup": 61,
    "lifecycle_current_preconditions": 12,
    "current_T7": 3,
    "actual_T7_before_authority_loss": 6,
    "ApplyControl_locked_current_epoch": 4,
    "exact_zero_effect_denial": 44,
    "historical_identity_only": 9,
    "blocked": 4,
    "trusted_post_lock_expiry_DC": 4,
    "f2_repair": 1,
    "scope_non_executable": 14,
    "foreign_principal_no_capability": 3,
    "AcceptFactRevision_locked_current_frontier_epoch": 1,
    "incomplete_source_no_authority": 5,
    "policy_scope_rejects_forward_stage": 2
  },
  "persisted_snapshots": 182,
  "certificates": 44,
  "namespace": {
    "compose": "kineticloop-kl027-demo-72a9a5f-02d718cec5f6",
    "database": "kineticloop_kl027_demo_72a9a5f_02d718cec5f6",
    "resolved_root_digest": "02d718cec5f6"
  }
}
