REVIEWED_SHA 15a6c19d67d6c42ed43c1b16fff47aa65be3df76
ROOT /private/tmp/kl078-db-review-15a6c19
COMMAND uv run pytest -q tests/db/test_preparation.py::test_no_authority
INFO  [alembic.runtime.migration] Context impl PostgresqlImpl.
INFO  [alembic.runtime.migration] Will assume transactional DDL.
INFO  [alembic.runtime.migration] Running upgrade  -> 76fd67f76bd4, frozen S01-S51 baseline
INFO  [alembic.runtime.migration] Context impl PostgresqlImpl.
INFO  [alembic.runtime.migration] Will assume transactional DDL.
INFO  [alembic.runtime.migration] Running upgrade 76fd67f76bd4 -> a3f91c7d2e10, migrated SafetyRegistry integration and role-owner hardening
INFO  [alembic.runtime.migration] Running upgrade a3f91c7d2e10 -> b6e4d8a1c927, trusted artifact registration and bounded dependency admission
INFO  [alembic.runtime.migration] Running upgrade b6e4d8a1c927 -> d4c1a9e7b203, production, test, and evaluation subject namespace isolation
INFO  [alembic.runtime.migration] Running upgrade d4c1a9e7b203 -> e8c2f1a6b904, Materialize frozen S27 active partition uniqueness (legacy PENDING = ADMITTED).
NAMESPACE DatabaseNamespace(project_name='kineticloop-kl078-prep-15a6c19-52ea0b52430e', database_name='kineticloop_kl078_prep_15a6c19_52ea0b52430e') MIGRATION e8c2f1a6b904
ACTUAL_SOURCE efdc5ef3-5b66-5504-aeb2-6b479e986fc0 SEALED
ACTUAL_SOURCE 529c26f6-3fa5-5c3c-9261-a4c449862321 SEALED
OBSERVED_S01_BLOCKER 113 114
FROZEN_T3_LOCK_ORDER 7 8
.LIFECYCLE ['bootstrap_two_phase(selected_lifecycle)', 'reset', 'start', 'destroy'] CLEANUP_OK elapsed 3.542200082913041

1 passed in 3.77s

EXIT_CODE 0
ELAPSED_SECONDS 3.9425215000000016
