{
  "reviewed_sha": "15a6c19d67d6c42ed43c1b16fff47aa65be3df76",
  "compose_project": "kineticloop-kl078-prep-15a6c19-52ea0b52430e",
  "database": "kineticloop_kl078_prep_15a6c19_52ea0b52430e",
  "fixture_cleanup_verified": true,
  "owned_inventory_after": {
    "containers": [],
    "volumes": [],
    "networks": []
  },
  "removed_private_paths": [
    "/private/tmp/kl078-db-review-15a6c19",
    "/private/tmp/kl078-db-review-venv",
    "/private/tmp/kl078-db-review-python",
    "/private/tmp/kl078-db-review-cache"
  ],
  "raw_logs_preserved": [
    "DB_CONCURRENCY-audit.log",
    "DB_CONCURRENCY-basis_denials.log",
    "DB_CONCURRENCY-capabilities.log",
    "DB_CONCURRENCY-cleanup.log",
    "DB_CONCURRENCY-duplicate_rollback.log",
    "DB_CONCURRENCY-immutable_replay.log",
    "DB_CONCURRENCY-namespace.log",
    "DB_CONCURRENCY-no_authority.log",
    "DB_CONCURRENCY-owner_pipeline.log",
    "DB_CONCURRENCY-revision.log",
    "DB_CONCURRENCY-setup.log",
    "DB_CONCURRENCY-suite.log"
  ]
}
