{
  "reviewed_sha": "15a6c19d67d6c42ed43c1b16fff47aa65be3df76",
  "protected_base": "7186b3024dcb5a555070391cf138b5e300819db5",
  "prerequisite_verification": [
    {
      "task": "KL-017",
      "result": "PASS",
      "integration": "MERGED",
      "normal_merge": "21ec0b508959d8ce24dfe1a0e4d59a0820394068",
      "parents": [
        "a2602123a539787ed2a6bed25b892109474d0395",
        "366d96f0dbc08b3f7d775d860bdce0dbe9b873e1"
      ]
    },
    {
      "task": "KL-019",
      "result": "PASS",
      "integration": "MERGED",
      "normal_merge": "cfbfae0c366e654060d5d52f961a37abf956f2a0",
      "parents": [
        "62e75bac61c8f3e9b3de6cdc6d19a84ce2776908",
        "b7f14f00e2f1fcc0524d23afa0769740851d4c2c"
      ]
    },
    {
      "task": "KL-022",
      "result": "PASS",
      "integration": "MERGED",
      "normal_merge": "88adc5be3f7c567413be671a2b3dc5e6c802ffe8",
      "parents": [
        "08e743c3ada23ea226bfaacb1dae5e080b6a71bb",
        "6cd0f6fa4d3d35792a9802e68a456ebb89c6306e"
      ]
    },
    {
      "task": "KL-023",
      "result": "PASS",
      "integration": "MERGED",
      "normal_merge": "8df9d8851cdc8f68e1f6429149b420604d6aa1b5",
      "parents": [
        "e97a0488515f16e840b3328c13e4b5bba6196ccf",
        "01ff68828efa8007fc88def7765e14de87b582e5"
      ]
    },
    {
      "task": "KL-074",
      "result": "PASS",
      "integration": "MERGED",
      "normal_merge": "3c1312e5946593d73f169f6ea1ce559c27523bd2",
      "parents": [
        "cfbfae0c366e654060d5d52f961a37abf956f2a0",
        "ed7246bd6c74edbec78edc60fe2682fc93df33e6"
      ]
    }
  ],
  "committed_oracle_counts": {
    "preparation_namespace_pu": {
      "name": "pytest",
      "errors": "0",
      "failures": "0",
      "skipped": "0",
      "tests": "1",
      "time": "0.589",
      "timestamp": "2026-10-01T03:15:38.466539-07:00",
      "hostname": "Daves-MacBook-Pro---26.local"
    },
    "preparation_owner_pipeline_dc": {
      "name": "pytest",
      "errors": "0",
      "failures": "0",
      "skipped": "0",
      "tests": "1",
      "time": "3.709",
      "timestamp": "2026-10-01T03:15:39.256492-07:00",
      "hostname": "Daves-MacBook-Pro---26.local"
    },
    "preparation_basis_denials_dc": {
      "name": "pytest",
      "errors": "0",
      "failures": "0",
      "skipped": "0",
      "tests": "1",
      "time": "5.197",
      "timestamp": "2026-10-01T03:15:43.174584-07:00",
      "hostname": "Daves-MacBook-Pro---26.local"
    },
    "preparation_immutable_replay_dc": {
      "name": "pytest",
      "errors": "0",
      "failures": "0",
      "skipped": "0",
      "tests": "1",
      "time": "3.760",
      "timestamp": "2026-10-01T03:15:48.604410-07:00",
      "hostname": "Daves-MacBook-Pro---26.local"
    },
    "preparation_duplicate_rollback_dc": {
      "name": "pytest",
      "errors": "0",
      "failures": "0",
      "skipped": "0",
      "tests": "1",
      "time": "4.050",
      "timestamp": "2026-10-01T03:15:52.613749-07:00",
      "hostname": "Daves-MacBook-Pro---26.local"
    },
    "preparation_no_authority_dc": {
      "name": "pytest",
      "errors": "0",
      "failures": "0",
      "skipped": "0",
      "tests": "1",
      "time": "3.814",
      "timestamp": "2026-10-01T03:15:56.858202-07:00",
      "hostname": "Daves-MacBook-Pro---26.local"
    },
    "preparation_suite_dc": {
      "name": "pytest",
      "errors": "0",
      "failures": "0",
      "skipped": "0",
      "tests": "5",
      "time": "19.562",
      "timestamp": "2026-10-01T03:16:00.895452-07:00",
      "hostname": "Daves-MacBook-Pro---26.local"
    }
  },
  "implementation_same_as_tested_commit": true
}
