INFO  [alembic.runtime.migration] Context impl PostgresqlImpl.
INFO  [alembic.runtime.migration] Will assume transactional DDL.
INFO  [alembic.runtime.migration] Running upgrade  -> 76fd67f76bd4, frozen S01-S51 baseline
INFO  [alembic.runtime.migration] Context impl PostgresqlImpl.
INFO  [alembic.runtime.migration] Will assume transactional DDL.
INFO  [alembic.runtime.migration] Running upgrade 76fd67f76bd4 -> a3f91c7d2e10, migrated SafetyRegistry integration and role-owner hardening
INFO  [alembic.runtime.migration] Running upgrade a3f91c7d2e10 -> b6e4d8a1c927, trusted artifact registration and bounded dependency admission
INFO  [alembic.runtime.migration] Running upgrade b6e4d8a1c927 -> d4c1a9e7b203, production, test, and evaluation subject namespace isolation
INFO  [alembic.runtime.migration] Running upgrade d4c1a9e7b203 -> e8c2f1a6b904, Materialize frozen S27 active partition uniqueness (legacy PENDING = ADMITTED).
NAMESPACE DatabaseNamespace(project_name='kineticloop-kl078-prep-15a6c19-595ea54abe9a', database_name='kineticloop_kl078_prep_15a6c19_595ea54abe9a') MIGRATION e8c2f1a6b904
ACTUAL_SOURCE cf4def34-02c4-5fc6-aa65-a683de0b8fc5 SEALED
OWNER_OUTPUT {'projection_id': '48113e30-45ae-57b8-96fd-675f044814f4', 'revision': 1, 'input_basis_hash': '64e871d0c63567ef8a646389cc8103fd78d4849d59b27bbea1bef27d5f16fee1', 'dependency_ids': ['31dc03e9-36fc-5cbe-872d-44cde676b971', '70c9bc83-1408-5d3d-a9f1-340ef06a9623', '8b137dd1-df96-5007-add8-6b9a59fb8696', '9204ebd7-a4c4-59f3-9b7e-6b3fa94da381', 'd74c93b2-6639-5e1d-8f91-19c6ff0304d5', 'f8c684b1-ce44-569b-980e-f44ddd464dcd'], 'executable': False} {'build_id': '011cc2ca-19c8-5381-a568-6963515c7c87', 'status': 'READY', 'dependency_basis_hash': 'd70b4c6a1fcd0fe36a0353c7766203ba9a81cce70902094e29aaabd23f87cca5', 'artifact_dependency_closure_hash': 'd0193582607ec7000d8ff048d542f80b929dcae1d3674f666d282456bfdd6755', 'manifest_hash': 'd13917d6b348f17e300869c4f808ae5737d3da518cf70bb63a6f7d8411ab1e9f', 'executable': False} {'manifest_id': 'e87e2ae1-83c6-438a-ba5a-7c63f21f433b', 'generation': 1, 'receipt_id': 'acf9f8ad-057c-4763-ada9-23cc419355e1', 'event_id': 'b7a9a2dd-ebcd-4801-a171-4958d4af493b', 'executable': False, 'replayed': False}
.INFO  [alembic.runtime.migration] Context impl PostgresqlImpl.
INFO  [alembic.runtime.migration] Will assume transactional DDL.
INFO  [alembic.runtime.migration] Running upgrade  -> 76fd67f76bd4, frozen S01-S51 baseline
INFO  [alembic.runtime.migration] Context impl PostgresqlImpl.
INFO  [alembic.runtime.migration] Will assume transactional DDL.
INFO  [alembic.runtime.migration] Running upgrade 76fd67f76bd4 -> a3f91c7d2e10, migrated SafetyRegistry integration and role-owner hardening
INFO  [alembic.runtime.migration] Running upgrade a3f91c7d2e10 -> b6e4d8a1c927, trusted artifact registration and bounded dependency admission
INFO  [alembic.runtime.migration] Running upgrade b6e4d8a1c927 -> d4c1a9e7b203, production, test, and evaluation subject namespace isolation
INFO  [alembic.runtime.migration] Running upgrade d4c1a9e7b203 -> e8c2f1a6b904, Materialize frozen S27 active partition uniqueness (legacy PENDING = ADMITTED).
LIFECYCLE ['bootstrap_two_phase(selected_lifecycle)', 'reset', 'start', 'destroy'] CLEANUP_OK elapsed 3.4706970839761198
NAMESPACE DatabaseNamespace(project_name='kineticloop-kl078-prep-15a6c19-595ea54abe9a', database_name='kineticloop_kl078_prep_15a6c19_595ea54abe9a') MIGRATION e8c2f1a6b904
ACTUAL_SOURCE 761c2d07-36f7-5b45-b902-623211e9eaa9 READY
ACTUAL_SOURCE bf95f53a-28c6-5f3c-acce-14397b0f927e SEALED
ACTUAL_SOURCE e9d37caf-10eb-542e-a7a5-accf04a0df3b SEALED
ACTUAL_SOURCE 9950c55c-75b4-5986-8b52-355984617aa9 SEALED
ACTUAL_SOURCE 57735820-00a6-51c0-8dd1-dafbe923b0f8 SEALED
ACTUAL_SOURCE d94bcb88-cb93-5e77-8f4d-a5e23de9c413 SEALED
.INFO  [alembic.runtime.migration] Context impl PostgresqlImpl.
INFO  [alembic.runtime.migration] Will assume transactional DDL.
INFO  [alembic.runtime.migration] Running upgrade  -> 76fd67f76bd4, frozen S01-S51 baseline
INFO  [alembic.runtime.migration] Context impl PostgresqlImpl.
INFO  [alembic.runtime.migration] Will assume transactional DDL.
INFO  [alembic.runtime.migration] Running upgrade 76fd67f76bd4 -> a3f91c7d2e10, migrated SafetyRegistry integration and role-owner hardening
INFO  [alembic.runtime.migration] Running upgrade a3f91c7d2e10 -> b6e4d8a1c927, trusted artifact registration and bounded dependency admission
INFO  [alembic.runtime.migration] Running upgrade b6e4d8a1c927 -> d4c1a9e7b203, production, test, and evaluation subject namespace isolation
INFO  [alembic.runtime.migration] Running upgrade d4c1a9e7b203 -> e8c2f1a6b904, Materialize frozen S27 active partition uniqueness (legacy PENDING = ADMITTED).
LIFECYCLE ['bootstrap_two_phase(selected_lifecycle)', 'reset', 'start', 'destroy'] CLEANUP_OK elapsed 4.888697665883228
NAMESPACE DatabaseNamespace(project_name='kineticloop-kl078-prep-15a6c19-595ea54abe9a', database_name='kineticloop_kl078_prep_15a6c19_595ea54abe9a') MIGRATION e8c2f1a6b904
ACTUAL_SOURCE db4f7038-cf4a-53cd-8351-a3995193a6f2 SEALED
ACTUAL_SOURCE 983cb90f-f51c-5dee-a5f1-183d6fd157e4 SEALED
.INFO  [alembic.runtime.migration] Context impl PostgresqlImpl.
INFO  [alembic.runtime.migration] Will assume transactional DDL.
INFO  [alembic.runtime.migration] Running upgrade  -> 76fd67f76bd4, frozen S01-S51 baseline
INFO  [alembic.runtime.migration] Context impl PostgresqlImpl.
INFO  [alembic.runtime.migration] Will assume transactional DDL.
INFO  [alembic.runtime.migration] Running upgrade 76fd67f76bd4 -> a3f91c7d2e10, migrated SafetyRegistry integration and role-owner hardening
INFO  [alembic.runtime.migration] Running upgrade a3f91c7d2e10 -> b6e4d8a1c927, trusted artifact registration and bounded dependency admission
INFO  [alembic.runtime.migration] Running upgrade b6e4d8a1c927 -> d4c1a9e7b203, production, test, and evaluation subject namespace isolation
INFO  [alembic.runtime.migration] Running upgrade d4c1a9e7b203 -> e8c2f1a6b904, Materialize frozen S27 active partition uniqueness (legacy PENDING = ADMITTED).
LIFECYCLE ['bootstrap_two_phase(selected_lifecycle)', 'reset', 'start', 'destroy'] CLEANUP_OK elapsed 3.4931901250965893
NAMESPACE DatabaseNamespace(project_name='kineticloop-kl078-prep-15a6c19-595ea54abe9a', database_name='kineticloop_kl078_prep_15a6c19_595ea54abe9a') MIGRATION e8c2f1a6b904
ACTUAL_SOURCE bb0cb80e-78b7-530a-b58d-187525a9f41c SEALED
ACTUAL_SOURCE 08b8afa4-2ba7-5db6-8826-89d050fe81e4 SEALED
ACTUAL_SOURCE f9a35cee-5915-5c6e-a6f5-c11f517923bb SEALED
ACTUAL_SOURCE 8ae77912-98f9-5ac9-b7d2-65e041436bb3 SEALED
ACTUAL_SOURCE c5ac3f39-2279-5173-b6e6-82c06f1a101c SEALED
OBSERVED_LOCAL_BLOCKER projection {'first': 116, 'second': 118}
ACTUAL_SOURCE 4fb4dca7-e55f-5990-9266-b11a787f59c5 SEALED
OBSERVED_LOCAL_BLOCKER build {'first': 119, 'second': 120}
ACTUAL_SOURCE 221be6a3-ef99-5ce2-9f1e-547585961329 SEALED
OBSERVED_LOCAL_BLOCKER complete {'first': 121, 'second': 122}
.INFO  [alembic.runtime.migration] Context impl PostgresqlImpl.
INFO  [alembic.runtime.migration] Will assume transactional DDL.
INFO  [alembic.runtime.migration] Running upgrade  -> 76fd67f76bd4, frozen S01-S51 baseline
INFO  [alembic.runtime.migration] Context impl PostgresqlImpl.
INFO  [alembic.runtime.migration] Will assume transactional DDL.
INFO  [alembic.runtime.migration] Running upgrade 76fd67f76bd4 -> a3f91c7d2e10, migrated SafetyRegistry integration and role-owner hardening
INFO  [alembic.runtime.migration] Running upgrade a3f91c7d2e10 -> b6e4d8a1c927, trusted artifact registration and bounded dependency admission
INFO  [alembic.runtime.migration] Running upgrade b6e4d8a1c927 -> d4c1a9e7b203, production, test, and evaluation subject namespace isolation
INFO  [alembic.runtime.migration] Running upgrade d4c1a9e7b203 -> e8c2f1a6b904, Materialize frozen S27 active partition uniqueness (legacy PENDING = ADMITTED).
LIFECYCLE ['bootstrap_two_phase(selected_lifecycle)', 'reset', 'start', 'destroy'] CLEANUP_OK elapsed 3.8513999998103827
NAMESPACE DatabaseNamespace(project_name='kineticloop-kl078-prep-15a6c19-595ea54abe9a', database_name='kineticloop_kl078_prep_15a6c19_595ea54abe9a') MIGRATION e8c2f1a6b904
ACTUAL_SOURCE 4867374b-1b72-5395-b243-07ad5d7d14e1 SEALED
ACTUAL_SOURCE 8c7445f3-0ad4-5f49-93b8-03520cf5d1ce SEALED
OBSERVED_S01_BLOCKER 113 114
FROZEN_T3_LOCK_ORDER 7 8
.LIFECYCLE ['bootstrap_two_phase(selected_lifecycle)', 'reset', 'start', 'destroy'] CLEANUP_OK elapsed 3.5157357088755816

5 passed in 19.55s
