INFO  [alembic.runtime.migration] Context impl PostgresqlImpl.
INFO  [alembic.runtime.migration] Will assume transactional DDL.
INFO  [alembic.runtime.migration] Running upgrade  -> 76fd67f76bd4, frozen S01-S51 baseline
INFO  [alembic.runtime.migration] Context impl PostgresqlImpl.
INFO  [alembic.runtime.migration] Will assume transactional DDL.
INFO  [alembic.runtime.migration] Running upgrade 76fd67f76bd4 -> a3f91c7d2e10, migrated SafetyRegistry integration and role-owner hardening
INFO  [alembic.runtime.migration] Running upgrade a3f91c7d2e10 -> b6e4d8a1c927, trusted artifact registration and bounded dependency admission
INFO  [alembic.runtime.migration] Running upgrade b6e4d8a1c927 -> d4c1a9e7b203, production, test, and evaluation subject namespace isolation
INFO  [alembic.runtime.migration] Running upgrade d4c1a9e7b203 -> e8c2f1a6b904, Materialize frozen S27 active partition uniqueness (legacy PENDING = ADMITTED).
NAMESPACE DatabaseNamespace(project_name='kineticloop-kl078-prep-15a6c19-e194b359b04a', database_name='kineticloop_kl078_prep_15a6c19_e194b359b04a') MIGRATION e8c2f1a6b904
ACTUAL_SOURCE c442cdf1-dbfa-579f-b0a9-9e11ab248306 SEALED
OWNER_OUTPUT {'projection_id': '64ca7fb7-f875-5789-a7f5-492ccba82259', 'revision': 1, 'input_basis_hash': '632607509cbc483ba1ef085d0adf663981bba94a088d0b81abd970f4dc0d7ea4', 'dependency_ids': ['09d26864-bb20-5d2f-a950-57a22f3dba71', '6eb6f28f-53f2-5fa4-8e2c-688ac3a847e8', '8c06a099-8f02-5857-a019-b581a3db0781', '93bb099c-bdf0-5f37-8c11-aa587ee224cd', 'd5f75a72-ecd3-530b-92b0-6581cb08afba', 'de007231-33ba-570e-860e-c589cc447484'], 'executable': False} {'build_id': '06ec5186-65ae-56c7-b3fc-cc1f03b98fbc', 'status': 'READY', 'dependency_basis_hash': '25b9d083d193275a577447f07bdecd339c7fe8ba49a2ee894af95d834efdc816', 'artifact_dependency_closure_hash': '1ee4cdfd9288d34dba82aaafd0d85e206edb2b6011adea9d9b8649a29332f9c5', 'manifest_hash': '63ded4f31d4e25adbca39d90623f7284c1e0183d67e9d64e27323d5b4796de69', 'executable': False} {'manifest_id': '452847f2-f2a7-4672-94a6-f3d64e788ec9', 'generation': 1, 'receipt_id': 'c8a29979-65e2-441e-8d39-9de23b153eec', 'event_id': '918cfd9f-0e3c-4086-a76e-6925d82149b4', 'executable': False, 'replayed': False}
.INFO  [alembic.runtime.migration] Context impl PostgresqlImpl.
INFO  [alembic.runtime.migration] Will assume transactional DDL.
INFO  [alembic.runtime.migration] Running upgrade  -> 76fd67f76bd4, frozen S01-S51 baseline
INFO  [alembic.runtime.migration] Context impl PostgresqlImpl.
INFO  [alembic.runtime.migration] Will assume transactional DDL.
INFO  [alembic.runtime.migration] Running upgrade 76fd67f76bd4 -> a3f91c7d2e10, migrated SafetyRegistry integration and role-owner hardening
INFO  [alembic.runtime.migration] Running upgrade a3f91c7d2e10 -> b6e4d8a1c927, trusted artifact registration and bounded dependency admission
INFO  [alembic.runtime.migration] Running upgrade b6e4d8a1c927 -> d4c1a9e7b203, production, test, and evaluation subject namespace isolation
INFO  [alembic.runtime.migration] Running upgrade d4c1a9e7b203 -> e8c2f1a6b904, Materialize frozen S27 active partition uniqueness (legacy PENDING = ADMITTED).
LIFECYCLE ['bootstrap_two_phase(selected_lifecycle)', 'reset', 'start', 'destroy'] CLEANUP_OK elapsed 3.4025617090519518
NAMESPACE DatabaseNamespace(project_name='kineticloop-kl078-prep-15a6c19-e194b359b04a', database_name='kineticloop_kl078_prep_15a6c19_e194b359b04a') MIGRATION e8c2f1a6b904
ACTUAL_SOURCE 237c44f0-e0c7-5d94-a65c-5c7515bd90ad READY
ACTUAL_SOURCE 949a22d3-5217-54d9-a6f1-731fb1a6aa2a SEALED
ACTUAL_SOURCE e29d7efd-cde8-58d1-aa05-bf83df59dac6 SEALED
ACTUAL_SOURCE adaa256b-d273-5cd3-b317-1110ea234030 SEALED
ACTUAL_SOURCE ec3fe931-969f-5b63-9e6a-89a68fa54a32 SEALED
ACTUAL_SOURCE 602628d9-07cd-5387-b1cd-1ec66e5f9e6e SEALED
.INFO  [alembic.runtime.migration] Context impl PostgresqlImpl.
INFO  [alembic.runtime.migration] Will assume transactional DDL.
INFO  [alembic.runtime.migration] Running upgrade  -> 76fd67f76bd4, frozen S01-S51 baseline
INFO  [alembic.runtime.migration] Context impl PostgresqlImpl.
INFO  [alembic.runtime.migration] Will assume transactional DDL.
INFO  [alembic.runtime.migration] Running upgrade 76fd67f76bd4 -> a3f91c7d2e10, migrated SafetyRegistry integration and role-owner hardening
INFO  [alembic.runtime.migration] Running upgrade a3f91c7d2e10 -> b6e4d8a1c927, trusted artifact registration and bounded dependency admission
INFO  [alembic.runtime.migration] Running upgrade b6e4d8a1c927 -> d4c1a9e7b203, production, test, and evaluation subject namespace isolation
INFO  [alembic.runtime.migration] Running upgrade d4c1a9e7b203 -> e8c2f1a6b904, Materialize frozen S27 active partition uniqueness (legacy PENDING = ADMITTED).
LIFECYCLE ['bootstrap_two_phase(selected_lifecycle)', 'reset', 'start', 'destroy'] CLEANUP_OK elapsed 4.893980665830895
NAMESPACE DatabaseNamespace(project_name='kineticloop-kl078-prep-15a6c19-e194b359b04a', database_name='kineticloop_kl078_prep_15a6c19_e194b359b04a') MIGRATION e8c2f1a6b904
ACTUAL_SOURCE 81e9717c-0dfb-58b7-b0d9-c1f8ffdc1ccb SEALED
ACTUAL_SOURCE 2af78a2c-298d-5e91-84b5-519709727cfa SEALED
.INFO  [alembic.runtime.migration] Context impl PostgresqlImpl.
INFO  [alembic.runtime.migration] Will assume transactional DDL.
INFO  [alembic.runtime.migration] Running upgrade  -> 76fd67f76bd4, frozen S01-S51 baseline
INFO  [alembic.runtime.migration] Context impl PostgresqlImpl.
INFO  [alembic.runtime.migration] Will assume transactional DDL.
INFO  [alembic.runtime.migration] Running upgrade 76fd67f76bd4 -> a3f91c7d2e10, migrated SafetyRegistry integration and role-owner hardening
INFO  [alembic.runtime.migration] Running upgrade a3f91c7d2e10 -> b6e4d8a1c927, trusted artifact registration and bounded dependency admission
INFO  [alembic.runtime.migration] Running upgrade b6e4d8a1c927 -> d4c1a9e7b203, production, test, and evaluation subject namespace isolation
INFO  [alembic.runtime.migration] Running upgrade d4c1a9e7b203 -> e8c2f1a6b904, Materialize frozen S27 active partition uniqueness (legacy PENDING = ADMITTED).
LIFECYCLE ['bootstrap_two_phase(selected_lifecycle)', 'reset', 'start', 'destroy'] CLEANUP_OK elapsed 3.57879158295691
NAMESPACE DatabaseNamespace(project_name='kineticloop-kl078-prep-15a6c19-e194b359b04a', database_name='kineticloop_kl078_prep_15a6c19_e194b359b04a') MIGRATION e8c2f1a6b904
ACTUAL_SOURCE 78840bf5-5ece-59bc-9944-7bf0d73875f4 SEALED
ACTUAL_SOURCE 8d5a0113-9a56-5eeb-92c0-e1849fdfdee3 SEALED
ACTUAL_SOURCE fee0fdd3-abbf-5d42-9ef8-6053e6459e6a SEALED
ACTUAL_SOURCE b886112d-9a53-5cdb-8bb2-b8bd09cf3ed0 SEALED
ACTUAL_SOURCE 4c423474-df50-5c8d-af36-d61f7be4b08e SEALED
OBSERVED_LOCAL_BLOCKER projection {'first': 110, 'second': 111}
ACTUAL_SOURCE 35626ed6-cb46-51d0-93cf-beb4c093017b SEALED
OBSERVED_LOCAL_BLOCKER build {'first': 112, 'second': 113}
ACTUAL_SOURCE b74655be-d3ef-53bb-bfa4-ce57cb37ae5c SEALED
OBSERVED_LOCAL_BLOCKER complete {'first': 114, 'second': 115}
.INFO  [alembic.runtime.migration] Context impl PostgresqlImpl.
INFO  [alembic.runtime.migration] Will assume transactional DDL.
INFO  [alembic.runtime.migration] Running upgrade  -> 76fd67f76bd4, frozen S01-S51 baseline
INFO  [alembic.runtime.migration] Context impl PostgresqlImpl.
INFO  [alembic.runtime.migration] Will assume transactional DDL.
INFO  [alembic.runtime.migration] Running upgrade 76fd67f76bd4 -> a3f91c7d2e10, migrated SafetyRegistry integration and role-owner hardening
INFO  [alembic.runtime.migration] Running upgrade a3f91c7d2e10 -> b6e4d8a1c927, trusted artifact registration and bounded dependency admission
INFO  [alembic.runtime.migration] Running upgrade b6e4d8a1c927 -> d4c1a9e7b203, production, test, and evaluation subject namespace isolation
INFO  [alembic.runtime.migration] Running upgrade d4c1a9e7b203 -> e8c2f1a6b904, Materialize frozen S27 active partition uniqueness (legacy PENDING = ADMITTED).
LIFECYCLE ['bootstrap_two_phase(selected_lifecycle)', 'reset', 'start', 'destroy'] CLEANUP_OK elapsed 3.646540624788031
NAMESPACE DatabaseNamespace(project_name='kineticloop-kl078-prep-15a6c19-e194b359b04a', database_name='kineticloop_kl078_prep_15a6c19_e194b359b04a') MIGRATION e8c2f1a6b904
ACTUAL_SOURCE 503aa515-69a2-5b95-b11c-4383dfcca1ad SEALED
ACTUAL_SOURCE 522d098b-e2ac-5090-973f-3892b227c2e6 SEALED
OBSERVED_S01_BLOCKER 114 115
FROZEN_T3_LOCK_ORDER 7 8
.LIFECYCLE ['bootstrap_two_phase(selected_lifecycle)', 'reset', 'start', 'destroy'] CLEANUP_OK elapsed 3.577034750021994

5 passed in 19.48s
