KL-017 ACTUAL_BASE_RESULT_PASS_REVIEW_HASHES_MATCH_NORMAL_MERGE_ANCESTOR 21ec0b508959d8ce24dfe1a0e4d59a0820394068
KL-019 ACTUAL_BASE_RESULT_PASS_REVIEW_HASHES_MATCH_NORMAL_MERGE_ANCESTOR cfbfae0c366e654060d5d52f961a37abf956f2a0
KL-022 ACTUAL_BASE_RESULT_PASS_REVIEW_HASHES_MATCH_NORMAL_MERGE_ANCESTOR 88adc5be3f7c567413be671a2b3dc5e6c802ffe8
KL-023 ACTUAL_BASE_RESULT_PASS_REVIEW_HASHES_MATCH_NORMAL_MERGE_ANCESTOR 8df9d8851cdc8f68e1f6429149b420604d6aa1b5
KL-074 ACTUAL_BASE_RESULT_PASS_REVIEW_HASHES_MATCH_NORMAL_MERGE_ANCESTOR 3c1312e5946593d73f169f6ea1ce559c27523bd2
M2 PASS HASH_MATCH (initial diagnostic used status instead of closure_status; corrected here)
AUTHORITY_HASH_MATCH DOC-PROTOCOL-V1.2
AUTHORITY_HASH_MATCH DOC-DB-V0.2
AUTHORITY_HASH_MATCH DOC-INTEGRATION-V0.1
AUTHORITY_HASH_MATCH DOC-ACCEPTANCE-GATES-V1.2.2
DECLARED_IMMUTABLE_FILES_IDENTICAL_TO_BASE
GUARD_BYTE_IDENTICAL execute_command 39e4b55d45eebd0db9477e5fa30e1101886b44c2f798ce81e1304328201dca34
GUARD_BYTE_IDENTICAL _prepare_manifest_publication e75cca1662c8bf9411724c72cb5e239452249201c3196e7e352fa298c651060f
GUARD_BYTE_IDENTICAL acquire_registry_lease 24ef97f43e4944c567b7de60b76a38abf20f6cc021017d471736f71f9aaef2c0
GUARD_BYTE_IDENTICAL _acquire_publish_candidate_registry_lease f3ad0ba883fa8b000459bdf8c178c7042de58f89e6b61ae480162af8a974f4e2
GUARD_BYTE_IDENTICAL require_test_execution_ingress 9681daee0fc604a4d2da4be661d7202dd4c8acbd85c37a8c015084adfbb32dd4
GUARD_BYTE_IDENTICAL _prepare_factset_seal 500f1e78f9d0951293dc5018c0ac607287dbe15b64c59fa751f1d95d1a104cb0
GUARD_BYTE_IDENTICAL replay_outcome c8b6fb72eeee4ff641919337dbffbce1a1620ddaae7909b213d487895bad5655
GUARD_BYTE_IDENTICAL lock_subject 989666767fc8c069fbeb992164c87157a5f06fb32e89b2a3f40cb61e45bf9415
TESTED_TO_REVIEWED_IMPLEMENTATION_TEST_CONTRACT_BYTES_IDENTICAL
COMMITTED_CHECK_COMMAND_COUNT_EXIT_MATCH preparation_revision_pu 1
COMMITTED_CHECK_COMMAND_COUNT_EXIT_MATCH preparation_capability_pu 1
COMMITTED_CHECK_COMMAND_COUNT_EXIT_MATCH preparation_namespace_pu 1
COMMITTED_CHECK_COMMAND_COUNT_EXIT_MATCH preparation_owner_pipeline_dc 1
COMMITTED_CHECK_COMMAND_COUNT_EXIT_MATCH preparation_basis_denials_dc 1
COMMITTED_CHECK_COMMAND_COUNT_EXIT_MATCH preparation_immutable_replay_dc 1
COMMITTED_CHECK_COMMAND_COUNT_EXIT_MATCH preparation_duplicate_rollback_dc 1
COMMITTED_CHECK_COMMAND_COUNT_EXIT_MATCH preparation_no_authority_dc 1
COMMITTED_CHECK_COMMAND_COUNT_EXIT_MATCH preparation_suite_dc 5
COMMITTED_CHECK_COMMAND_COUNT_EXIT_MATCH harness_validation_passes None
COMMITTED_CHECK_COMMAND_COUNT_EXIT_MATCH unit_regressions_pass 219
COMMITTED_CHECK_COMMAND_COUNT_EXIT_MATCH harness_regressions_pass 626
COMMITTED_CHECK_COMMAND_COUNT_EXIT_MATCH lint_passes None
COMMITTED_CHECK_COMMAND_COUNT_EXIT_MATCH typecheck_passes None
ALL FOURTEEN COMMITTED COMMAND RECORDS VERIFIED; EXACT ORACLES REQUIRE SEPARATE SOURCE REVIEW
