KL-020 required task checks
tested_commit: b67a19c34b5b2139f4e88d00166ddf9050bd5179
review_status: CHANGES_REQUIRED_SUPERSEDED
review_note: >-
  The commands below exited successfully, but independent review found that the
  original T2-T7 test stopped after lock/context observation and that historical
  replay did not yet prove aggregate-lock exclusion. This execution is retained as
  superseded evidence and is not the final PASS basis.
database: kineticloop_kl020_b7ab4fa
compose_project: kineticloop-kl020-b7ab4fa
database_clock_fixture: PostgreSQL clock_timestamp()

check_id: transaction_owner_matrix_remains_complete
command: uv run pytest -q tests/unit/persistence/test_transactions.py::test_transaction_owner_matrix_complete
exit_code: 0
output:
.                                                                        [100%]
1 passed in 0.25s

check_id: t2_t7_subject_commands_share_s01_linearization
command: uv run pytest -q tests/db/test_transaction_interfaces.py::test_t2_t7_subject_commands_share_s01_linearization
exit_code: 0
output:
.                                                                        [100%]
1 passed in 2.90s
oracle_notes: INSUFFICIENT_AT_THIS_REVISION; superseded by the post-review execution.

check_id: concurrent_same_key_same_hash_replays_one_outcome
command: uv run pytest -q tests/db/test_transaction_interfaces.py::test_concurrent_same_key_same_hash_replays_one_outcome
exit_code: 0
output:
.                                                                        [100%]
1 passed in 2.54s
oracle_notes: >-
  PostgreSQL blocking observation proved the second caller waited behind S01. Both
  callers received byte-equivalent stored outcomes, exactly one was replayed, the
  mutation callback ran once, and exactly one S02, S03 and S04 identity persisted.

check_id: concurrent_same_key_different_hash_rejects_conflict
command: uv run pytest -q tests/db/test_transaction_interfaces.py::test_concurrent_same_key_different_hash_rejects_conflict
exit_code: 0
output:
.                                                                        [100%]
1 passed in 2.56s
oracle_notes: >-
  PostgreSQL blocking observation proved the loser waited behind S01. The loser
  raised IdempotencyConflict only after observing the committed SUCCEEDED receipt;
  the mutation callback ran once and only the winning S02/S03/S04 identities exist.

check_id: historical_replay_preserves_guard_boundary
command: uv run pytest -q tests/db/test_transaction_interfaces.py::test_historical_replay_preserves_guard_boundary
exit_code: 0
output:
.                                                                        [100%]
1 passed in 2.57s
oracle_notes: INSUFFICIENT_AT_THIS_REVISION; aggregate-lock exclusion was not tested.

check_id: receipt_lock_order_guards_remain_enforced
command: uv run pytest -q tests/db/test_transaction_interfaces.py::test_complete_frozen_lock_order_enforced tests/db/test_transaction_interfaces.py::test_multi_key_lock_order_is_stable tests/db/test_transaction_interfaces.py::test_reverse_lock_order_is_rejected tests/db/test_transaction_interfaces.py::test_receipt_before_s01_is_rejected
exit_code: 0
output:
..........                                                               [100%]
10 passed in 2.93s

check_id: transaction_interface_db_suite_passes
command: uv run pytest -q tests/db/test_transaction_interfaces.py
exit_code: 0
output:
....................................................                     [100%]
52 passed in 5.33s

check_id: harness_validation_passes
command: uv run kl check-harness
exit_code: 0
output:
HARNESS_CHECK_PASS tasks=70 active=67
