task_identity: harness-backlog-v0.2/KL-050
tested_commit: 3fcd2d09d4e4778e466124795695d279f7607fd2
base_commit: e7cfce1cbd76a1dbad32091529dd42a208770875

check_id: launch_scope_required_sources
command: uv run pytest -q tests/unit/integrations/test_launch_registry.py::test_launch_scope_required_sources
.                                                                        [100%]
1 passed in 0.04s

exit_code: 0

check_id: launch_scope_optional_sources
command: uv run pytest -q tests/unit/integrations/test_launch_registry.py::test_optional_sources_do_not_block_launch
.                                                                        [100%]
1 passed in 0.04s

exit_code: 0

check_id: launch_registry_closed_canonical_identity
command: uv run pytest -q tests/unit/integrations/test_launch_registry.py::test_registry_rejects_invalid_duplicate_unknown_entries
.                                                                        [100%]
1 passed in 0.04s

exit_code: 0

check_id: launch_registry_version_and_digest
command: uv run pytest -q tests/unit/integrations/test_launch_registry.py::test_registry_version_and_digest_are_deterministic
.                                                                        [100%]
1 passed in 0.04s

exit_code: 0

check_id: launch_registry_evidence_only
command: uv run pytest -q tests/unit/integrations/test_launch_registry.py::test_registry_cannot_grant_command_or_fact_authority
.                                                                        [100%]
1 passed in 0.03s

exit_code: 0

check_id: launch_registry_exposure_policy
command: uv run pytest -q tests/unit/integrations/test_launch_registry.py::test_oura_ai_exposure_remains_gated
.                                                                        [100%]
1 passed in 0.03s

exit_code: 0

check_id: launch_registry_health_coverage_separation
command: uv run pytest -q tests/unit/integrations/test_launch_registry.py::test_scope_membership_is_not_health_coverage_or_launch_ready
.                                                                        [100%]
1 passed in 0.04s

exit_code: 0

check_id: launch_registry_hermetic
command: uv run pytest -q tests/unit/integrations/test_launch_registry.py::test_registry_is_hermetic
.                                                                        [100%]
1 passed in 0.06s

exit_code: 0

check_id: launch_registry_suite_passes
command: uv run pytest -q tests/unit/integrations/test_launch_registry.py
........                                                                 [100%]
8 passed in 0.06s

exit_code: 0

check_id: provider_contract_regressions
command: uv run pytest -q tests/unit/integrations
...................                                                      [100%]
19 passed in 0.15s

exit_code: 0

check_id: lint_passes
command: uv run kl lint
F401 [*] `kineticloop.integrations.launch_registry.LaunchRegistry` imported but unused
  --> tests/unit/integrations/test_launch_registry.py:16:5
   |
14 |     DegradationPolicy,
15 |     EvidenceDomain,
16 |     LaunchRegistry,
   |     ^^^^^^^^^^^^^^
17 |     LaunchRole,
18 |     MissingnessPolicy,
   |
help: Remove unused import: `kineticloop.integrations.launch_registry.LaunchRegistry`
   |
15 |     EvidenceDomain,
   -     LaunchRegistry,
16 |     LaunchRole,
   |

Found 1 error.
[*] 1 fixable with the `--fix` option.

exit_code: 1

