#0 building with "desktop-linux" instance using docker driver

#1 [internal] load build definition from Dockerfile
#1 DONE 0.0s

#1 [internal] load build definition from Dockerfile
#1 transferring dockerfile: 694B done
#1 DONE 0.0s

#2 [internal] load metadata for ghcr.io/astral-sh/uv:0.12.17@sha256:10787c682e4184e4f290de1171fd4703dc63de99221f10fe1c99002ce7fa9acc
#2 DONE 0.0s

#3 [internal] load metadata for docker.io/library/ubuntu:24.04@sha256:a853f94d226358a79c740cfc7bce0c289748f3fe3488d921d038ccd752c61b60
#3 DONE 0.0s

#4 [internal] load .dockerignore
#4 transferring context: 2B done
#4 DONE 0.0s

#5 [internal] load build context
#5 transferring context: 271B done
#5 DONE 0.0s

#6 [stage-1 1/4] FROM docker.io/library/ubuntu:24.04@sha256:a853f94d226358a79c740cfc7bce0c289748f3fe3488d921d038ccd752c61b60
#6 resolve docker.io/library/ubuntu:24.04@sha256:a853f94d226358a79c740cfc7bce0c289748f3fe3488d921d038ccd752c61b60 done
#6 DONE 0.0s

#7 [uv 1/1] FROM ghcr.io/astral-sh/uv:0.12.17@sha256:10787c682e4184e4f290de1171fd4703dc63de99221f10fe1c99002ce7fa9acc
#7 resolve ghcr.io/astral-sh/uv:0.12.17@sha256:10787c682e4184e4f290de1171fd4703dc63de99221f10fe1c99002ce7fa9acc done
#7 DONE 0.0s

#8 [stage-1 3/4] COPY --from=uv /uv /uvx /usr/local/bin/
#8 CACHED

#9 [stage-1 2/4] RUN apt-get update && apt-get install -y --no-install-recommends     ca-certificates curl git python3 python3-venv docker.io docker-compose-v2 iptables     && rm -rf /var/lib/apt/lists/*
#9 CACHED

#10 [stage-1 4/4] COPY entrypoint.sh /usr/local/bin/kineticloop-local-db
#10 CACHED

#11 exporting to image
#11 exporting layers done
#11 exporting manifest sha256:2056fa2048d5350e6dd2bd7e1d089624bc42ad2e5352cd19f067d559561e4763 done
#11 exporting config sha256:ecf005371b1d3934382c75643cc043e73b279ec537c27b975261d6186ce52860 done
#11 exporting attestation manifest sha256:e04680b2739e257bd9b0b22287a5e0695a10d01f14664901c62bb0c41d76461c 0.0s done
#11 exporting manifest list sha256:72743a669165200bc169ab62f78f99f4979a43f86ef40c1993da87b86add1069 done
#11 naming to docker.io/library/kl-gate-2440e41bd01a45e48ef7ffa52ad6fdbf:latest done
#11 unpacking to docker.io/library/kl-gate-2440e41bd01a45e48ef7ffa52ad6fdbf:latest done
#11 DONE 0.0s
