{
  "tested_commit": "afca6c0c83d220c2b6fc503acf96e5f504310472",
  "base_commit": "26906bd7f4444914c228e98377f2b164fee0dd5d",
  "status": "PASS",
  "changed_paths": [
    ".github/workflows/ci.yml",
    ".github/workflows/db.yml",
    "CURRENT_DOCUMENT_INDEX.json",
    "HARNESS_DOCUMENT_MANIFEST.json",
    "docs/exec-plans/evidence/HG-046/SCOPE.md",
    "docs/harness/HARNESS_GOVERNANCE_CONTRACT.md",
    "docs/harness/LOCAL_DB_CI.md",
    "docs/harness/M3_CLOSURE_CONTRACT.md",
    "docs/harness/MERGE_GATE.md",
    "tests/db/test_startup_readiness.py",
    "tests/harness/test_local_db_ci.py",
    "tools/harness/db_ci.py",
    "tools/harness/db_ci_pytest.py",
    "tools/harness/local_db/Dockerfile",
    "tools/harness/local_db/entrypoint.sh",
    "tools/harness/validate_harness.py"
  ],
  "frozen_unchanged": true,
  "runtime_and_db_fixtures_unchanged": true,
  "task_requirement_status_unchanged": true,
  "kl074_workflow_unchanged": true
}
