{
  "status": "PASS",
  "schema": "THREAD_REVIEW.schema.json",
  "envelope_classification": "ordinary review evidence",
  "protocol_files_preserved": true,
  "current_review_bytes": 148410,
  "stored_plus_current_reviews": 3401126,
  "files": [
    {
      "path": "docs/exec-plans/reviews/HG-049/SECURITY_DATA_BOUNDARY.json",
      "sha256": "5c43cba63032888eee747744c57819d0ca49c1e10da153fd82a0fd5ed55b5f27",
      "bytes": 856
    },
    {
      "path": "docs/exec-plans/reviews/HG-049/security/REPORT.md",
      "sha256": "debb179e9a1e57e82303780811dd5b77ceb398e0827b251b2598520702faa296",
      "bytes": 6909
    },
    {
      "path": "docs/exec-plans/reviews/HG-049/security/focused.log",
      "sha256": "accd5a936d5b9696664bfcbca6a31eaea1ffb04d12bbd46a626431b07877dc4e",
      "bytes": 225
    },
    {
      "path": "docs/exec-plans/reviews/HG-049/security/focused.xml",
      "sha256": "555db5957417fa57d1c656ea07771060922123d7316fe79b064e3e1fcbdcafb6",
      "bytes": 9803
    },
    {
      "path": "docs/exec-plans/reviews/HG-049/security/verify-initial.log",
      "sha256": "e9aa9159d2cbe58320883324c191fb73270aba34cf726b8562b7c7a1ef273c0e",
      "bytes": 11199
    },
    {
      "path": "docs/exec-plans/reviews/HG-049/security/verify.py",
      "sha256": "3a0c43eaba22cf51fc382c0a76a53246a5c5d0ba1a53ccf515770043fff0912e",
      "bytes": 9840
    }
  ]
}
