change_identity: harness-governance-v0.1/HG-034
tested_commit: 3b23836da9475b1512989705c12b8778e4ba6723
command: /private/tmp/kl017-venv/bin/python docs/exec-plans/evidence/HG-034/candidate_proof.py
exit_code: 0

tested_commit=3b23836da9475b1512989705c12b8778e4ba6723
merged_prerequisite=ff57a80feebd4e539f9af277e0dcb26d942bc3e0
classification=CANDIDATE_ISOLATION_PROOF_ONLY; KL025 checks=NOT_RUN
PASS defaults, 8 selector denials, 8 SHA denials before runner/bootstrap/teardown
PASS exact KL025 names, SQL/Compose bounds, distinct physical worktrees, selected cleanup
..OWNED_RESET project=kineticloop-kl025-plan-3b23836-0e3160f50ff0 database=kineticloop_kl025_plan_3b23836_0e3160f50ff0
INFO  [alembic.runtime.migration] Context impl PostgresqlImpl.
INFO  [alembic.runtime.migration] Will assume transactional DDL.
INFO  [alembic.runtime.migration] Running upgrade  -> 76fd67f76bd4, frozen S01-S51 baseline
INFO  [alembic.runtime.migration] Context impl PostgresqlImpl.
INFO  [alembic.runtime.migration] Will assume transactional DDL.
INFO  [alembic.runtime.migration] Running upgrade 76fd67f76bd4 -> a3f91c7d2e10, migrated SafetyRegistry integration and role-owner hardening
INFO  [alembic.runtime.migration] Running upgrade a3f91c7d2e10 -> b6e4d8a1c927, trusted artifact registration and bounded dependency admission
INFO  [alembic.runtime.migration] Running upgrade b6e4d8a1c927 -> d4c1a9e7b203, production, test, and evaluation subject namespace isolation
INFO  [alembic.runtime.migration] Running upgrade d4c1a9e7b203 -> e8c2f1a6b904, Materialize frozen S27 active partition uniqueness (legacy PENDING = ADMITTED).
.OWNED_DESTROY project=kineticloop-kl025-plan-3b23836-0e3160f50ff0 database=kineticloop_kl025_plan_3b23836_0e3160f50ff0
OWNED_RESET project=kineticloop-kl025-plan-3b23836-0e3160f50ff0 database=kineticloop_kl025_plan_3b23836_0e3160f50ff0
INFO  [alembic.runtime.migration] Context impl PostgresqlImpl.
INFO  [alembic.runtime.migration] Will assume transactional DDL.
INFO  [alembic.runtime.migration] Running upgrade  -> 76fd67f76bd4, frozen S01-S51 baseline
INFO  [alembic.runtime.migration] Context impl PostgresqlImpl.
INFO  [alembic.runtime.migration] Will assume transactional DDL.
INFO  [alembic.runtime.migration] Running upgrade 76fd67f76bd4 -> a3f91c7d2e10, migrated SafetyRegistry integration and role-owner hardening
INFO  [alembic.runtime.migration] Running upgrade a3f91c7d2e10 -> b6e4d8a1c927, trusted artifact registration and bounded dependency admission
INFO  [alembic.runtime.migration] Running upgrade b6e4d8a1c927 -> d4c1a9e7b203, production, test, and evaluation subject namespace isolation
INFO  [alembic.runtime.migration] Running upgrade d4c1a9e7b203 -> e8c2f1a6b904, Materialize frozen S27 active partition uniqueness (legacy PENDING = ADMITTED).
.OWNED_DESTROY project=kineticloop-kl025-plan-3b23836-0e3160f50ff0 database=kineticloop_kl025_plan_3b23836_0e3160f50ff0
OWNED_RESET project=kineticloop-kl025-plan-3b23836-0e3160f50ff0 database=kineticloop_kl025_plan_3b23836_0e3160f50ff0
INFO  [alembic.runtime.migration] Context impl PostgresqlImpl.
INFO  [alembic.runtime.migration] Will assume transactional DDL.
INFO  [alembic.runtime.migration] Running upgrade  -> 76fd67f76bd4, frozen S01-S51 baseline
INFO  [alembic.runtime.migration] Context impl PostgresqlImpl.
INFO  [alembic.runtime.migration] Will assume transactional DDL.
INFO  [alembic.runtime.migration] Running upgrade 76fd67f76bd4 -> a3f91c7d2e10, migrated SafetyRegistry integration and role-owner hardening
INFO  [alembic.runtime.migration] Running upgrade a3f91c7d2e10 -> b6e4d8a1c927, trusted artifact registration and bounded dependency admission
INFO  [alembic.runtime.migration] Running upgrade b6e4d8a1c927 -> d4c1a9e7b203, production, test, and evaluation subject namespace isolation
INFO  [alembic.runtime.migration] Running upgrade d4c1a9e7b203 -> e8c2f1a6b904, Materialize frozen S27 active partition uniqueness (legacy PENDING = ADMITTED).
.OWNED_DESTROY project=kineticloop-kl025-plan-3b23836-0e3160f50ff0 database=kineticloop_kl025_plan_3b23836_0e3160f50ff0
OWNED_RESET project=kineticloop-kl025-plan-3b23836-0e3160f50ff0 database=kineticloop_kl025_plan_3b23836_0e3160f50ff0
INFO  [alembic.runtime.migration] Context impl PostgresqlImpl.
INFO  [alembic.runtime.migration] Will assume transactional DDL.
INFO  [alembic.runtime.migration] Running upgrade  -> 76fd67f76bd4, frozen S01-S51 baseline
INFO  [alembic.runtime.migration] Context impl PostgresqlImpl.
INFO  [alembic.runtime.migration] Will assume transactional DDL.
INFO  [alembic.runtime.migration] Running upgrade 76fd67f76bd4 -> a3f91c7d2e10, migrated SafetyRegistry integration and role-owner hardening
INFO  [alembic.runtime.migration] Running upgrade a3f91c7d2e10 -> b6e4d8a1c927, trusted artifact registration and bounded dependency admission
INFO  [alembic.runtime.migration] Running upgrade b6e4d8a1c927 -> d4c1a9e7b203, production, test, and evaluation subject namespace isolation
INFO  [alembic.runtime.migration] Running upgrade d4c1a9e7b203 -> e8c2f1a6b904, Materialize frozen S27 active partition uniqueness (legacy PENDING = ADMITTED).
.OWNED_DESTROY project=kineticloop-kl025-plan-3b23836-0e3160f50ff0 database=kineticloop_kl025_plan_3b23836_0e3160f50ff0
OWNED_RESET project=kineticloop-kl025-plan-3b23836-0e3160f50ff0 database=kineticloop_kl025_plan_3b23836_0e3160f50ff0
INFO  [alembic.runtime.migration] Context impl PostgresqlImpl.
INFO  [alembic.runtime.migration] Will assume transactional DDL.
INFO  [alembic.runtime.migration] Running upgrade  -> 76fd67f76bd4, frozen S01-S51 baseline
INFO  [alembic.runtime.migration] Context impl PostgresqlImpl.
INFO  [alembic.runtime.migration] Will assume transactional DDL.
INFO  [alembic.runtime.migration] Running upgrade 76fd67f76bd4 -> a3f91c7d2e10, migrated SafetyRegistry integration and role-owner hardening
INFO  [alembic.runtime.migration] Running upgrade a3f91c7d2e10 -> b6e4d8a1c927, trusted artifact registration and bounded dependency admission
INFO  [alembic.runtime.migration] Running upgrade b6e4d8a1c927 -> d4c1a9e7b203, production, test, and evaluation subject namespace isolation
INFO  [alembic.runtime.migration] Running upgrade d4c1a9e7b203 -> e8c2f1a6b904, Materialize frozen S27 active partition uniqueness (legacy PENDING = ADMITTED).
.OWNED_DESTROY project=kineticloop-kl025-plan-3b23836-0e3160f50ff0 database=kineticloop_kl025_plan_3b23836_0e3160f50ff0
OWNED_RESET project=kineticloop-kl025-plan-3b23836-0e3160f50ff0 database=kineticloop_kl025_plan_3b23836_0e3160f50ff0
INFO  [alembic.runtime.migration] Context impl PostgresqlImpl.
INFO  [alembic.runtime.migration] Will assume transactional DDL.
INFO  [alembic.runtime.migration] Running upgrade  -> 76fd67f76bd4, frozen S01-S51 baseline
INFO  [alembic.runtime.migration] Context impl PostgresqlImpl.
INFO  [alembic.runtime.migration] Will assume transactional DDL.
INFO  [alembic.runtime.migration] Running upgrade 76fd67f76bd4 -> a3f91c7d2e10, migrated SafetyRegistry integration and role-owner hardening
INFO  [alembic.runtime.migration] Running upgrade a3f91c7d2e10 -> b6e4d8a1c927, trusted artifact registration and bounded dependency admission
INFO  [alembic.runtime.migration] Running upgrade b6e4d8a1c927 -> d4c1a9e7b203, production, test, and evaluation subject namespace isolation
INFO  [alembic.runtime.migration] Running upgrade d4c1a9e7b203 -> e8c2f1a6b904, Materialize frozen S27 active partition uniqueness (legacy PENDING = ADMITTED).
.OWNED_DESTROY project=kineticloop-kl025-plan-3b23836-0e3160f50ff0 database=kineticloop_kl025_plan_3b23836_0e3160f50ff0
OWNED_RESET project=kineticloop-kl025-reg-3b23836 database=kineticloop_kl025_reg_3b23836
INFO  [alembic.runtime.migration] Context impl PostgresqlImpl.
INFO  [alembic.runtime.migration] Will assume transactional DDL.
INFO  [alembic.runtime.migration] Running upgrade  -> 76fd67f76bd4, frozen S01-S51 baseline
INFO  [alembic.runtime.migration] Context impl PostgresqlImpl.
INFO  [alembic.runtime.migration] Will assume transactional DDL.
INFO  [alembic.runtime.migration] Running upgrade 76fd67f76bd4 -> a3f91c7d2e10, migrated SafetyRegistry integration and role-owner hardening
INFO  [alembic.runtime.migration] Running upgrade a3f91c7d2e10 -> b6e4d8a1c927, trusted artifact registration and bounded dependency admission
INFO  [alembic.runtime.migration] Running upgrade b6e4d8a1c927 -> d4c1a9e7b203, production, test, and evaluation subject namespace isolation
INFO  [alembic.runtime.migration] Running upgrade d4c1a9e7b203 -> e8c2f1a6b904, Materialize frozen S27 active partition uniqueness (legacy PENDING = ADMITTED).
.......................................................OWNED_DESTROY project=kineticloop-kl025-reg-3b23836 database=kineticloop_kl025_reg_3b23836
...PASS all called regression resets and cleanup confined to the two owned namespaces

66 passed in 34.07s
.........................                                                [100%]
25 passed in 0.19s
PASS six planning oracles byte/AST unchanged; all called regressions and future scope checks passed
PASS disposable exact candidate only; own fixture/product unchanged; owned resources destroyed
