HG-025 KL-035 retirement governance evidence
protected_base: 98242e56565febc091810612f1da71414544ba83
tested_commit: 6ee5909765126335849279d5e06b44e7c5b3c4bc

PASS harness_tests_pass
command: PYTHONPATH="$PWD/src" /private/tmp/kl017-venv/bin/python -m kineticloop.db.cli test-harness
transcribed-stdout-summary: collected 150 items; 150 passed in 182.59s
oracle: The complete harness suite includes the explicit retirement acceptance case
and the stale-active-count and changed-requirement-mapping rejection cases.

PASS unit_tests_pass
command: PYTHONPATH="$PWD/src" /private/tmp/kl017-venv/bin/python -m kineticloop.db.cli test-unit
transcribed-stdout-summary: collected 186 items; 186 passed in 50.55s

PASS full_repository_regression_passes
command: PYTHONPATH="$PWD/src" /private/tmp/kl017-venv/bin/python -m pytest -q -p no:cacheprovider
transcribed-stdout-summary: 550 passed in 373.19s
execution_context: Rerun with Docker access outside the filesystem/process sandbox;
the repository selected isolated Compose project kl_79b4_88680adb7a9d.
note: The first sandboxed attempt could not access the Docker API and ended with
398 passed, 16 failed and 136 errors, all database failures rooted in the same
permission-denied Docker setup error. It is retained here as an environment failure,
not a code failure, and is superseded by the complete 550-test PASS above.

PASS harness_structure_valid
command: PYTHONPATH="$PWD/src" /private/tmp/kl017-venv/bin/python -m kineticloop.db.cli check-harness
stdout: HARNESS_CHECK_PASS tasks=70 active=67

PASS lint_pass
command: PYTHONPATH="$PWD/src" /private/tmp/kl017-venv/bin/python -m kineticloop.db.cli lint
stdout: All checks passed!

PASS typecheck_pass
command: PYTHONPATH="$PWD/src" /private/tmp/kl017-venv/bin/python -m kineticloop.db.cli typecheck
stdout: Success: no issues found in 85 source files

PASS frozen_and_retained_scope_unchanged
command: git diff --exit-code 98242e56565febc091810612f1da71414544ba83 6ee5909765126335849279d5e06b44e7c5b3c4bc -- 05_KineticLoop_Protocol_v1.2_FROZEN.md 04_KineticLoop_DB_Schema_Design_v0.2_FROZEN.md FROZEN_BASELINE.json CURRENT_REQUIREMENT_SET.json 12_KineticLoop_Integration_Spec_v0.1.md KineticLoop_Integration_Acceptance_v0.1.json migrations src
stdout: <empty>
oracle: Frozen Protocol/DB, FROZEN_BASELINE, the complete requirement set, current
Integration Spec and acceptance requirements, every migration and all product source
code are byte-unchanged from the protected base. Hevy backfill/update/delete,
HealthKit and cross-source dedup requirements therefore remain authoritative.

PASS disposition_integrity
command: test ! -e docs/exec-plans/completed/KL-035_RESULT.yaml && test ! -d docs/exec-plans/reviews/KL-035 && test ! -e docs/exec-plans/integrations/KL-035.json
stdout: <empty>
oracle: KL-035 has no result, review or integration artifact. Its namespaced identity
is preserved with SUPERSEDED status, empty requirements_covered, KL-051 replacement
dependency and active_task_count reduced from 68 to 67. The disposition claims no
task PASS, product requirement PASS, review PASS or MERGED fact.
