HG-002 tested_commit=4f19fb3d13965c4417091b15a9faaa3d79a76645

check_id=harness_structure_valid
command=.venv/bin/kl check-harness
exit_code=0
HARNESS_CHECK_PASS tasks=68 active=66

check_id=lint_passes
command=.venv/bin/ruff check .
exit_code=0
All checks passed!

check_id=typecheck_passes
command=MYPY_CACHE_DIR=/private/tmp/hg-002-mypy .venv/bin/mypy src tools
exit_code=0
Success: no issues found in 8 source files

check_id=unit_tests_pass
command=.venv/bin/pytest -q tests/unit
exit_code=0
54 passed in 0.88s

check_id=harness_tests_pass
command=.venv/bin/pytest -q tests/harness
exit_code=0
52 passed in 25.64s

check_id=integration_binding_tests_pass
command=.venv/bin/pytest -q tests/harness/test_validator.py -k integration
exit_code=0
8 passed, 44 deselected in 4.57s

check_id=diff_clean
command=git diff --check cc6008f5a591d851dcc5a1dcf526c5393dc66cff 4f19fb3d13965c4417091b15a9faaa3d79a76645
exit_code=0

check_id=frozen_baseline_unchanged
command=git diff --exit-code cc6008f5a591d851dcc5a1dcf526c5393dc66cff 4f19fb3d13965c4417091b15a9faaa3d79a76645 -- FROZEN_BASELINE.json 04_KineticLoop_DB_Schema_Design_v0.2_FROZEN.md 05_KineticLoop_Protocol_v1.2_FROZEN.md
exit_code=0
