{
  "head_is_reviewed": true,
  "governance_schema": true,
  "record_identity_revisions_status": true,
  "declared_changed_exact": true,
  "path_mode_scope": true,
  "validator_executable_mode_preserved": true,
  "tested_ancestry_and_suffix": true,
  "no_actual_closure": true,
  "only_legacy_function_edits_are_dispatch_scope": true,
  "m1_m2_schema_preserved": true,
  "committed_plan_prefix": true,
  "ratified_addendum_hash": true,
  "protected_frozen_unchanged": true,
  "CURRENT_DOCUMENT_INDEX.json_hashes": true,
  "HARNESS_DOCUMENT_MANIFEST.json_hashes": true,
  "every_mapped_selector_in_regression": true,
  "selected_capture_hash_command_revision_counts": true,
  "failed_gate_raw_integrity": true,
  "repair_diagnostic_raw_integrity": true,
  "diagnostic_only_expected_errors": true,
  "source_whitespace_check": true,
  "broad_whitespace_only_own_review_raw": true
}
