HG-017 tested revision: 21c4b283e8d90d37d162bde65d8b9c5f26c13c73
Protected base: 16eab836be754b6000efeb2f38a8f0f89648a767

PASS milestone_schema_valid
  MILESTONE_CLOSURE.schema.json is valid Draft 2020-12 and M1.json conforms.
PASS closure_active_task_set_and_integrations_valid
  kl check-harness: HARNESS_CHECK_PASS tasks=68 active=66.
  Historical integrations and ordinary/delayed bookkeeping suffixes remain fail closed.
PASS closure_exit_evidence_bound
  Clean-start evidence was rerun at c7208641765a3f7a3af67cedefd306e5cde25ded,
  committed at b16459981d5fda91bc747b83acd8fd2ba95af5ab, and bound by the M1
  evaluated revision. Historical model evidence remains
  UNVERIFIED_HISTORICAL_DECLARATION and product requirement claims remain empty.
PASS m2_contract_projection_valid
  All ten refined M2 packet/backlog/traceability projections match. KL-015 pins every
  invariant, the exact live S01-S45/S48-S51 surface, S19/S20/S48 owner and adoption
  boundaries, full lock order, outbox/fencing and replay semantics. KL-016 pins every
  registry-gated publish/issue/start/resume/continue command, including command-specific
  Reauthorize and ContinueSession shared-gate fail-closed checks. KL-014/015/016/017/018/055
  critical command and oracle contracts are digest-pinned against coordinated weakening.
PASS milestone_and_refinement_negative_tests_pass
  pytest -q tests/harness/test_validator.py: 102 passed in 214.21s.
PASS harness_structure_valid
  kl check-harness: HARNESS_CHECK_PASS tasks=68 active=66.
PASS lint_passes
  ruff check .: All checks passed.
PASS typecheck_passes
  mypy src tools tests: Success, no issues in 55 source files.
PASS unit_tests_pass
  kl test-unit: 134 passed in 25.90s.
PASS harness_tests_pass
  kl test-harness: 127 passed in 214.49s.
PASS full_suite_passes
  pytest -q: 320 passed in 233.17s.
PASS frozen_baseline_unchanged
  git diff --exit-code 16eab836be754b6000efeb2f38a8f0f89648a767
  21c4b283e8d90d37d162bde65d8b9c5f26c13c73 -- FROZEN_BASELINE.json
  04_KineticLoop_DB_Schema_Design_v0.2_FROZEN.md
  05_KineticLoop_Protocol_v1.2_FROZEN.md
  Exit 0; no output.
PASS governance_scope_exact
  All 46 protected-base-to-tested paths match governance_allowed_patterns(HG-017).
PASS diff_clean
  git diff --check 16eab836be754b6000efeb2f38a8f0f89648a767 21c4b283e8d90d37d162bde65d8b9c5f26c13c73
  Exit 0; no output.
