HG-017 tested revision: d3d063d27d9d43537981f9f9a714eba32363a84f
Protected base: 16eab836be754b6000efeb2f38a8f0f89648a767

PASS milestone_schema_valid
  MILESTONE_CLOSURE.schema.json is valid Draft 2020-12 and M1.json conforms.
PASS closure_active_task_set_and_integrations_valid
  kl check-harness: HARNESS_CHECK_PASS tasks=68 active=66.
  Historical integrations and ordinary/delayed bookkeeping suffixes remain fail closed.
PASS closure_exit_evidence_bound
  Clean-start evidence was rerun at 479054b65c9b1ae1a766e008d0254aa291623480,
  committed at dc90dbb66a6864fe3294a276ececc7001eeaa8ff, and bound by the M1
  evaluated revision. Historical model evidence remains
  UNVERIFIED_HISTORICAL_DECLARATION and product requirement claims remain empty.
PASS m2_contract_projection_valid
  All ten refined M2 packet/backlog/traceability projections match. KL-014 separates
  preparation and registry management from frozen atomic commands. KL-015 declares
  the complete INV-01 through INV-18 and live T1-T8 table impact surface. KL-017 and
  KL-055 enforce non-enumerating subject isolation, trusted provider binding, a closed
  non-authoritative S09 envelope, and credential-free evidence/diagnostics. Exact
  security-critical command/oracle contracts for KL-014/017/018/055 are digest-pinned.
PASS milestone_and_refinement_negative_tests_pass
  pytest -q tests/harness/test_validator.py: 101 passed in 214.68s.
PASS harness_structure_valid
  kl check-harness: HARNESS_CHECK_PASS tasks=68 active=66.
PASS lint_passes
  ruff check .: All checks passed.
PASS typecheck_passes
  mypy src tools tests: Success, no issues in 55 source files.
PASS unit_tests_pass
  kl test-unit: 134 passed in 26.05s.
PASS harness_tests_pass
  kl test-harness: 126 passed in 215.15s.
PASS full_suite_passes
  pytest -q: 319 passed in 231.95s.
PASS frozen_baseline_unchanged
  git diff --exit-code 16eab836be754b6000efeb2f38a8f0f89648a767
  d3d063d27d9d43537981f9f9a714eba32363a84f -- FROZEN_BASELINE.json
  04_KineticLoop_DB_Schema_Design_v0.2_FROZEN.md
  05_KineticLoop_Protocol_v1.2_FROZEN.md
  Exit 0; no output.
PASS governance_scope_exact
  All 41 protected-base-to-tested paths match governance_allowed_patterns(HG-017).
PASS diff_clean
  git diff --check 16eab836be754b6000efeb2f38a8f0f89648a767 d3d063d27d9d43537981f9f9a714eba32363a84f
  Exit 0; no output.
