HG-017 tested revision: 2fc66266b75e7230416408bb773d18761d43aed2
Protected base: 16eab836be754b6000efeb2f38a8f0f89648a767

PASS milestone_schema_valid
  MILESTONE_CLOSURE.schema.json is valid Draft 2020-12 and M1.json conforms.
PASS closure_active_task_set_and_integrations_valid
  kl check-harness: HARNESS_CHECK_PASS tasks=68 active=66.
  Exact active M1 set KL-001..KL-009; integration records, historical review
  evidence, result bindings, ancestry and MERGED checks passed at evaluated revision.
PASS closure_exit_evidence_bound
  Exit evidence is revision/SHA-256-bound, historical model evidence remains
  UNVERIFIED_HISTORICAL_DECLARATION, and product requirement claims are empty.
PASS m2_contract_projection_valid
  All ten refined M2 packet/backlog/traceability projections match.
  KL-014 requires DB_CONCURRENCY review for transaction-boundary contracts.
  KL-015 binds full lock order plus event/outbox atomicity, dispatcher/S01 separation,
  stale-fence rejection, first-winner dispatch, non-resend replay, and ACK-loss uniqueness.
  KL-018 binds pre-registered, acyclic, bounded dependency admission.
PASS milestone_and_refinement_negative_tests_pass
  pytest -q tests/harness/test_validator.py: 93 passed in 143.55s.
PASS harness_structure_valid
  kl check-harness: HARNESS_CHECK_PASS tasks=68 active=66.
PASS lint_passes
  ruff check .: All checks passed.
PASS typecheck_passes
  mypy src tools tests: Success, no issues in 55 source files.
PASS unit_tests_pass
  kl test-unit: 134 passed in 13.05s.
PASS harness_tests_pass
  kl test-harness: 118 passed in 143.24s.
PASS full_suite_passes
  pytest -q: 311 passed in 145.64s.
PASS frozen_baseline_unchanged
  git diff --exit-code 16eab836be754b6000efeb2f38a8f0f89648a767
  2fc66266b75e7230416408bb773d18761d43aed2 -- FROZEN_BASELINE.json
  04_KineticLoop_DB_Schema_Design_v0.2_FROZEN.md
  05_KineticLoop_Protocol_v1.2_FROZEN.md
  Exit 0; no output.
PASS governance_scope_exact
  All 30 protected-base-to-tested paths match governance_allowed_patterns(HG-017).
PASS diff_clean
  git diff --check 16eab836be754b6000efeb2f38a8f0f89648a767
  2fc66266b75e7230416408bb773d18761d43aed2
  Exit 0; no output.
