HG-017 tested revision: 7d12f649a9f6e6e754d35bb992945bd0a26c2038
Protected base: 16eab836be754b6000efeb2f38a8f0f89648a767

PASS milestone_schema_valid
  MILESTONE_CLOSURE.schema.json is valid Draft 2020-12 and M1.json conforms.
PASS closure_active_task_set_and_integrations_valid
  kl check-harness: HARNESS_CHECK_PASS tasks=68 active=66.
  Historical integrations validate result/tested/review ancestry, schema, identity,
  evidence and task-scoped tested/review suffixes. Delayed review permits unrelated
  history but rejects task implementation/result/evidence/packet changes.
PASS closure_exit_evidence_bound
  Clean-start evidence is typed, command-bound, hash-bound and fresh at evaluated
  revision 51349dc2e91324e0d224edada4e60f725ab9b26b. Historical model evidence remains
  UNVERIFIED_HISTORICAL_DECLARATION and product requirement claims remain empty.
PASS m2_contract_projection_valid
  All ten refined M2 packet/backlog/traceability projections match. KL-015 additionally
  binds PostgreSQL Factset build outside S01 and exact W08 T6 ACK-loss replay to the
  same receipt, S39 bundle revision and S42 authorization issuance with no duplicates.
PASS milestone_and_refinement_negative_tests_pass
  pytest -q tests/harness/test_validator.py: 98 passed in 180.92s.
PASS harness_structure_valid
  kl check-harness: HARNESS_CHECK_PASS tasks=68 active=66.
PASS lint_passes
  ruff check .: All checks passed.
PASS typecheck_passes
  mypy src tools tests: Success, no issues in 55 source files.
PASS unit_tests_pass
  kl test-unit: 134 passed in 32.87s.
PASS harness_tests_pass
  kl test-harness: 123 passed in 232.02s.
PASS full_suite_passes
  pytest -q: 316 passed in 249.37s.
PASS frozen_baseline_unchanged
  git diff --exit-code 16eab836be754b6000efeb2f38a8f0f89648a767
  7d12f649a9f6e6e754d35bb992945bd0a26c2038 -- FROZEN_BASELINE.json
  04_KineticLoop_DB_Schema_Design_v0.2_FROZEN.md
  05_KineticLoop_Protocol_v1.2_FROZEN.md
  Exit 0; no output.
PASS governance_scope_exact
  All 34 protected-base-to-tested paths match governance_allowed_patterns(HG-017).
PASS diff_clean
  git diff --check 16eab836be754b6000efeb2f38a8f0f89648a767 7d12f649a9f6e6e754d35bb992945bd0a26c2038
  Exit 0; no output.
