HG-017 tested revision: a5074bc0be6e3d4a4dc42b45b08ba5aae322e1f7
Protected base: 16eab836be754b6000efeb2f38a8f0f89648a767

PASS milestone_schema_valid
  MILESTONE_CLOSURE.schema.json is valid Draft 2020-12 and M1.json conforms.
PASS closure_active_task_set_and_integrations_valid
  kl check-harness: HARNESS_CHECK_PASS tasks=68 active=66.
  Exact active M1 set KL-001..KL-009; all integration schema, identity,
  result/review binding, ancestry and MERGED checks passed at evaluated revision.
PASS closure_exit_evidence_bound
  All exit checks have PASS status and revision/SHA-256-bound evidence.
  Clean-start evidence includes Compose configuration validity and PostgreSQL readiness.
  Historical model evidence remains UNVERIFIED_HISTORICAL_DECLARATION and
  independently_reproducible_protocol_model=false; product requirement claims are [].
PASS m2_contract_projection_valid
  Backlog, traceability and packet projections match for all ten refined M2 tasks.
  KL-014 keeps provider-neutral build preparation outside T2 coordination locks.
  KL-015 enforces the complete frozen lock order and excludes preparation work
  from coordination transactions. KL-018 binds artifact registration authority,
  dependency identity, bounded acyclic traversal and direct-write denial.
  KL-055 binds hermetic provider execution and hardened synthetic fixtures.
PASS milestone_and_refinement_negative_tests_pass
  pytest -q tests/harness/test_validator.py: 89 passed in 111.25s.
PASS harness_structure_valid
  kl check-harness: HARNESS_CHECK_PASS tasks=68 active=66.
PASS lint_passes
  ruff check .: All checks passed.
PASS typecheck_passes
  mypy src tools tests: Success, no issues in 55 source files.
PASS unit_tests_pass
  kl test-unit: 134 passed in 9.24s.
PASS harness_tests_pass
  kl test-harness: 114 passed in 120.92s.
PASS full_suite_passes
  pytest -q: 307 passed in 127.26s.
PASS frozen_baseline_unchanged
  git diff --exit-code 16eab836be754b6000efeb2f38a8f0f89648a767
  a5074bc0be6e3d4a4dc42b45b08ba5aae322e1f7 -- FROZEN_BASELINE.json
  04_KineticLoop_DB_Schema_Design_v0.2_FROZEN.md
  05_KineticLoop_Protocol_v1.2_FROZEN.md
  Exit 0; no output.
PASS governance_scope_exact
  All 29 protected-base-to-tested paths match governance_allowed_patterns(HG-017).
PASS diff_clean
  git diff --check 16eab836be754b6000efeb2f38a8f0f89648a767
  a5074bc0be6e3d4a4dc42b45b08ba5aae322e1f7
  Exit 0; no output.
