HG-017 tested revision: 3179cb5ef15881e3baebf92c3231ec32d3957f2e
Protected base: 16eab836be754b6000efeb2f38a8f0f89648a767

PASS milestone_schema_valid
  MILESTONE_CLOSURE.schema.json is a valid Draft 2020-12 schema and M1.json conforms.
PASS closure_active_task_set_and_integrations_valid
  uv run kl check-harness
  HARNESS_CHECK_PASS tasks=68 active=66
  Exact active M1 set: KL-001..KL-009; all nine integration schema, identity,
  result/review binding, ancestry and MERGED checks passed.
PASS closure_exit_evidence_bound
  All three exit checks have PASS status and revision/SHA-256-bound evidence.
  Historical model evidence remains UNVERIFIED_HISTORICAL_DECLARATION and
  independently_reproducible_protocol_model=false. Product requirement claims: [].
PASS m2_contract_projection_valid
  Backlog, traceability and packet projections match for KL-010..KL-018 and KL-055.
PASS milestone_and_refinement_negative_tests_pass
  pytest -q tests/harness/test_validator.py
  83 passed.
PASS lint_passes
  ruff check .
  All checks passed.
PASS typecheck_passes
  mypy src tools tests
  Success: no issues found in 55 source files.
PASS unit_tests_pass
  kl test-unit
  134 passed.
PASS harness_tests_pass
  kl test-harness
  108 passed in 177.84s.
PASS full_suite_passes
  pytest -q
  301 passed in 184.60s.
PASS frozen_baseline_unchanged
  git diff --exit-code 16eab836be754b6000efeb2f38a8f0f89648a767
  3179cb5ef15881e3baebf92c3231ec32d3957f2e -- FROZEN_BASELINE.json
  04_KineticLoop_DB_Schema_Design_v0.2_FROZEN.md
  05_KineticLoop_Protocol_v1.2_FROZEN.md
  Exit 0; no output.
PASS governance_scope_exact
  All 23 protected-base-to-tested paths match governance_allowed_patterns(HG-017);
  unauthorized=[].
PASS diff_clean
  git diff --check 16eab836be754b6000efeb2f38a8f0f89648a767
  3179cb5ef15881e3baebf92c3231ec32d3957f2e
  Exit 0; no output.
