HG-017 tested revision: 38b009acd94e9293fd5bac5098cd969461a09646
Protected base: 16eab836be754b6000efeb2f38a8f0f89648a767

PASS milestone_schema_valid
  MILESTONE_CLOSURE.schema.json is valid Draft 2020-12 and M1.json conforms.
PASS closure_active_task_set_and_integrations_valid
  kl check-harness: HARNESS_CHECK_PASS tasks=68 active=66.
  Exact KL-001..KL-009 integration/result/review/ancestry bindings pass.
  Historical tested/reviewed suffixes reject task-owned stale changes while allowing
  unrelated task bookkeeping and preserving delayed post-merge review handling.
PASS closure_exit_evidence_bound
  Compose configuration and PostgreSQL readiness were rerun from source commit
  e645270f75448847d5d672bee257b7515f5756b3 and committed at evaluated revision
  96eb2b6bc82fd0837754cb4e74ce922a5a072651. Validator checks exact commands,
  PASS payloads, evidence hashes, evaluated-revision binding, ancestry, and no changes
  to startup-relevant paths between the tested source and evaluated revision.
  Historical model evidence remains UNVERIFIED_HISTORICAL_DECLARATION and product
  requirement claims remain empty.
PASS m2_contract_projection_valid
  All ten refined M2 packet/backlog/traceability projections and authority-sensitive
  checks pass, including lock/outbox/fencing/replay and artifact dependency admission.
PASS milestone_and_refinement_negative_tests_pass
  pytest -q tests/harness/test_validator.py: 97 passed in 180.25s.
PASS harness_structure_valid
  kl check-harness: HARNESS_CHECK_PASS tasks=68 active=66.
PASS lint_passes
  ruff check .: All checks passed.
PASS typecheck_passes
  mypy src tools tests: Success, no issues in 55 source files.
PASS unit_tests_pass
  kl test-unit: 134 passed in 19.40s.
PASS harness_tests_pass
  kl test-harness: 122 passed in 176.40s.
PASS full_suite_passes
  pytest -q: 315 passed in 195.62s.
PASS frozen_baseline_unchanged
  git diff --exit-code 16eab836be754b6000efeb2f38a8f0f89648a767
  38b009acd94e9293fd5bac5098cd969461a09646 -- FROZEN_BASELINE.json
  04_KineticLoop_DB_Schema_Design_v0.2_FROZEN.md
  05_KineticLoop_Protocol_v1.2_FROZEN.md
  Exit 0; no output.
PASS governance_scope_exact
  All 33 protected-base-to-tested paths match governance_allowed_patterns(HG-017).
PASS diff_clean
  git diff --check 16eab836be754b6000efeb2f38a8f0f89648a767
  38b009acd94e9293fd5bac5098cd969461a09646
  Exit 0; no output.
