HG-017 tested revision: 7892ccd3313f8862a799182c088ef837359cf45c
Protected base: 16eab836be754b6000efeb2f38a8f0f89648a767

PASS milestone_schema_valid
  MILESTONE_CLOSURE.schema.json is valid Draft 2020-12 and M1.json conforms.
PASS closure_active_task_set_and_integrations_valid
  kl check-harness: HARNESS_CHECK_PASS tasks=68 active=66.
  Historical integrations and ordinary/delayed bookkeeping suffixes remain fail closed.
PASS closure_exit_evidence_bound
  Clean-start evidence was rerun at 7b26be26f51202c97f09d704b75b65cd6c2414c2,
  committed at 68ed495da2823e3683ee8109d8d9def9c2b3d952, and bound by the M1
  evaluated revision. Historical model evidence remains
  UNVERIFIED_HISTORICAL_DECLARATION and product requirement claims remain empty.
PASS m2_contract_projection_valid
  All ten refined M2 packet/backlog/traceability projections match. KL-015 pins every
  invariant, the exact live S01-S45/S48-S51 surface, and exact S19 T2
  classification/invalidation, S20 factset-selection, and S48 T2 user-activation
  adoption boundaries while restricting T3 to immutable consumption. KL-016 pins the
  full six-command shared-S51-before-S01 fail-closed matrix and the atomic,
  commit-linearized, idempotent RevokeArtifact contract. KL-014/015/016/017/018/055
  critical command and oracle contracts are digest-pinned against coordinated weakening.
PASS milestone_and_refinement_negative_tests_pass
  pytest -q tests/harness/test_validator.py: 102 passed in 170.36s.
PASS harness_structure_valid
  kl check-harness: HARNESS_CHECK_PASS tasks=68 active=66.
PASS lint_passes
  ruff check .: All checks passed.
PASS typecheck_passes
  mypy src tools tests: Success, no issues in 55 source files.
PASS unit_tests_pass
  kl test-unit: 134 passed in 18.66s.
PASS harness_tests_pass
  kl test-harness: 127 passed in 187.81s.
PASS full_suite_passes
  pytest -q: 320 passed in 207.64s.
PASS frozen_baseline_unchanged
  git diff --exit-code 16eab836be754b6000efeb2f38a8f0f89648a767
  7892ccd3313f8862a799182c088ef837359cf45c -- FROZEN_BASELINE.json
  04_KineticLoop_DB_Schema_Design_v0.2_FROZEN.md
  05_KineticLoop_Protocol_v1.2_FROZEN.md
  Exit 0; no output.
PASS governance_scope_exact
  All 49 protected-base-to-tested paths match governance_allowed_patterns(HG-017).
PASS diff_clean
  git diff --check 16eab836be754b6000efeb2f38a8f0f89648a767 7892ccd3313f8862a799182c088ef837359cf45c
  Exit 0; no output.
