{
  "status": "PASS",
  "records": [
    {
      "path": "docs/exec-plans/evidence/KL-080/15a7167e44b8044c94688cf7e367e2d02a962e31/harness_regressions_pass.execution.json",
      "revision": "7e19587458d611155051d0c89d36e0b89f98b8a1",
      "sha256": "00255738b0a2220a5980d0fb39c999d7f449dc4c9ef1fbd7eafe299c64b90ef4",
      "original_path": "docs/exec-plans/evidence/KL-080/15a7167e44b8044c94688cf7e367e2d02a962e31/harness_regressions_pass.xml",
      "recorded_result": "PASS",
      "recorded_exit": 0
    },
    {
      "path": "docs/exec-plans/evidence/KL-080/15a7167e44b8044c94688cf7e367e2d02a962e31/source_suite_dc.execution.json",
      "revision": "7e19587458d611155051d0c89d36e0b89f98b8a1",
      "sha256": "633c49b0b8e943aaaf7cea496c4c1e6a25a133f9ad5630033704b13720602fb8",
      "original_path": "docs/exec-plans/evidence/KL-080/15a7167e44b8044c94688cf7e367e2d02a962e31/source_suite_dc.log",
      "recorded_result": "FAIL",
      "recorded_exit": 1
    },
    {
      "path": "docs/exec-plans/evidence/KL-080/d6bfb285087456a1a43d6c6b856a07eee4e1746d/harness_regressions_pass.parallel.json",
      "revision": "79fa887dc20f5865902b0b5d90ce0e4b68e0118e",
      "sha256": "b1c83e48564bd206eada7e1b879009741f2301423c15873d617e16eab243d190",
      "original_path": "docs/exec-plans/evidence/KL-080/d6bfb285087456a1a43d6c6b856a07eee4e1746d/harness_regressions_pass.parallel.xml",
      "recorded_result": "PASS",
      "recorded_exit": 0
    },
    {
      "path": "docs/exec-plans/evidence/KL-080/d6bfb285087456a1a43d6c6b856a07eee4e1746d/checks.json",
      "revision": "79fa887dc20f5865902b0b5d90ce0e4b68e0118e",
      "sha256": "9b00d9cfed7a74d5e1c4923643ad5629ab484ca8542ed4f73b77fe80ae9ceb91",
      "original_path": "docs/exec-plans/evidence/KL-080/d6bfb285087456a1a43d6c6b856a07eee4e1746d/source_suite_dc.log",
      "recorded_result": "FAIL",
      "recorded_exit": 1
    },
    {
      "path": "docs/exec-plans/completed/KL-080_RESULT.yaml",
      "revision": "7e19587458d611155051d0c89d36e0b89f98b8a1",
      "sha256": "d2a4c09325746eed188804df75a177eb87090bed111ebd8c740efe3177ec58ba",
      "snapshot_intact": true
    },
    {
      "path": "docs/exec-plans/reviews/KL-080/GENERAL.json",
      "revision": "477b213f67429f571b60d5701f02892ab9c1cbbf",
      "sha256": "075f182f8ec7a917eb310dd8830bd81ddc6c361410b164a57184268f0ed82584",
      "snapshot_intact": true
    },
    {
      "path": "docs/exec-plans/reviews/KL-080/PROTOCOL.json",
      "revision": "477b213f67429f571b60d5701f02892ab9c1cbbf",
      "sha256": "6182dcfcd122457e7763282b8084a52d1fb5009c27a2fd368d8cbf20a4d77375",
      "snapshot_intact": true
    },
    {
      "path": "docs/exec-plans/reviews/KL-080/DB_CONCURRENCY.json",
      "revision": "477b213f67429f571b60d5701f02892ab9c1cbbf",
      "sha256": "0682ea1f9f70a8edbe72a9b3ea8f52523f9f46fed5f8da795a381138b693c37f",
      "snapshot_intact": true
    }
  ],
  "purpose": "Exact original ordinary record integrity and immutable metadata consistency, not fresh historical execution certification"
}
