HG-003 tested_commit=343ffac30ba38b5f583541f51d11c4893933d044

check_id=harness_structure_valid
command=.venv/bin/kl check-harness
exit_code=0
HARNESS_CHECK_PASS tasks=68 active=66

check_id=lint_passes
command=.venv/bin/ruff check .
exit_code=0
All checks passed!

check_id=typecheck_passes
command=MYPY_CACHE_DIR=/private/tmp/hg-003-mypy .venv/bin/mypy src tools
exit_code=0
Success: no issues found in 21 source files

check_id=unit_tests_pass
command=.venv/bin/pytest -q tests/unit
exit_code=0
...................................................................      [100%]
67 passed in 0.97s

check_id=harness_tests_pass
command=.venv/bin/pytest -q tests/harness
exit_code=0
........................................................................ [ 93%]
.....                                                                    [100%]
77 passed in 23.89s

check_id=integration_binding_tests_pass
command=.venv/bin/pytest -q tests/harness/test_validator.py -k integration
exit_code=0
........                                                                 [100%]
8 passed, 44 deselected in 4.45s

check_id=integration_ancestry_valid
command=git merge-base --is-ancestor c23a38ac0f0e7043417316136fdb728eac7b73c9 a98083abbfac28212eb2d2c493e7aea6784ee41f && git merge-base --is-ancestor a98083abbfac28212eb2d2c493e7aea6784ee41f 6a6f04103cc02d32d5eb086d65bbc2a60fbc9f43 && git merge-base --is-ancestor 6a6f04103cc02d32d5eb086d65bbc2a60fbc9f43 343ffac30ba38b5f583541f51d11c4893933d044
exit_code=0

check_id=result_bytes_bound
command=test "$(git rev-parse c23a38ac0f0e7043417316136fdb728eac7b73c9^:docs/exec-plans/completed/KL-007_RESULT.yaml)" != "$(git rev-parse c23a38ac0f0e7043417316136fdb728eac7b73c9:docs/exec-plans/completed/KL-007_RESULT.yaml)" && test "$(git rev-parse c23a38ac0f0e7043417316136fdb728eac7b73c9:docs/exec-plans/completed/KL-007_RESULT.yaml)" = "$(git rev-parse a98083abbfac28212eb2d2c493e7aea6784ee41f:docs/exec-plans/completed/KL-007_RESULT.yaml)" && test "$(git rev-parse c23a38ac0f0e7043417316136fdb728eac7b73c9:docs/exec-plans/completed/KL-007_RESULT.yaml)" = "$(git rev-parse 6a6f04103cc02d32d5eb086d65bbc2a60fbc9f43:docs/exec-plans/completed/KL-007_RESULT.yaml)" && test "$(git rev-parse c23a38ac0f0e7043417316136fdb728eac7b73c9:docs/exec-plans/completed/KL-007_RESULT.yaml)" = "$(git rev-parse 343ffac30ba38b5f583541f51d11c4893933d044:docs/exec-plans/completed/KL-007_RESULT.yaml)"
exit_code=0
result_blob_before=c23a38ac0f0e7043417316136fdb728eac7b73c9^:8127502c6e3f6a9c20ab856dfa07f87cc4ee3fc0
result_blob_bound=483a40df11f17c4fbedb72d5e66b23213f95eb3a

check_id=diff_clean
command=git diff --check 28cc7407f1d4184cf3407db0bcd09794cb60fa5b 343ffac30ba38b5f583541f51d11c4893933d044
exit_code=0

check_id=frozen_baseline_unchanged
command=git diff --exit-code 28cc7407f1d4184cf3407db0bcd09794cb60fa5b 343ffac30ba38b5f583541f51d11c4893933d044 -- FROZEN_BASELINE.json 04_KineticLoop_DB_Schema_Design_v0.2_FROZEN.md 05_KineticLoop_Protocol_v1.2_FROZEN.md
exit_code=0
