KL-055 final post-security-remediation packet and supplemental validation
base_commit: 21ec0b508959d8ce24dfe1a0e4d59a0820394068
tested_commit: 990ab892eea2ca50d8832c81e1b4cc14823c0bf4
date: 2026-09-26
environment: explicit in-memory synthetic provider secrets; provider credential variables absent; network denied in the hermetic subprocess; project uv environment synchronized from the locked dependency graph

=== packet_checks ===
command: uv run pytest -q tests/unit/integrations/test_provider.py::test_provider_and_stream_ids_are_canonical
result: PASS (1 passed)
command: uv run pytest -q tests/unit/integrations/test_provider.py::test_provider_subject_source_binding_is_trusted
result: PASS (1 passed)
command: uv run pytest -q tests/unit/integrations/test_provider.py::test_evidence_provenance_and_times_required
result: PASS (1 passed)
command: uv run pytest -q tests/unit/integrations/test_provider.py::test_evidence_envelope_closed_s09_schema
result: PASS (1 passed)
oracle: empty and scheme-only controlled blob references are rejected at raw observation, adapter-output, and exported T1 handoff boundaries
command: uv run pytest -q tests/unit/integrations/test_provider.py::test_server_assigns_known_at
result: PASS (1 passed)
command: uv run pytest -q tests/unit/integrations/test_provider.py::test_provider_has_no_fact_or_command_authority
result: PASS (1 passed)
oracle: blank revision/observation identities remain rejected by both receive handoffs
command: uv run pytest -q tests/unit/integrations/test_provider.py::test_provider_credentials_do_not_cross_evidence_or_diagnostic_boundary
result: PASS (1 passed)
oracle: registered raw and percent-encoded credentials in mapping keys fail closed as evidence input
command: uv run pytest -q tests/unit/integrations/test_provider.py::test_transport_health_differs_from_coverage
result: PASS (1 passed)
command: uv run pytest -q tests/unit/integrations/test_provider.py::test_provider_contract_is_hermetic
result: PASS (1 passed)
command: uv run pytest -q tests/unit/integrations/test_provider.py::test_provider_fixtures_pass_hardened_synthetic_guard
result: PASS (1 passed)
command: uv run pytest -q tests/unit/integrations/test_provider.py::test_synthetic_provider_fixtures_pass
result: PASS (1 passed)
command: uv run pytest -q tests/unit/integrations tests/unit/security tests/unit/config
result: PASS (50 passed)
command: uv run kl check-harness
result: PASS (HARNESS_CHECK_PASS tasks=69 active=67)

=== supplemental_validation ===
command: uv run kl lint
result: PASS (All checks passed!)
command: MYPY_CACHE_DIR=/private/tmp/kl055-r3-tested-mypy uv run kl typecheck
result: PASS (Success: no issues found in 82 source files)
command: uv run kl test-unit
result: PASS (183 passed in 16.83s)
command: uv run kl test-harness
result: PASS (134 passed in 166.36s)

=== oracle_verification ===
PASS: all thirteen packet oracles hold on the tested commit.
PASS: the exported T1 handoff returns only a newly validated envelope with server-owned known_at.
PASS: source revision/observation identity and controlled blob identity are nonblank and canonical through constructed/mutated model paths.
PASS: mapping keys and values receive the same registered raw/bounded-decoded credential screening before evidence hashing or handoff.

SPEC_CHANGE_REQUIRED: no
