KL-055 final packet and supplemental validation
base_commit: 21ec0b508959d8ce24dfe1a0e4d59a0820394068
tested_commit: ad9fe52d5495023b616032f4d02625758e02e727
date: 2026-09-26
environment: explicit in-memory synthetic provider secrets; provider credential variables absent; network denied in the hermetic subprocess; project uv environment synchronized from the locked dependency graph

=== provider_and_stream_ids_are_canonical ===
command: uv run pytest -q tests/unit/integrations/test_provider.py::test_provider_and_stream_ids_are_canonical
result: PASS (1 passed)

=== provider_subject_source_binding_is_trusted ===
command: uv run pytest -q tests/unit/integrations/test_provider.py::test_provider_subject_source_binding_is_trusted
result: PASS (1 passed)

=== evidence_provenance_and_times_required ===
command: uv run pytest -q tests/unit/integrations/test_provider.py::test_evidence_provenance_and_times_required
result: PASS (1 passed)

=== evidence_envelope_closed_s09_schema ===
command: uv run pytest -q tests/unit/integrations/test_provider.py::test_evidence_envelope_closed_s09_schema
result: PASS (1 passed)

=== server_assigns_known_at ===
command: uv run pytest -q tests/unit/integrations/test_provider.py::test_server_assigns_known_at
result: PASS (1 passed)
oracle: the exported validate_receive_evidence_binding T1 handoff rejects caller-only binding, accepts the trusted ProviderExecutionContext, replaces a forged canonical known_at from its sealed server clock, returns the server-timestamped envelope, and leaves the untrusted input unpersistable by return value

=== provider_has_no_fact_or_command_authority ===
command: uv run pytest -q tests/unit/integrations/test_provider.py::test_provider_has_no_fact_or_command_authority
result: PASS (1 passed)

=== provider_credentials_do_not_cross_evidence_or_diagnostic_boundary ===
command: uv run pytest -q tests/unit/integrations/test_provider.py::test_provider_credentials_do_not_cross_evidence_or_diagnostic_boundary
result: PASS (1 passed)

=== transport_health_differs_from_coverage ===
command: uv run pytest -q tests/unit/integrations/test_provider.py::test_transport_health_differs_from_coverage
result: PASS (1 passed)

=== provider_contract_is_hermetic ===
command: uv run pytest -q tests/unit/integrations/test_provider.py::test_provider_contract_is_hermetic
result: PASS (1 passed)

=== provider_fixtures_pass_hardened_synthetic_guard ===
command: uv run pytest -q tests/unit/integrations/test_provider.py::test_provider_fixtures_pass_hardened_synthetic_guard
result: PASS (1 passed)

=== synthetic_provider_fixtures_pass ===
command: uv run pytest -q tests/unit/integrations/test_provider.py::test_synthetic_provider_fixtures_pass
result: PASS (1 passed)

=== provider_security_regressions_pass ===
command: uv run pytest -q tests/unit/integrations tests/unit/security tests/unit/config
result: PASS (50 passed)

=== harness_validation_passes ===
command: uv run kl check-harness
result: PASS (HARNESS_CHECK_PASS tasks=69 active=67)

=== supplemental_validation_on_tested_commit ===
command: uv run kl lint
result: PASS (All checks passed!)
command: MYPY_CACHE_DIR=/private/tmp/kl055-tested-mypy uv run kl typecheck
result: PASS (Success: no issues found in 82 source files)
command: uv run kl test-unit
result: PASS (183 passed in 16.81s)
command: uv run kl test-harness
result: PASS (134 passed in 164.77s)

=== oracle_verification ===
PASS: ProviderId and StreamId accept only bounded canonical upper-case tokens.
PASS: provider-controlled observations cannot carry subject/source binding or known_at; the envelope derives subject, provider, stream, source connection, source/trust classes, and adapter version from the trusted server binding.
PASS: the ReceiveEvidence handoff requires the trusted execution context, compares envelope identity and command identity to its binding, returns only non-enumerating SUBJECT_MISMATCH on mismatch, rescans credentials, overwrites provider-forged known_at from the sealed server clock, and returns the trusted envelope that callers persist.
PASS: EvidenceEnvelope is strict, frozen, duplicate-key rejecting, and closed to its S09 evidence fields; it requires provenance, canonical times, exact revision identity, and exactly one payload hash or controlled blob reference.
PASS: command_authority is fixed to NONE and provider output cannot write facts, commands, approvals, capability, progression, readiness, or authorization.
PASS: raw, percent-encoded, nested, query, userinfo, exception, and adapter-failure credential paths fail closed without credential disclosure.
PASS: transport health and evidence coverage remain distinct, and every committed provider fixture passes the hardened synthetic guard.
PASS: the hermetic subprocess denies network and ambient provider credentials.

SPEC_CHANGE_REQUIRED: no
