KL-055 exact packet validation
base_commit: 21ec0b508959d8ce24dfe1a0e4d59a0820394068
tested_commit: 316afb55fc4e42e78c919c28a10f1bab12c0d133
date: 2026-09-26
environment: explicit in-memory synthetic provider secrets; provider credential variables absent; network denied in the hermetic subprocess; shared pre-installed Python environment with worktree source selected explicitly

=== provider_and_stream_ids_are_canonical ===
command: uv run pytest -q tests/unit/integrations/test_provider.py::test_provider_and_stream_ids_are_canonical
.                                                                        [100%]
1 passed in 0.05s

=== provider_subject_source_binding_is_trusted ===
command: uv run pytest -q tests/unit/integrations/test_provider.py::test_provider_subject_source_binding_is_trusted
.                                                                        [100%]
1 passed in 0.05s

=== evidence_provenance_and_times_required ===
command: uv run pytest -q tests/unit/integrations/test_provider.py::test_evidence_provenance_and_times_required
.                                                                        [100%]
1 passed in 0.05s

=== evidence_envelope_closed_s09_schema ===
command: uv run pytest -q tests/unit/integrations/test_provider.py::test_evidence_envelope_closed_s09_schema
.                                                                        [100%]
1 passed in 0.05s

=== server_assigns_known_at ===
command: uv run pytest -q tests/unit/integrations/test_provider.py::test_server_assigns_known_at
.                                                                        [100%]
1 passed in 0.05s

=== provider_has_no_fact_or_command_authority ===
command: uv run pytest -q tests/unit/integrations/test_provider.py::test_provider_has_no_fact_or_command_authority
.                                                                        [100%]
1 passed in 0.05s

=== provider_credentials_do_not_cross_evidence_or_diagnostic_boundary ===
command: uv run pytest -q tests/unit/integrations/test_provider.py::test_provider_credentials_do_not_cross_evidence_or_diagnostic_boundary
.                                                                        [100%]
1 passed in 0.05s

=== transport_health_differs_from_coverage ===
command: uv run pytest -q tests/unit/integrations/test_provider.py::test_transport_health_differs_from_coverage
.                                                                        [100%]
1 passed in 0.05s

=== provider_contract_is_hermetic ===
command: uv run pytest -q tests/unit/integrations/test_provider.py::test_provider_contract_is_hermetic
.                                                                        [100%]
1 passed in 0.13s

=== provider_fixtures_pass_hardened_synthetic_guard ===
command: uv run pytest -q tests/unit/integrations/test_provider.py::test_provider_fixtures_pass_hardened_synthetic_guard
.                                                                        [100%]
1 passed in 0.05s

=== synthetic_provider_fixtures_pass ===
command: uv run pytest -q tests/unit/integrations/test_provider.py::test_synthetic_provider_fixtures_pass
.                                                                        [100%]
1 passed in 0.05s

=== provider_security_regressions_pass ===
command: uv run pytest -q tests/unit/integrations tests/unit/security tests/unit/config
..................................................                       [100%]
50 passed in 0.20s

=== harness_validation_passes ===
command: uv run kl check-harness
HARNESS_CHECK_PASS tasks=69 active=67

=== supplemental_validation ===
PASS uv run pytest -q tests/unit
output: 183 passed in 21.03s
PASS uv run ruff check src tools tests
output: All checks passed!
PASS uv run mypy
output: Success: no issues found in 82 source files
PASS uv run kl check-harness --protected-base 21ec0b508959d8ce24dfe1a0e4d59a0820394068 --task-id KL-055
output: HARNESS_CHECK_PASS tasks=69 active=67
PASS git diff --exit-code 21ec0b508959d8ce24dfe1a0e4d59a0820394068 316afb55fc4e42e78c919c28a10f1bab12c0d133 -- 05_KineticLoop_Protocol_v1.2_FROZEN.md 04_KineticLoop_DB_Schema_Design_v0.2_FROZEN.md FROZEN_BASELINE.json
output: frozen Protocol, frozen DB, and FROZEN_BASELINE.json are unchanged

=== oracle_verification ===
PASS: ProviderId and StreamId accept only bounded canonical upper-case tokens.
PASS: provider-controlled observations cannot carry subject/source binding or known_at; the envelope derives subject, provider, stream, source connection, source/trust classes, and adapter version from the trusted server binding.
PASS: the ReceiveEvidence handoff compares envelope, trusted binding, command subject, and command source connection and returns only non-enumerating SUBJECT_MISMATCH on any mismatch.
PASS: EvidenceEnvelope is strict, frozen, duplicate-key rejecting, and closed to its S09 evidence fields; it requires provenance, canonical times, exact revision identity, and exactly one payload hash or controlled blob reference.
PASS: known_at comes only from the injected server clock and command_authority is fixed to NONE.
PASS: runtime adapter-output validation accepts only an exact tuple of EvidenceEnvelope values and rejects fact, command, approval, capability, authorization, progression, and readiness output shapes.
PASS: raw, percent-encoded, nested, query, userinfo, exception, and adapter-failure credential paths fail closed without disclosing the credential in envelope serialization, repr/str, diagnostics, logs, or evidence.
PASS: CONNECTED transport health can coexist with PARTIAL evidence coverage and permission ambiguity.
PASS: the clean subprocess removes provider credential variables, denies socket construction, and deterministically builds identical evidence without ambient credentials or network access.
PASS: every committed provider fixture passes the merged KL-009 hardened synthetic validator with stable provenance, explicit non-production markers, and documented sentinels.

SPEC_CHANGE_REQUIRED: no
