KL-014 exact packet checks
base_commit: bac21cf6a920859c74e3906383626557b379e758
tested_commit: aa280441bb3dcae7c0b704ad23f8feccea6c0870

$ uv run pytest -q tests/unit/contracts/test_commands.py::test_strict_t1_t8_contract_matrix
1 passed in 0.12s

$ uv run pytest -q tests/unit/contracts/test_commands.py::test_build_preparation_stays_outside_t2
1 passed in 0.11s

$ uv run pytest -q tests/unit/contracts/test_commands.py::test_preparation_and_registry_management_stay_outside_atomic_boundaries
1 passed in 0.11s

$ uv run pytest -q tests/unit/contracts/test_commands.py::test_identity_idempotency_and_basis_fields
1 passed in 0.11s

$ uv run pytest -q tests/unit/contracts/test_commands.py::test_shadow_and_test_scope_fail_closed
1 passed in 0.11s

$ uv run pytest -q tests/unit/contracts/test_results.py::test_command_result_roundtrip
1 passed in 0.11s

$ uv run pytest -q tests/unit/contracts/test_errors.py tests/unit/contracts/test_commands.py tests/unit/contracts/test_results.py
8 passed in 0.12s

$ uv run pytest -q tests/unit/contracts
35 passed in 0.11s; no failures, skips, or deselections

$ uv run kl check-harness
HARNESS_CHECK_PASS tasks=68 active=66

$ ruff check src/kineticloop/contracts tests/unit/contracts
All checks passed.

$ git diff --check
Exit 0; no output.

Frozen Protocol, DB baseline, and FROZEN_BASELINE.json are unchanged.
