Diagnostic display whitespace normalized; command/exit status preserved.
tested_commit=3ff69607032d815664c1e0524ba93c362c0b4996
command=git diff --check 7d24ee6dd0458e2971f26f9ac96d0465dae5ac22 3ff69607032d815664c1e0524ba93c362c0b4996
docs/exec-plans/evidence/HG-032/KL024_failure.log:45: trailing whitespace.
+
docs/exec-plans/evidence/HG-032/KL024_failure.log:58: trailing whitespace.
+
docs/exec-plans/evidence/HG-032/KL024_failure.log:109: trailing whitespace.
+
docs/exec-plans/evidence/HG-032/KL024_failure.log:128: trailing whitespace.
+
docs/exec-plans/evidence/HG-032/KL024_failure.log:131: trailing whitespace.
+
docs/exec-plans/evidence/HG-032/KL024_failure.log:157: trailing whitespace.
+
docs/exec-plans/evidence/HG-032/KL024_failure.log:165: trailing whitespace.
+tests/db/test_transaction_interfaces.py:3395:
docs/exec-plans/evidence/HG-032/KL024_failure.log:166: trailing whitespace.
+_ _ _ _ _ _ _ _ _ _ _ _ _ _ _ _ _ _ _ _ _ _ _ _ _ _ _ _ _ _ _ _ _ _ _ _ _ _ _ _
docs/exec-plans/evidence/HG-032/KL024_failure.log:185: trailing whitespace.
+

exit_code=2
