Diagnostic display whitespace normalized; command/exit status preserved.
tested_commit=ade03a8afa1071f7a6789eeb493900349cf50c60
command=git diff --check 7d24ee6dd0458e2971f26f9ac96d0465dae5ac22 ade03a8afa1071f7a6789eeb493900349cf50c60 -- . :(exclude)docs/exec-plans/evidence/HG-032/KL024_failure.log
docs/exec-plans/evidence/HG-032/diff_clean.log:4: trailing whitespace.
++
docs/exec-plans/evidence/HG-032/diff_clean.log:6: trailing whitespace.
++
docs/exec-plans/evidence/HG-032/diff_clean.log:8: trailing whitespace.
++
docs/exec-plans/evidence/HG-032/diff_clean.log:10: trailing whitespace.
++
docs/exec-plans/evidence/HG-032/diff_clean.log:12: trailing whitespace.
++
docs/exec-plans/evidence/HG-032/diff_clean.log:14: trailing whitespace.
++
docs/exec-plans/evidence/HG-032/diff_clean.log:16: trailing whitespace.
++tests/db/test_transaction_interfaces.py:3395:
docs/exec-plans/evidence/HG-032/diff_clean.log:18: trailing whitespace.
++_ _ _ _ _ _ _ _ _ _ _ _ _ _ _ _ _ _ _ _ _ _ _ _ _ _ _ _ _ _ _ _ _ _ _ _ _ _ _ _
docs/exec-plans/evidence/HG-032/diff_clean.log:20: trailing whitespace.
++

exit_code=2
