task_identity: harness-backlog-v0.2/KL-013
tested_commit: b0c5d4abd7ecffb98088a8245cc8dea1ccdea2f5
database_namespace: kl_a365_8ca5f7134a29 / kl_a365_8ca5f7134a29_test

$ uv run alembic heads
76fd67f76bd4 (head)
ORACLE PASS: exactly one Alembic head revision is present.

$ uv run pytest -q tests/db/test_migrations.py::test_empty_db_upgrade_head
.                                                                        [100%]
1 passed in 2.04s
ORACLE PASS: an isolated empty PostgreSQL database upgraded to revision 76fd67f76bd4,
materialized all baseline relations and normalized authority edges, and seeded S51.

$ uv run pytest -q tests/db/test_migrations.py::test_logical_inventory_complete
.                                                                        [100%]
1 passed in 2.11s
ORACLE PASS: S01-S51 are each materialized exactly once, S49/S50 have a true global
namespace, all four closed S14 typed children exist, and the closed supplemental edge
inventory materializes S47 sources plus S49 dependencies and the S42 artifact closure.

$ uv run pytest -q tests/db/test_migrations.py::test_fk_order_matches_topology
.                                                                        [100%]
1 passed in 2.06s
ORACLE PASS: every KL-010 base dependency is created after its target, and the catalog
contains exactly the declared base, deferred-authority, and normalized-edge FK inventory.

$ uv run pytest -q tests/db/test_migrations.py::test_immutable_history_materialized
.                                                                        [100%]
1 passed in 2.30s
ORACLE PASS: every immutable logical, typed-child, and normalized-edge relation rejects
mutation; application SQL cannot directly write semantic history or inherit a writer.

$ uv run pytest -q tests/db/test_migrations.py::test_database_rebuild_is_deterministic
.                                                                        [100%]
1 passed in 3.86s
ORACLE PASS: two isolated empty-database upgrades produced the same catalog signature
over columns, constraints, and non-internal triggers.

$ uv run pytest -q tests/db/test_migrations.py tests/db/test_immutability.py tests/db/test_lifecycle.py
....................                                                     [100%]
20 passed in 31.36s
ORACLE PASS: the PostgreSQL suite additionally proves exact S49 typed roots and normalized
dependencies, bounded validity, S42 closure/certificate materialization, unique S50 registry
revisions, S39/S43 idempotency constraints, typed-child parent-kind enforcement, adversarial
role reconciliation, S15/S16 serialization, and reversible downgrade/re-upgrade.

$ uv run kl check-harness
HARNESS_CHECK_PASS tasks=68 active=66
ORACLE PASS: harness validation passed with the remediated SHA-bound result contract.
