Using CPython 3.12.14
Creating virtual environment at: /private/tmp/kl078-general-runtime-154171e
Resolved 33 packages in 1ms
   Building kineticloop @ file:///private/tmp/kl078-general-review-154171e
WARN Retry attempt #0. Sleeping 1.07173533s before the next attempt
WARN Retry attempt #0. Sleeping 1.548819644s before the next attempt
WARN Retry attempt #0. Sleeping 1.048066417s before the next attempt
WARN Retry attempt #0. Sleeping 1.174111017s before the next attempt
WARN Retry attempt #0. Sleeping 1.47681755s before the next attempt
WARN Retry attempt #0. Sleeping 1.093484328s before the next attempt
WARN Retry attempt #0. Sleeping 1.350054652s before the next attempt
WARN Retry attempt #0. Sleeping 1.685291798s before the next attempt
WARN Retry attempt #0. Sleeping 1.741601184s before the next attempt
WARN Retry attempt #0. Sleeping 1.584906962s before the next attempt
WARN Retry attempt #0. Sleeping 1.218637187s before the next attempt
WARN Retry attempt #0. Sleeping 1.714584638s before the next attempt
WARN Retry attempt #0. Sleeping 1.641666974s before the next attempt
WARN Retry attempt #0. Sleeping 1.00298971s before the next attempt
WARN Retry attempt #0. Sleeping 1.779959183s before the next attempt
WARN Retry attempt #0. Sleeping 1.324666148s before the next attempt
WARN Retry attempt #0. Sleeping 1.015244556s before the next attempt
WARN Retry attempt #0. Sleeping 1.694555674s before the next attempt
WARN Retry attempt #0. Sleeping 1.095961432s before the next attempt
WARN Retry attempt #0. Sleeping 1.805166302s before the next attempt
WARN Retry attempt #0. Sleeping 1.276264709s before the next attempt
WARN Retry attempt #0. Sleeping 1.534882819s before the next attempt
WARN Retry attempt #0. Sleeping 1.327388532s before the next attempt
WARN Retry attempt #0. Sleeping 1.268538789s before the next attempt
WARN Retry attempt #0. Sleeping 1.514709939s before the next attempt
WARN Retry attempt #0. Sleeping 1.198815654s before the next attempt
WARN Retry attempt #0. Sleeping 1.261126171s before the next attempt
WARN Retry attempt #0. Sleeping 1.280023975s before the next attempt
WARN Retry attempt #0. Sleeping 1.405703724s before the next attempt
WARN Retry attempt #0. Sleeping 1.736396996s before the next attempt
WARN Retry attempt #1. Sleeping 2.846360513s before the next attempt
WARN Retry attempt #1. Sleeping 2.823208285s before the next attempt
WARN Retry attempt #1. Sleeping 1.671780683s before the next attempt
WARN Retry attempt #1. Sleeping 2.132753252s before the next attempt
WARN Retry attempt #1. Sleeping 1.337322613s before the next attempt
WARN Retry attempt #1. Sleeping 3.907453901s before the next attempt
WARN Retry attempt #1. Sleeping 2.844654359s before the next attempt
WARN Retry attempt #1. Sleeping 3.76189231s before the next attempt
WARN Retry attempt #1. Sleeping 3.381935688s before the next attempt
WARN Retry attempt #1. Sleeping 1.737344563s before the next attempt
WARN Retry attempt #1. Sleeping 2.428996963s before the next attempt
WARN Retry attempt #1. Sleeping 2.142587787s before the next attempt
WARN Retry attempt #1. Sleeping 1.176065067s before the next attempt
WARN Retry attempt #1. Sleeping 3.76324098s before the next attempt
WARN Retry attempt #1. Sleeping 1.200831208s before the next attempt
WARN Retry attempt #1. Sleeping 2.502857733s before the next attempt
WARN Retry attempt #1. Sleeping 1.013563364s before the next attempt
WARN Retry attempt #1. Sleeping 1.325973733s before the next attempt
WARN Retry attempt #1. Sleeping 1.801217495s before the next attempt
WARN Retry attempt #1. Sleeping 3.633513777s before the next attempt
WARN Retry attempt #1. Sleeping 3.086519629s before the next attempt
WARN Retry attempt #1. Sleeping 2.638820378s before the next attempt
WARN Retry attempt #1. Sleeping 1.891352363s before the next attempt
WARN Retry attempt #1. Sleeping 2.321226984s before the next attempt
WARN Retry attempt #1. Sleeping 3.837104154s before the next attempt
WARN Retry attempt #1. Sleeping 2.550165953s before the next attempt
WARN Retry attempt #1. Sleeping 3.635587338s before the next attempt
WARN Retry attempt #1. Sleeping 3.702506598s before the next attempt
WARN Retry attempt #1. Sleeping 3.109832882s before the next attempt
WARN Retry attempt #1. Sleeping 3.215500656s before the next attempt
WARN Retry attempt #2. Sleeping 3.801409632s before the next attempt
WARN Retry attempt #2. Sleeping 4.287539985s before the next attempt
WARN Retry attempt #2. Sleeping 5.111012313s before the next attempt
WARN Retry attempt #2. Sleeping 4.338978994s before the next attempt
WARN Retry attempt #2. Sleeping 6.74585579s before the next attempt
WARN Retry attempt #2. Sleeping 4.093004858s before the next attempt
WARN Retry attempt #2. Sleeping 6.044533458s before the next attempt
WARN Retry attempt #2. Sleeping 2.290595378s before the next attempt
WARN Retry attempt #2. Sleeping 2.365928135s before the next attempt
WARN Retry attempt #2. Sleeping 7.74645539s before the next attempt
WARN Retry attempt #2. Sleeping 7.920653895s before the next attempt
WARN Retry attempt #2. Sleeping 3.850860474s before the next attempt
WARN Retry attempt #2. Sleeping 1.562724161s before the next attempt
WARN Retry attempt #2. Sleeping 3.388691517s before the next attempt
WARN Retry attempt #2. Sleeping 5.209937671s before the next attempt
WARN Retry attempt #2. Sleeping 6.607626537s before the next attempt
WARN Retry attempt #2. Sleeping 6.082418031s before the next attempt
WARN Retry attempt #2. Sleeping 5.645280188s before the next attempt
WARN Retry attempt #2. Sleeping 7.517114782s before the next attempt
WARN Retry attempt #2. Sleeping 3.006521028s before the next attempt
WARN Retry attempt #2. Sleeping 2.962937011s before the next attempt
WARN Retry attempt #2. Sleeping 6.717506546s before the next attempt
WARN Retry attempt #2. Sleeping 6.813920384s before the next attempt
WARN Retry attempt #2. Sleeping 1.110834844s before the next attempt
WARN Retry attempt #2. Sleeping 6.310826928s before the next attempt
WARN Retry attempt #2. Sleeping 7.177846508s before the next attempt
WARN Retry attempt #2. Sleeping 4.116328069s before the next attempt
WARN Retry attempt #2. Sleeping 2.020571259s before the next attempt
error: Failed to download `mypy==1.20.2`
  cause: Request failed after 3 retries in 5.4s
  cause: Failed to fetch: `https://files.pythonhosted.org/packages/32/d9/34a5efed8124f5a9234f55ac6a4ced4201e2c5b81e1109c49ad23190ec8c/mypy-1.20.2-cp312-cp312-macosx_11_0_arm64.whl`
  cause: error sending request for url (https://files.pythonhosted.org/packages/32/d9/34a5efed8124f5a9234f55ac6a4ced4201e2c5b81e1109c49ad23190ec8c/mypy-1.20.2-cp312-cp312-macosx_11_0_arm64.whl)
  cause: client error (Connect)
  cause: dns error
  cause: failed to lookup address information: nodename nor servname provided, or not known

hint: `mypy` (v1.20.2) was included because `kineticloop:dev` (v0.1.0) depends on `mypy`
