INDEX_HASHES_PASS
PREREQ_PASS KL-017 checks 10 reviews 4 merge 21ec0b508959d8ce24dfe1a0e4d59a0820394068
PREREQ_PASS KL-019 checks 20 reviews 3 merge cfbfae0c366e654060d5d52f961a37abf956f2a0
PREREQ_PASS KL-022 checks 11 reviews 3 merge 88adc5be3f7c567413be671a2b3dc5e6c802ffe8
PREREQ_PASS KL-023 checks 10 reviews 3 merge 8df9d8851cdc8f68e1f6429149b420604d6aa1b5
PREREQ_PASS KL-074 checks 10 reviews 3 merge 3c1312e5946593d73f169f6ea1ce559c27523bd2
M2_CLOSURE_AND_EVIDENCE_PASS
SCOPE_PASS 116 SUFFIX_PASS 28
FINAL_CHECK_PASS preparation_revision_pu 1
FINAL_CHECK_PASS preparation_capability_pu 1
FINAL_CHECK_PASS preparation_namespace_pu 1
FINAL_CHECK_PASS preparation_owner_pipeline_dc 1
FINAL_CHECK_PASS preparation_basis_denials_dc 1
FINAL_CHECK_PASS preparation_immutable_replay_dc 1
FINAL_CHECK_PASS preparation_duplicate_rollback_dc 1
FINAL_CHECK_PASS preparation_no_authority_dc 1
FINAL_CHECK_PASS preparation_suite_dc 5
FINAL_CHECK_PASS harness_validation_passes None
FINAL_CHECK_PASS unit_regressions_pass 219
FINAL_CHECK_PASS harness_regressions_pass 626
FINAL_CHECK_PASS lint_passes None
FINAL_CHECK_PASS typecheck_passes None
AUDIT_PASS
UNCHANGED_GUARD execute_command
UNCHANGED_GUARD _prepare_manifest_publication
UNCHANGED_GUARD acquire_registry_lease
UNCHANGED_GUARD _acquire_publish_candidate_registry_lease
UNCHANGED_GUARD require_test_execution_ingress
UNCHANGED_GUARD _prepare_factset_seal
UNCHANGED_GUARD replay_outcome
UNCHANGED_GUARD lock_subject
GUARD_AUDIT_PASS
