HG-026 governance evidence
date: 2026-09-28
base_commit: 8587593d8575cab634eb1ab664cb1cbb911cbf23
tested_commit: 1f09e078781d10e1c353241ee20e0eedad060a09
isolated_postgresql_namespace: kl_dc62_b7d95cf49da3

CHECK harness_structure_valid: PASS
command: PYTHONPATH="$PWD/src" /private/tmp/kl017-venv/bin/python -m kineticloop.db.cli check-harness
oracle: exited 0 and printed HARNESS_CHECK_PASS tasks=70 active=67.

CHECK harness_tests_pass: PASS
command: PYTHONPATH="$PWD/src" /private/tmp/kl017-venv/bin/python -m kineticloop.db.cli test-harness
oracle: 167 passed in 183.45s.

CHECK unit_tests_pass: PASS
command: PYTHONPATH="$PWD/src" /private/tmp/kl017-venv/bin/python -m kineticloop.db.cli test-unit
oracle: 186 passed in 52.48s.

CHECK database_tests_pass: PASS
command: PYTHONPATH="$PWD/src" /private/tmp/kl017-venv/bin/python -m pytest -q tests/db -p no:cacheprovider
oracle: 214 passed in 102.54s in the worktree-specific PostgreSQL namespace.
note: The first sandboxed invocation could not access the Docker socket and produced no valid database evidence. The identical command was rerun with approved Docker access; only the successful rerun is claimed.

CHECK lint_pass: PASS
command: RUFF_CACHE_DIR=/private/tmp/hg026-ruff PYTHONPATH="$PWD/src" /private/tmp/kl017-venv/bin/python -m kineticloop.db.cli lint
oracle: exited 0 and printed All checks passed!.

CHECK typecheck_pass: PASS
command: MYPY_CACHE_DIR=/private/tmp/hg026-mypy PYTHONPATH="$PWD/src" /private/tmp/kl017-venv/bin/python -m kineticloop.db.cli typecheck
oracle: exited 0 and printed Success: no issues found in 85 source files.

CHECK kl020_acceptance_only_scope_exact: PASS
command: Parse harness-backlog-v0.2/KL-020 and assert the preserved KL-015 dependency, exact tests/db/test_transaction_interfaces.py write path, transaction_interfaces and user_coordination resource keys, ISOLATED_POSTGRESQL_NAMESPACE environment, ENFORCEABLE packet state, zero product requirement claims, and eight exact check contracts.
oracle: printed KL020_ACCEPTANCE_SCOPE_PASS.

CHECK frozen_and_production_unchanged: PASS
command: Compare 8587593d8575cab634eb1ab664cb1cbb911cbf23..1f09e078781d10e1c353241ee20e0eedad060a09 across Frozen Protocol/DB authority, FROZEN_BASELINE.json, src, migrations, Alembic, and completed KL-015/KL-073 result artifacts.
oracle: git diff --quiet exited 0; the tested revision changes only CURRENT_DOCUMENT_INDEX.json, HARNESS_DOCUMENT_MANIFEST.json, KineticLoop_Harness_Backlog_v0.2.json, KineticLoop_Harness_Traceability_v0.3.json, and docs/exec-plans/active/KL-020.md.

CONCLUSION: PASS
The refined KL-020 packet is a governance-only, acceptance-only definition. It adds no product code, migration, frozen semantic change, completed-task rewrite, requirement PASS, or production activation claim.
