HG-026 governance evidence
date: 2026-09-28
base_commit: 8587593d8575cab634eb1ab664cb1cbb911cbf23
tested_commit: b10483943abb12d31c71694faaf8404341fd3c64
isolated_postgresql_namespace: kl_dc62_b7d95cf49da3

CHECK harness_structure_valid: PASS
command: PYTHONPATH="$PWD/src" /private/tmp/kl017-venv/bin/python -m kineticloop.db.cli check-harness
oracle: exited 0 and printed HARNESS_CHECK_PASS tasks=70 active=67.

CHECK harness_tests_pass: PASS
command: PYTHONPATH="$PWD/src" /private/tmp/kl017-venv/bin/python -m kineticloop.db.cli test-harness
oracle: 167 passed in 183.08s.

CHECK unit_tests_pass: PASS
command: PYTHONPATH="$PWD/src" /private/tmp/kl017-venv/bin/python -m kineticloop.db.cli test-unit
oracle: 186 passed in 52.42s.

CHECK database_tests_pass: PASS
command: PYTHONPATH="$PWD/src" /private/tmp/kl017-venv/bin/python -m pytest -q tests/db -p no:cacheprovider
oracle: 214 passed in 101.35s in the worktree-specific PostgreSQL namespace.

CHECK lint_pass: PASS
command: RUFF_CACHE_DIR=/private/tmp/hg026-ruff-r2 PYTHONPATH="$PWD/src" /private/tmp/kl017-venv/bin/python -m kineticloop.db.cli lint
oracle: exited 0 and printed All checks passed!.

CHECK typecheck_pass: PASS
command: MYPY_CACHE_DIR=/private/tmp/hg026-mypy-r2 PYTHONPATH="$PWD/src" /private/tmp/kl017-venv/bin/python -m kineticloop.db.cli typecheck
oracle: exited 0 and printed Success: no issues found in 85 source files.

CHECK kl020_acceptance_only_scope_exact: PASS
command: Parse harness-backlog-v0.2/KL-020 and assert the preserved KL-015 dependency, exact tests/db/test_transaction_interfaces.py write path, transaction_interfaces and user_coordination resource keys, ISOLATED_POSTGRESQL_NAMESPACE environment, ENFORCEABLE packet state, zero product requirement claims, eight exact check contracts, and explicit inclusion of test_multi_key_lock_order_is_stable in the lock-order check.
oracle: printed KL020_ACCEPTANCE_SCOPE_PASS.

CHECK frozen_and_production_unchanged: PASS
command: Compare 8587593d8575cab634eb1ab664cb1cbb911cbf23..b10483943abb12d31c71694faaf8404341fd3c64 across Frozen Protocol/DB authority, FROZEN_BASELINE.json, src, migrations, Alembic, and completed KL-015/KL-073 result artifacts.
oracle: git diff --quiet exited 0; the tested content changes only CURRENT_DOCUMENT_INDEX.json, HARNESS_DOCUMENT_MANIFEST.json, KineticLoop_Harness_Backlog_v0.2.json, KineticLoop_Harness_Traceability_v0.3.json, and docs/exec-plans/active/KL-020.md.

REVIEW REMEDIATION
The first DB_CONCURRENCY review correctly found that the receipt_lock_order_guards_remain_enforced oracle named stable multi-key ordering while the exact command omitted test_multi_key_lock_order_is_stable. Commit b10483943abb12d31c71694faaf8404341fd3c64 adds that exact node ID to the packet, backlog and traceability mirrors and refreshes all derived hashes. All checks above were rerun after that correction; earlier reviews are stale and are not persisted.

CONCLUSION: PASS
The refined KL-020 packet is a governance-only, acceptance-only definition. It adds no product code, migration, frozen semantic change, completed-task rewrite, requirement PASS, or production activation claim.
