tests/harness/test_compact_evidence.py::test_decoded_reserved_storage_cannot_bypass_direct_rejection[missing-utf-8]
tests/harness/test_compact_evidence.py::test_decoded_reserved_storage_cannot_bypass_direct_rejection[missing-utf-16]
tests/harness/test_compact_evidence.py::test_decoded_reserved_storage_cannot_bypass_direct_rejection[missing-utf-32]
tests/harness/test_compact_evidence.py::test_decoded_reserved_storage_cannot_bypass_direct_rejection[corrupt-utf-8]
tests/harness/test_compact_evidence.py::test_decoded_reserved_storage_cannot_bypass_direct_rejection[corrupt-utf-16]
tests/harness/test_compact_evidence.py::test_decoded_reserved_storage_cannot_bypass_direct_rejection[corrupt-utf-32]
tests/harness/test_compact_evidence.py::test_decoded_reserved_storage_cannot_bypass_direct_rejection[command-utf-8]
tests/harness/test_compact_evidence.py::test_decoded_reserved_storage_cannot_bypass_direct_rejection[command-utf-16]
tests/harness/test_compact_evidence.py::test_decoded_reserved_storage_cannot_bypass_direct_rejection[command-utf-32]
tests/harness/test_compact_evidence.py::test_decoded_reserved_storage_cannot_bypass_direct_rejection[tested-utf-8]
tests/harness/test_compact_evidence.py::test_decoded_reserved_storage_cannot_bypass_direct_rejection[tested-utf-16]
tests/harness/test_compact_evidence.py::test_decoded_reserved_storage_cannot_bypass_direct_rejection[tested-utf-32]
tests/harness/test_compact_evidence.py::test_decoded_reserved_storage_cannot_bypass_direct_rejection[exit-utf-8]
tests/harness/test_compact_evidence.py::test_decoded_reserved_storage_cannot_bypass_direct_rejection[exit-utf-16]
tests/harness/test_compact_evidence.py::test_decoded_reserved_storage_cannot_bypass_direct_rejection[exit-utf-32]
tests/harness/test_compact_evidence.py::test_decoded_reserved_storage_cannot_bypass_direct_rejection[list-utf-8]
tests/harness/test_compact_evidence.py::test_decoded_reserved_storage_cannot_bypass_direct_rejection[list-utf-16]
tests/harness/test_compact_evidence.py::test_decoded_reserved_storage_cannot_bypass_direct_rejection[list-utf-32]
tests/harness/test_compact_evidence.py::test_decoded_reserved_storage_cannot_bypass_direct_rejection[dict-utf-8]
tests/harness/test_compact_evidence.py::test_decoded_reserved_storage_cannot_bypass_direct_rejection[dict-utf-16]
tests/harness/test_compact_evidence.py::test_decoded_reserved_storage_cannot_bypass_direct_rejection[dict-utf-32]
tests/harness/test_compact_evidence.py::test_decoded_reserved_storage_cannot_bypass_direct_rejection[truncated-utf-8]
tests/harness/test_compact_evidence.py::test_decoded_reserved_storage_cannot_bypass_direct_rejection[truncated-utf-16]
tests/harness/test_compact_evidence.py::test_decoded_reserved_storage_cannot_bypass_direct_rejection[truncated-utf-32]
tests/harness/test_compact_evidence.py::test_even_valid_nested_storage_is_rejected_and_capture_cleans_up
tests/harness/test_compact_evidence.py::test_nonreserved_encoded_raw_is_lossless_in_plain_and_compact_forms[utf-8]
tests/harness/test_compact_evidence.py::test_nonreserved_encoded_raw_is_lossless_in_plain_and_compact_forms[utf-16]
tests/harness/test_compact_evidence.py::test_nonreserved_encoded_raw_is_lossless_in_plain_and_compact_forms[utf-32]
tests/harness/test_m3_milestone_closure.py::test_compact_nested_storage_cannot_supply_m3_execution_stdout[missing]
tests/harness/test_m3_milestone_closure.py::test_compact_nested_storage_cannot_supply_m3_execution_stdout[corrupt]
tests/harness/test_m3_milestone_closure.py::test_compact_nested_storage_cannot_supply_m3_execution_stdout[command]
tests/harness/test_m3_milestone_closure.py::test_compact_nested_storage_cannot_supply_m3_execution_stdout[tested]
tests/harness/test_m3_milestone_closure.py::test_compact_nested_storage_cannot_supply_m3_execution_stdout[exit]
tests/harness/test_m3_milestone_closure.py::test_compact_nested_storage_cannot_supply_m3_execution_stdout[list]
tests/harness/test_m3_milestone_closure.py::test_compact_nested_storage_cannot_supply_m3_execution_stdout[dict]

35 tests collected in 0.05s
