{
  "kineticloop_evidence": "historical-gzip-v1",
  "original": {
    "task_identity": "harness-backlog-v0.2/KL-080",
    "path": "docs/exec-plans/evidence/KL-080/15a7167e44b8044c94688cf7e367e2d02a962e31/source_suite_dc.log",
    "revision": "7e19587458d611155051d0c89d36e0b89f98b8a1",
    "blob_id": "74b505e3882c8857e7d4434f200fa2ecf454d7b8",
    "raw_sha256": "2b9d584a65063ef0e00040c69fcdc925e7e512b5f49c281ab880962e7490d92d",
    "raw_bytes": 12503732,
    "execution": {
      "tested_commit": "15a7167e44b8044c94688cf7e367e2d02a962e31",
      "command": "uv run pytest -q tests/db/test_source_decision_conformance.py",
      "exit_code": 1,
      "result": "FAIL",
      "timestamp": null
    },
    "execution_record": {
      "path": "docs/exec-plans/evidence/KL-080/15a7167e44b8044c94688cf7e367e2d02a962e31/source_suite_dc.execution.json",
      "revision": "7e19587458d611155051d0c89d36e0b89f98b8a1",
      "sha256": "633c49b0b8e943aaaf7cea496c4c1e6a25a133f9ad5630033704b13720602fb8",
      "bytes": 709
    }
  },
  "payload": "docs/exec-plans/evidence/KL-080/15a7167e44b8044c94688cf7e367e2d02a962e31/2b9d584a65063ef0e00040c69fcdc925e7e512b5f49c281ab880962e7490d92d.gz",
  "raw_sha256": "2b9d584a65063ef0e00040c69fcdc925e7e512b5f49c281ab880962e7490d92d",
  "raw_bytes": 12503732,
  "stored_sha256": "b077d6b7d69c91a20f01358eef2d14276fc4b3422aa334868348eb1de73c462a",
  "stored_bytes": 1757118
}
