{
  "protected_base": "26906bd7f4444914c228e98377f2b164fee0dd5d",
  "rows": [
    {
      "task": "KL-028",
      "integration": {
        "task_identity": "harness-backlog-v0.2/KL-028",
        "display_task_id": "KL-028",
        "result_commit": "994cf425360c75a366f186e91857a5d75ed02ebe",
        "reviewed_head_sha": "994cf425360c75a366f186e91857a5d75ed02ebe",
        "review_record_commit": "073d4ef176474b006883489821aff53be749a762",
        "merge_commit": "2c44f456a0daf8e6933f20fc3eadc7e1869d6fff",
        "integration_status": "MERGED"
      },
      "semantic_errors": [],
      "edges": [
        {
          "before": "9268fc8dd8c071c02dc5c698274dbf6fcd112776",
          "after": "debd5e58f98b4b20a2dd1ae132799d2373797622",
          "is_ancestor": true
        },
        {
          "before": "debd5e58f98b4b20a2dd1ae132799d2373797622",
          "after": "994cf425360c75a366f186e91857a5d75ed02ebe",
          "is_ancestor": true
        },
        {
          "before": "994cf425360c75a366f186e91857a5d75ed02ebe",
          "after": "994cf425360c75a366f186e91857a5d75ed02ebe",
          "is_ancestor": true
        },
        {
          "before": "994cf425360c75a366f186e91857a5d75ed02ebe",
          "after": "073d4ef176474b006883489821aff53be749a762",
          "is_ancestor": true
        },
        {
          "before": "073d4ef176474b006883489821aff53be749a762",
          "after": "2c44f456a0daf8e6933f20fc3eadc7e1869d6fff",
          "is_ancestor": true
        },
        {
          "before": "2c44f456a0daf8e6933f20fc3eadc7e1869d6fff",
          "after": "26906bd7f4444914c228e98377f2b164fee0dd5d",
          "is_ancestor": true
        }
      ],
      "review_record_only_suffix": {
        "be16ac01b6a6aab104443a14d46694411a565e33": [
          "docs/exec-plans/reviews/KL-028/DB_CONCURRENCY.json",
          "docs/exec-plans/reviews/KL-028/GENERAL.json",
          "docs/exec-plans/reviews/KL-028/PROTOCOL.json",
          "docs/exec-plans/reviews/KL-028/db-raw/assessment.md",
          "docs/exec-plans/reviews/KL-028/db-raw/rerun-audit.json",
          "docs/exec-plans/reviews/KL-028/db-raw/static-evidence-audit.json",
          "docs/exec-plans/reviews/KL-028/db-raw/suite-994cf42.xml",
          "docs/exec-plans/reviews/KL-028/general-raw/assessment.md",
          "docs/exec-plans/reviews/KL-028/general-raw/audit.json",
          "docs/exec-plans/reviews/KL-028/general-raw/audit.py",
          "docs/exec-plans/reviews/KL-028/general-raw/pu-review.xml",
          "docs/exec-plans/reviews/KL-028/protocol-raw/audit.json",
          "docs/exec-plans/reviews/KL-028/protocol-raw/audit.py",
          "docs/exec-plans/reviews/KL-028/protocol-raw/pure-rerun.xml"
        ],
        "073d4ef176474b006883489821aff53be749a762": [
          "docs/exec-plans/reviews/KL-028/db-raw/suite-994cf42.log",
          "docs/exec-plans/reviews/KL-028/general-raw/audit.log",
          "docs/exec-plans/reviews/KL-028/general-raw/pu-review.log",
          "docs/exec-plans/reviews/KL-028/protocol-raw/pure-rerun.log"
        ]
      },
      "normal_merge_parents": [
        "fa729ca4bcca0f2c2e7a2aa0601890d1356b8842",
        "073d4ef176474b006883489821aff53be749a762"
      ],
      "immutable_result_sha256": "e264909e9308011032cc0e5a34a451331dbe0e32879d37ad309c23580a7c450a",
      "historical_result_status": "UNMERGED"
    },
    {
      "task": "KL-029",
      "integration": {
        "task_identity": "harness-backlog-v0.2/KL-029",
        "display_task_id": "KL-029",
        "result_commit": "eed165afbd56d3ae551c46166aaec776cf79e625",
        "reviewed_head_sha": "eed165afbd56d3ae551c46166aaec776cf79e625",
        "review_record_commit": "d126f485b89e87bce2b94a891ea60343aee6e66e",
        "merge_commit": "fa729ca4bcca0f2c2e7a2aa0601890d1356b8842",
        "integration_status": "MERGED"
      },
      "semantic_errors": [],
      "edges": [
        {
          "before": "9268fc8dd8c071c02dc5c698274dbf6fcd112776",
          "after": "b9fbf9b475e07765db62e67f0104a800036dda4d",
          "is_ancestor": true
        },
        {
          "before": "b9fbf9b475e07765db62e67f0104a800036dda4d",
          "after": "eed165afbd56d3ae551c46166aaec776cf79e625",
          "is_ancestor": true
        },
        {
          "before": "eed165afbd56d3ae551c46166aaec776cf79e625",
          "after": "eed165afbd56d3ae551c46166aaec776cf79e625",
          "is_ancestor": true
        },
        {
          "before": "eed165afbd56d3ae551c46166aaec776cf79e625",
          "after": "d126f485b89e87bce2b94a891ea60343aee6e66e",
          "is_ancestor": true
        },
        {
          "before": "d126f485b89e87bce2b94a891ea60343aee6e66e",
          "after": "fa729ca4bcca0f2c2e7a2aa0601890d1356b8842",
          "is_ancestor": true
        },
        {
          "before": "fa729ca4bcca0f2c2e7a2aa0601890d1356b8842",
          "after": "26906bd7f4444914c228e98377f2b164fee0dd5d",
          "is_ancestor": true
        }
      ],
      "review_record_only_suffix": {
        "d126f485b89e87bce2b94a891ea60343aee6e66e": [
          "docs/exec-plans/reviews/KL-029/DB_CONCURRENCY.json",
          "docs/exec-plans/reviews/KL-029/GENERAL.json",
          "docs/exec-plans/reviews/KL-029/PROTOCOL.json",
          "docs/exec-plans/reviews/KL-029/SECURITY_DATA_BOUNDARY.json",
          "docs/exec-plans/reviews/KL-029/db-raw/assessment.md",
          "docs/exec-plans/reviews/KL-029/db-raw/audit.json",
          "docs/exec-plans/reviews/KL-029/db-raw/audit.py",
          "docs/exec-plans/reviews/KL-029/db-raw/suite-escalated.log",
          "docs/exec-plans/reviews/KL-029/db-raw/suite-escalated.xml",
          "docs/exec-plans/reviews/KL-029/db-raw/suite.log",
          "docs/exec-plans/reviews/KL-029/db-raw/suite.xml",
          "docs/exec-plans/reviews/KL-029/general-raw/audit.json",
          "docs/exec-plans/reviews/KL-029/general-raw/audit.log",
          "docs/exec-plans/reviews/KL-029/general-raw/audit.py",
          "docs/exec-plans/reviews/KL-029/general-raw/oracle-assessment.md",
          "docs/exec-plans/reviews/KL-029/general-raw/pu.log",
          "docs/exec-plans/reviews/KL-029/general-raw/pu.xml",
          "docs/exec-plans/reviews/KL-029/protocol-raw/assessment.md",
          "docs/exec-plans/reviews/KL-029/protocol-raw/audit.json",
          "docs/exec-plans/reviews/KL-029/protocol-raw/audit.log",
          "docs/exec-plans/reviews/KL-029/protocol-raw/audit.py",
          "docs/exec-plans/reviews/KL-029/protocol-raw/pu.log",
          "docs/exec-plans/reviews/KL-029/protocol-raw/pu.xml",
          "docs/exec-plans/reviews/KL-029/security-raw/assessment.md",
          "docs/exec-plans/reviews/KL-029/security-raw/audit.json",
          "docs/exec-plans/reviews/KL-029/security-raw/audit.log",
          "docs/exec-plans/reviews/KL-029/security-raw/audit.py",
          "docs/exec-plans/reviews/KL-029/security-raw/pu.log",
          "docs/exec-plans/reviews/KL-029/security-raw/pu.xml"
        ]
      },
      "normal_merge_parents": [
        "9268fc8dd8c071c02dc5c698274dbf6fcd112776",
        "d126f485b89e87bce2b94a891ea60343aee6e66e"
      ],
      "immutable_result_sha256": "9afb9e421c61a5b76a4337be0ef5b7b13f6f279ebede1ca7250687ea8398271a",
      "historical_result_status": "UNMERGED"
    },
    {
      "task": "KL-076",
      "integration": {
        "task_identity": "harness-backlog-v0.2/KL-076",
        "display_task_id": "KL-076",
        "result_commit": "290a4d696d1d8247346e54aa9ff12615ce86dd6f",
        "reviewed_head_sha": "290a4d696d1d8247346e54aa9ff12615ce86dd6f",
        "review_record_commit": "d7e8f60c2530c8373279df6827bfcd08322cd832",
        "merge_commit": "035644e0cfb94927d7555e245223cd92c224ea5a",
        "integration_status": "MERGED"
      },
      "semantic_errors": []
    },
    {
      "task": "KL-079",
      "integration": {
        "task_identity": "harness-backlog-v0.2/KL-079",
        "display_task_id": "KL-079",
        "result_commit": "056b5471f3b360eeda2eca5b1c8def107222acae",
        "reviewed_head_sha": "056b5471f3b360eeda2eca5b1c8def107222acae",
        "review_record_commit": "a16fc2e037bd6cec4dbef8613092b28e9b60ecaf",
        "merge_commit": "7be0449e81b5d6d64ce6cd1aa57aa8c494c6f588",
        "integration_status": "MERGED"
      },
      "semantic_errors": []
    },
    {
      "task": "KL-077",
      "integration": {
        "task_identity": "harness-backlog-v0.2/KL-077",
        "display_task_id": "KL-077",
        "result_commit": "03edea3c9f3666302d5eaefe6ba744ea67e64aad",
        "reviewed_head_sha": "03edea3c9f3666302d5eaefe6ba744ea67e64aad",
        "review_record_commit": "bb144a01a971878577f52f47517f1232a13894e5",
        "merge_commit": "6d1348c5a731afb74fdf6f2345109a446cdb597c",
        "integration_status": "MERGED"
      },
      "semantic_errors": []
    },
    {
      "task": "KL-027",
      "integration": {
        "task_identity": "harness-backlog-v0.2/KL-027",
        "display_task_id": "KL-027",
        "result_commit": "ff93c08c7c32fba9e8dede0c161bb4f97bc98259",
        "reviewed_head_sha": "ff93c08c7c32fba9e8dede0c161bb4f97bc98259",
        "review_record_commit": "e6cd006720b0f81a1d7d5efa1105c68a06c34d96",
        "merge_commit": "1099d85bd4aa76ec8221700e55b4e77a84479126",
        "integration_status": "MERGED"
      },
      "semantic_errors": []
    },
    {
      "task": "KL-078",
      "integration": {
        "task_identity": "harness-backlog-v0.2/KL-078",
        "display_task_id": "KL-078",
        "result_commit": "89249abcfe5075d958c5e1ea4532b774ea4668de",
        "reviewed_head_sha": "89249abcfe5075d958c5e1ea4532b774ea4668de",
        "review_record_commit": "6a44e745f9ee22bc401c69c4c9f573265cc4cb5e",
        "merge_commit": "c599ec1ef39c28bd691748698a09805f390878cf",
        "integration_status": "MERGED"
      },
      "semantic_errors": []
    },
    {
      "task": "KL-026",
      "integration": {
        "task_identity": "harness-backlog-v0.2/KL-026",
        "display_task_id": "KL-026",
        "result_commit": "ceb069baa6bd850d7439860d3ac4421e22bc398b",
        "reviewed_head_sha": "ceb069baa6bd850d7439860d3ac4421e22bc398b",
        "review_record_commit": "aed3029a35d55b3594d7d736da56d1bd63e9c3f1",
        "merge_commit": "70dc4863ccdca95f7a44e79b68501a698262e323",
        "integration_status": "MERGED"
      },
      "semantic_errors": []
    },
    {
      "task": "KL-023",
      "integration": {
        "task_identity": "harness-backlog-v0.2/KL-023",
        "display_task_id": "KL-023",
        "result_commit": "6cd15b03cb0206156b8e295d34516f457c7b046a",
        "reviewed_head_sha": "6cd15b03cb0206156b8e295d34516f457c7b046a",
        "review_record_commit": "01ff68828efa8007fc88def7765e14de87b582e5",
        "merge_commit": "8df9d8851cdc8f68e1f6429149b420604d6aa1b5",
        "integration_status": "MERGED"
      },
      "semantic_errors": []
    },
    {
      "task": "KL-022",
      "integration": {
        "task_identity": "harness-backlog-v0.2/KL-022",
        "display_task_id": "KL-022",
        "result_commit": "63f9decb1482c7f01c7170cdf6bf3778ed4cc063",
        "reviewed_head_sha": "63f9decb1482c7f01c7170cdf6bf3778ed4cc063",
        "review_record_commit": "6cd0f6fa4d3d35792a9802e68a456ebb89c6306e",
        "merge_commit": "88adc5be3f7c567413be671a2b3dc5e6c802ffe8",
        "integration_status": "MERGED"
      },
      "semantic_errors": []
    }
  ]
}
