{
  "protected_base": "26906bd7f4444914c228e98377f2b164fee0dd5d",
  "tested_commit": "6bf24b3448c58727d09904fd6dad41059e4b1e65",
  "scope": "PASS",
  "frozen": "UNCHANGED",
  "historical_task_definitions": "BYTE_EQUIVALENT_VALUES",
  "future_checks": "NOT_RUN",
  "product_pass_claims": [],
  "changed": [
    "06_KineticLoop_Project_Plan_v0.6_HARNESS_HARDENED.md",
    "CURRENT_DOCUMENT_INDEX.json",
    "HARNESS_DOCUMENT_MANIFEST.json",
    "KineticLoop_Harness_Backlog_v0.2.json",
    "KineticLoop_Harness_Traceability_v0.3.json",
    "MILESTONE_CLOSURE.schema.json",
    "docs/exec-plans/active/KL-080.md",
    "docs/exec-plans/evidence/HG-045/DEVELOPMENT_ROUNDS.md",
    "docs/exec-plans/evidence/HG-045/FEASIBILITY.md",
    "docs/exec-plans/evidence/HG-045/PREPARATION.md",
    "docs/exec-plans/evidence/HG-045/SOURCE_AUDIT.md",
    "docs/exec-plans/evidence/HG-045/check.py",
    "docs/exec-plans/evidence/HG-045/focused-18aa599.json",
    "docs/exec-plans/evidence/HG-045/integration-provenance-26906bd.json",
    "docs/exec-plans/evidence/HG-045/integration_audit.py",
    "docs/exec-plans/evidence/HG-045/integration_provenance-18aa599.json",
    "docs/exec-plans/evidence/HG-045/lint-18aa599.json",
    "docs/exec-plans/evidence/HG-045/scope_audit.py",
    "docs/exec-plans/evidence/HG-045/scope_frozen-18aa599.json",
    "docs/exec-plans/evidence/HG-045/source-probe-26906bd.json",
    "docs/exec-plans/evidence/HG-045/source_diff-18aa599.json",
    "docs/exec-plans/evidence/HG-045/source_probe.py",
    "docs/exec-plans/evidence/HG-045/typecheck-18aa599.json",
    "docs/exec-plans/evidence/HG-045/unit-18aa599.json",
    "docs/exec-plans/evidence/HG-045/validation-18aa599.json",
    "docs/exec-plans/integrations/KL-028.json",
    "docs/exec-plans/integrations/KL-029.json",
    "docs/harness/M3_CLOSURE_CONTRACT.md",
    "tests/harness/test_m3_milestone_closure.py",
    "tests/harness/test_source_decision_scope.py",
    "tools/harness/validate_harness.py"
  ]
}
