KL-072 verification evidence
tested_commit: 06041e856a956fd10ee9afb21d4e5f2ace7d0f76
executed_at: 2026-09-25 America/Los_Angeles
environment: isolated worktree Docker Compose namespace kl_e44f_502d0a722547
uv_resolution: /private/tmp/kl001-bootstrap/bin was prepended to PATH because uv was not globally installed; UV_CACHE_DIR=/private/tmp/kl072-uv-cache

check_id: baseline_migration_unchanged
command: git diff --exit-code b4f1a3bf4e619f86bd1ce8ff3ad7f148a2705e5f HEAD -- migrations/versions/76fd67f76bd4_frozen_s01_s51_baseline.py
result: PASS
output: exit 0; no diff

check_id: single_successor_migration_head
command: uv run pytest -q tests/db/test_migrations.py::test_safety_registry_successor_migration_chain
result: PASS
output: 1 passed in 0.19s

check_id: successor_migration_contains_no_cluster_role_ddl
command: uv run pytest -q tests/db/test_migrations.py::test_safety_registry_successor_contains_no_cluster_role_ddl
result: PASS
output: 1 passed in 2.24s

check_id: safety_registry_role_preflight_fails_before_object_changes
command: uv run pytest -q tests/db/test_migrations.py::test_safety_registry_role_preflight_fails_before_object_changes
result: PASS
output: 1 passed in 4.23s

check_id: two_phase_empty_db_upgrade_head
command: uv run pytest -q tests/db/test_migrations.py::test_two_phase_empty_db_upgrade_head
result: PASS
output: 1 passed in 2.38s

check_id: safety_registry_migrated_schema_integration
command: uv run pytest -q tests/db/test_migrations.py::test_safety_registry_repository_integrates_with_migrated_schema
result: PASS
output: 1 passed in 2.40s

check_id: complete_safety_registry_suite_uses_migrated_schema
command: uv run pytest -q tests/db/test_safety_registry.py
result: PASS
output: 11 passed in 14.13s

check_id: safety_registry_object_ownership_enforced
command: uv run pytest -q tests/db/test_migrations.py::test_safety_registry_migrated_object_ownership
result: PASS
output: 1 passed in 2.58s

check_id: safety_registry_command_routine_privileges_enforced
command: uv run pytest -q tests/db/test_safety_registry.py::test_migrated_registry_command_routine_privileges
result: PASS
output: 1 passed in 2.58s

check_id: safety_registry_role_owner_boundary_enforced
command: uv run pytest -q tests/db/test_safety_registry.py::test_migrated_registry_role_owner_boundary
result: PASS
output: 1 passed in 2.47s

check_id: safety_registry_migrated_db_regressions_pass
command: uv run pytest -q tests/db/test_migrations.py tests/db/test_safety_registry.py tests/db/test_immutability.py tests/db/test_lifecycle.py
result: PASS
output: 37 passed in 58.22s

check_id: harness_validation_passes
command: uv run kl check-harness
result: PASS
output: HARNESS_CHECK_PASS tasks=69 active=67

supplemental_static_checks:
  - command: uv run ruff check migrations/versions/a3f91c7d2e10_safety_registry_integration.py src/kineticloop/persistence/safety_registry.py tests/db/test_migrations.py tests/db/test_safety_registry.py
    result: PASS
    output: All checks passed!
  - command: uv run mypy src/kineticloop/persistence/safety_registry.py tests/db/test_migrations.py tests/db/test_safety_registry.py
    result: PASS
    output: Success: no issues found in 3 source files

oracle_notes:
  - The successor-chain test proves one head, immutable baseline root, and one direct KL-072 successor.
  - Upgrade and downgrade statement capture contains no cluster-role, user, reassignment, or membership DDL; the real Phase B deployer is NOSUPERUSER and NOCREATEROLE.
  - Preflight negatives cover every protected role missing, all seven forbidden attributes on every protected role, protected-role membership, and each required deployer SET membership; every failed attempt preserves the normalized catalog fingerprint and baseline Alembic revision.
  - The two-phase test uses a distinct bootstrap session, external ownership handoff, and a new non-elevated deployer session.
  - Ownership, routine ACL, session-bound operator identity, direct-DML denial, owner-role SET denial, and non-elevated runtime execution are catalog- and execution-verified.
  - The complete and aggregate suites use migrated S01/S49/S50/S51 and production routines; fixture-local DDL is limited to a non-production mutation sink used to observe transaction outcomes.
