KL-072 definitive verification evidence
tested_commit: 48199b3d684a063c1392ae40ff3601701cf37436
executed_at: 2026-09-25 America/Los_Angeles
environment: isolated worktree Docker Compose namespace kl_e44f_502d0a722547
uv_resolution: /private/tmp/kl001-bootstrap/bin was prepended to PATH because uv was not globally installed

check_id: baseline_migration_unchanged
command: git diff --exit-code b4f1a3bf4e619f86bd1ce8ff3ad7f148a2705e5f HEAD -- migrations/versions/76fd67f76bd4_frozen_s01_s51_baseline.py
result: PASS
output: exit 0; no diff

check_id: single_successor_migration_head
command: uv run pytest -q tests/db/test_migrations.py::test_safety_registry_successor_migration_chain
result: PASS
output: 1 passed in 0.17s

check_id: successor_migration_contains_no_cluster_role_ddl
command: uv run pytest -q tests/db/test_migrations.py::test_safety_registry_successor_contains_no_cluster_role_ddl
result: PASS
output: 1 passed in 2.36s

check_id: safety_registry_role_preflight_fails_before_object_changes
command: uv run pytest -q tests/db/test_migrations.py::test_safety_registry_role_preflight_fails_before_object_changes
result: PASS
output: 1 passed in 4.73s; direct and transitive protected-role membership, direct membership options, extra direct membership, and transitive extra SET reachability are all rejected before catalog changes

check_id: two_phase_empty_db_upgrade_head
command: uv run pytest -q tests/db/test_migrations.py::test_two_phase_empty_db_upgrade_head
result: PASS
output: 1 passed in 2.27s

check_id: safety_registry_migrated_schema_integration
command: uv run pytest -q tests/db/test_migrations.py::test_safety_registry_repository_integrates_with_migrated_schema
result: PASS
output: 1 passed in 2.42s

check_id: complete_safety_registry_suite_uses_migrated_schema
command: uv run pytest -q tests/db/test_safety_registry.py
result: PASS
output: 39 passed in 24.12s

check_id: safety_registry_object_ownership_enforced
command: uv run pytest -q tests/db/test_migrations.py::test_safety_registry_migrated_object_ownership
result: PASS
output: 1 passed in 2.71s

check_id: safety_registry_command_routine_privileges_enforced
command: uv run pytest -q tests/db/test_safety_registry.py::test_migrated_registry_command_routine_privileges
result: PASS
output: 1 passed in 2.34s

check_id: safety_registry_role_owner_boundary_enforced
command: uv run pytest -q tests/db/test_safety_registry.py::test_migrated_registry_role_owner_boundary
result: PASS
output: 1 passed in 2.45s

check_id: safety_registry_migrated_db_regressions_pass
command: uv run pytest -q tests/db/test_migrations.py tests/db/test_safety_registry.py tests/db/test_immutability.py tests/db/test_lifecycle.py
result: PASS
output: 65 passed in 71.32s

check_id: harness_validation_passes
command: uv run kl check-harness
result: PASS
output: HARNESS_CHECK_PASS tasks=69 active=67

supplemental_static_checks:
  - command: uv run ruff check migrations/versions/a3f91c7d2e10_safety_registry_integration.py src/kineticloop/persistence/safety_registry.py tests/db/test_migrations.py tests/db/test_safety_registry.py
    result: PASS
    output: All checks passed!
  - command: uv run mypy src/kineticloop/persistence/safety_registry.py tests/db/test_migrations.py tests/db/test_safety_registry.py
    result: PASS
    output: Success: no issues found in 3 source files

oracle_notes:
  - All behavior and negative-oracle notes in checks-770f93f.log remain covered.
  - Protected-role isolation is evaluated through effective MEMBER reachability, closing unprotected bridge paths between protected principals.
  - Deployer isolation combines exact safe direct memberships with effective SET reachability, rejecting hidden bridge roles while allowing PostgreSQL's implicit pg_database_owner pseudo-role arising from the explicitly allowed database owner.
  - Both transitive paths have catalog-fingerprint and baseline-revision preservation tests.
