KL-072 final verification evidence after second independent-review remediation
tested_commit: 31f847308ab410094922d5583fb63755572ec92a
executed_at: 2026-09-25 America/Los_Angeles
environment: isolated worktree Docker Compose namespace kl_e44f_502d0a722547
uv_resolution: /private/tmp/kl001-bootstrap/bin was prepended to PATH because uv was not globally installed

check_id: baseline_migration_unchanged
command: git diff --exit-code b4f1a3bf4e619f86bd1ce8ff3ad7f148a2705e5f HEAD -- migrations/versions/76fd67f76bd4_frozen_s01_s51_baseline.py
result: PASS
output: exit 0; no diff

check_id: single_successor_migration_head
command: uv run pytest -q tests/db/test_migrations.py::test_safety_registry_successor_migration_chain
result: PASS
output: 1 passed in 0.16s

check_id: successor_migration_contains_no_cluster_role_ddl
command: uv run pytest -q tests/db/test_migrations.py::test_safety_registry_successor_contains_no_cluster_role_ddl
result: PASS
output: 1 passed in 2.38s

check_id: safety_registry_role_preflight_fails_before_object_changes
command: uv run pytest -q tests/db/test_migrations.py::test_safety_registry_role_preflight_fails_before_object_changes
result: PASS
output: 1 passed in 4.15s

check_id: two_phase_empty_db_upgrade_head
command: uv run pytest -q tests/db/test_migrations.py::test_two_phase_empty_db_upgrade_head
result: PASS
output: 1 passed in 2.19s

check_id: safety_registry_migrated_schema_integration
command: uv run pytest -q tests/db/test_migrations.py::test_safety_registry_repository_integrates_with_migrated_schema
result: PASS
output: 1 passed in 2.37s

check_id: complete_safety_registry_suite_uses_migrated_schema
command: uv run pytest -q tests/db/test_safety_registry.py
result: PASS
output: 18 passed in 19.99s

check_id: safety_registry_object_ownership_enforced
command: uv run pytest -q tests/db/test_migrations.py::test_safety_registry_migrated_object_ownership
result: PASS
output: 1 passed in 2.69s

check_id: safety_registry_command_routine_privileges_enforced
command: uv run pytest -q tests/db/test_safety_registry.py::test_migrated_registry_command_routine_privileges
result: PASS
output: 1 passed in 2.37s

check_id: safety_registry_role_owner_boundary_enforced
command: uv run pytest -q tests/db/test_safety_registry.py::test_migrated_registry_role_owner_boundary
result: PASS
output: 1 passed in 2.45s

check_id: safety_registry_migrated_db_regressions_pass
command: uv run pytest -q tests/db/test_migrations.py tests/db/test_safety_registry.py tests/db/test_immutability.py tests/db/test_lifecycle.py
result: PASS
output: 44 passed in 63.89s

check_id: harness_validation_passes
command: uv run kl check-harness
result: PASS
output: HARNESS_CHECK_PASS tasks=69 active=67

supplemental_static_checks:
  - command: uv run ruff check migrations/versions/a3f91c7d2e10_safety_registry_integration.py src/kineticloop/persistence/safety_registry.py tests/db/test_migrations.py tests/db/test_safety_registry.py
    result: PASS
    output: All checks passed!
  - command: uv run mypy src/kineticloop/persistence/safety_registry.py tests/db/test_migrations.py tests/db/test_safety_registry.py
    result: PASS
    output: Success: no issues found in 3 source files

oracle_notes:
  - All oracle notes in checks-7991803.log remain covered.
  - S50 recorded_at is sampled explicitly after exclusive S51 acquisition; a protected-mutation-first interleaving proves the later revoke timestamp cannot predate the protected mutation's final in-transaction timestamp.
  - The directly executable revoke routine rejects NULL or malformed request hashes before replay lookup and uses IS DISTINCT FROM for fail-closed comparison.
  - Database-side canonical payload verification NFC-normalizes Unicode reason codes, rejects a digest over decomposed noncanonical JSON, accepts the canonical digest, and persists the normalized reason.
  - Shared and revoke ACK-loss tests cover OperationalError, QueryCanceled, and LockNotAvailable raised after successful commit; every subtype propagates as unknown outcome, and revoke is reconciled by its idempotency key.
