KL-072 verification evidence after independent-review remediation
tested_commit: 799180319924c959ace23e305479325802547e06
executed_at: 2026-09-25 America/Los_Angeles
environment: isolated worktree Docker Compose namespace kl_e44f_502d0a722547
uv_resolution: /private/tmp/kl001-bootstrap/bin was prepended to PATH because uv was not globally installed

check_id: baseline_migration_unchanged
command: git diff --exit-code b4f1a3bf4e619f86bd1ce8ff3ad7f148a2705e5f HEAD -- migrations/versions/76fd67f76bd4_frozen_s01_s51_baseline.py
result: PASS
output: exit 0; no diff

check_id: single_successor_migration_head
command: uv run pytest -q tests/db/test_migrations.py::test_safety_registry_successor_migration_chain
result: PASS
output: 1 passed in 0.17s

check_id: successor_migration_contains_no_cluster_role_ddl
command: uv run pytest -q tests/db/test_migrations.py::test_safety_registry_successor_contains_no_cluster_role_ddl
result: PASS
output: 1 passed in 2.24s

check_id: safety_registry_role_preflight_fails_before_object_changes
command: uv run pytest -q tests/db/test_migrations.py::test_safety_registry_role_preflight_fails_before_object_changes
result: PASS
output: 1 passed in 4.31s

check_id: two_phase_empty_db_upgrade_head
command: uv run pytest -q tests/db/test_migrations.py::test_two_phase_empty_db_upgrade_head
result: PASS
output: 1 passed in 2.27s

check_id: safety_registry_migrated_schema_integration
command: uv run pytest -q tests/db/test_migrations.py::test_safety_registry_repository_integrates_with_migrated_schema
result: PASS
output: 1 passed in 2.42s

check_id: complete_safety_registry_suite_uses_migrated_schema
command: uv run pytest -q tests/db/test_safety_registry.py
result: PASS
output: 14 passed in 19.61s

check_id: safety_registry_object_ownership_enforced
command: uv run pytest -q tests/db/test_migrations.py::test_safety_registry_migrated_object_ownership
result: PASS
output: 1 passed in 2.51s

check_id: safety_registry_command_routine_privileges_enforced
command: uv run pytest -q tests/db/test_safety_registry.py::test_migrated_registry_command_routine_privileges
result: PASS
output: 1 passed in 2.43s

check_id: safety_registry_role_owner_boundary_enforced
command: uv run pytest -q tests/db/test_safety_registry.py::test_migrated_registry_role_owner_boundary
result: PASS
output: 1 passed in 2.49s

check_id: safety_registry_migrated_db_regressions_pass
command: uv run pytest -q tests/db/test_migrations.py tests/db/test_safety_registry.py tests/db/test_immutability.py tests/db/test_lifecycle.py
result: PASS
output: 40 passed in 63.22s

check_id: harness_validation_passes
command: uv run kl check-harness
result: PASS
output: HARNESS_CHECK_PASS tasks=69 active=67

supplemental_static_checks:
  - command: uv run ruff check migrations/versions/a3f91c7d2e10_safety_registry_integration.py src/kineticloop/persistence/safety_registry.py tests/db/test_migrations.py tests/db/test_safety_registry.py
    result: PASS
    output: All checks passed!
  - command: uv run mypy src/kineticloop/persistence/safety_registry.py tests/db/test_migrations.py tests/db/test_safety_registry.py
    result: PASS
    output: Success: no issues found in 3 source files

oracle_notes:
  - The successor-chain, role-DDL prohibition, preflight, two-phase deployment, ownership, command-routine ACL, and harness oracles remain satisfied with the immutable baseline byte-unchanged.
  - T6 checks bind S01 current manifest, active policy, captured epoch, registry revision, validity, and primary S49 reference after shared S51 and S01 locks.
  - T7 checks bind current S42 validity and certificate epoch, S43 targeted invalidation absence, and the exact current S42 artifact closure after shared S51 and S01 locks.
  - The migrated S02/S03/S04 subject-command chain is seeded as the immutable basis for current S42; T2-GLOBAL revoke leaves it unchanged while atomically appending S50 and its management receipt/audit/outbox companions.
  - Revoke-first visibility, protected-mutation-first commit ordering, artifact and authorization post-wait expiry, undefined/future validity negatives, shared and revoke ACK-loss behavior, same-key concurrent replay, different-hash conflict, future-effective immediate denial, and non-retroactive S42 history are exercised on real PostgreSQL.
  - Direct trusted-admin SQL rejects forged or NULL revocation payload hashes before S50/S51 or companion writes.
  - A temporary non-member EXECUTE grant proves the routine's internal session-membership guard independently of its ACL, and application/trusted-admin/STOP logins are denied direct S49/S50/S51 DML.
