KL-012 definitive required check evidence
tested_commit=de2ed33ae61e191155915e0c332d0a3e6ba42412
base_commit=bac21cf6a920859c74e3906383626557b379e758
compose_project=kl_3334_ecce81ddcb00
database=kl_3334_ecce81ddcb00_test

check_id=permission_matrix_enforced
command=uv run pytest -q tests/unit/persistence/test_immutability.py::test_permission_matrix_enforced
result=PASS
oracle=The named test passed for every concrete runtime/writer role and all 51 table cells, including complete cross-owner revocation.
output:
.                                                                        [100%]
1 passed in 0.01s

check_id=update_delete_rejected
command=uv run pytest -q tests/db/test_immutability.py::test_update_delete_rejected
result=PASS
oracle=The application appended through the SECURITY DEFINER entrypoint and immutable rows rejected UPDATE/DELETE through grants and triggers.
output:
.                                                                        [100%]
1 passed in 0.92s

check_id=owned_transition_only
command=uv run pytest -q tests/db/test_immutability.py::test_owned_transition_only
result=PASS
oracle=Owned transitions were guarded, S04 origin INSERT could not UPDATE, and OutboxDispatcher UPDATE could not INSERT.
output:
.                                                                        [100%]
1 passed in 1.08s

check_id=direct_sql_bypass_rejected
command=uv run pytest -q tests/db/test_immutability.py::test_direct_sql_bypass_rejected
result=PASS
oracle=Direct application DML/ALTER and writer-role impersonation were rejected; the executable entrypoint is SECURITY DEFINER and NOLOGIN-owned.
output:
.                                                                        [100%]
1 passed in 1.08s

check_id=immutable_history_db_regressions_pass
command=uv run pytest -q tests/db/test_immutability.py tests/db/test_lifecycle.py
result=PASS
oracle=The command exited 0 against the isolated PostgreSQL namespace.
output:
.........                                                                [100%]
9 passed in 2.97s

check_id=harness_validation_passes
command=uv run kl check-harness
result=PASS
oracle=The command exited 0 and printed HARNESS_CHECK_PASS.
output:
HARNESS_CHECK_PASS tasks=68 active=66

additional_preflight=PASS
commands:
- uv run kl lint
- uv run kl typecheck
- uv run kl test-unit
- uv run pytest -q tests/db
- uv run kl test-harness
output_summary:
- lint: All checks passed
- typecheck: Success, no issues found in 60 source files
- unit: 145 passed
- database: 62 passed
- harness: 127 passed
