{
  "status": "PASS",
  "prerequisites": 12,
  "checks": 12,
  "suite_cases": 61,
  "timing_witnesses": 4,
  "cleanup_witnesses": 61,
  "inherited_metadata": [
    {
      "demand_id": "d78048b2-e2c7-5543-8330-9a82f39f30d5",
      "physical_fitness_id": "2d27029a-1958-5842-a5e4-7a7b8d73d534",
      "descriptive_proposal_id": "aa47b607-0389-5ccb-90ee-444d2cf2315c",
      "scope": "inherited descriptive metadata; authoritative full chain separately checked"
    },
    {
      "demand_id": "d78048b2-e2c7-5543-8330-9a82f39f30d5",
      "physical_fitness_id": "2d27029a-1958-5842-a5e4-7a7b8d73d534",
      "descriptive_proposal_id": "aa47b607-0389-5ccb-90ee-444d2cf2315c",
      "scope": "inherited descriptive metadata; authoritative full chain separately checked"
    }
  ]
}
