{
  "tested_commit": "7141b1dfe48df8f0e25429cf9ff646af6de4b5ce",
  "command": "uv run python docs/exec-plans/evidence/HG-051/inventory_roundtrip.py",
  "status": "PASS",
  "temporary_storage_commit": "950cd83c59e0db7c3c8b8d19bae5b1f56e6ae490",
  "temporary_mapping_commit": "cc8174242cbf8195402ab65a960a12ab99b96011",
  "results": [
    {
      "path": "docs/exec-plans/evidence/KL-080/15a7167e44b8044c94688cf7e367e2d02a962e31/harness_regressions_pass.xml",
      "raw_bytes": 3456356,
      "raw_sha256": "62bdbc352d2f80bc4f254e85b91a7101fecaef40ea72f27448aa04017f19f436",
      "blob_id": "4c14842b283158b38b2b6771afa631a83fa1942b",
      "original_revision": "7e19587458d611155051d0c89d36e0b89f98b8a1",
      "stored_bytes": 399722,
      "exact": true,
      "historical_execution": {
        "tested_commit": "15a7167e44b8044c94688cf7e367e2d02a962e31",
        "command": "uv run kl test-harness",
        "exit_code": 0,
        "result": "PASS",
        "timestamp": null
      }
    },
    {
      "path": "docs/exec-plans/evidence/KL-080/15a7167e44b8044c94688cf7e367e2d02a962e31/source_suite_dc.log",
      "raw_bytes": 12503732,
      "raw_sha256": "2b9d584a65063ef0e00040c69fcdc925e7e512b5f49c281ab880962e7490d92d",
      "blob_id": "74b505e3882c8857e7d4434f200fa2ecf454d7b8",
      "original_revision": "7e19587458d611155051d0c89d36e0b89f98b8a1",
      "stored_bytes": 1757118,
      "exact": true,
      "historical_execution": {
        "tested_commit": "15a7167e44b8044c94688cf7e367e2d02a962e31",
        "command": "uv run pytest -q tests/db/test_source_decision_conformance.py",
        "exit_code": 1,
        "result": "FAIL",
        "timestamp": null
      }
    },
    {
      "path": "docs/exec-plans/evidence/KL-080/d6bfb285087456a1a43d6c6b856a07eee4e1746d/harness_regressions_pass.parallel.xml",
      "raw_bytes": 3456356,
      "raw_sha256": "089e1aba60ca60a64c6b513a966d66732f3519e21c51b6d7af3e9dd0fabb93d7",
      "blob_id": "f73c446fe5a49036e39e87121ad3a6029ebdffd1",
      "original_revision": "79fa887dc20f5865902b0b5d90ce0e4b68e0118e",
      "stored_bytes": 399691,
      "exact": true,
      "historical_execution": {
        "tested_commit": "d6bfb285087456a1a43d6c6b856a07eee4e1746d",
        "command": "uv run kl test-harness",
        "exit_code": 0,
        "result": "PASS",
        "timestamp": null
      }
    },
    {
      "path": "docs/exec-plans/evidence/KL-080/d6bfb285087456a1a43d6c6b856a07eee4e1746d/source_suite_dc.log",
      "raw_bytes": 12480477,
      "raw_sha256": "5c94998447a516b39433e028b6ca98c64b0f8a00521db6096835210fb1209a1c",
      "blob_id": "2da980979a754eaf2e081b7181aa11a839020c05",
      "original_revision": "79fa887dc20f5865902b0b5d90ce0e4b68e0118e",
      "stored_bytes": 1754305,
      "exact": true,
      "historical_execution": {
        "tested_commit": "d6bfb285087456a1a43d6c6b856a07eee4e1746d",
        "command": "uv run pytest -q tests/db/test_source_decision_conformance.py",
        "exit_code": 1,
        "result": "FAIL",
        "timestamp": null
      }
    }
  ],
  "storage_audit": {
    "identity": "KL-080",
    "base": "477b213f67429f571b60d5701f02892ab9c1cbbf",
    "head": "cc8174242cbf8195402ab65a960a12ab99b96011",
    "stored_bytes": 4324710,
    "files": 9,
    "errors": [],
    "remedy": "python tools/harness/compact_evidence.py capture --help"
  },
  "purpose": "Archival byte recovery only; original executions/statuses unchanged"
}
