docs/exec-plans/reviews/HG-044/DB_CONCURRENCY-r5-raw/broad-diff.stdout:2: trailing whitespace.
++ 
docs/exec-plans/reviews/HG-044/DB_CONCURRENCY-r5-raw/broad-diff.stdout:4: trailing whitespace.
++ 
docs/exec-plans/reviews/HG-044/DB_CONCURRENCY-r5-raw/broad-diff.stdout:6: trailing whitespace.
++ 
docs/exec-plans/reviews/HG-044/DB_CONCURRENCY-r5-raw/broad-diff.stdout:8: trailing whitespace.
++ 
docs/exec-plans/reviews/HG-044/DB_CONCURRENCY-r5-raw/broad-diff.stdout:10: trailing whitespace.
++ 
docs/exec-plans/reviews/HG-044/DB_CONCURRENCY-r5-raw/broad-diff.stdout:12: trailing whitespace.
++ 
docs/exec-plans/reviews/HG-044/DB_CONCURRENCY-r5-raw/complete-diff.patch:7: trailing whitespace.
+ 
docs/exec-plans/reviews/HG-044/DB_CONCURRENCY-r5-raw/complete-diff.patch:22347: trailing whitespace.
++ 
docs/exec-plans/reviews/HG-044/DB_CONCURRENCY-r5-raw/complete-diff.patch:32731: trailing whitespace.
++ 
docs/exec-plans/reviews/HG-044/DB_CONCURRENCY-r5-raw/complete-diff.patch:32732: trailing whitespace.
++ 
docs/exec-plans/reviews/HG-044/DB_CONCURRENCY-r5-raw/complete-diff.patch:32745: trailing whitespace.
++ 
docs/exec-plans/reviews/HG-044/DB_CONCURRENCY-r5-raw/complete-diff.patch:32746: trailing whitespace.
++ 
docs/exec-plans/reviews/HG-044/DB_CONCURRENCY-r5-raw/complete-diff.patch:33078: trailing whitespace.
++ 
docs/exec-plans/reviews/HG-044/DB_CONCURRENCY-r5-raw/complete-diff.patch:41335: trailing whitespace.
+ 
docs/exec-plans/reviews/HG-044/DB_CONCURRENCY-r5-raw/complete-diff.patch:41336: trailing whitespace.
+ 
docs/exec-plans/reviews/HG-044/DB_CONCURRENCY-r5-raw/complete-diff.patch:41349: trailing whitespace.
+ 
docs/exec-plans/reviews/HG-044/DB_CONCURRENCY-r5-raw/complete-diff.patch:41350: trailing whitespace.
+ 
docs/exec-plans/reviews/HG-044/DB_CONCURRENCY-r5-raw/complete-diff.patch:41686: trailing whitespace.
+ 
docs/exec-plans/reviews/HG-044/GENERAL-r5-raw/complete-diff.patch:7: trailing whitespace.
+ 
docs/exec-plans/reviews/HG-044/GENERAL-r5-raw/complete-diff.patch:22347: trailing whitespace.
++ 
docs/exec-plans/reviews/HG-044/GENERAL-r5-raw/complete-diff.patch:32731: trailing whitespace.
++ 
docs/exec-plans/reviews/HG-044/GENERAL-r5-raw/complete-diff.patch:32732: trailing whitespace.
++ 
docs/exec-plans/reviews/HG-044/GENERAL-r5-raw/complete-diff.patch:32745: trailing whitespace.
++ 
docs/exec-plans/reviews/HG-044/GENERAL-r5-raw/complete-diff.patch:32746: trailing whitespace.
++ 
docs/exec-plans/reviews/HG-044/GENERAL-r5-raw/complete-diff.patch:33078: trailing whitespace.
++ 
docs/exec-plans/reviews/HG-044/GENERAL-r5-raw/complete-diff.patch:41335: trailing whitespace.
+ 
docs/exec-plans/reviews/HG-044/GENERAL-r5-raw/complete-diff.patch:41336: trailing whitespace.
+ 
docs/exec-plans/reviews/HG-044/GENERAL-r5-raw/complete-diff.patch:41349: trailing whitespace.
+ 
docs/exec-plans/reviews/HG-044/GENERAL-r5-raw/complete-diff.patch:41350: trailing whitespace.
+ 
docs/exec-plans/reviews/HG-044/GENERAL-r5-raw/complete-diff.patch:41686: trailing whitespace.
+ 
docs/exec-plans/reviews/HG-044/GENERAL-r5-raw/targeted-pytest.log:12: trailing whitespace.
+tests/harness/test_m3_milestone_closure.py:178: 
docs/exec-plans/reviews/HG-044/GENERAL-r5-raw/targeted-pytest.log:13: trailing whitespace.
+_ _ _ _ _ _ _ _ _ _ _ _ _ _ _ _ _ _ _ _ _ _ _ _ _ _ _ _ _ _ _ _ _ _ _ _ _ _ _ _ 
docs/exec-plans/reviews/HG-044/GENERAL-r5-raw/targeted-pytest.log:25: trailing whitespace.
+_ _ _ _ _ _ _ _ _ _ _ _ _ _ _ _ _ _ _ _ _ _ _ _ _ _ _ _ _ _ _ _ _ _ _ _ _ _ _ _ 
docs/exec-plans/reviews/HG-044/GENERAL-r5-raw/targeted-pytest.log:37: trailing whitespace.
+    
docs/exec-plans/reviews/HG-044/GENERAL-r5-raw/targeted-pytest.log:42: trailing whitespace.
+    
docs/exec-plans/reviews/HG-044/GENERAL-r5-raw/targeted-pytest.log:47: trailing whitespace.
+    
docs/exec-plans/reviews/HG-044/GENERAL-r5-raw/targeted-pytest.log:50: trailing whitespace.
+    
docs/exec-plans/reviews/HG-044/GENERAL-r5-raw/targeted-pytest.log:55: trailing whitespace.
+    
docs/exec-plans/reviews/HG-044/GENERAL-r5-raw/targeted-pytest.log:61: trailing whitespace.
+    
docs/exec-plans/reviews/HG-044/GENERAL-r5-raw/targeted-pytest.log:68: trailing whitespace.
+    
docs/exec-plans/reviews/HG-044/GENERAL-r5-raw/targeted-pytest.log:75: trailing whitespace.
+    
docs/exec-plans/reviews/HG-044/GENERAL-r5-raw/targeted-pytest.log:113: trailing whitespace.
+tests/harness/test_m3_milestone_closure.py:178: 
docs/exec-plans/reviews/HG-044/GENERAL-r5-raw/targeted-pytest.log:114: trailing whitespace.
+_ _ _ _ _ _ _ _ _ _ _ _ _ _ _ _ _ _ _ _ _ _ _ _ _ _ _ _ _ _ _ _ _ _ _ _ _ _ _ _ 
docs/exec-plans/reviews/HG-044/GENERAL-r5-raw/targeted-pytest.log:126: trailing whitespace.
+_ _ _ _ _ _ _ _ _ _ _ _ _ _ _ _ _ _ _ _ _ _ _ _ _ _ _ _ _ _ _ _ _ _ _ _ _ _ _ _ 
docs/exec-plans/reviews/HG-044/GENERAL-r5-raw/targeted-pytest.log:138: trailing whitespace.
+    
docs/exec-plans/reviews/HG-044/GENERAL-r5-raw/targeted-pytest.log:143: trailing whitespace.
+    
docs/exec-plans/reviews/HG-044/GENERAL-r5-raw/targeted-pytest.log:148: trailing whitespace.
+    
docs/exec-plans/reviews/HG-044/GENERAL-r5-raw/targeted-pytest.log:151: trailing whitespace.
+    
docs/exec-plans/reviews/HG-044/GENERAL-r5-raw/targeted-pytest.log:156: trailing whitespace.
+    
docs/exec-plans/reviews/HG-044/GENERAL-r5-raw/targeted-pytest.log:162: trailing whitespace.
+    
docs/exec-plans/reviews/HG-044/GENERAL-r5-raw/targeted-pytest.log:169: trailing whitespace.
+    
docs/exec-plans/reviews/HG-044/GENERAL-r5-raw/targeted-pytest.log:176: trailing whitespace.
+    
docs/exec-plans/reviews/HG-044/GENERAL-r5-raw/targeted-pytest.log:214: trailing whitespace.
+tests/harness/test_m3_milestone_closure.py:178: 
docs/exec-plans/reviews/HG-044/GENERAL-r5-raw/targeted-pytest.log:215: trailing whitespace.
+_ _ _ _ _ _ _ _ _ _ _ _ _ _ _ _ _ _ _ _ _ _ _ _ _ _ _ _ _ _ _ _ _ _ _ _ _ _ _ _ 
docs/exec-plans/reviews/HG-044/GENERAL-r5-raw/targeted-pytest.log:227: trailing whitespace.
+_ _ _ _ _ _ _ _ _ _ _ _ _ _ _ _ _ _ _ _ _ _ _ _ _ _ _ _ _ _ _ _ _ _ _ _ _ _ _ _ 
docs/exec-plans/reviews/HG-044/GENERAL-r5-raw/targeted-pytest.log:239: trailing whitespace.
+    
docs/exec-plans/reviews/HG-044/GENERAL-r5-raw/targeted-pytest.log:244: trailing whitespace.
+    
docs/exec-plans/reviews/HG-044/GENERAL-r5-raw/targeted-pytest.log:249: trailing whitespace.
+    
docs/exec-plans/reviews/HG-044/GENERAL-r5-raw/targeted-pytest.log:252: trailing whitespace.
+    
docs/exec-plans/reviews/HG-044/GENERAL-r5-raw/targeted-pytest.log:257: trailing whitespace.
+    
docs/exec-plans/reviews/HG-044/GENERAL-r5-raw/targeted-pytest.log:263: trailing whitespace.
+    
docs/exec-plans/reviews/HG-044/GENERAL-r5-raw/targeted-pytest.log:270: trailing whitespace.
+    
docs/exec-plans/reviews/HG-044/GENERAL-r5-raw/targeted-pytest.log:277: trailing whitespace.
+    
docs/exec-plans/reviews/HG-044/GENERAL-r5-raw/targeted-pytest.log:315: trailing whitespace.
+tests/harness/test_m3_milestone_closure.py:178: 
docs/exec-plans/reviews/HG-044/GENERAL-r5-raw/targeted-pytest.log:316: trailing whitespace.
+_ _ _ _ _ _ _ _ _ _ _ _ _ _ _ _ _ _ _ _ _ _ _ _ _ _ _ _ _ _ _ _ _ _ _ _ _ _ _ _ 
docs/exec-plans/reviews/HG-044/GENERAL-r5-raw/targeted-pytest.log:328: trailing whitespace.
+_ _ _ _ _ _ _ _ _ _ _ _ _ _ _ _ _ _ _ _ _ _ _ _ _ _ _ _ _ _ _ _ _ _ _ _ _ _ _ _ 
docs/exec-plans/reviews/HG-044/GENERAL-r5-raw/targeted-pytest.log:340: trailing whitespace.
+    
docs/exec-plans/reviews/HG-044/GENERAL-r5-raw/targeted-pytest.log:345: trailing whitespace.
+    
docs/exec-plans/reviews/HG-044/GENERAL-r5-raw/targeted-pytest.log:350: trailing whitespace.
+    
docs/exec-plans/reviews/HG-044/GENERAL-r5-raw/targeted-pytest.log:353: trailing whitespace.
+    
docs/exec-plans/reviews/HG-044/GENERAL-r5-raw/targeted-pytest.log:358: trailing whitespace.
+    
docs/exec-plans/reviews/HG-044/GENERAL-r5-raw/targeted-pytest.log:364: trailing whitespace.
+    
docs/exec-plans/reviews/HG-044/GENERAL-r5-raw/targeted-pytest.log:371: trailing whitespace.
+    
docs/exec-plans/reviews/HG-044/GENERAL-r5-raw/targeted-pytest.log:378: trailing whitespace.
+    
docs/exec-plans/reviews/HG-044/GENERAL-r5-raw/targeted-pytest.log:416: trailing whitespace.
+tests/harness/test_m3_milestone_closure.py:178: 
docs/exec-plans/reviews/HG-044/GENERAL-r5-raw/targeted-pytest.log:417: trailing whitespace.
+_ _ _ _ _ _ _ _ _ _ _ _ _ _ _ _ _ _ _ _ _ _ _ _ _ _ _ _ _ _ _ _ _ _ _ _ _ _ _ _ 
docs/exec-plans/reviews/HG-044/GENERAL-r5-raw/targeted-pytest.log:429: trailing whitespace.
+_ _ _ _ _ _ _ _ _ _ _ _ _ _ _ _ _ _ _ _ _ _ _ _ _ _ _ _ _ _ _ _ _ _ _ _ _ _ _ _ 
docs/exec-plans/reviews/HG-044/GENERAL-r5-raw/targeted-pytest.log:441: trailing whitespace.
+    
docs/exec-plans/reviews/HG-044/GENERAL-r5-raw/targeted-pytest.log:446: trailing whitespace.
+    
docs/exec-plans/reviews/HG-044/GENERAL-r5-raw/targeted-pytest.log:451: trailing whitespace.
+    
docs/exec-plans/reviews/HG-044/GENERAL-r5-raw/targeted-pytest.log:454: trailing whitespace.
+    
docs/exec-plans/reviews/HG-044/GENERAL-r5-raw/targeted-pytest.log:459: trailing whitespace.
+    
docs/exec-plans/reviews/HG-044/GENERAL-r5-raw/targeted-pytest.log:465: trailing whitespace.
+    
docs/exec-plans/reviews/HG-044/GENERAL-r5-raw/targeted-pytest.log:472: trailing whitespace.
+    
docs/exec-plans/reviews/HG-044/GENERAL-r5-raw/targeted-pytest.log:479: trailing whitespace.
+    
docs/exec-plans/reviews/HG-044/GENERAL-r5-raw/targeted-pytest.log:517: trailing whitespace.
+tests/harness/test_m3_milestone_closure.py:178: 
docs/exec-plans/reviews/HG-044/GENERAL-r5-raw/targeted-pytest.log:518: trailing whitespace.
+_ _ _ _ _ _ _ _ _ _ _ _ _ _ _ _ _ _ _ _ _ _ _ _ _ _ _ _ _ _ _ _ _ _ _ _ _ _ _ _ 
docs/exec-plans/reviews/HG-044/GENERAL-r5-raw/targeted-pytest.log:530: trailing whitespace.
+_ _ _ _ _ _ _ _ _ _ _ _ _ _ _ _ _ _ _ _ _ _ _ _ _ _ _ _ _ _ _ _ _ _ _ _ _ _ _ _ 
docs/exec-plans/reviews/HG-044/GENERAL-r5-raw/targeted-pytest.log:542: trailing whitespace.
+    
docs/exec-plans/reviews/HG-044/GENERAL-r5-raw/targeted-pytest.log:547: trailing whitespace.
+    
docs/exec-plans/reviews/HG-044/GENERAL-r5-raw/targeted-pytest.log:552: trailing whitespace.
+    
docs/exec-plans/reviews/HG-044/GENERAL-r5-raw/targeted-pytest.log:555: trailing whitespace.
+    
docs/exec-plans/reviews/HG-044/GENERAL-r5-raw/targeted-pytest.log:560: trailing whitespace.
+    
docs/exec-plans/reviews/HG-044/GENERAL-r5-raw/targeted-pytest.log:566: trailing whitespace.
+    
docs/exec-plans/reviews/HG-044/GENERAL-r5-raw/targeted-pytest.log:573: trailing whitespace.
+    
docs/exec-plans/reviews/HG-044/GENERAL-r5-raw/targeted-pytest.log:580: trailing whitespace.
+    
docs/exec-plans/reviews/HG-044/GENERAL-r5-raw/targeted-pytest.log:618: trailing whitespace.
+tests/harness/test_m3_milestone_closure.py:178: 
docs/exec-plans/reviews/HG-044/GENERAL-r5-raw/targeted-pytest.log:619: trailing whitespace.
+_ _ _ _ _ _ _ _ _ _ _ _ _ _ _ _ _ _ _ _ _ _ _ _ _ _ _ _ _ _ _ _ _ _ _ _ _ _ _ _ 
docs/exec-plans/reviews/HG-044/GENERAL-r5-raw/targeted-pytest.log:631: trailing whitespace.
+_ _ _ _ _ _ _ _ _ _ _ _ _ _ _ _ _ _ _ _ _ _ _ _ _ _ _ _ _ _ _ _ _ _ _ _ _ _ _ _ 
docs/exec-plans/reviews/HG-044/GENERAL-r5-raw/targeted-pytest.log:643: trailing whitespace.
+    
docs/exec-plans/reviews/HG-044/GENERAL-r5-raw/targeted-pytest.log:648: trailing whitespace.
+    
docs/exec-plans/reviews/HG-044/GENERAL-r5-raw/targeted-pytest.log:653: trailing whitespace.
+    
docs/exec-plans/reviews/HG-044/GENERAL-r5-raw/targeted-pytest.log:656: trailing whitespace.
+    
docs/exec-plans/reviews/HG-044/GENERAL-r5-raw/targeted-pytest.log:661: trailing whitespace.
+    
docs/exec-plans/reviews/HG-044/GENERAL-r5-raw/targeted-pytest.log:667: trailing whitespace.
+    
docs/exec-plans/reviews/HG-044/GENERAL-r5-raw/targeted-pytest.log:674: trailing whitespace.
+    
docs/exec-plans/reviews/HG-044/GENERAL-r5-raw/targeted-pytest.log:681: trailing whitespace.
+    
docs/exec-plans/reviews/HG-044/GENERAL-r5-raw/targeted-pytest.log:719: trailing whitespace.
+tests/harness/test_m3_milestone_closure.py:178: 
docs/exec-plans/reviews/HG-044/GENERAL-r5-raw/targeted-pytest.log:720: trailing whitespace.
+_ _ _ _ _ _ _ _ _ _ _ _ _ _ _ _ _ _ _ _ _ _ _ _ _ _ _ _ _ _ _ _ _ _ _ _ _ _ _ _ 
docs/exec-plans/reviews/HG-044/GENERAL-r5-raw/targeted-pytest.log:732: trailing whitespace.
+_ _ _ _ _ _ _ _ _ _ _ _ _ _ _ _ _ _ _ _ _ _ _ _ _ _ _ _ _ _ _ _ _ _ _ _ _ _ _ _ 
docs/exec-plans/reviews/HG-044/GENERAL-r5-raw/targeted-pytest.log:744: trailing whitespace.
+    
docs/exec-plans/reviews/HG-044/GENERAL-r5-raw/targeted-pytest.log:749: trailing whitespace.
+    
docs/exec-plans/reviews/HG-044/GENERAL-r5-raw/targeted-pytest.log:754: trailing whitespace.
+    
docs/exec-plans/reviews/HG-044/GENERAL-r5-raw/targeted-pytest.log:757: trailing whitespace.
+    
docs/exec-plans/reviews/HG-044/GENERAL-r5-raw/targeted-pytest.log:762: trailing whitespace.
+    
docs/exec-plans/reviews/HG-044/GENERAL-r5-raw/targeted-pytest.log:768: trailing whitespace.
+    
docs/exec-plans/reviews/HG-044/GENERAL-r5-raw/targeted-pytest.log:775: trailing whitespace.
+    
docs/exec-plans/reviews/HG-044/GENERAL-r5-raw/targeted-pytest.log:782: trailing whitespace.
+    
docs/exec-plans/reviews/HG-044/GENERAL-r5-raw/targeted-pytest.log:820: trailing whitespace.
+tests/harness/test_m3_milestone_closure.py:178: 
docs/exec-plans/reviews/HG-044/GENERAL-r5-raw/targeted-pytest.log:821: trailing whitespace.
+_ _ _ _ _ _ _ _ _ _ _ _ _ _ _ _ _ _ _ _ _ _ _ _ _ _ _ _ _ _ _ _ _ _ _ _ _ _ _ _ 
docs/exec-plans/reviews/HG-044/GENERAL-r5-raw/targeted-pytest.log:833: trailing whitespace.
+_ _ _ _ _ _ _ _ _ _ _ _ _ _ _ _ _ _ _ _ _ _ _ _ _ _ _ _ _ _ _ _ _ _ _ _ _ _ _ _ 
docs/exec-plans/reviews/HG-044/GENERAL-r5-raw/targeted-pytest.log:845: trailing whitespace.
+    
docs/exec-plans/reviews/HG-044/GENERAL-r5-raw/targeted-pytest.log:850: trailing whitespace.
+    
docs/exec-plans/reviews/HG-044/GENERAL-r5-raw/targeted-pytest.log:855: trailing whitespace.
+    
docs/exec-plans/reviews/HG-044/GENERAL-r5-raw/targeted-pytest.log:858: trailing whitespace.
+    
docs/exec-plans/reviews/HG-044/GENERAL-r5-raw/targeted-pytest.log:863: trailing whitespace.
+    
docs/exec-plans/reviews/HG-044/GENERAL-r5-raw/targeted-pytest.log:869: trailing whitespace.
+    
docs/exec-plans/reviews/HG-044/GENERAL-r5-raw/targeted-pytest.log:876: trailing whitespace.
+    
docs/exec-plans/reviews/HG-044/GENERAL-r5-raw/targeted-pytest.log:883: trailing whitespace.
+    
docs/exec-plans/reviews/HG-044/GENERAL-r5-raw/targeted-pytest.log:921: trailing whitespace.
+tests/harness/test_m3_milestone_closure.py:178: 
docs/exec-plans/reviews/HG-044/GENERAL-r5-raw/targeted-pytest.log:922: trailing whitespace.
+_ _ _ _ _ _ _ _ _ _ _ _ _ _ _ _ _ _ _ _ _ _ _ _ _ _ _ _ _ _ _ _ _ _ _ _ _ _ _ _ 
docs/exec-plans/reviews/HG-044/GENERAL-r5-raw/targeted-pytest.log:934: trailing whitespace.
+_ _ _ _ _ _ _ _ _ _ _ _ _ _ _ _ _ _ _ _ _ _ _ _ _ _ _ _ _ _ _ _ _ _ _ _ _ _ _ _ 
docs/exec-plans/reviews/HG-044/GENERAL-r5-raw/targeted-pytest.log:946: trailing whitespace.
+    
docs/exec-plans/reviews/HG-044/GENERAL-r5-raw/targeted-pytest.log:951: trailing whitespace.
+    
docs/exec-plans/reviews/HG-044/GENERAL-r5-raw/targeted-pytest.log:956: trailing whitespace.
+    
docs/exec-plans/reviews/HG-044/GENERAL-r5-raw/targeted-pytest.log:959: trailing whitespace.
+    
docs/exec-plans/reviews/HG-044/GENERAL-r5-raw/targeted-pytest.log:964: trailing whitespace.
+    
docs/exec-plans/reviews/HG-044/GENERAL-r5-raw/targeted-pytest.log:970: trailing whitespace.
+    
docs/exec-plans/reviews/HG-044/GENERAL-r5-raw/targeted-pytest.log:977: trailing whitespace.
+    
docs/exec-plans/reviews/HG-044/GENERAL-r5-raw/targeted-pytest.log:984: trailing whitespace.
+    
docs/exec-plans/reviews/HG-044/GENERAL-r5-raw/targeted-pytest.log:1022: trailing whitespace.
+tests/harness/test_m3_milestone_closure.py:178: 
docs/exec-plans/reviews/HG-044/GENERAL-r5-raw/targeted-pytest.log:1023: trailing whitespace.
+_ _ _ _ _ _ _ _ _ _ _ _ _ _ _ _ _ _ _ _ _ _ _ _ _ _ _ _ _ _ _ _ _ _ _ _ _ _ _ _ 
docs/exec-plans/reviews/HG-044/GENERAL-r5-raw/targeted-pytest.log:1035: trailing whitespace.
+_ _ _ _ _ _ _ _ _ _ _ _ _ _ _ _ _ _ _ _ _ _ _ _ _ _ _ _ _ _ _ _ _ _ _ _ _ _ _ _ 
docs/exec-plans/reviews/HG-044/GENERAL-r5-raw/targeted-pytest.log:1047: trailing whitespace.
+    
docs/exec-plans/reviews/HG-044/GENERAL-r5-raw/targeted-pytest.log:1052: trailing whitespace.
+    
docs/exec-plans/reviews/HG-044/GENERAL-r5-raw/targeted-pytest.log:1057: trailing whitespace.
+    
docs/exec-plans/reviews/HG-044/GENERAL-r5-raw/targeted-pytest.log:1060: trailing whitespace.
+    
docs/exec-plans/reviews/HG-044/GENERAL-r5-raw/targeted-pytest.log:1065: trailing whitespace.
+    
docs/exec-plans/reviews/HG-044/GENERAL-r5-raw/targeted-pytest.log:1071: trailing whitespace.
+    
docs/exec-plans/reviews/HG-044/GENERAL-r5-raw/targeted-pytest.log:1078: trailing whitespace.
+    
docs/exec-plans/reviews/HG-044/GENERAL-r5-raw/targeted-pytest.log:1085: trailing whitespace.
+    
docs/exec-plans/reviews/HG-044/GENERAL-r5-raw/targeted-pytest.log:1123: trailing whitespace.
+tests/harness/test_m3_milestone_closure.py:178: 
docs/exec-plans/reviews/HG-044/GENERAL-r5-raw/targeted-pytest.log:1124: trailing whitespace.
+_ _ _ _ _ _ _ _ _ _ _ _ _ _ _ _ _ _ _ _ _ _ _ _ _ _ _ _ _ _ _ _ _ _ _ _ _ _ _ _ 
docs/exec-plans/reviews/HG-044/GENERAL-r5-raw/targeted-pytest.log:1136: trailing whitespace.
+_ _ _ _ _ _ _ _ _ _ _ _ _ _ _ _ _ _ _ _ _ _ _ _ _ _ _ _ _ _ _ _ _ _ _ _ _ _ _ _ 
docs/exec-plans/reviews/HG-044/GENERAL-r5-raw/targeted-pytest.log:1148: trailing whitespace.
+    
docs/exec-plans/reviews/HG-044/GENERAL-r5-raw/targeted-pytest.log:1153: trailing whitespace.
+    
docs/exec-plans/reviews/HG-044/GENERAL-r5-raw/targeted-pytest.log:1158: trailing whitespace.
+    
docs/exec-plans/reviews/HG-044/GENERAL-r5-raw/targeted-pytest.log:1161: trailing whitespace.
+    
docs/exec-plans/reviews/HG-044/GENERAL-r5-raw/targeted-pytest.log:1166: trailing whitespace.
+    
docs/exec-plans/reviews/HG-044/GENERAL-r5-raw/targeted-pytest.log:1172: trailing whitespace.
+    
docs/exec-plans/reviews/HG-044/GENERAL-r5-raw/targeted-pytest.log:1179: trailing whitespace.
+    
docs/exec-plans/reviews/HG-044/GENERAL-r5-raw/targeted-pytest.log:1186: trailing whitespace.
+    
docs/exec-plans/reviews/HG-044/GENERAL-r5-raw/targeted-pytest.log:1224: trailing whitespace.
+tests/harness/test_m3_milestone_closure.py:178: 
docs/exec-plans/reviews/HG-044/GENERAL-r5-raw/targeted-pytest.log:1225: trailing whitespace.
+_ _ _ _ _ _ _ _ _ _ _ _ _ _ _ _ _ _ _ _ _ _ _ _ _ _ _ _ _ _ _ _ _ _ _ _ _ _ _ _ 
docs/exec-plans/reviews/HG-044/GENERAL-r5-raw/targeted-pytest.log:1237: trailing whitespace.
+_ _ _ _ _ _ _ _ _ _ _ _ _ _ _ _ _ _ _ _ _ _ _ _ _ _ _ _ _ _ _ _ _ _ _ _ _ _ _ _ 
docs/exec-plans/reviews/HG-044/GENERAL-r5-raw/targeted-pytest.log:1249: trailing whitespace.
+    
docs/exec-plans/reviews/HG-044/GENERAL-r5-raw/targeted-pytest.log:1254: trailing whitespace.
+    
docs/exec-plans/reviews/HG-044/GENERAL-r5-raw/targeted-pytest.log:1259: trailing whitespace.
+    
docs/exec-plans/reviews/HG-044/GENERAL-r5-raw/targeted-pytest.log:1262: trailing whitespace.
+    
docs/exec-plans/reviews/HG-044/GENERAL-r5-raw/targeted-pytest.log:1267: trailing whitespace.
+    
docs/exec-plans/reviews/HG-044/GENERAL-r5-raw/targeted-pytest.log:1273: trailing whitespace.
+    
docs/exec-plans/reviews/HG-044/GENERAL-r5-raw/targeted-pytest.log:1280: trailing whitespace.
+    
docs/exec-plans/reviews/HG-044/GENERAL-r5-raw/targeted-pytest.log:1287: trailing whitespace.
+    
docs/exec-plans/reviews/HG-044/GENERAL-r5-raw/targeted-pytest.log:1325: trailing whitespace.
+tests/harness/test_m3_milestone_closure.py:178: 
docs/exec-plans/reviews/HG-044/GENERAL-r5-raw/targeted-pytest.log:1326: trailing whitespace.
+_ _ _ _ _ _ _ _ _ _ _ _ _ _ _ _ _ _ _ _ _ _ _ _ _ _ _ _ _ _ _ _ _ _ _ _ _ _ _ _ 
docs/exec-plans/reviews/HG-044/GENERAL-r5-raw/targeted-pytest.log:1338: trailing whitespace.
+_ _ _ _ _ _ _ _ _ _ _ _ _ _ _ _ _ _ _ _ _ _ _ _ _ _ _ _ _ _ _ _ _ _ _ _ _ _ _ _ 
docs/exec-plans/reviews/HG-044/GENERAL-r5-raw/targeted-pytest.log:1350: trailing whitespace.
+    
docs/exec-plans/reviews/HG-044/GENERAL-r5-raw/targeted-pytest.log:1355: trailing whitespace.
+    
docs/exec-plans/reviews/HG-044/GENERAL-r5-raw/targeted-pytest.log:1360: trailing whitespace.
+    
docs/exec-plans/reviews/HG-044/GENERAL-r5-raw/targeted-pytest.log:1363: trailing whitespace.
+    
docs/exec-plans/reviews/HG-044/GENERAL-r5-raw/targeted-pytest.log:1368: trailing whitespace.
+    
docs/exec-plans/reviews/HG-044/GENERAL-r5-raw/targeted-pytest.log:1374: trailing whitespace.
+    
docs/exec-plans/reviews/HG-044/GENERAL-r5-raw/targeted-pytest.log:1381: trailing whitespace.
+    
docs/exec-plans/reviews/HG-044/GENERAL-r5-raw/targeted-pytest.log:1388: trailing whitespace.
+    
docs/exec-plans/reviews/HG-044/GENERAL-r5-raw/targeted-pytest.log:1426: trailing whitespace.
+tests/harness/test_m3_milestone_closure.py:178: 
docs/exec-plans/reviews/HG-044/GENERAL-r5-raw/targeted-pytest.log:1427: trailing whitespace.
+_ _ _ _ _ _ _ _ _ _ _ _ _ _ _ _ _ _ _ _ _ _ _ _ _ _ _ _ _ _ _ _ _ _ _ _ _ _ _ _ 
docs/exec-plans/reviews/HG-044/GENERAL-r5-raw/targeted-pytest.log:1439: trailing whitespace.
+_ _ _ _ _ _ _ _ _ _ _ _ _ _ _ _ _ _ _ _ _ _ _ _ _ _ _ _ _ _ _ _ _ _ _ _ _ _ _ _ 
docs/exec-plans/reviews/HG-044/GENERAL-r5-raw/targeted-pytest.log:1451: trailing whitespace.
+    
docs/exec-plans/reviews/HG-044/GENERAL-r5-raw/targeted-pytest.log:1456: trailing whitespace.
+    
docs/exec-plans/reviews/HG-044/GENERAL-r5-raw/targeted-pytest.log:1461: trailing whitespace.
+    
docs/exec-plans/reviews/HG-044/GENERAL-r5-raw/targeted-pytest.log:1464: trailing whitespace.
+    
docs/exec-plans/reviews/HG-044/GENERAL-r5-raw/targeted-pytest.log:1469: trailing whitespace.
+    
docs/exec-plans/reviews/HG-044/GENERAL-r5-raw/targeted-pytest.log:1475: trailing whitespace.
+    
docs/exec-plans/reviews/HG-044/GENERAL-r5-raw/targeted-pytest.log:1482: trailing whitespace.
+    
docs/exec-plans/reviews/HG-044/GENERAL-r5-raw/targeted-pytest.log:1489: trailing whitespace.
+    
docs/exec-plans/reviews/HG-044/GENERAL-r5-raw/targeted-pytest.log:1527: trailing whitespace.
+tests/harness/test_m3_milestone_closure.py:178: 
docs/exec-plans/reviews/HG-044/GENERAL-r5-raw/targeted-pytest.log:1528: trailing whitespace.
+_ _ _ _ _ _ _ _ _ _ _ _ _ _ _ _ _ _ _ _ _ _ _ _ _ _ _ _ _ _ _ _ _ _ _ _ _ _ _ _ 
docs/exec-plans/reviews/HG-044/GENERAL-r5-raw/targeted-pytest.log:1540: trailing whitespace.
+_ _ _ _ _ _ _ _ _ _ _ _ _ _ _ _ _ _ _ _ _ _ _ _ _ _ _ _ _ _ _ _ _ _ _ _ _ _ _ _ 
docs/exec-plans/reviews/HG-044/GENERAL-r5-raw/targeted-pytest.log:1552: trailing whitespace.
+    
docs/exec-plans/reviews/HG-044/GENERAL-r5-raw/targeted-pytest.log:1557: trailing whitespace.
+    
docs/exec-plans/reviews/HG-044/GENERAL-r5-raw/targeted-pytest.log:1562: trailing whitespace.
+    
docs/exec-plans/reviews/HG-044/GENERAL-r5-raw/targeted-pytest.log:1565: trailing whitespace.
+    
docs/exec-plans/reviews/HG-044/GENERAL-r5-raw/targeted-pytest.log:1570: trailing whitespace.
+    
docs/exec-plans/reviews/HG-044/GENERAL-r5-raw/targeted-pytest.log:1576: trailing whitespace.
+    
docs/exec-plans/reviews/HG-044/GENERAL-r5-raw/targeted-pytest.log:1583: trailing whitespace.
+    
docs/exec-plans/reviews/HG-044/GENERAL-r5-raw/targeted-pytest.log:1590: trailing whitespace.
+    
docs/exec-plans/reviews/HG-044/GENERAL-r5-raw/targeted-pytest.log:1628: trailing whitespace.
+tests/harness/test_m3_milestone_closure.py:178: 
docs/exec-plans/reviews/HG-044/GENERAL-r5-raw/targeted-pytest.log:1629: trailing whitespace.
+_ _ _ _ _ _ _ _ _ _ _ _ _ _ _ _ _ _ _ _ _ _ _ _ _ _ _ _ _ _ _ _ _ _ _ _ _ _ _ _ 
docs/exec-plans/reviews/HG-044/GENERAL-r5-raw/targeted-pytest.log:1641: trailing whitespace.
+_ _ _ _ _ _ _ _ _ _ _ _ _ _ _ _ _ _ _ _ _ _ _ _ _ _ _ _ _ _ _ _ _ _ _ _ _ _ _ _ 
docs/exec-plans/reviews/HG-044/GENERAL-r5-raw/targeted-pytest.log:1653: trailing whitespace.
+    
docs/exec-plans/reviews/HG-044/GENERAL-r5-raw/targeted-pytest.log:1658: trailing whitespace.
+    
docs/exec-plans/reviews/HG-044/GENERAL-r5-raw/targeted-pytest.log:1663: trailing whitespace.
+    
docs/exec-plans/reviews/HG-044/GENERAL-r5-raw/targeted-pytest.log:1666: trailing whitespace.
+    
docs/exec-plans/reviews/HG-044/GENERAL-r5-raw/targeted-pytest.log:1671: trailing whitespace.
+    
docs/exec-plans/reviews/HG-044/GENERAL-r5-raw/targeted-pytest.log:1677: trailing whitespace.
+    
docs/exec-plans/reviews/HG-044/GENERAL-r5-raw/targeted-pytest.log:1684: trailing whitespace.
+    
docs/exec-plans/reviews/HG-044/GENERAL-r5-raw/targeted-pytest.log:1691: trailing whitespace.
+    
docs/exec-plans/reviews/HG-044/GENERAL-r5-raw/targeted-pytest.log:1729: trailing whitespace.
+tests/harness/test_m3_milestone_closure.py:178: 
docs/exec-plans/reviews/HG-044/GENERAL-r5-raw/targeted-pytest.log:1730: trailing whitespace.
+_ _ _ _ _ _ _ _ _ _ _ _ _ _ _ _ _ _ _ _ _ _ _ _ _ _ _ _ _ _ _ _ _ _ _ _ _ _ _ _ 
docs/exec-plans/reviews/HG-044/GENERAL-r5-raw/targeted-pytest.log:1742: trailing whitespace.
+_ _ _ _ _ _ _ _ _ _ _ _ _ _ _ _ _ _ _ _ _ _ _ _ _ _ _ _ _ _ _ _ _ _ _ _ _ _ _ _ 
docs/exec-plans/reviews/HG-044/GENERAL-r5-raw/targeted-pytest.log:1754: trailing whitespace.
+    
docs/exec-plans/reviews/HG-044/GENERAL-r5-raw/targeted-pytest.log:1759: trailing whitespace.
+    
docs/exec-plans/reviews/HG-044/GENERAL-r5-raw/targeted-pytest.log:1764: trailing whitespace.
+    
docs/exec-plans/reviews/HG-044/GENERAL-r5-raw/targeted-pytest.log:1767: trailing whitespace.
+    
docs/exec-plans/reviews/HG-044/GENERAL-r5-raw/targeted-pytest.log:1772: trailing whitespace.
+    
docs/exec-plans/reviews/HG-044/GENERAL-r5-raw/targeted-pytest.log:1778: trailing whitespace.
+    
docs/exec-plans/reviews/HG-044/GENERAL-r5-raw/targeted-pytest.log:1785: trailing whitespace.
+    
docs/exec-plans/reviews/HG-044/GENERAL-r5-raw/targeted-pytest.log:1792: trailing whitespace.
+    
docs/exec-plans/reviews/HG-044/GENERAL-r5-raw/targeted-pytest.log:1830: trailing whitespace.
+tests/harness/test_m3_milestone_closure.py:178: 
docs/exec-plans/reviews/HG-044/GENERAL-r5-raw/targeted-pytest.log:1831: trailing whitespace.
+_ _ _ _ _ _ _ _ _ _ _ _ _ _ _ _ _ _ _ _ _ _ _ _ _ _ _ _ _ _ _ _ _ _ _ _ _ _ _ _ 
docs/exec-plans/reviews/HG-044/GENERAL-r5-raw/targeted-pytest.log:1843: trailing whitespace.
+_ _ _ _ _ _ _ _ _ _ _ _ _ _ _ _ _ _ _ _ _ _ _ _ _ _ _ _ _ _ _ _ _ _ _ _ _ _ _ _ 
docs/exec-plans/reviews/HG-044/GENERAL-r5-raw/targeted-pytest.log:1855: trailing whitespace.
+    
docs/exec-plans/reviews/HG-044/GENERAL-r5-raw/targeted-pytest.log:1860: trailing whitespace.
+    
docs/exec-plans/reviews/HG-044/GENERAL-r5-raw/targeted-pytest.log:1865: trailing whitespace.
+    
docs/exec-plans/reviews/HG-044/GENERAL-r5-raw/targeted-pytest.log:1868: trailing whitespace.
+    
docs/exec-plans/reviews/HG-044/GENERAL-r5-raw/targeted-pytest.log:1873: trailing whitespace.
+    
docs/exec-plans/reviews/HG-044/GENERAL-r5-raw/targeted-pytest.log:1879: trailing whitespace.
+    
docs/exec-plans/reviews/HG-044/GENERAL-r5-raw/targeted-pytest.log:1886: trailing whitespace.
+    
docs/exec-plans/reviews/HG-044/GENERAL-r5-raw/targeted-pytest.log:1893: trailing whitespace.
+    
docs/exec-plans/reviews/HG-044/GENERAL-r5-raw/targeted-pytest.log:1931: trailing whitespace.
+tests/harness/test_m3_milestone_closure.py:178: 
docs/exec-plans/reviews/HG-044/GENERAL-r5-raw/targeted-pytest.log:1932: trailing whitespace.
+_ _ _ _ _ _ _ _ _ _ _ _ _ _ _ _ _ _ _ _ _ _ _ _ _ _ _ _ _ _ _ _ _ _ _ _ _ _ _ _ 
docs/exec-plans/reviews/HG-044/GENERAL-r5-raw/targeted-pytest.log:1944: trailing whitespace.
+_ _ _ _ _ _ _ _ _ _ _ _ _ _ _ _ _ _ _ _ _ _ _ _ _ _ _ _ _ _ _ _ _ _ _ _ _ _ _ _ 
docs/exec-plans/reviews/HG-044/GENERAL-r5-raw/targeted-pytest.log:1956: trailing whitespace.
+    
docs/exec-plans/reviews/HG-044/GENERAL-r5-raw/targeted-pytest.log:1961: trailing whitespace.
+    
docs/exec-plans/reviews/HG-044/GENERAL-r5-raw/targeted-pytest.log:1966: trailing whitespace.
+    
docs/exec-plans/reviews/HG-044/GENERAL-r5-raw/targeted-pytest.log:1969: trailing whitespace.
+    
docs/exec-plans/reviews/HG-044/GENERAL-r5-raw/targeted-pytest.log:1974: trailing whitespace.
+    
docs/exec-plans/reviews/HG-044/GENERAL-r5-raw/targeted-pytest.log:1980: trailing whitespace.
+    
docs/exec-plans/reviews/HG-044/GENERAL-r5-raw/targeted-pytest.log:1987: trailing whitespace.
+    
docs/exec-plans/reviews/HG-044/GENERAL-r5-raw/targeted-pytest.log:1994: trailing whitespace.
+    
docs/exec-plans/reviews/HG-044/GENERAL-r5-raw/targeted-pytest.log:2032: trailing whitespace.
+tests/harness/test_m3_milestone_closure.py:178: 
docs/exec-plans/reviews/HG-044/GENERAL-r5-raw/targeted-pytest.log:2033: trailing whitespace.
+_ _ _ _ _ _ _ _ _ _ _ _ _ _ _ _ _ _ _ _ _ _ _ _ _ _ _ _ _ _ _ _ _ _ _ _ _ _ _ _ 
docs/exec-plans/reviews/HG-044/GENERAL-r5-raw/targeted-pytest.log:2045: trailing whitespace.
+_ _ _ _ _ _ _ _ _ _ _ _ _ _ _ _ _ _ _ _ _ _ _ _ _ _ _ _ _ _ _ _ _ _ _ _ _ _ _ _ 
docs/exec-plans/reviews/HG-044/GENERAL-r5-raw/targeted-pytest.log:2057: trailing whitespace.
+    
docs/exec-plans/reviews/HG-044/GENERAL-r5-raw/targeted-pytest.log:2062: trailing whitespace.
+    
docs/exec-plans/reviews/HG-044/GENERAL-r5-raw/targeted-pytest.log:2067: trailing whitespace.
+    
docs/exec-plans/reviews/HG-044/GENERAL-r5-raw/targeted-pytest.log:2070: trailing whitespace.
+    
docs/exec-plans/reviews/HG-044/GENERAL-r5-raw/targeted-pytest.log:2075: trailing whitespace.
+    
docs/exec-plans/reviews/HG-044/GENERAL-r5-raw/targeted-pytest.log:2081: trailing whitespace.
+    
docs/exec-plans/reviews/HG-044/GENERAL-r5-raw/targeted-pytest.log:2088: trailing whitespace.
+    
docs/exec-plans/reviews/HG-044/GENERAL-r5-raw/targeted-pytest.log:2095: trailing whitespace.
+    
docs/exec-plans/reviews/HG-044/GENERAL-r5-raw/targeted-pytest.log:2133: trailing whitespace.
+tests/harness/test_m3_milestone_closure.py:178: 
docs/exec-plans/reviews/HG-044/GENERAL-r5-raw/targeted-pytest.log:2134: trailing whitespace.
+_ _ _ _ _ _ _ _ _ _ _ _ _ _ _ _ _ _ _ _ _ _ _ _ _ _ _ _ _ _ _ _ _ _ _ _ _ _ _ _ 
docs/exec-plans/reviews/HG-044/GENERAL-r5-raw/targeted-pytest.log:2146: trailing whitespace.
+_ _ _ _ _ _ _ _ _ _ _ _ _ _ _ _ _ _ _ _ _ _ _ _ _ _ _ _ _ _ _ _ _ _ _ _ _ _ _ _ 
docs/exec-plans/reviews/HG-044/GENERAL-r5-raw/targeted-pytest.log:2158: trailing whitespace.
+    
docs/exec-plans/reviews/HG-044/GENERAL-r5-raw/targeted-pytest.log:2163: trailing whitespace.
+    
docs/exec-plans/reviews/HG-044/GENERAL-r5-raw/targeted-pytest.log:2168: trailing whitespace.
+    
docs/exec-plans/reviews/HG-044/GENERAL-r5-raw/targeted-pytest.log:2171: trailing whitespace.
+    
docs/exec-plans/reviews/HG-044/GENERAL-r5-raw/targeted-pytest.log:2176: trailing whitespace.
+    
docs/exec-plans/reviews/HG-044/GENERAL-r5-raw/targeted-pytest.log:2182: trailing whitespace.
+    
docs/exec-plans/reviews/HG-044/GENERAL-r5-raw/targeted-pytest.log:2189: trailing whitespace.
+    
docs/exec-plans/reviews/HG-044/GENERAL-r5-raw/targeted-pytest.log:2196: trailing whitespace.
+    
docs/exec-plans/reviews/HG-044/PROTOCOL-r3-raw/complete-diff.patch:7: trailing whitespace.
+ 
docs/exec-plans/reviews/HG-044/PROTOCOL-r3-raw/complete-diff.patch:10391: trailing whitespace.
+ 
docs/exec-plans/reviews/HG-044/PROTOCOL-r3-raw/complete-diff.patch:10392: trailing whitespace.
+ 
docs/exec-plans/reviews/HG-044/PROTOCOL-r3-raw/complete-diff.patch:10405: trailing whitespace.
+ 
docs/exec-plans/reviews/HG-044/PROTOCOL-r3-raw/complete-diff.patch:10406: trailing whitespace.
+ 
docs/exec-plans/reviews/HG-044/PROTOCOL-r3-raw/complete-diff.patch:10738: trailing whitespace.
+ 
docs/exec-plans/reviews/HG-044/PROTOCOL-r5-raw/broad-diff.stdout.log:2: trailing whitespace.
++ 
docs/exec-plans/reviews/HG-044/PROTOCOL-r5-raw/broad-diff.stdout.log:4: trailing whitespace.
++ 
docs/exec-plans/reviews/HG-044/PROTOCOL-r5-raw/broad-diff.stdout.log:6: trailing whitespace.
++ 
docs/exec-plans/reviews/HG-044/PROTOCOL-r5-raw/broad-diff.stdout.log:8: trailing whitespace.
++ 
docs/exec-plans/reviews/HG-044/PROTOCOL-r5-raw/broad-diff.stdout.log:10: trailing whitespace.
++ 
docs/exec-plans/reviews/HG-044/PROTOCOL-r5-raw/broad-diff.stdout.log:12: trailing whitespace.
++ 
docs/exec-plans/reviews/HG-044/PROTOCOL-r5-raw/complete-diff.patch:7: trailing whitespace.
+ 
docs/exec-plans/reviews/HG-044/PROTOCOL-r5-raw/complete-diff.patch:22347: trailing whitespace.
++ 
docs/exec-plans/reviews/HG-044/PROTOCOL-r5-raw/complete-diff.patch:32731: trailing whitespace.
++ 
docs/exec-plans/reviews/HG-044/PROTOCOL-r5-raw/complete-diff.patch:32732: trailing whitespace.
++ 
docs/exec-plans/reviews/HG-044/PROTOCOL-r5-raw/complete-diff.patch:32745: trailing whitespace.
++ 
docs/exec-plans/reviews/HG-044/PROTOCOL-r5-raw/complete-diff.patch:32746: trailing whitespace.
++ 
docs/exec-plans/reviews/HG-044/PROTOCOL-r5-raw/complete-diff.patch:33078: trailing whitespace.
++ 
docs/exec-plans/reviews/HG-044/PROTOCOL-r5-raw/complete-diff.patch:41335: trailing whitespace.
+ 
docs/exec-plans/reviews/HG-044/PROTOCOL-r5-raw/complete-diff.patch:41336: trailing whitespace.
+ 
docs/exec-plans/reviews/HG-044/PROTOCOL-r5-raw/complete-diff.patch:41349: trailing whitespace.
+ 
docs/exec-plans/reviews/HG-044/PROTOCOL-r5-raw/complete-diff.patch:41350: trailing whitespace.
+ 
docs/exec-plans/reviews/HG-044/PROTOCOL-r5-raw/complete-diff.patch:41686: trailing whitespace.
+ 
docs/exec-plans/reviews/HG-044/SECURITY_DATA_BOUNDARY-r5-raw/complete-diff.patch:7: trailing whitespace.
+ 
docs/exec-plans/reviews/HG-044/SECURITY_DATA_BOUNDARY-r5-raw/complete-diff.patch:22347: trailing whitespace.
++ 
docs/exec-plans/reviews/HG-044/SECURITY_DATA_BOUNDARY-r5-raw/complete-diff.patch:32731: trailing whitespace.
++ 
docs/exec-plans/reviews/HG-044/SECURITY_DATA_BOUNDARY-r5-raw/complete-diff.patch:32732: trailing whitespace.
++ 
docs/exec-plans/reviews/HG-044/SECURITY_DATA_BOUNDARY-r5-raw/complete-diff.patch:32745: trailing whitespace.
++ 
docs/exec-plans/reviews/HG-044/SECURITY_DATA_BOUNDARY-r5-raw/complete-diff.patch:32746: trailing whitespace.
++ 
docs/exec-plans/reviews/HG-044/SECURITY_DATA_BOUNDARY-r5-raw/complete-diff.patch:33078: trailing whitespace.
++ 
docs/exec-plans/reviews/HG-044/SECURITY_DATA_BOUNDARY-r5-raw/complete-diff.patch:41335: trailing whitespace.
+ 
docs/exec-plans/reviews/HG-044/SECURITY_DATA_BOUNDARY-r5-raw/complete-diff.patch:41336: trailing whitespace.
+ 
docs/exec-plans/reviews/HG-044/SECURITY_DATA_BOUNDARY-r5-raw/complete-diff.patch:41349: trailing whitespace.
+ 
docs/exec-plans/reviews/HG-044/SECURITY_DATA_BOUNDARY-r5-raw/complete-diff.patch:41350: trailing whitespace.
+ 
docs/exec-plans/reviews/HG-044/SECURITY_DATA_BOUNDARY-r5-raw/complete-diff.patch:41686: trailing whitespace.
+ 
