time="2026-10-02T22:03:10.037332091Z" level=info msg="Starting up"
time="2026-10-02T22:03:10.037904799Z" level=info msg="containerd not running, starting managed containerd"
time="2026-10-02T22:03:10.038900924Z" level=info msg="started new containerd process" address=/var/run/docker/containerd/containerd.sock module=libcontainerd pid=18
time="2026-10-02T22:03:10.062743216Z" level=info msg="starting containerd" revision= version=2.2.1
time="2026-10-02T22:03:10.067038966Z" level=warning msg="Configuration migrated from version 2, use `containerd config migrate` to avoid migration" t="12.875µs"
time="2026-10-02T22:03:10.067096841Z" level=info msg="loading plugin" id=io.containerd.content.v1.content type=io.containerd.content.v1
time="2026-10-02T22:03:10.067134341Z" level=info msg="loading plugin" id=io.containerd.image-verifier.v1.bindir type=io.containerd.image-verifier.v1
time="2026-10-02T22:03:10.067143007Z" level=info msg="loading plugin" id=io.containerd.internal.v1.opt type=io.containerd.internal.v1
time="2026-10-02T22:03:10.067929216Z" level=info msg="loading plugin" id=io.containerd.warning.v1.deprecations type=io.containerd.warning.v1
time="2026-10-02T22:03:10.067943549Z" level=info msg="loading plugin" id=io.containerd.mount-handler.v1.erofs type=io.containerd.mount-handler.v1
time="2026-10-02T22:03:10.067950674Z" level=info msg="loading plugin" id=io.containerd.snapshotter.v1.blockfile type=io.containerd.snapshotter.v1
time="2026-10-02T22:03:10.068147507Z" level=info msg="skip loading plugin" error="no scratch file generator: skip plugin" id=io.containerd.snapshotter.v1.blockfile type=io.containerd.snapshotter.v1
time="2026-10-02T22:03:10.068157299Z" level=info msg="loading plugin" id=io.containerd.snapshotter.v1.btrfs type=io.containerd.snapshotter.v1
time="2026-10-02T22:03:10.068418966Z" level=info msg="skip loading plugin" error="path /var/lib/docker/containerd/daemon/io.containerd.snapshotter.v1.btrfs (ext4) must be a btrfs filesystem to be used with the btrfs snapshotter: skip plugin" id=io.containerd.snapshotter.v1.btrfs type=io.containerd.snapshotter.v1
time="2026-10-02T22:03:10.068429382Z" level=info msg="loading plugin" id=io.containerd.snapshotter.v1.devmapper type=io.containerd.snapshotter.v1
time="2026-10-02T22:03:10.068434007Z" level=info msg="skip loading plugin" error="devmapper not configured: skip plugin" id=io.containerd.snapshotter.v1.devmapper type=io.containerd.snapshotter.v1
time="2026-10-02T22:03:10.068436507Z" level=info msg="loading plugin" id=io.containerd.snapshotter.v1.erofs type=io.containerd.snapshotter.v1
time="2026-10-02T22:03:10.069000257Z" level=info msg="loading plugin" id=io.containerd.snapshotter.v1.native type=io.containerd.snapshotter.v1
time="2026-10-02T22:03:10.069451257Z" level=info msg="loading plugin" id=io.containerd.snapshotter.v1.overlayfs type=io.containerd.snapshotter.v1
time="2026-10-02T22:03:10.070551966Z" level=info msg="loading plugin" id=io.containerd.snapshotter.v1.zfs type=io.containerd.snapshotter.v1
time="2026-10-02T22:03:10.070587299Z" level=info msg="skip loading plugin" error="lstat /var/lib/docker/containerd/daemon/io.containerd.snapshotter.v1.zfs: no such file or directory: skip plugin" id=io.containerd.snapshotter.v1.zfs type=io.containerd.snapshotter.v1
time="2026-10-02T22:03:10.070591632Z" level=info msg="loading plugin" id=io.containerd.event.v1.exchange type=io.containerd.event.v1
time="2026-10-02T22:03:10.070615174Z" level=info msg="loading plugin" id=io.containerd.monitor.task.v1.cgroups type=io.containerd.monitor.task.v1
time="2026-10-02T22:03:10.071308382Z" level=info msg="loading plugin" id=io.containerd.metadata.v1.bolt type=io.containerd.metadata.v1
time="2026-10-02T22:03:10.071618882Z" level=info msg="metadata content store policy set" policy=shared
time="2026-10-02T22:03:10.074920799Z" level=info msg="loading plugin" id=io.containerd.gc.v1.scheduler type=io.containerd.gc.v1
time="2026-10-02T22:03:10.074977507Z" level=info msg="loading plugin" id=io.containerd.nri.v1.nri type=io.containerd.nri.v1
time="2026-10-02T22:03:10.075005049Z" level=info msg="built-in NRI default validator is disabled"
time="2026-10-02T22:03:10.075008507Z" level=info msg="runtime interface created"
time="2026-10-02T22:03:10.075010216Z" level=info msg="created NRI interface"
time="2026-10-02T22:03:10.075013924Z" level=info msg="loading plugin" id=io.containerd.differ.v1.erofs type=io.containerd.differ.v1
time="2026-10-02T22:03:10.075059341Z" level=info msg="skip loading plugin" error="failed to check mkfs.erofs availability: failed to run mkfs.erofs --help: exec: \"mkfs.erofs\": executable file not found in $PATH: skip plugin" id=io.containerd.differ.v1.erofs type=io.containerd.differ.v1
time="2026-10-02T22:03:10.075071507Z" level=info msg="loading plugin" id=io.containerd.differ.v1.walking type=io.containerd.differ.v1
time="2026-10-02T22:03:10.075076091Z" level=info msg="loading plugin" id=io.containerd.lease.v1.manager type=io.containerd.lease.v1
time="2026-10-02T22:03:10.075080507Z" level=info msg="loading plugin" id=io.containerd.mount-manager.v1.bolt type=io.containerd.mount-manager.v1
time="2026-10-02T22:03:10.076853299Z" level=info msg="loading plugin" id=io.containerd.service.v1.containers-service type=io.containerd.service.v1
time="2026-10-02T22:03:10.076879716Z" level=info msg="loading plugin" id=io.containerd.service.v1.content-service type=io.containerd.service.v1
time="2026-10-02T22:03:10.076923882Z" level=info msg="loading plugin" id=io.containerd.service.v1.diff-service type=io.containerd.service.v1
time="2026-10-02T22:03:10.076947966Z" level=info msg="loading plugin" id=io.containerd.service.v1.images-service type=io.containerd.service.v1
time="2026-10-02T22:03:10.076958257Z" level=info msg="loading plugin" id=io.containerd.service.v1.introspection-service type=io.containerd.service.v1
time="2026-10-02T22:03:10.076963841Z" level=info msg="loading plugin" id=io.containerd.service.v1.namespaces-service type=io.containerd.service.v1
time="2026-10-02T22:03:10.076980257Z" level=info msg="loading plugin" id=io.containerd.service.v1.snapshots-service type=io.containerd.service.v1
time="2026-10-02T22:03:10.076985007Z" level=info msg="loading plugin" id=io.containerd.shim.v1.manager type=io.containerd.shim.v1
time="2026-10-02T22:03:10.076992924Z" level=info msg="loading plugin" id=io.containerd.runtime.v2.task type=io.containerd.runtime.v2
time="2026-10-02T22:03:10.077585216Z" level=info msg="loading plugin" id=io.containerd.service.v1.tasks-service type=io.containerd.service.v1
time="2026-10-02T22:03:10.077613507Z" level=info msg="loading plugin" id=io.containerd.grpc.v1.containers type=io.containerd.grpc.v1
time="2026-10-02T22:03:10.077650966Z" level=info msg="loading plugin" id=io.containerd.grpc.v1.content type=io.containerd.grpc.v1
time="2026-10-02T22:03:10.077684382Z" level=info msg="loading plugin" id=io.containerd.grpc.v1.diff type=io.containerd.grpc.v1
time="2026-10-02T22:03:10.077697549Z" level=info msg="loading plugin" id=io.containerd.grpc.v1.events type=io.containerd.grpc.v1
time="2026-10-02T22:03:10.077706924Z" level=info msg="loading plugin" id=io.containerd.grpc.v1.images type=io.containerd.grpc.v1
time="2026-10-02T22:03:10.077716257Z" level=info msg="loading plugin" id=io.containerd.grpc.v1.introspection type=io.containerd.grpc.v1
time="2026-10-02T22:03:10.077721674Z" level=info msg="loading plugin" id=io.containerd.grpc.v1.leases type=io.containerd.grpc.v1
time="2026-10-02T22:03:10.077726882Z" level=info msg="loading plugin" id=io.containerd.grpc.v1.mounts type=io.containerd.grpc.v1
time="2026-10-02T22:03:10.077730841Z" level=info msg="loading plugin" id=io.containerd.grpc.v1.namespaces type=io.containerd.grpc.v1
time="2026-10-02T22:03:10.077761549Z" level=info msg="loading plugin" id=io.containerd.sandbox.store.v1.local type=io.containerd.sandbox.store.v1
time="2026-10-02T22:03:10.077785882Z" level=info msg="loading plugin" id=io.containerd.transfer.v1.local type=io.containerd.transfer.v1
time="2026-10-02T22:03:10.077810299Z" level=info msg="loading plugin" id=io.containerd.cri.v1.images type=io.containerd.cri.v1
time="2026-10-02T22:03:10.077925174Z" level=info msg="Get image filesystem path \"/var/lib/docker/containerd/daemon/io.containerd.snapshotter.v1.overlayfs\" for snapshotter \"overlayfs\""
time="2026-10-02T22:03:10.077945341Z" level=info msg="Start snapshots syncer"
time="2026-10-02T22:03:10.078002466Z" level=info msg="loading plugin" id=io.containerd.cri.v1.runtime type=io.containerd.cri.v1
time="2026-10-02T22:03:10.078659382Z" level=info msg="starting cri plugin" config="{\"containerd\":{\"defaultRuntimeName\":\"runc\",\"runtimes\":{\"runc\":{\"runtimeType\":\"io.containerd.runc.v2\",\"runtimePath\":\"\",\"PodAnnotations\":null,\"ContainerAnnotations\":null,\"options\":{\"BinaryName\":\"\",\"CriuImagePath\":\"\",\"CriuWorkPath\":\"\",\"IoGid\":0,\"IoUid\":0,\"NoNewKeyring\":false,\"Root\":\"\",\"ShimCgroup\":\"\",\"SystemdCgroup\":false},\"privileged_without_host_devices\":false,\"privileged_without_host_devices_all_devices_allowed\":false,\"cgroupWritable\":false,\"baseRuntimeSpec\":\"\",\"cniConfDir\":\"\",\"cniMaxConfNum\":0,\"snapshotter\":\"\",\"sandboxer\":\"podsandbox\",\"io_type\":\"\"}},\"ignoreBlockIONotEnabledErrors\":false,\"ignoreRdtNotEnabledErrors\":false},\"cni\":{\"binDir\":\"\",\"binDirs\":[\"/opt/cni/bin\"],\"confDir\":\"/etc/cni/net.d\",\"maxConfNum\":1,\"setupSerially\":false,\"confTemplate\":\"\",\"ipPref\":\"\",\"useInternalLoopback\":false},\"enableSelinux\":false,\"selinuxCategoryRange\":1024,\"maxContainerLogLineSize\":16384,\"disableApparmor\":false,\"restrictOOMScoreAdj\":false,\"disableProcMount\":false,\"unsetSeccompProfile\":\"\",\"tolerateMissingHugetlbController\":true,\"disableHugetlbController\":true,\"device_ownership_from_security_context\":false,\"ignoreImageDefinedVolumes\":false,\"netnsMountsUnderStateDir\":false,\"enableUnprivilegedPorts\":true,\"enableUnprivilegedICMP\":true,\"enableCDI\":true,\"cdiSpecDirs\":[\"/etc/cdi\",\"/var/run/cdi\"],\"drainExecSyncIOTimeout\":\"0s\",\"ignoreDeprecationWarnings\":null,\"containerdRootDir\":\"/var/lib/docker/containerd/daemon\",\"containerdEndpoint\":\"/var/run/docker/containerd/containerd.sock\",\"rootDir\":\"/var/lib/docker/containerd/daemon/io.containerd.grpc.v1.cri\",\"stateDir\":\"/var/run/docker/containerd/daemon/io.containerd.grpc.v1.cri\"}"
time="2026-10-02T22:03:10.078704132Z" level=info msg="loading plugin" id=io.containerd.podsandbox.controller.v1.podsandbox type=io.containerd.podsandbox.controller.v1
time="2026-10-02T22:03:10.078756132Z" level=info msg="loading plugin" id=io.containerd.sandbox.controller.v1.shim type=io.containerd.sandbox.controller.v1
time="2026-10-02T22:03:10.079609174Z" level=info msg="loading plugin" id=io.containerd.grpc.v1.sandbox-controllers type=io.containerd.grpc.v1
time="2026-10-02T22:03:10.079633216Z" level=info msg="loading plugin" id=io.containerd.grpc.v1.sandboxes type=io.containerd.grpc.v1
time="2026-10-02T22:03:10.079640841Z" level=info msg="loading plugin" id=io.containerd.grpc.v1.snapshots type=io.containerd.grpc.v1
time="2026-10-02T22:03:10.079644882Z" level=info msg="loading plugin" id=io.containerd.streaming.v1.manager type=io.containerd.streaming.v1
time="2026-10-02T22:03:10.079652966Z" level=info msg="loading plugin" id=io.containerd.grpc.v1.streaming type=io.containerd.grpc.v1
time="2026-10-02T22:03:10.079657174Z" level=info msg="loading plugin" id=io.containerd.grpc.v1.tasks type=io.containerd.grpc.v1
time="2026-10-02T22:03:10.079667799Z" level=info msg="loading plugin" id=io.containerd.grpc.v1.transfer type=io.containerd.grpc.v1
time="2026-10-02T22:03:10.079676174Z" level=info msg="loading plugin" id=io.containerd.grpc.v1.version type=io.containerd.grpc.v1
time="2026-10-02T22:03:10.079693882Z" level=info msg="loading plugin" id=io.containerd.monitor.container.v1.restart type=io.containerd.monitor.container.v1
time="2026-10-02T22:03:10.079738466Z" level=info msg="loading plugin" id=io.containerd.tracing.processor.v1.otlp type=io.containerd.tracing.processor.v1
time="2026-10-02T22:03:10.079746966Z" level=info msg="skip loading plugin" error="skip plugin: tracing endpoint not configured" id=io.containerd.tracing.processor.v1.otlp type=io.containerd.tracing.processor.v1
time="2026-10-02T22:03:10.079749757Z" level=info msg="loading plugin" id=io.containerd.internal.v1.tracing type=io.containerd.internal.v1
time="2026-10-02T22:03:10.079752674Z" level=info msg="skip loading plugin" error="skip plugin: tracing endpoint not configured" id=io.containerd.internal.v1.tracing type=io.containerd.internal.v1
time="2026-10-02T22:03:10.079755091Z" level=info msg="loading plugin" id=io.containerd.ttrpc.v1.otelttrpc type=io.containerd.ttrpc.v1
time="2026-10-02T22:03:10.079758382Z" level=info msg="loading plugin" id=io.containerd.grpc.v1.healthcheck type=io.containerd.grpc.v1
time="2026-10-02T22:03:10.079880882Z" level=info msg=serving... address=/var/run/docker/containerd/containerd-debug.sock
time="2026-10-02T22:03:10.080063966Z" level=info msg=serving... address=/var/run/docker/containerd/containerd.sock.ttrpc
time="2026-10-02T22:03:10.080117466Z" level=info msg=serving... address=/var/run/docker/containerd/containerd.sock
time="2026-10-02T22:03:10.080137591Z" level=info msg="containerd successfully booted in 0.019225s"
time="2026-10-02T22:03:10.083109466Z" level=info msg="OTEL tracing is not configured, using no-op tracer provider"
time="2026-10-02T22:03:10.083273132Z" level=info msg="CDI directory does not exist, skipping: failed to monitor for changes: no such file or directory" dir=/etc/cdi
time="2026-10-02T22:03:10.083290466Z" level=info msg="CDI directory does not exist, skipping: failed to monitor for changes: no such file or directory" dir=/var/run/cdi
time="2026-10-02T22:03:10.090535257Z" level=info msg="Creating a containerd client" address=/var/run/docker/containerd/containerd.sock timeout=1m0s
time="2026-10-02T22:03:10.096053966Z" level=info msg="Loading containers: start."
time="2026-10-02T22:03:10.096078382Z" level=info msg="[graphdriver] trying configured driver: overlay2"
time="2026-10-02T22:03:10.108184757Z" level=info msg="Restoring containers: start."
time="2026-10-02T22:03:10.109412674Z" level=info msg="Deleting nftables IPv4 rules" error="exec: \"nft\": executable file not found in $PATH"
time="2026-10-02T22:03:10.109428341Z" level=info msg="Deleting nftables IPv6 rules" error="exec: \"nft\": executable file not found in $PATH"
time="2026-10-02T22:03:10.173820591Z" level=info msg="Loading containers: done."
time="2026-10-02T22:03:10.182931549Z" level=info msg="Docker daemon" commit="29.1.3-0ubuntu3~24.04.2" containerd-snapshotter=false storage-driver=overlay2 version=29.1.3
time="2026-10-02T22:03:10.183154549Z" level=info msg="Initializing buildkit"
time="2026-10-02T22:03:10.207608007Z" level=info msg="Completed buildkit initialization"
time="2026-10-02T22:03:10.210134591Z" level=info msg="Daemon has completed initialization"
time="2026-10-02T22:03:10.210174549Z" level=info msg="API listen on /var/run/docker.sock"
time="2026-10-02T22:03:33.538324379Z" level=info msg="connecting to shim 470da4a07d343d79b665b68c82151251720e2504bf0ea90c71c73b4502695a06" address="unix:///run/containerd/s/a82662838b4ba02c52852f059bacae441f63eee2401317356f58764121cb22c9" namespace=moby protocol=ttrpc version=3
time="2026-10-02T22:03:33.567103046Z" level=error msg="failed to enable controllers ([cpuset cpu io memory hugetlb pids rdma])" error="failed to write subtree controllers [cpuset cpu io memory hugetlb pids rdma] to \"/sys/fs/cgroup/docker/cgroup.subtree_control\": write /sys/fs/cgroup/docker/cgroup.subtree_control: no such file or directory" runtime=io.containerd.runc.v2
time="2026-10-02T22:03:33.567447337Z" level=warning msg="error from *cgroupsv2.Manager.EventChan" error="failed to add inotify watch for \"/sys/fs/cgroup/docker/470da4a07d343d79b665b68c82151251720e2504bf0ea90c71c73b4502695a06/memory.events\": no such file or directory"
time="2026-10-02T22:03:33.583423754Z" level=info msg="sbJoin: gwep4 ''->'7a2eefcb3263', gwep6 ''->''" eid=7a2eefcb3263 ep=kl_workspace_5b88c45d9ce0-postgres-1 net=kl_workspace_5b88c45d9ce0_default nid=c5b3f00a2c4d spanID=999873f69862b7d3 traceID=453c8f57a47ac61d3d31d322b4711837
time="2026-10-02T22:03:43.383761884Z" level=info msg="connecting to shim 8bb67f90ea79b69cc5cba36195c532a4aaa9434336f68e7f8ba0f765d16d2afe" address="unix:///run/containerd/s/7f8f386d6e0b695c6fd9f70922a04a2ce068a2bd88111dbc1f50c082a288cbb9" namespace=moby protocol=ttrpc version=3
time="2026-10-02T22:03:43.418009134Z" level=error msg="failed to enable controllers ([cpuset cpu io memory hugetlb pids rdma])" error="failed to write subtree controllers [cpuset cpu io memory hugetlb pids rdma] to \"/sys/fs/cgroup/docker/cgroup.subtree_control\": write /sys/fs/cgroup/docker/cgroup.subtree_control: no such file or directory" runtime=io.containerd.runc.v2
time="2026-10-02T22:03:43.418127759Z" level=warning msg="error from *cgroupsv2.Manager.EventChan" error="failed to add inotify watch for \"/sys/fs/cgroup/docker/8bb67f90ea79b69cc5cba36195c532a4aaa9434336f68e7f8ba0f765d16d2afe/memory.events\": no such file or directory"
time="2026-10-02T22:03:43.428338259Z" level=info msg="sbJoin: gwep4 ''->'01f91bbcf133', gwep6 ''->''" eid=01f91bbcf133 ep=kineticloop-kl028-boundary-afca6c0-5b88c45d9ce0-postgres-1 net=kineticloop-kl028-boundary-afca6c0-5b88c45d9ce0_default nid=3de5ef23fe9b spanID=196e8bfad3e28849 traceID=af70e5b5b56f1b3ed5e74ac95123f28b
time="2026-10-02T22:03:47.007156594Z" level=info msg="shim disconnected" id=8bb67f90ea79b69cc5cba36195c532a4aaa9434336f68e7f8ba0f765d16d2afe namespace=moby
time="2026-10-02T22:03:47.007173219Z" level=info msg="ignoring event" container=8bb67f90ea79b69cc5cba36195c532a4aaa9434336f68e7f8ba0f765d16d2afe module=libcontainerd namespace=moby topic=/tasks/delete type="*events.TaskDelete"
time="2026-10-02T22:03:47.007184302Z" level=info msg="cleaning up after shim disconnected" id=8bb67f90ea79b69cc5cba36195c532a4aaa9434336f68e7f8ba0f765d16d2afe namespace=moby
time="2026-10-02T22:03:47.007204636Z" level=info msg="cleaning up dead shim" id=8bb67f90ea79b69cc5cba36195c532a4aaa9434336f68e7f8ba0f765d16d2afe namespace=moby
time="2026-10-02T22:03:47.469097511Z" level=info msg="connecting to shim 56d740f070afba10f9c355a09e943c6b140fe94cac0472228e2984b956b1eb85" address="unix:///run/containerd/s/6b25fb179a26751ae007cb0fb306d92afb1868d1da027992a76c71799c039b6f" namespace=moby protocol=ttrpc version=3
time="2026-10-02T22:03:47.501206927Z" level=error msg="failed to enable controllers ([cpuset cpu io memory hugetlb pids rdma])" error="failed to write subtree controllers [cpuset cpu io memory hugetlb pids rdma] to \"/sys/fs/cgroup/docker/cgroup.subtree_control\": write /sys/fs/cgroup/docker/cgroup.subtree_control: no such file or directory" runtime=io.containerd.runc.v2
time="2026-10-02T22:03:47.501553677Z" level=warning msg="error from *cgroupsv2.Manager.EventChan" error="failed to add inotify watch for \"/sys/fs/cgroup/docker/56d740f070afba10f9c355a09e943c6b140fe94cac0472228e2984b956b1eb85/memory.events\": no such file or directory"
time="2026-10-02T22:03:47.513807469Z" level=info msg="sbJoin: gwep4 ''->'98f502f94620', gwep6 ''->''" eid=98f502f94620 ep=kineticloop-kl028-boundary-afca6c0-5b88c45d9ce0-postgres-1 net=kineticloop-kl028-boundary-afca6c0-5b88c45d9ce0_default nid=52f5fd634f89 spanID=eec639f92cf4f92b traceID=c8a353cd0b12b5f6e72a5e42c9706a15
time="2026-10-02T22:03:51.349256054Z" level=info msg="shim disconnected" id=56d740f070afba10f9c355a09e943c6b140fe94cac0472228e2984b956b1eb85 namespace=moby
time="2026-10-02T22:03:51.349280554Z" level=info msg="cleaning up after shim disconnected" id=56d740f070afba10f9c355a09e943c6b140fe94cac0472228e2984b956b1eb85 namespace=moby
time="2026-10-02T22:03:51.349304471Z" level=info msg="cleaning up dead shim" id=56d740f070afba10f9c355a09e943c6b140fe94cac0472228e2984b956b1eb85 namespace=moby
time="2026-10-02T22:03:51.349345013Z" level=info msg="ignoring event" container=56d740f070afba10f9c355a09e943c6b140fe94cac0472228e2984b956b1eb85 module=libcontainerd namespace=moby topic=/tasks/delete type="*events.TaskDelete"
time="2026-10-02T22:03:51.829719221Z" level=info msg="connecting to shim dc837e2658cc4bf02540b9b160a6ec8da4088fbe11504aff464a15fb748c930c" address="unix:///run/containerd/s/817dd955f28e7c9f1422d5cb2f654c73fee7a0e457c7a58e245a83a62c591d66" namespace=moby protocol=ttrpc version=3
time="2026-10-02T22:03:51.854151721Z" level=error msg="failed to enable controllers ([cpuset cpu io memory hugetlb pids rdma])" error="failed to write subtree controllers [cpuset cpu io memory hugetlb pids rdma] to \"/sys/fs/cgroup/docker/cgroup.subtree_control\": write /sys/fs/cgroup/docker/cgroup.subtree_control: no such file or directory" runtime=io.containerd.runc.v2
time="2026-10-02T22:03:51.854272721Z" level=warning msg="error from *cgroupsv2.Manager.EventChan" error="failed to add inotify watch for \"/sys/fs/cgroup/docker/dc837e2658cc4bf02540b9b160a6ec8da4088fbe11504aff464a15fb748c930c/memory.events\": no such file or directory"
time="2026-10-02T22:03:51.867716846Z" level=info msg="sbJoin: gwep4 ''->'4acd378dce03', gwep6 ''->''" eid=4acd378dce03 ep=kineticloop-kl028-boundary-afca6c0-5b88c45d9ce0-postgres-1 net=kineticloop-kl028-boundary-afca6c0-5b88c45d9ce0_default nid=a4ed27bb4738 spanID=ed646868527115da traceID=731f738f036ea3d5ce3331c3f6469779
time="2026-10-02T22:03:55.513811667Z" level=info msg="ignoring event" container=dc837e2658cc4bf02540b9b160a6ec8da4088fbe11504aff464a15fb748c930c module=libcontainerd namespace=moby topic=/tasks/delete type="*events.TaskDelete"
time="2026-10-02T22:03:55.513874167Z" level=info msg="shim disconnected" id=dc837e2658cc4bf02540b9b160a6ec8da4088fbe11504aff464a15fb748c930c namespace=moby
time="2026-10-02T22:03:55.513891625Z" level=info msg="cleaning up after shim disconnected" id=dc837e2658cc4bf02540b9b160a6ec8da4088fbe11504aff464a15fb748c930c namespace=moby
time="2026-10-02T22:03:55.513921459Z" level=info msg="cleaning up dead shim" id=dc837e2658cc4bf02540b9b160a6ec8da4088fbe11504aff464a15fb748c930c namespace=moby
time="2026-10-02T22:03:56.054740126Z" level=info msg="connecting to shim 5f1744768f1399f852161586734b96c6a4a7aac8c698b3e8afa3d0c00723d90a" address="unix:///run/containerd/s/e6a78a6310a355f6f67d627db9d18e5ece44f3dc4e2cd54435ff52bbd358eb42" namespace=moby protocol=ttrpc version=3
time="2026-10-02T22:03:56.087898084Z" level=error msg="failed to enable controllers ([cpuset cpu io memory hugetlb pids rdma])" error="failed to write subtree controllers [cpuset cpu io memory hugetlb pids rdma] to \"/sys/fs/cgroup/docker/cgroup.subtree_control\": write /sys/fs/cgroup/docker/cgroup.subtree_control: no such file or directory" runtime=io.containerd.runc.v2
time="2026-10-02T22:03:56.088326542Z" level=warning msg="error from *cgroupsv2.Manager.EventChan" error="failed to add inotify watch for \"/sys/fs/cgroup/docker/5f1744768f1399f852161586734b96c6a4a7aac8c698b3e8afa3d0c00723d90a/memory.events\": no such file or directory"
time="2026-10-02T22:03:56.102368959Z" level=info msg="sbJoin: gwep4 ''->'16ae10f1f0a4', gwep6 ''->''" eid=16ae10f1f0a4 ep=kineticloop-kl028-boundary-afca6c0-5b88c45d9ce0-postgres-1 net=kineticloop-kl028-boundary-afca6c0-5b88c45d9ce0_default nid=9475e017b263 spanID=7e30f6a39969ae14 traceID=b4095c1a026cda7c770ce137e426d3bf
time="2026-10-02T22:03:59.824433002Z" level=info msg="ignoring event" container=5f1744768f1399f852161586734b96c6a4a7aac8c698b3e8afa3d0c00723d90a module=libcontainerd namespace=moby topic=/tasks/delete type="*events.TaskDelete"
time="2026-10-02T22:03:59.824509586Z" level=info msg="shim disconnected" id=5f1744768f1399f852161586734b96c6a4a7aac8c698b3e8afa3d0c00723d90a namespace=moby
time="2026-10-02T22:03:59.824548211Z" level=info msg="cleaning up after shim disconnected" id=5f1744768f1399f852161586734b96c6a4a7aac8c698b3e8afa3d0c00723d90a namespace=moby
time="2026-10-02T22:03:59.824617002Z" level=info msg="cleaning up dead shim" id=5f1744768f1399f852161586734b96c6a4a7aac8c698b3e8afa3d0c00723d90a namespace=moby
time="2026-10-02T22:04:00.297710003Z" level=info msg="connecting to shim fb0f9d1148458fcf141716a5344f4a196aef9b9eae26c2f393d0447a229dfe12" address="unix:///run/containerd/s/2979b7d70d7262267b695f3ddb8b7f7b098121d8f91511d01e8e88c3bec59ba2" namespace=moby protocol=ttrpc version=3
time="2026-10-02T22:04:00.330656503Z" level=error msg="failed to enable controllers ([cpuset cpu io memory hugetlb pids rdma])" error="failed to write subtree controllers [cpuset cpu io memory hugetlb pids rdma] to \"/sys/fs/cgroup/docker/cgroup.subtree_control\": write /sys/fs/cgroup/docker/cgroup.subtree_control: no such file or directory" runtime=io.containerd.runc.v2
time="2026-10-02T22:04:00.331180794Z" level=warning msg="error from *cgroupsv2.Manager.EventChan" error="failed to add inotify watch for \"/sys/fs/cgroup/docker/fb0f9d1148458fcf141716a5344f4a196aef9b9eae26c2f393d0447a229dfe12/memory.events\": no such file or directory"
time="2026-10-02T22:04:00.344261586Z" level=info msg="sbJoin: gwep4 ''->'a940d69a6064', gwep6 ''->''" eid=a940d69a6064 ep=kineticloop-kl028-boundary-afca6c0-5b88c45d9ce0-postgres-1 net=kineticloop-kl028-boundary-afca6c0-5b88c45d9ce0_default nid=62203899bf02 spanID=f3063871edf1610f traceID=3cf7b4fa4848472c7a1c5c9f3918f56f
time="2026-10-02T22:04:04.525723880Z" level=info msg="shim disconnected" id=fb0f9d1148458fcf141716a5344f4a196aef9b9eae26c2f393d0447a229dfe12 namespace=moby
time="2026-10-02T22:04:04.525747671Z" level=info msg="cleaning up after shim disconnected" id=fb0f9d1148458fcf141716a5344f4a196aef9b9eae26c2f393d0447a229dfe12 namespace=moby
time="2026-10-02T22:04:04.525767421Z" level=info msg="cleaning up dead shim" id=fb0f9d1148458fcf141716a5344f4a196aef9b9eae26c2f393d0447a229dfe12 namespace=moby
time="2026-10-02T22:04:04.525862588Z" level=info msg="ignoring event" container=fb0f9d1148458fcf141716a5344f4a196aef9b9eae26c2f393d0447a229dfe12 module=libcontainerd namespace=moby topic=/tasks/delete type="*events.TaskDelete"
time="2026-10-02T22:04:05.007007630Z" level=info msg="connecting to shim d2f09f046afd301236f5adc38485e29212d4288b6294a0ca482945e5ae192e87" address="unix:///run/containerd/s/4e3430729db5609b54fd6cf5b105c9bb70fd45fab8fc44776b8abc315afab590" namespace=moby protocol=ttrpc version=3
time="2026-10-02T22:04:05.034605963Z" level=error msg="failed to enable controllers ([cpuset cpu io memory hugetlb pids rdma])" error="failed to write subtree controllers [cpuset cpu io memory hugetlb pids rdma] to \"/sys/fs/cgroup/docker/cgroup.subtree_control\": write /sys/fs/cgroup/docker/cgroup.subtree_control: no such file or directory" runtime=io.containerd.runc.v2
time="2026-10-02T22:04:05.034875672Z" level=warning msg="error from *cgroupsv2.Manager.EventChan" error="failed to add inotify watch for \"/sys/fs/cgroup/docker/d2f09f046afd301236f5adc38485e29212d4288b6294a0ca482945e5ae192e87/memory.events\": no such file or directory"
time="2026-10-02T22:04:05.049279422Z" level=info msg="sbJoin: gwep4 ''->'572124c26569', gwep6 ''->''" eid=572124c26569 ep=kineticloop-kl028-boundary-afca6c0-5b88c45d9ce0-postgres-1 net=kineticloop-kl028-boundary-afca6c0-5b88c45d9ce0_default nid=702566e20d1f spanID=6d645de989dbd48e traceID=0506930494c6d4ce9ffb5690331d3726
time="2026-10-02T22:04:09.077665048Z" level=info msg="ignoring event" container=d2f09f046afd301236f5adc38485e29212d4288b6294a0ca482945e5ae192e87 module=libcontainerd namespace=moby topic=/tasks/delete type="*events.TaskDelete"
time="2026-10-02T22:04:09.077682007Z" level=info msg="shim disconnected" id=d2f09f046afd301236f5adc38485e29212d4288b6294a0ca482945e5ae192e87 namespace=moby
time="2026-10-02T22:04:09.077698507Z" level=info msg="cleaning up after shim disconnected" id=d2f09f046afd301236f5adc38485e29212d4288b6294a0ca482945e5ae192e87 namespace=moby
time="2026-10-02T22:04:09.077712882Z" level=info msg="cleaning up dead shim" id=d2f09f046afd301236f5adc38485e29212d4288b6294a0ca482945e5ae192e87 namespace=moby
time="2026-10-02T22:04:09.562858965Z" level=info msg="connecting to shim 3e5e7368a57001ced2e31a68bebd4b8c1fdedcd49ab83256b40dfe312fff1dd6" address="unix:///run/containerd/s/ffd45a3904d9c62a52e082da48d52e054b7a12b10c1d3a77fcff95a1d4c938e0" namespace=moby protocol=ttrpc version=3
time="2026-10-02T22:04:09.591149799Z" level=error msg="failed to enable controllers ([cpuset cpu io memory hugetlb pids rdma])" error="failed to write subtree controllers [cpuset cpu io memory hugetlb pids rdma] to \"/sys/fs/cgroup/docker/cgroup.subtree_control\": write /sys/fs/cgroup/docker/cgroup.subtree_control: no such file or directory" runtime=io.containerd.runc.v2
time="2026-10-02T22:04:09.591267882Z" level=warning msg="error from *cgroupsv2.Manager.EventChan" error="failed to add inotify watch for \"/sys/fs/cgroup/docker/3e5e7368a57001ced2e31a68bebd4b8c1fdedcd49ab83256b40dfe312fff1dd6/memory.events\": no such file or directory"
time="2026-10-02T22:04:09.602952090Z" level=info msg="sbJoin: gwep4 ''->'3cd46208532d', gwep6 ''->''" eid=3cd46208532d ep=kineticloop-kl028-boundary-afca6c0-5b88c45d9ce0-postgres-1 net=kineticloop-kl028-boundary-afca6c0-5b88c45d9ce0_default nid=e3a7b803df12 spanID=5060f9f9ab683fc3 traceID=1463eabcd4a4a3966f6f3673e53ee32b
time="2026-10-02T22:04:13.789708759Z" level=info msg="shim disconnected" id=3e5e7368a57001ced2e31a68bebd4b8c1fdedcd49ab83256b40dfe312fff1dd6 namespace=moby
time="2026-10-02T22:04:13.789739009Z" level=info msg="cleaning up after shim disconnected" id=3e5e7368a57001ced2e31a68bebd4b8c1fdedcd49ab83256b40dfe312fff1dd6 namespace=moby
time="2026-10-02T22:04:13.789769717Z" level=info msg="cleaning up dead shim" id=3e5e7368a57001ced2e31a68bebd4b8c1fdedcd49ab83256b40dfe312fff1dd6 namespace=moby
time="2026-10-02T22:04:13.789762884Z" level=info msg="ignoring event" container=3e5e7368a57001ced2e31a68bebd4b8c1fdedcd49ab83256b40dfe312fff1dd6 module=libcontainerd namespace=moby topic=/tasks/delete type="*events.TaskDelete"
time="2026-10-02T22:04:14.259477926Z" level=info msg="connecting to shim 8994cc949de919eafa7e957276553fa126f780c9866a87a91d8f647dabec96ce" address="unix:///run/containerd/s/25da25bfe0dac3c28ff3aad34a480355e477b39f1c28ba2998f21cdb859b6704" namespace=moby protocol=ttrpc version=3
time="2026-10-02T22:04:14.287830051Z" level=error msg="failed to enable controllers ([cpuset cpu io memory hugetlb pids rdma])" error="failed to write subtree controllers [cpuset cpu io memory hugetlb pids rdma] to \"/sys/fs/cgroup/docker/cgroup.subtree_control\": write /sys/fs/cgroup/docker/cgroup.subtree_control: no such file or directory" runtime=io.containerd.runc.v2
time="2026-10-02T22:04:14.288017343Z" level=warning msg="error from *cgroupsv2.Manager.EventChan" error="failed to add inotify watch for \"/sys/fs/cgroup/docker/8994cc949de919eafa7e957276553fa126f780c9866a87a91d8f647dabec96ce/memory.events\": no such file or directory"
time="2026-10-02T22:04:14.301709968Z" level=info msg="sbJoin: gwep4 ''->'42b1259d9424', gwep6 ''->''" eid=42b1259d9424 ep=kineticloop-kl028-boundary-afca6c0-5b88c45d9ce0-postgres-1 net=kineticloop-kl028-boundary-afca6c0-5b88c45d9ce0_default nid=c4c38a72ec30 spanID=2ab0311d7131bbf7 traceID=42865ba068a54034a42faa43c2a77dd9
time="2026-10-02T22:04:17.958522469Z" level=info msg="ignoring event" container=8994cc949de919eafa7e957276553fa126f780c9866a87a91d8f647dabec96ce module=libcontainerd namespace=moby topic=/tasks/delete type="*events.TaskDelete"
time="2026-10-02T22:04:17.958539803Z" level=info msg="shim disconnected" id=8994cc949de919eafa7e957276553fa126f780c9866a87a91d8f647dabec96ce namespace=moby
time="2026-10-02T22:04:17.958556844Z" level=info msg="cleaning up after shim disconnected" id=8994cc949de919eafa7e957276553fa126f780c9866a87a91d8f647dabec96ce namespace=moby
time="2026-10-02T22:04:17.958578678Z" level=info msg="cleaning up dead shim" id=8994cc949de919eafa7e957276553fa126f780c9866a87a91d8f647dabec96ce namespace=moby
time="2026-10-02T22:04:18.491105011Z" level=info msg="connecting to shim f904d1595d87f6588f01c871eb9fb49cda9e6f28a9db1b83f46816ae833b1fb1" address="unix:///run/containerd/s/4905f2e374fdbba809f9f8d45c9202d4d824706c92ce3db246a31a57e21f3186" namespace=moby protocol=ttrpc version=3
time="2026-10-02T22:04:18.524984345Z" level=error msg="failed to enable controllers ([cpuset cpu io memory hugetlb pids rdma])" error="failed to write subtree controllers [cpuset cpu io memory hugetlb pids rdma] to \"/sys/fs/cgroup/docker/cgroup.subtree_control\": write /sys/fs/cgroup/docker/cgroup.subtree_control: no such file or directory" runtime=io.containerd.runc.v2
time="2026-10-02T22:04:18.525424761Z" level=warning msg="error from *cgroupsv2.Manager.EventChan" error="failed to add inotify watch for \"/sys/fs/cgroup/docker/f904d1595d87f6588f01c871eb9fb49cda9e6f28a9db1b83f46816ae833b1fb1/memory.events\": no such file or directory"
time="2026-10-02T22:04:18.539023595Z" level=info msg="sbJoin: gwep4 ''->'03688a89a5c9', gwep6 ''->''" eid=03688a89a5c9 ep=kineticloop-kl028-boundary-afca6c0-5b88c45d9ce0-postgres-1 net=kineticloop-kl028-boundary-afca6c0-5b88c45d9ce0_default nid=ae55ffd9a93a spanID=d30625f8d335cbb8 traceID=5a50152ce56fcf0a1902535055e5bcd8
time="2026-10-02T22:04:22.389565055Z" level=info msg="shim disconnected" id=f904d1595d87f6588f01c871eb9fb49cda9e6f28a9db1b83f46816ae833b1fb1 namespace=moby
time="2026-10-02T22:04:22.389607096Z" level=info msg="ignoring event" container=f904d1595d87f6588f01c871eb9fb49cda9e6f28a9db1b83f46816ae833b1fb1 module=libcontainerd namespace=moby topic=/tasks/delete type="*events.TaskDelete"
time="2026-10-02T22:04:22.389622888Z" level=info msg="cleaning up after shim disconnected" id=f904d1595d87f6588f01c871eb9fb49cda9e6f28a9db1b83f46816ae833b1fb1 namespace=moby
time="2026-10-02T22:04:22.389681096Z" level=info msg="cleaning up dead shim" id=f904d1595d87f6588f01c871eb9fb49cda9e6f28a9db1b83f46816ae833b1fb1 namespace=moby
time="2026-10-02T22:04:22.828601347Z" level=info msg="connecting to shim b82d2eb7b11ac29ec719f3e39a7d98c55bbb5081d711b22ed392a9667ed576bb" address="unix:///run/containerd/s/fbaeb2e1d610b2e2bf463550bfd0730b30e7d265bca8c61a6f1abe62474671da" namespace=moby protocol=ttrpc version=3
time="2026-10-02T22:04:22.865060388Z" level=error msg="failed to enable controllers ([cpuset cpu io memory hugetlb pids rdma])" error="failed to write subtree controllers [cpuset cpu io memory hugetlb pids rdma] to \"/sys/fs/cgroup/docker/cgroup.subtree_control\": write /sys/fs/cgroup/docker/cgroup.subtree_control: no such file or directory" runtime=io.containerd.runc.v2
time="2026-10-02T22:04:22.865229055Z" level=warning msg="error from *cgroupsv2.Manager.EventChan" error="failed to add inotify watch for \"/sys/fs/cgroup/docker/b82d2eb7b11ac29ec719f3e39a7d98c55bbb5081d711b22ed392a9667ed576bb/memory.events\": no such file or directory"
time="2026-10-02T22:04:22.876864013Z" level=info msg="sbJoin: gwep4 ''->'354e6a72909b', gwep6 ''->''" eid=354e6a72909b ep=kineticloop-kl028-boundary-afca6c0-5b88c45d9ce0-postgres-1 net=kineticloop-kl028-boundary-afca6c0-5b88c45d9ce0_default nid=cc5daa7c763c spanID=bb5fe8ed3f91850b traceID=10cd8bb09a5f30dc81c4ae1f3a009edb
time="2026-10-02T22:04:26.339730792Z" level=info msg="ignoring event" container=b82d2eb7b11ac29ec719f3e39a7d98c55bbb5081d711b22ed392a9667ed576bb module=libcontainerd namespace=moby topic=/tasks/delete type="*events.TaskDelete"
time="2026-10-02T22:04:26.339929459Z" level=info msg="shim disconnected" id=b82d2eb7b11ac29ec719f3e39a7d98c55bbb5081d711b22ed392a9667ed576bb namespace=moby
time="2026-10-02T22:04:26.339981042Z" level=info msg="cleaning up after shim disconnected" id=b82d2eb7b11ac29ec719f3e39a7d98c55bbb5081d711b22ed392a9667ed576bb namespace=moby
time="2026-10-02T22:04:26.340004667Z" level=info msg="cleaning up dead shim" id=b82d2eb7b11ac29ec719f3e39a7d98c55bbb5081d711b22ed392a9667ed576bb namespace=moby
time="2026-10-02T22:04:26.768271334Z" level=info msg="connecting to shim eaacf4c8c2121843f56a1234d346db7158ac964493f9066c1d379da44b82df04" address="unix:///run/containerd/s/30917898f08dbe31fe1530a707ea71a05578740588d0ac850a04a2f1a6687efa" namespace=moby protocol=ttrpc version=3
time="2026-10-02T22:04:26.797074584Z" level=error msg="failed to enable controllers ([cpuset cpu io memory hugetlb pids rdma])" error="failed to write subtree controllers [cpuset cpu io memory hugetlb pids rdma] to \"/sys/fs/cgroup/docker/cgroup.subtree_control\": write /sys/fs/cgroup/docker/cgroup.subtree_control: no such file or directory" runtime=io.containerd.runc.v2
time="2026-10-02T22:04:26.797215043Z" level=warning msg="error from *cgroupsv2.Manager.EventChan" error="failed to add inotify watch for \"/sys/fs/cgroup/docker/eaacf4c8c2121843f56a1234d346db7158ac964493f9066c1d379da44b82df04/memory.events\": no such file or directory"
time="2026-10-02T22:04:26.807253626Z" level=info msg="sbJoin: gwep4 ''->'0c24e7f7d668', gwep6 ''->''" eid=0c24e7f7d668 ep=kineticloop-kl028-boundary-afca6c0-5b88c45d9ce0-postgres-1 net=kineticloop-kl028-boundary-afca6c0-5b88c45d9ce0_default nid=1c39bb94b8e1 spanID=10720e97d644b23b traceID=e6d4eb1169918f7ba326d4ea9644a292
time="2026-10-02T22:04:30.302506253Z" level=info msg="shim disconnected" id=eaacf4c8c2121843f56a1234d346db7158ac964493f9066c1d379da44b82df04 namespace=moby
time="2026-10-02T22:04:30.302529294Z" level=info msg="cleaning up after shim disconnected" id=eaacf4c8c2121843f56a1234d346db7158ac964493f9066c1d379da44b82df04 namespace=moby
time="2026-10-02T22:04:30.302548378Z" level=info msg="cleaning up dead shim" id=eaacf4c8c2121843f56a1234d346db7158ac964493f9066c1d379da44b82df04 namespace=moby
time="2026-10-02T22:04:30.302538169Z" level=info msg="ignoring event" container=eaacf4c8c2121843f56a1234d346db7158ac964493f9066c1d379da44b82df04 module=libcontainerd namespace=moby topic=/tasks/delete type="*events.TaskDelete"
time="2026-10-02T22:04:30.726265794Z" level=info msg="connecting to shim bf4adf42455507d336e2b71bb751c8873b8598a7c41a8574cd203300f60a7132" address="unix:///run/containerd/s/c30465b5a1a9310770f06893f8a4087276308c06e6267531f4221f29dc99f5b4" namespace=moby protocol=ttrpc version=3
time="2026-10-02T22:04:30.757815753Z" level=error msg="failed to enable controllers ([cpuset cpu io memory hugetlb pids rdma])" error="failed to write subtree controllers [cpuset cpu io memory hugetlb pids rdma] to \"/sys/fs/cgroup/docker/cgroup.subtree_control\": write /sys/fs/cgroup/docker/cgroup.subtree_control: no such file or directory" runtime=io.containerd.runc.v2
time="2026-10-02T22:04:30.757960378Z" level=warning msg="error from *cgroupsv2.Manager.EventChan" error="failed to add inotify watch for \"/sys/fs/cgroup/docker/bf4adf42455507d336e2b71bb751c8873b8598a7c41a8574cd203300f60a7132/memory.events\": no such file or directory"
time="2026-10-02T22:04:30.770145128Z" level=info msg="sbJoin: gwep4 ''->'a718789e1a51', gwep6 ''->''" eid=a718789e1a51 ep=kineticloop-kl028-boundary-afca6c0-5b88c45d9ce0-postgres-1 net=kineticloop-kl028-boundary-afca6c0-5b88c45d9ce0_default nid=035400f2a868 spanID=22a4db5ba8a626e6 traceID=8c42c932e57034f136165e7d4f75b922
time="2026-10-02T22:04:34.306773796Z" level=info msg="shim disconnected" id=bf4adf42455507d336e2b71bb751c8873b8598a7c41a8574cd203300f60a7132 namespace=moby
time="2026-10-02T22:04:34.306809588Z" level=info msg="cleaning up after shim disconnected" id=bf4adf42455507d336e2b71bb751c8873b8598a7c41a8574cd203300f60a7132 namespace=moby
time="2026-10-02T22:04:34.306814255Z" level=info msg="ignoring event" container=bf4adf42455507d336e2b71bb751c8873b8598a7c41a8574cd203300f60a7132 module=libcontainerd namespace=moby topic=/tasks/delete type="*events.TaskDelete"
time="2026-10-02T22:04:34.306836588Z" level=info msg="cleaning up dead shim" id=bf4adf42455507d336e2b71bb751c8873b8598a7c41a8574cd203300f60a7132 namespace=moby
time="2026-10-02T22:04:34.737098796Z" level=info msg="connecting to shim a31d035f30c0438990cc67872a2fa611316e4ca0282e7d06c183638dd94a60c3" address="unix:///run/containerd/s/7c7e943122eb58ca10505763fff8a3badaa1f78e290f5d23e8221a00be78d451" namespace=moby protocol=ttrpc version=3
time="2026-10-02T22:04:34.767925505Z" level=error msg="failed to enable controllers ([cpuset cpu io memory hugetlb pids rdma])" error="failed to write subtree controllers [cpuset cpu io memory hugetlb pids rdma] to \"/sys/fs/cgroup/docker/cgroup.subtree_control\": write /sys/fs/cgroup/docker/cgroup.subtree_control: no such file or directory" runtime=io.containerd.runc.v2
time="2026-10-02T22:04:34.768114213Z" level=warning msg="error from *cgroupsv2.Manager.EventChan" error="failed to add inotify watch for \"/sys/fs/cgroup/docker/a31d035f30c0438990cc67872a2fa611316e4ca0282e7d06c183638dd94a60c3/memory.events\": no such file or directory"
time="2026-10-02T22:04:34.778067421Z" level=info msg="sbJoin: gwep4 ''->'d3f679346d7b', gwep6 ''->''" eid=d3f679346d7b ep=kineticloop-kl028-boundary-afca6c0-5b88c45d9ce0-postgres-1 net=kineticloop-kl028-boundary-afca6c0-5b88c45d9ce0_default nid=8d373b918b1e spanID=98df555be2f89b26 traceID=e6751f7ac2e270df49dc2c01c09f5aad
time="2026-10-02T22:04:38.197531715Z" level=info msg="shim disconnected" id=a31d035f30c0438990cc67872a2fa611316e4ca0282e7d06c183638dd94a60c3 namespace=moby
time="2026-10-02T22:04:38.197561173Z" level=info msg="cleaning up after shim disconnected" id=a31d035f30c0438990cc67872a2fa611316e4ca0282e7d06c183638dd94a60c3 namespace=moby
time="2026-10-02T22:04:38.197583340Z" level=info msg="cleaning up dead shim" id=a31d035f30c0438990cc67872a2fa611316e4ca0282e7d06c183638dd94a60c3 namespace=moby
time="2026-10-02T22:04:38.197581298Z" level=info msg="ignoring event" container=a31d035f30c0438990cc67872a2fa611316e4ca0282e7d06c183638dd94a60c3 module=libcontainerd namespace=moby topic=/tasks/delete type="*events.TaskDelete"
time="2026-10-02T22:04:38.611527382Z" level=info msg="connecting to shim f88daffa96cb3829c16c1870a93f6da1d6c5a348c503de803470d10e3e84ca11" address="unix:///run/containerd/s/823c1602b3edd7d9d6d8e831b493f1f46e0e008c7876cfb92cb32edb8cb78c78" namespace=moby protocol=ttrpc version=3
time="2026-10-02T22:04:38.638518715Z" level=error msg="failed to enable controllers ([cpuset cpu io memory hugetlb pids rdma])" error="failed to write subtree controllers [cpuset cpu io memory hugetlb pids rdma] to \"/sys/fs/cgroup/docker/cgroup.subtree_control\": write /sys/fs/cgroup/docker/cgroup.subtree_control: no such file or directory" runtime=io.containerd.runc.v2
time="2026-10-02T22:04:38.638774173Z" level=warning msg="error from *cgroupsv2.Manager.EventChan" error="failed to add inotify watch for \"/sys/fs/cgroup/docker/f88daffa96cb3829c16c1870a93f6da1d6c5a348c503de803470d10e3e84ca11/memory.events\": no such file or directory"
time="2026-10-02T22:04:38.648718465Z" level=info msg="sbJoin: gwep4 ''->'663f8bbeb09b', gwep6 ''->''" eid=663f8bbeb09b ep=kineticloop-kl028-boundary-afca6c0-5b88c45d9ce0-postgres-1 net=kineticloop-kl028-boundary-afca6c0-5b88c45d9ce0_default nid=d1fcd2967fbb spanID=bf5e1e0bdde5ee49 traceID=c032bb31ce4ddcb4429beab785cddefe
time="2026-10-02T22:04:42.052189050Z" level=info msg="shim disconnected" id=f88daffa96cb3829c16c1870a93f6da1d6c5a348c503de803470d10e3e84ca11 namespace=moby
time="2026-10-02T22:04:42.052213675Z" level=info msg="cleaning up after shim disconnected" id=f88daffa96cb3829c16c1870a93f6da1d6c5a348c503de803470d10e3e84ca11 namespace=moby
time="2026-10-02T22:04:42.052232925Z" level=info msg="cleaning up dead shim" id=f88daffa96cb3829c16c1870a93f6da1d6c5a348c503de803470d10e3e84ca11 namespace=moby
time="2026-10-02T22:04:42.052237050Z" level=info msg="ignoring event" container=f88daffa96cb3829c16c1870a93f6da1d6c5a348c503de803470d10e3e84ca11 module=libcontainerd namespace=moby topic=/tasks/delete type="*events.TaskDelete"
time="2026-10-02T22:04:42.449334008Z" level=info msg="connecting to shim 9b13a38b93577baadb502b0472837a8337ab7cf3c7226c792b7b8862598d56c3" address="unix:///run/containerd/s/10011699eb4c31854152d385dd45f8e49bb7075b6094e79f4df46cdb091f96d7" namespace=moby protocol=ttrpc version=3
time="2026-10-02T22:04:42.477125342Z" level=error msg="failed to enable controllers ([cpuset cpu io memory hugetlb pids rdma])" error="failed to write subtree controllers [cpuset cpu io memory hugetlb pids rdma] to \"/sys/fs/cgroup/docker/cgroup.subtree_control\": write /sys/fs/cgroup/docker/cgroup.subtree_control: no such file or directory" runtime=io.containerd.runc.v2
time="2026-10-02T22:04:42.477251508Z" level=warning msg="error from *cgroupsv2.Manager.EventChan" error="failed to add inotify watch for \"/sys/fs/cgroup/docker/9b13a38b93577baadb502b0472837a8337ab7cf3c7226c792b7b8862598d56c3/memory.events\": no such file or directory"
time="2026-10-02T22:04:42.486714800Z" level=info msg="sbJoin: gwep4 ''->'275b66a6b525', gwep6 ''->''" eid=275b66a6b525 ep=kineticloop-kl028-boundary-afca6c0-5b88c45d9ce0-postgres-1 net=kineticloop-kl028-boundary-afca6c0-5b88c45d9ce0_default nid=8ea3ccca143b spanID=48abd594317b7dd1 traceID=b099d6cbed783db068299f2c9e2a778e
time="2026-10-02T22:04:46.097228760Z" level=info msg="shim disconnected" id=9b13a38b93577baadb502b0472837a8337ab7cf3c7226c792b7b8862598d56c3 namespace=moby
time="2026-10-02T22:04:46.097352677Z" level=info msg="cleaning up after shim disconnected" id=9b13a38b93577baadb502b0472837a8337ab7cf3c7226c792b7b8862598d56c3 namespace=moby
time="2026-10-02T22:04:46.097420177Z" level=info msg="cleaning up dead shim" id=9b13a38b93577baadb502b0472837a8337ab7cf3c7226c792b7b8862598d56c3 namespace=moby
time="2026-10-02T22:04:46.097502468Z" level=info msg="ignoring event" container=9b13a38b93577baadb502b0472837a8337ab7cf3c7226c792b7b8862598d56c3 module=libcontainerd namespace=moby topic=/tasks/delete type="*events.TaskDelete"
time="2026-10-02T22:04:46.504828969Z" level=info msg="connecting to shim a9c79c70de63a2d96aa0cc0f16d69edd9d81fc46da718237d8252b2d23a68f77" address="unix:///run/containerd/s/11f8d3824864956395942aaeb28ea242ccc7a8574fd80d1c33d35ea583c21dfb" namespace=moby protocol=ttrpc version=3
time="2026-10-02T22:04:46.533374635Z" level=error msg="failed to enable controllers ([cpuset cpu io memory hugetlb pids rdma])" error="failed to write subtree controllers [cpuset cpu io memory hugetlb pids rdma] to \"/sys/fs/cgroup/docker/cgroup.subtree_control\": write /sys/fs/cgroup/docker/cgroup.subtree_control: no such file or directory" runtime=io.containerd.runc.v2
time="2026-10-02T22:04:46.533474052Z" level=warning msg="error from *cgroupsv2.Manager.EventChan" error="failed to add inotify watch for \"/sys/fs/cgroup/docker/a9c79c70de63a2d96aa0cc0f16d69edd9d81fc46da718237d8252b2d23a68f77/memory.events\": no such file or directory"
time="2026-10-02T22:04:46.543520760Z" level=info msg="sbJoin: gwep4 ''->'b752fd1d8e90', gwep6 ''->''" eid=b752fd1d8e90 ep=kineticloop-kl028-boundary-afca6c0-5b88c45d9ce0-postgres-1 net=kineticloop-kl028-boundary-afca6c0-5b88c45d9ce0_default nid=6f3acae2596e spanID=ed7678dd61aef057 traceID=267e6f219d8178338589783cc01997da
time="2026-10-02T22:04:49.867383595Z" level=info msg="shim disconnected" id=a9c79c70de63a2d96aa0cc0f16d69edd9d81fc46da718237d8252b2d23a68f77 namespace=moby
time="2026-10-02T22:04:49.867410720Z" level=info msg="cleaning up after shim disconnected" id=a9c79c70de63a2d96aa0cc0f16d69edd9d81fc46da718237d8252b2d23a68f77 namespace=moby
time="2026-10-02T22:04:49.867429762Z" level=info msg="cleaning up dead shim" id=a9c79c70de63a2d96aa0cc0f16d69edd9d81fc46da718237d8252b2d23a68f77 namespace=moby
time="2026-10-02T22:04:49.867586470Z" level=info msg="ignoring event" container=a9c79c70de63a2d96aa0cc0f16d69edd9d81fc46da718237d8252b2d23a68f77 module=libcontainerd namespace=moby topic=/tasks/delete type="*events.TaskDelete"
time="2026-10-02T22:04:50.289778887Z" level=info msg="connecting to shim 6a94ce987ff520c1d6781835b6fbe2ccbcc4aa1661b5c87b049cdc2864550d7c" address="unix:///run/containerd/s/ea7f0ee0367bcec1754676a0064b57aaeff809dea9deb58927020609e47e4a3b" namespace=moby protocol=ttrpc version=3
time="2026-10-02T22:04:50.320120679Z" level=error msg="failed to enable controllers ([cpuset cpu io memory hugetlb pids rdma])" error="failed to write subtree controllers [cpuset cpu io memory hugetlb pids rdma] to \"/sys/fs/cgroup/docker/cgroup.subtree_control\": write /sys/fs/cgroup/docker/cgroup.subtree_control: no such file or directory" runtime=io.containerd.runc.v2
time="2026-10-02T22:04:50.320239679Z" level=warning msg="error from *cgroupsv2.Manager.EventChan" error="failed to add inotify watch for \"/sys/fs/cgroup/docker/6a94ce987ff520c1d6781835b6fbe2ccbcc4aa1661b5c87b049cdc2864550d7c/memory.events\": no such file or directory"
time="2026-10-02T22:04:50.330043804Z" level=info msg="sbJoin: gwep4 ''->'7b3b965f38cb', gwep6 ''->''" eid=7b3b965f38cb ep=kineticloop-kl028-boundary-afca6c0-5b88c45d9ce0-postgres-1 net=kineticloop-kl028-boundary-afca6c0-5b88c45d9ce0_default nid=8482af81c357 spanID=70f80c512a1d6440 traceID=c7426f0a0880473cd789450d2c930cc0
time="2026-10-02T22:04:53.625113055Z" level=info msg="shim disconnected" id=6a94ce987ff520c1d6781835b6fbe2ccbcc4aa1661b5c87b049cdc2864550d7c namespace=moby
time="2026-10-02T22:04:53.625134722Z" level=info msg="cleaning up after shim disconnected" id=6a94ce987ff520c1d6781835b6fbe2ccbcc4aa1661b5c87b049cdc2864550d7c namespace=moby
time="2026-10-02T22:04:53.625149805Z" level=info msg="cleaning up dead shim" id=6a94ce987ff520c1d6781835b6fbe2ccbcc4aa1661b5c87b049cdc2864550d7c namespace=moby
time="2026-10-02T22:04:53.625145847Z" level=info msg="ignoring event" container=6a94ce987ff520c1d6781835b6fbe2ccbcc4aa1661b5c87b049cdc2864550d7c module=libcontainerd namespace=moby topic=/tasks/delete type="*events.TaskDelete"
time="2026-10-02T22:04:54.051185166Z" level=info msg="connecting to shim f371c1f7b87236febcbfc522a71522da2d6d854cabb9eae566b17dde02adda82" address="unix:///run/containerd/s/b5bd482eb1d177b9300a07f0cb9e34a58b3964b9cea68be7387118c52b39bfe1" namespace=moby protocol=ttrpc version=3
time="2026-10-02T22:04:54.076609583Z" level=error msg="failed to enable controllers ([cpuset cpu io memory hugetlb pids rdma])" error="failed to write subtree controllers [cpuset cpu io memory hugetlb pids rdma] to \"/sys/fs/cgroup/docker/cgroup.subtree_control\": write /sys/fs/cgroup/docker/cgroup.subtree_control: no such file or directory" runtime=io.containerd.runc.v2
time="2026-10-02T22:04:54.077027875Z" level=warning msg="error from *cgroupsv2.Manager.EventChan" error="failed to add inotify watch for \"/sys/fs/cgroup/docker/f371c1f7b87236febcbfc522a71522da2d6d854cabb9eae566b17dde02adda82/memory.events\": no such file or directory"
time="2026-10-02T22:04:54.086431750Z" level=info msg="sbJoin: gwep4 ''->'b98b3ae3f291', gwep6 ''->''" eid=b98b3ae3f291 ep=kineticloop-kl028-boundary-afca6c0-5b88c45d9ce0-postgres-1 net=kineticloop-kl028-boundary-afca6c0-5b88c45d9ce0_default nid=d20029ad059c spanID=1e3020f087a9cac2 traceID=fe95c1f819d9c98321785e3703f5f0a0
time="2026-10-02T22:04:57.488124251Z" level=info msg="shim disconnected" id=f371c1f7b87236febcbfc522a71522da2d6d854cabb9eae566b17dde02adda82 namespace=moby
time="2026-10-02T22:04:57.488165460Z" level=info msg="ignoring event" container=f371c1f7b87236febcbfc522a71522da2d6d854cabb9eae566b17dde02adda82 module=libcontainerd namespace=moby topic=/tasks/delete type="*events.TaskDelete"
time="2026-10-02T22:04:57.488221585Z" level=info msg="cleaning up after shim disconnected" id=f371c1f7b87236febcbfc522a71522da2d6d854cabb9eae566b17dde02adda82 namespace=moby
time="2026-10-02T22:04:57.488284835Z" level=info msg="cleaning up dead shim" id=f371c1f7b87236febcbfc522a71522da2d6d854cabb9eae566b17dde02adda82 namespace=moby
time="2026-10-02T22:04:57.908287085Z" level=info msg="connecting to shim efd504c6966a8c6fa136f168dcd9c99beecf18094d16227b19091f3f88da15b5" address="unix:///run/containerd/s/64213c2166c37a39deb07b68cc8447722cbc25ff8a28b11985ea7faf3c4df0e5" namespace=moby protocol=ttrpc version=3
time="2026-10-02T22:04:57.933970876Z" level=error msg="failed to enable controllers ([cpuset cpu io memory hugetlb pids rdma])" error="failed to write subtree controllers [cpuset cpu io memory hugetlb pids rdma] to \"/sys/fs/cgroup/docker/cgroup.subtree_control\": write /sys/fs/cgroup/docker/cgroup.subtree_control: no such file or directory" runtime=io.containerd.runc.v2
time="2026-10-02T22:04:57.934178460Z" level=warning msg="error from *cgroupsv2.Manager.EventChan" error="failed to add inotify watch for \"/sys/fs/cgroup/docker/efd504c6966a8c6fa136f168dcd9c99beecf18094d16227b19091f3f88da15b5/memory.events\": no such file or directory"
time="2026-10-02T22:04:57.944133251Z" level=info msg="sbJoin: gwep4 ''->'f4da30b17b8a', gwep6 ''->''" eid=f4da30b17b8a ep=kineticloop-kl028-boundary-afca6c0-5b88c45d9ce0-postgres-1 net=kineticloop-kl028-boundary-afca6c0-5b88c45d9ce0_default nid=6638bb050361 spanID=0c6148fe3821ebc3 traceID=209ad1f6acad79599e2d588da9b3c955
time="2026-10-02T22:05:01.324698545Z" level=info msg="shim disconnected" id=efd504c6966a8c6fa136f168dcd9c99beecf18094d16227b19091f3f88da15b5 namespace=moby
time="2026-10-02T22:05:01.324720253Z" level=info msg="cleaning up after shim disconnected" id=efd504c6966a8c6fa136f168dcd9c99beecf18094d16227b19091f3f88da15b5 namespace=moby
time="2026-10-02T22:05:01.324733961Z" level=info msg="cleaning up dead shim" id=efd504c6966a8c6fa136f168dcd9c99beecf18094d16227b19091f3f88da15b5 namespace=moby
time="2026-10-02T22:05:01.324848920Z" level=info msg="ignoring event" container=efd504c6966a8c6fa136f168dcd9c99beecf18094d16227b19091f3f88da15b5 module=libcontainerd namespace=moby topic=/tasks/delete type="*events.TaskDelete"
time="2026-10-02T22:05:01.755633878Z" level=info msg="connecting to shim 94f8112ee478b8dce8c278dd766601b63c14d531bf73f2d236249224dba471b4" address="unix:///run/containerd/s/9f15ae0eec0ae5574d7f63ee3fe031a2edb589350fb246f8a3c295e6b9e8a50c" namespace=moby protocol=ttrpc version=3
time="2026-10-02T22:05:01.785096420Z" level=error msg="failed to enable controllers ([cpuset cpu io memory hugetlb pids rdma])" error="failed to write subtree controllers [cpuset cpu io memory hugetlb pids rdma] to \"/sys/fs/cgroup/docker/cgroup.subtree_control\": write /sys/fs/cgroup/docker/cgroup.subtree_control: no such file or directory" runtime=io.containerd.runc.v2
time="2026-10-02T22:05:01.785193878Z" level=warning msg="error from *cgroupsv2.Manager.EventChan" error="failed to add inotify watch for \"/sys/fs/cgroup/docker/94f8112ee478b8dce8c278dd766601b63c14d531bf73f2d236249224dba471b4/memory.events\": no such file or directory"
time="2026-10-02T22:05:01.794762212Z" level=info msg="sbJoin: gwep4 ''->'7317506e5478', gwep6 ''->''" eid=7317506e5478 ep=kineticloop-kl028-boundary-afca6c0-5b88c45d9ce0-postgres-1 net=kineticloop-kl028-boundary-afca6c0-5b88c45d9ce0_default nid=2ca0923e4ab0 spanID=1a92dfe6e2456e28 traceID=50fddddae5f063cf55af9038c6468692
time="2026-10-02T22:05:05.431004880Z" level=info msg="ignoring event" container=94f8112ee478b8dce8c278dd766601b63c14d531bf73f2d236249224dba471b4 module=libcontainerd namespace=moby topic=/tasks/delete type="*events.TaskDelete"
time="2026-10-02T22:05:05.431166880Z" level=info msg="shim disconnected" id=94f8112ee478b8dce8c278dd766601b63c14d531bf73f2d236249224dba471b4 namespace=moby
time="2026-10-02T22:05:05.431222505Z" level=info msg="cleaning up after shim disconnected" id=94f8112ee478b8dce8c278dd766601b63c14d531bf73f2d236249224dba471b4 namespace=moby
time="2026-10-02T22:05:05.431259838Z" level=info msg="cleaning up dead shim" id=94f8112ee478b8dce8c278dd766601b63c14d531bf73f2d236249224dba471b4 namespace=moby
time="2026-10-02T22:05:05.872098047Z" level=info msg="connecting to shim 31f99d6db5710078533a7608bade5b5790f36024af5b46f95e1c4c30dda6ab6a" address="unix:///run/containerd/s/ed74049ddd5fcf73d02c6538b3f8a83e3e9aad0ca3f33384d3ebbac0923f8860" namespace=moby protocol=ttrpc version=3
time="2026-10-02T22:05:05.899578630Z" level=error msg="failed to enable controllers ([cpuset cpu io memory hugetlb pids rdma])" error="failed to write subtree controllers [cpuset cpu io memory hugetlb pids rdma] to \"/sys/fs/cgroup/docker/cgroup.subtree_control\": write /sys/fs/cgroup/docker/cgroup.subtree_control: no such file or directory" runtime=io.containerd.runc.v2
time="2026-10-02T22:05:05.899861255Z" level=warning msg="error from *cgroupsv2.Manager.EventChan" error="failed to add inotify watch for \"/sys/fs/cgroup/docker/31f99d6db5710078533a7608bade5b5790f36024af5b46f95e1c4c30dda6ab6a/memory.events\": no such file or directory"
time="2026-10-02T22:05:05.909409755Z" level=info msg="sbJoin: gwep4 ''->'1c5c9d281131', gwep6 ''->''" eid=1c5c9d281131 ep=kineticloop-kl028-boundary-afca6c0-5b88c45d9ce0-postgres-1 net=kineticloop-kl028-boundary-afca6c0-5b88c45d9ce0_default nid=1b8ea33d7cd7 spanID=57f3b79879e7b8c9 traceID=6f117d2dba7d8117276b134e03128c6f
time="2026-10-02T22:05:09.190260215Z" level=info msg="shim disconnected" id=31f99d6db5710078533a7608bade5b5790f36024af5b46f95e1c4c30dda6ab6a namespace=moby
time="2026-10-02T22:05:09.190280840Z" level=info msg="cleaning up after shim disconnected" id=31f99d6db5710078533a7608bade5b5790f36024af5b46f95e1c4c30dda6ab6a namespace=moby
time="2026-10-02T22:05:09.190297965Z" level=info msg="cleaning up dead shim" id=31f99d6db5710078533a7608bade5b5790f36024af5b46f95e1c4c30dda6ab6a namespace=moby
time="2026-10-02T22:05:09.190317549Z" level=info msg="ignoring event" container=31f99d6db5710078533a7608bade5b5790f36024af5b46f95e1c4c30dda6ab6a module=libcontainerd namespace=moby topic=/tasks/delete type="*events.TaskDelete"
time="2026-10-02T22:05:09.603809215Z" level=info msg="connecting to shim 97f82e12bd03477e0c45f76e71802b9c03d63d75ada6fa62ec218293330cb6d9" address="unix:///run/containerd/s/9bb82cb0c936215770ab18eb927eb8d7a46682ba4d3dab998ca686b8b16810b3" namespace=moby protocol=ttrpc version=3
time="2026-10-02T22:05:09.627015382Z" level=error msg="failed to enable controllers ([cpuset cpu io memory hugetlb pids rdma])" error="failed to write subtree controllers [cpuset cpu io memory hugetlb pids rdma] to \"/sys/fs/cgroup/docker/cgroup.subtree_control\": write /sys/fs/cgroup/docker/cgroup.subtree_control: no such file or directory" runtime=io.containerd.runc.v2
time="2026-10-02T22:05:09.627107590Z" level=warning msg="error from *cgroupsv2.Manager.EventChan" error="failed to add inotify watch for \"/sys/fs/cgroup/docker/97f82e12bd03477e0c45f76e71802b9c03d63d75ada6fa62ec218293330cb6d9/memory.events\": no such file or directory"
time="2026-10-02T22:05:09.635871132Z" level=info msg="sbJoin: gwep4 ''->'f8d5af842984', gwep6 ''->''" eid=f8d5af842984 ep=kineticloop-kl028-boundary-afca6c0-5b88c45d9ce0-postgres-1 net=kineticloop-kl028-boundary-afca6c0-5b88c45d9ce0_default nid=ab59e6aaf96b spanID=50ae5925774d3e38 traceID=5d64ea9d6fec19b8377463924baaa795
time="2026-10-02T22:05:12.632424467Z" level=info msg="ignoring event" container=97f82e12bd03477e0c45f76e71802b9c03d63d75ada6fa62ec218293330cb6d9 module=libcontainerd namespace=moby topic=/tasks/delete type="*events.TaskDelete"
time="2026-10-02T22:05:12.632526050Z" level=info msg="shim disconnected" id=97f82e12bd03477e0c45f76e71802b9c03d63d75ada6fa62ec218293330cb6d9 namespace=moby
time="2026-10-02T22:05:12.632731092Z" level=info msg="cleaning up after shim disconnected" id=97f82e12bd03477e0c45f76e71802b9c03d63d75ada6fa62ec218293330cb6d9 namespace=moby
time="2026-10-02T22:05:12.632770633Z" level=info msg="cleaning up dead shim" id=97f82e12bd03477e0c45f76e71802b9c03d63d75ada6fa62ec218293330cb6d9 namespace=moby
time="2026-10-02T22:05:13.029314050Z" level=info msg="connecting to shim 04974038733f8fd859cc81d164396d7772d96d72fac1b034c9ecb24c614a0596" address="unix:///run/containerd/s/aa16d12f05f8612b4e4a02b5b390a6c89740a7cee3cc674ce17567555ef3ba01" namespace=moby protocol=ttrpc version=3
time="2026-10-02T22:05:13.055112800Z" level=error msg="failed to enable controllers ([cpuset cpu io memory hugetlb pids rdma])" error="failed to write subtree controllers [cpuset cpu io memory hugetlb pids rdma] to \"/sys/fs/cgroup/docker/cgroup.subtree_control\": write /sys/fs/cgroup/docker/cgroup.subtree_control: no such file or directory" runtime=io.containerd.runc.v2
time="2026-10-02T22:05:13.055199925Z" level=warning msg="error from *cgroupsv2.Manager.EventChan" error="failed to add inotify watch for \"/sys/fs/cgroup/docker/04974038733f8fd859cc81d164396d7772d96d72fac1b034c9ecb24c614a0596/memory.events\": no such file or directory"
time="2026-10-02T22:05:13.063546967Z" level=info msg="sbJoin: gwep4 ''->'e8874b12897f', gwep6 ''->''" eid=e8874b12897f ep=kineticloop-kl028-boundary-afca6c0-5b88c45d9ce0-postgres-1 net=kineticloop-kl028-boundary-afca6c0-5b88c45d9ce0_default nid=904a0e1227b4 spanID=6a1596cb9843712e traceID=56ffa08e55e07e6073d6baa21fcaebb8
time="2026-10-02T22:05:15.493327677Z" level=info msg="shim disconnected" id=04974038733f8fd859cc81d164396d7772d96d72fac1b034c9ecb24c614a0596 namespace=moby
time="2026-10-02T22:05:15.493391135Z" level=info msg="cleaning up after shim disconnected" id=04974038733f8fd859cc81d164396d7772d96d72fac1b034c9ecb24c614a0596 namespace=moby
time="2026-10-02T22:05:15.493408510Z" level=info msg="cleaning up dead shim" id=04974038733f8fd859cc81d164396d7772d96d72fac1b034c9ecb24c614a0596 namespace=moby
time="2026-10-02T22:05:15.493496552Z" level=info msg="ignoring event" container=04974038733f8fd859cc81d164396d7772d96d72fac1b034c9ecb24c614a0596 module=libcontainerd namespace=moby topic=/tasks/delete type="*events.TaskDelete"
time="2026-10-02T22:05:15.846707302Z" level=info msg="connecting to shim 6723e05d45d3f90ab74d4d34e1e84f8a0583bf720a6ca5fc0c31040ca3b50500" address="unix:///run/containerd/s/c9d9673bd826e2e7a89529990651192003564362ec0dc88b6fe212de09ec0cb2" namespace=moby protocol=ttrpc version=3
time="2026-10-02T22:05:15.876263510Z" level=error msg="failed to enable controllers ([cpuset cpu io memory hugetlb pids rdma])" error="failed to write subtree controllers [cpuset cpu io memory hugetlb pids rdma] to \"/sys/fs/cgroup/docker/cgroup.subtree_control\": write /sys/fs/cgroup/docker/cgroup.subtree_control: no such file or directory" runtime=io.containerd.runc.v2
time="2026-10-02T22:05:15.876376802Z" level=warning msg="error from *cgroupsv2.Manager.EventChan" error="failed to add inotify watch for \"/sys/fs/cgroup/docker/6723e05d45d3f90ab74d4d34e1e84f8a0583bf720a6ca5fc0c31040ca3b50500/memory.events\": no such file or directory"
time="2026-10-02T22:05:15.885811635Z" level=info msg="sbJoin: gwep4 ''->'6dafff919b13', gwep6 ''->''" eid=6dafff919b13 ep=kineticloop-kl028-boundary-afca6c0-5b88c45d9ce0-postgres-1 net=kineticloop-kl028-boundary-afca6c0-5b88c45d9ce0_default nid=94b53d4b9a72 spanID=182ae0137a03793d traceID=95d23371675d45efa27f2b5aad02401f
time="2026-10-02T22:05:18.225952886Z" level=info msg="shim disconnected" id=6723e05d45d3f90ab74d4d34e1e84f8a0583bf720a6ca5fc0c31040ca3b50500 namespace=moby
time="2026-10-02T22:05:18.225970678Z" level=info msg="cleaning up after shim disconnected" id=6723e05d45d3f90ab74d4d34e1e84f8a0583bf720a6ca5fc0c31040ca3b50500 namespace=moby
time="2026-10-02T22:05:18.225986386Z" level=info msg="cleaning up dead shim" id=6723e05d45d3f90ab74d4d34e1e84f8a0583bf720a6ca5fc0c31040ca3b50500 namespace=moby
time="2026-10-02T22:05:18.226169261Z" level=info msg="ignoring event" container=6723e05d45d3f90ab74d4d34e1e84f8a0583bf720a6ca5fc0c31040ca3b50500 module=libcontainerd namespace=moby topic=/tasks/delete type="*events.TaskDelete"
time="2026-10-02T22:05:18.591781011Z" level=info msg="connecting to shim 189c645da67e76d3b68e4bf44be02f28ffb5a36a37910abfa44e3e82c94f6d4f" address="unix:///run/containerd/s/8fb70aa490d361e98a24fe502249a6e68a65fa6e4056d9fdc5a05dfba9fafd95" namespace=moby protocol=ttrpc version=3
time="2026-10-02T22:05:18.616795886Z" level=error msg="failed to enable controllers ([cpuset cpu io memory hugetlb pids rdma])" error="failed to write subtree controllers [cpuset cpu io memory hugetlb pids rdma] to \"/sys/fs/cgroup/docker/cgroup.subtree_control\": write /sys/fs/cgroup/docker/cgroup.subtree_control: no such file or directory" runtime=io.containerd.runc.v2
time="2026-10-02T22:05:18.616898678Z" level=warning msg="error from *cgroupsv2.Manager.EventChan" error="failed to add inotify watch for \"/sys/fs/cgroup/docker/189c645da67e76d3b68e4bf44be02f28ffb5a36a37910abfa44e3e82c94f6d4f/memory.events\": no such file or directory"
time="2026-10-02T22:05:18.624806761Z" level=info msg="sbJoin: gwep4 ''->'ce1ea033f57d', gwep6 ''->''" eid=ce1ea033f57d ep=kineticloop-kl028-boundary-afca6c0-5b88c45d9ce0-postgres-1 net=kineticloop-kl028-boundary-afca6c0-5b88c45d9ce0_default nid=5ce3aa6a7198 spanID=3e53523fdcf976f8 traceID=91ff440d401aedc42a876f8f2a1a86d9
time="2026-10-02T22:05:20.868636012Z" level=info msg="shim disconnected" id=189c645da67e76d3b68e4bf44be02f28ffb5a36a37910abfa44e3e82c94f6d4f namespace=moby
time="2026-10-02T22:05:20.868661721Z" level=info msg="cleaning up after shim disconnected" id=189c645da67e76d3b68e4bf44be02f28ffb5a36a37910abfa44e3e82c94f6d4f namespace=moby
time="2026-10-02T22:05:20.868676179Z" level=info msg="cleaning up dead shim" id=189c645da67e76d3b68e4bf44be02f28ffb5a36a37910abfa44e3e82c94f6d4f namespace=moby
time="2026-10-02T22:05:20.868896346Z" level=info msg="ignoring event" container=189c645da67e76d3b68e4bf44be02f28ffb5a36a37910abfa44e3e82c94f6d4f module=libcontainerd namespace=moby topic=/tasks/delete type="*events.TaskDelete"
time="2026-10-02T22:05:21.244403804Z" level=info msg="connecting to shim 61ca58929ef3f3cba2b3791244146c3390753b11498744b253a8c55180a90430" address="unix:///run/containerd/s/ef92624a6c3eefc692f23920948c1c5dab4a27130811213647a1d45b2ea43933" namespace=moby protocol=ttrpc version=3
time="2026-10-02T22:05:21.267485054Z" level=error msg="failed to enable controllers ([cpuset cpu io memory hugetlb pids rdma])" error="failed to write subtree controllers [cpuset cpu io memory hugetlb pids rdma] to \"/sys/fs/cgroup/docker/cgroup.subtree_control\": write /sys/fs/cgroup/docker/cgroup.subtree_control: no such file or directory" runtime=io.containerd.runc.v2
time="2026-10-02T22:05:21.268057429Z" level=warning msg="error from *cgroupsv2.Manager.EventChan" error="failed to add inotify watch for \"/sys/fs/cgroup/docker/61ca58929ef3f3cba2b3791244146c3390753b11498744b253a8c55180a90430/memory.events\": no such file or directory"
time="2026-10-02T22:05:21.276241638Z" level=info msg="sbJoin: gwep4 ''->'a9dc5e54a015', gwep6 ''->''" eid=a9dc5e54a015 ep=kineticloop-kl028-boundary-afca6c0-5b88c45d9ce0-postgres-1 net=kineticloop-kl028-boundary-afca6c0-5b88c45d9ce0_default nid=4545d8fec441 spanID=02a9aa357238a643 traceID=c14b850dcbcf66850ed206ed5f216f77
time="2026-10-02T22:05:23.710451180Z" level=info msg="ignoring event" container=61ca58929ef3f3cba2b3791244146c3390753b11498744b253a8c55180a90430 module=libcontainerd namespace=moby topic=/tasks/delete type="*events.TaskDelete"
time="2026-10-02T22:05:23.710444305Z" level=info msg="shim disconnected" id=61ca58929ef3f3cba2b3791244146c3390753b11498744b253a8c55180a90430 namespace=moby
time="2026-10-02T22:05:23.710595472Z" level=info msg="cleaning up after shim disconnected" id=61ca58929ef3f3cba2b3791244146c3390753b11498744b253a8c55180a90430 namespace=moby
time="2026-10-02T22:05:23.710625764Z" level=info msg="cleaning up dead shim" id=61ca58929ef3f3cba2b3791244146c3390753b11498744b253a8c55180a90430 namespace=moby
time="2026-10-02T22:05:24.093348500Z" level=info msg="connecting to shim 01a19923c9ccb841b1e6ad808f107c4cec4128dcacd9343bc851e60a80dcab2c" address="unix:///run/containerd/s/2d4dedcafb189f91f183ce919c70fc5bd63e7f20f813d8fc4b0501af7f453f94" namespace=moby protocol=ttrpc version=3
time="2026-10-02T22:05:24.121592458Z" level=error msg="failed to enable controllers ([cpuset cpu io memory hugetlb pids rdma])" error="failed to write subtree controllers [cpuset cpu io memory hugetlb pids rdma] to \"/sys/fs/cgroup/docker/cgroup.subtree_control\": write /sys/fs/cgroup/docker/cgroup.subtree_control: no such file or directory" runtime=io.containerd.runc.v2
time="2026-10-02T22:05:24.121712291Z" level=warning msg="error from *cgroupsv2.Manager.EventChan" error="failed to add inotify watch for \"/sys/fs/cgroup/docker/01a19923c9ccb841b1e6ad808f107c4cec4128dcacd9343bc851e60a80dcab2c/memory.events\": no such file or directory"
time="2026-10-02T22:05:24.130641916Z" level=info msg="sbJoin: gwep4 ''->'f36f3fb52aee', gwep6 ''->''" eid=f36f3fb52aee ep=kineticloop-kl028-boundary-afca6c0-5b88c45d9ce0-postgres-1 net=kineticloop-kl028-boundary-afca6c0-5b88c45d9ce0_default nid=b04f5a9f212c spanID=81b6af025480139c traceID=1b1b8cfb09c1311ff75967e5011715d5
time="2026-10-02T22:05:26.660750293Z" level=info msg="shim disconnected" id=01a19923c9ccb841b1e6ad808f107c4cec4128dcacd9343bc851e60a80dcab2c namespace=moby
time="2026-10-02T22:05:26.660772834Z" level=info msg="cleaning up after shim disconnected" id=01a19923c9ccb841b1e6ad808f107c4cec4128dcacd9343bc851e60a80dcab2c namespace=moby
time="2026-10-02T22:05:26.660787293Z" level=info msg="cleaning up dead shim" id=01a19923c9ccb841b1e6ad808f107c4cec4128dcacd9343bc851e60a80dcab2c namespace=moby
time="2026-10-02T22:05:26.660811251Z" level=info msg="ignoring event" container=01a19923c9ccb841b1e6ad808f107c4cec4128dcacd9343bc851e60a80dcab2c module=libcontainerd namespace=moby topic=/tasks/delete type="*events.TaskDelete"
time="2026-10-02T22:05:27.033638959Z" level=info msg="connecting to shim 0099f39220116677349e03202bc3367c50c822f9342ccddf0cce5ab6bbaa20c8" address="unix:///run/containerd/s/9ab4025b6253f20cb4b7e77521a4faeb65c1ca9ea05fc41119d111ad98b7992b" namespace=moby protocol=ttrpc version=3
time="2026-10-02T22:05:27.053566668Z" level=error msg="failed to enable controllers ([cpuset cpu io memory hugetlb pids rdma])" error="failed to write subtree controllers [cpuset cpu io memory hugetlb pids rdma] to \"/sys/fs/cgroup/docker/cgroup.subtree_control\": write /sys/fs/cgroup/docker/cgroup.subtree_control: no such file or directory" runtime=io.containerd.runc.v2
time="2026-10-02T22:05:27.053767293Z" level=warning msg="error from *cgroupsv2.Manager.EventChan" error="failed to add inotify watch for \"/sys/fs/cgroup/docker/0099f39220116677349e03202bc3367c50c822f9342ccddf0cce5ab6bbaa20c8/memory.events\": no such file or directory"
time="2026-10-02T22:05:27.062593251Z" level=info msg="sbJoin: gwep4 ''->'587543905eac', gwep6 ''->''" eid=587543905eac ep=kineticloop-kl028-boundary-afca6c0-5b88c45d9ce0-postgres-1 net=kineticloop-kl028-boundary-afca6c0-5b88c45d9ce0_default nid=82125b186596 spanID=5ea65cf8c3b523cc traceID=2712b87d9e1d8d45d9de94ae27a0bab3
time="2026-10-02T22:05:29.219855169Z" level=info msg="shim disconnected" id=0099f39220116677349e03202bc3367c50c822f9342ccddf0cce5ab6bbaa20c8 namespace=moby
time="2026-10-02T22:05:29.219874752Z" level=info msg="cleaning up after shim disconnected" id=0099f39220116677349e03202bc3367c50c822f9342ccddf0cce5ab6bbaa20c8 namespace=moby
time="2026-10-02T22:05:29.219891960Z" level=info msg="cleaning up dead shim" id=0099f39220116677349e03202bc3367c50c822f9342ccddf0cce5ab6bbaa20c8 namespace=moby
time="2026-10-02T22:05:29.220083127Z" level=info msg="ignoring event" container=0099f39220116677349e03202bc3367c50c822f9342ccddf0cce5ab6bbaa20c8 module=libcontainerd namespace=moby topic=/tasks/delete type="*events.TaskDelete"
time="2026-10-02T22:05:29.594132794Z" level=info msg="connecting to shim 6aeef75e0fe6288d20e6757f4a853c013ccfc4ed5bd20b67f3d02e9b8863d5d5" address="unix:///run/containerd/s/bb6992a639aafbbf6cb16a54e2cda953c8c0673ca04013f8d6430be4690b2751" namespace=moby protocol=ttrpc version=3
time="2026-10-02T22:05:29.625743711Z" level=error msg="failed to enable controllers ([cpuset cpu io memory hugetlb pids rdma])" error="failed to write subtree controllers [cpuset cpu io memory hugetlb pids rdma] to \"/sys/fs/cgroup/docker/cgroup.subtree_control\": write /sys/fs/cgroup/docker/cgroup.subtree_control: no such file or directory" runtime=io.containerd.runc.v2
time="2026-10-02T22:05:29.625900752Z" level=warning msg="error from *cgroupsv2.Manager.EventChan" error="failed to add inotify watch for \"/sys/fs/cgroup/docker/6aeef75e0fe6288d20e6757f4a853c013ccfc4ed5bd20b67f3d02e9b8863d5d5/memory.events\": no such file or directory"
time="2026-10-02T22:05:29.635043002Z" level=info msg="sbJoin: gwep4 ''->'87464bbb54ef', gwep6 ''->''" eid=87464bbb54ef ep=kineticloop-kl028-boundary-afca6c0-5b88c45d9ce0-postgres-1 net=kineticloop-kl028-boundary-afca6c0-5b88c45d9ce0_default nid=ba4fd59d2754 spanID=5c521192c29e3d34 traceID=2c53068798c8dcf881323db2e2e819d9
time="2026-10-02T22:05:32.036387462Z" level=info msg="shim disconnected" id=6aeef75e0fe6288d20e6757f4a853c013ccfc4ed5bd20b67f3d02e9b8863d5d5 namespace=moby
time="2026-10-02T22:05:32.036412545Z" level=info msg="cleaning up after shim disconnected" id=6aeef75e0fe6288d20e6757f4a853c013ccfc4ed5bd20b67f3d02e9b8863d5d5 namespace=moby
time="2026-10-02T22:05:32.036426295Z" level=info msg="cleaning up dead shim" id=6aeef75e0fe6288d20e6757f4a853c013ccfc4ed5bd20b67f3d02e9b8863d5d5 namespace=moby
time="2026-10-02T22:05:32.036497003Z" level=info msg="ignoring event" container=6aeef75e0fe6288d20e6757f4a853c013ccfc4ed5bd20b67f3d02e9b8863d5d5 module=libcontainerd namespace=moby topic=/tasks/delete type="*events.TaskDelete"
time="2026-10-02T22:05:32.445750420Z" level=info msg="connecting to shim b5829324b5f437be86927d8e1ad6f1b149f457ac14b1bf846067797c5ba63f7a" address="unix:///run/containerd/s/dbf8154ced12661995d9e2e8a90485091f14a55f307bb082806b1f03bf786ee2" namespace=moby protocol=ttrpc version=3
time="2026-10-02T22:05:32.472639004Z" level=error msg="failed to enable controllers ([cpuset cpu io memory hugetlb pids rdma])" error="failed to write subtree controllers [cpuset cpu io memory hugetlb pids rdma] to \"/sys/fs/cgroup/docker/cgroup.subtree_control\": write /sys/fs/cgroup/docker/cgroup.subtree_control: no such file or directory" runtime=io.containerd.runc.v2
time="2026-10-02T22:05:32.472867045Z" level=warning msg="error from *cgroupsv2.Manager.EventChan" error="failed to add inotify watch for \"/sys/fs/cgroup/docker/b5829324b5f437be86927d8e1ad6f1b149f457ac14b1bf846067797c5ba63f7a/memory.events\": no such file or directory"
time="2026-10-02T22:05:32.481423045Z" level=info msg="sbJoin: gwep4 ''->'4a4c05a7deb8', gwep6 ''->''" eid=4a4c05a7deb8 ep=kineticloop-kl028-boundary-afca6c0-5b88c45d9ce0-postgres-1 net=kineticloop-kl028-boundary-afca6c0-5b88c45d9ce0_default nid=2e0aa975670a spanID=f93102601c28f9d3 traceID=c5e0f4c676cbeeab1c52e3f1d6d30fcb
time="2026-10-02T22:05:34.863983380Z" level=info msg="shim disconnected" id=b5829324b5f437be86927d8e1ad6f1b149f457ac14b1bf846067797c5ba63f7a namespace=moby
time="2026-10-02T22:05:34.864023380Z" level=info msg="cleaning up after shim disconnected" id=b5829324b5f437be86927d8e1ad6f1b149f457ac14b1bf846067797c5ba63f7a namespace=moby
time="2026-10-02T22:05:34.864044255Z" level=info msg="cleaning up dead shim" id=b5829324b5f437be86927d8e1ad6f1b149f457ac14b1bf846067797c5ba63f7a namespace=moby
time="2026-10-02T22:05:34.864062088Z" level=info msg="ignoring event" container=b5829324b5f437be86927d8e1ad6f1b149f457ac14b1bf846067797c5ba63f7a module=libcontainerd namespace=moby topic=/tasks/delete type="*events.TaskDelete"
time="2026-10-02T22:05:35.244386088Z" level=info msg="connecting to shim c28e5aa3296a4c995ff1a16ec17981f507d2ba1c5c5469e472f920f0e4b6a143" address="unix:///run/containerd/s/9aa18c8b565048b363faa4324916d9484bd32ff13ce0e497f38f9e8fa72c55bf" namespace=moby protocol=ttrpc version=3
time="2026-10-02T22:05:35.267404422Z" level=error msg="failed to enable controllers ([cpuset cpu io memory hugetlb pids rdma])" error="failed to write subtree controllers [cpuset cpu io memory hugetlb pids rdma] to \"/sys/fs/cgroup/docker/cgroup.subtree_control\": write /sys/fs/cgroup/docker/cgroup.subtree_control: no such file or directory" runtime=io.containerd.runc.v2
time="2026-10-02T22:05:35.267497338Z" level=warning msg="error from *cgroupsv2.Manager.EventChan" error="failed to add inotify watch for \"/sys/fs/cgroup/docker/c28e5aa3296a4c995ff1a16ec17981f507d2ba1c5c5469e472f920f0e4b6a143/memory.events\": no such file or directory"
time="2026-10-02T22:05:35.275825213Z" level=info msg="sbJoin: gwep4 ''->'759148cac522', gwep6 ''->''" eid=759148cac522 ep=kineticloop-kl028-boundary-afca6c0-5b88c45d9ce0-postgres-1 net=kineticloop-kl028-boundary-afca6c0-5b88c45d9ce0_default nid=019f2a819543 spanID=c7cd8e2d5ce5d939 traceID=88e330257cd027ed48477d5607953fa9
time="2026-10-02T22:05:37.505442506Z" level=info msg="shim disconnected" id=c28e5aa3296a4c995ff1a16ec17981f507d2ba1c5c5469e472f920f0e4b6a143 namespace=moby
time="2026-10-02T22:05:37.505464964Z" level=info msg="cleaning up after shim disconnected" id=c28e5aa3296a4c995ff1a16ec17981f507d2ba1c5c5469e472f920f0e4b6a143 namespace=moby
time="2026-10-02T22:05:37.505479464Z" level=info msg="cleaning up dead shim" id=c28e5aa3296a4c995ff1a16ec17981f507d2ba1c5c5469e472f920f0e4b6a143 namespace=moby
time="2026-10-02T22:05:37.505599714Z" level=info msg="ignoring event" container=c28e5aa3296a4c995ff1a16ec17981f507d2ba1c5c5469e472f920f0e4b6a143 module=libcontainerd namespace=moby topic=/tasks/delete type="*events.TaskDelete"
time="2026-10-02T22:05:37.903267673Z" level=info msg="connecting to shim 3057d73a54e8f5a5699f698a6feaa5e32023e005dfd0261be03653cb43e86fc3" address="unix:///run/containerd/s/86d5c5aac73181125e5d5971f5d9dd8fce95154adf525f4fcb4a057be2576687" namespace=moby protocol=ttrpc version=3
time="2026-10-02T22:05:37.927207506Z" level=error msg="failed to enable controllers ([cpuset cpu io memory hugetlb pids rdma])" error="failed to write subtree controllers [cpuset cpu io memory hugetlb pids rdma] to \"/sys/fs/cgroup/docker/cgroup.subtree_control\": write /sys/fs/cgroup/docker/cgroup.subtree_control: no such file or directory" runtime=io.containerd.runc.v2
time="2026-10-02T22:05:37.927321381Z" level=warning msg="error from *cgroupsv2.Manager.EventChan" error="failed to add inotify watch for \"/sys/fs/cgroup/docker/3057d73a54e8f5a5699f698a6feaa5e32023e005dfd0261be03653cb43e86fc3/memory.events\": no such file or directory"
time="2026-10-02T22:05:37.936143840Z" level=info msg="sbJoin: gwep4 ''->'bad5db53c516', gwep6 ''->''" eid=bad5db53c516 ep=kineticloop-kl028-boundary-afca6c0-5b88c45d9ce0-postgres-1 net=kineticloop-kl028-boundary-afca6c0-5b88c45d9ce0_default nid=3b4a8adae236 spanID=2354400627858bff traceID=36fa8356c253780d157a57b4a52a6729
