kl-002-database	Unit, lint, and type checks	﻿2026-10-01T01:45:00.4154340Z ##[group]Run uv run kl lint
kl-002-database	Unit, lint, and type checks	2026-10-01T01:45:00.4154540Z ^[[36;1muv run kl lint^[[0m
kl-002-database	Unit, lint, and type checks	2026-10-01T01:45:00.4154680Z ^[[36;1muv run kl typecheck^[[0m
kl-002-database	Unit, lint, and type checks	2026-10-01T01:45:00.4154830Z ^[[36;1muv run pytest tests/db^[[0m
kl-002-database	Unit, lint, and type checks	2026-10-01T01:45:00.4210457Z shell: /usr/bin/bash -e {0}
kl-002-database	Unit, lint, and type checks	2026-10-01T01:45:00.4210609Z env:
kl-002-database	Unit, lint, and type checks	2026-10-01T01:45:00.4210763Z   UV_CACHE_DIR: /home/runner/work/_temp/setup-uv-cache
kl-002-database	Unit, lint, and type checks	2026-10-01T01:45:00.4210947Z ##[endgroup]
kl-002-database	Unit, lint, and type checks	2026-10-01T01:45:00.5651671Z All checks passed!
kl-002-database	Unit, lint, and type checks	2026-10-01T01:45:07.1612184Z Success: no issues found in 107 source files
kl-002-database	Unit, lint, and type checks	2026-10-01T01:45:09.3256915Z ============================= test session starts ==============================
kl-002-database	Unit, lint, and type checks	2026-10-01T01:45:09.3257756Z platform linux -- Python 3.12.3, pytest-8.4.2, pluggy-1.6.0
kl-002-database	Unit, lint, and type checks	2026-10-01T01:45:09.3258364Z rootdir: /home/runner/work/KineticLoop/KineticLoop
kl-002-database	Unit, lint, and type checks	2026-10-01T01:45:09.3258811Z configfile: pyproject.toml
kl-002-database	Unit, lint, and type checks	2026-10-01T01:45:09.3259121Z collected 244 items
kl-002-database	Unit, lint, and type checks	2026-10-01T01:45:09.3259342Z 
kl-002-database	Unit, lint, and type checks	2026-10-01T01:45:33.0537200Z tests/db/test_artifact_registry.py ................                      [  6%]
kl-002-database	Unit, lint, and type checks	2026-10-01T01:46:05.1549302Z tests/db/test_call_ledger.py ......                                      [  9%]
kl-002-database	Unit, lint, and type checks	2026-10-01T01:46:05.2062785Z tests/db/test_cli.py ..                                                  [  9%]
kl-002-database	Unit, lint, and type checks	2026-10-01T01:46:10.3275908Z tests/db/test_factsets.py .......                                        [ 12%]
kl-002-database	Unit, lint, and type checks	2026-10-01T01:46:14.5427045Z tests/db/test_immutability.py ...                                        [ 13%]
kl-002-database	Unit, lint, and type checks	2026-10-01T01:46:14.5486007Z tests/db/test_lifecycle.py ......                                        [ 16%]
kl-002-database	Unit, lint, and type checks	2026-10-01T01:47:27.2034850Z tests/db/test_migrations.py ..........................                   [ 27%]
kl-002-database	Unit, lint, and type checks	2026-10-01T01:48:03.8969969Z tests/db/test_planning.py E.....                                         [ 29%]
kl-002-database	Unit, lint, and type checks	2026-10-01T01:48:03.9293279Z tests/db/test_result_writer.py .                                         [ 29%]
kl-002-database	Unit, lint, and type checks	2026-10-01T01:48:41.1902873Z tests/db/test_safety_registry.py ....................................... [ 45%]
kl-002-database	Unit, lint, and type checks	2026-10-01T01:48:44.7390047Z ......                                                                   [ 48%]
kl-002-database	Unit, lint, and type checks	2026-10-01T01:48:44.7836119Z tests/db/test_secret_output.py ......................................... [ 65%]
kl-002-database	Unit, lint, and type checks	2026-10-01T01:48:44.7922189Z ........                                                                 [ 68%]
kl-002-database	Unit, lint, and type checks	2026-10-01T01:48:55.8198050Z tests/db/test_subject_scope.py .....................                     [ 77%]
kl-002-database	Unit, lint, and type checks	2026-10-01T01:49:01.8972630Z tests/db/test_transaction_interfaces.py ................................ [ 90%]
kl-002-database	Unit, lint, and type checks	2026-10-01T01:49:15.2142725Z .......................                                                  [ 99%]
kl-002-database	Unit, lint, and type checks	2026-10-01T01:49:15.4155629Z tests/db/test_workflow.py .                                              [100%]
kl-002-database	Unit, lint, and type checks	2026-10-01T01:49:15.4156327Z 
kl-002-database	Unit, lint, and type checks	2026-10-01T01:49:15.4156653Z ==================================== ERRORS ====================================
kl-002-database	Unit, lint, and type checks	2026-10-01T01:49:15.4157156Z _________ ERROR at setup of test_active_partition_and_quota_are_atomic _________
kl-002-database	Unit, lint, and type checks	2026-10-01T01:49:15.4157567Z 
kl-002-database	Unit, lint, and type checks	2026-10-01T01:49:15.4158103Z     @pytest.fixture()
kl-002-database	Unit, lint, and type checks	2026-10-01T01:49:15.4158487Z     def database_urls() -> Iterator[dict[str, str]]:
kl-002-database	Unit, lint, and type checks	2026-10-01T01:49:15.4158859Z         short = subprocess.check_output(
kl-002-database	Unit, lint, and type checks	2026-10-01T01:49:15.4159250Z             ["git", "rev-parse", "--short", "HEAD"], cwd=ROOT, text=True
kl-002-database	Unit, lint, and type checks	2026-10-01T01:49:15.4159542Z         ).strip()
kl-002-database	Unit, lint, and type checks	2026-10-01T01:49:15.4159775Z         lifecycle = DatabaseLifecycle(ROOT)
kl-002-database	Unit, lint, and type checks	2026-10-01T01:49:15.4160122Z         lifecycle.namespace = _planning_namespace(short)
kl-002-database	Unit, lint, and type checks	2026-10-01T01:49:15.4160487Z         try:
kl-002-database	Unit, lint, and type checks	2026-10-01T01:49:15.4160825Z >           urls = _MIGRATIONS.bootstrap_two_phase(lifecycle)
kl-002-database	Unit, lint, and type checks	2026-10-01T01:49:15.4161221Z                    ^^^^^^^^^^^^^^^^^^^^^^^^^^^^^^^^^^^^^^^^^^
kl-002-database	Unit, lint, and type checks	2026-10-01T01:49:15.4161499Z 
kl-002-database	Unit, lint, and type checks	2026-10-01T01:49:15.4161702Z tests/db/test_planning.py:88: 
kl-002-database	Unit, lint, and type checks	2026-10-01T01:49:15.4162066Z _ _ _ _ _ _ _ _ _ _ _ _ _ _ _ _ _ _ _ _ _ _ _ _ _ _ _ _ _ _ _ _ _ _ _ _ _ _ _ _ 
kl-002-database	Unit, lint, and type checks	2026-10-01T01:49:15.4162493Z tests/db/test_migrations.py:263: in bootstrap_two_phase
kl-002-database	Unit, lint, and type checks	2026-10-01T01:49:15.4163333Z     database = lifecycle.reset()
kl-002-database	Unit, lint, and type checks	2026-10-01T01:49:15.4163648Z                ^^^^^^^^^^^^^^^^^
kl-002-database	Unit, lint, and type checks	2026-10-01T01:49:15.4163981Z src/kineticloop/db/lifecycle.py:258: in reset
kl-002-database	Unit, lint, and type checks	2026-10-01T01:49:15.4164325Z     self._psql(
kl-002-database	Unit, lint, and type checks	2026-10-01T01:49:15.4164634Z src/kineticloop/db/lifecycle.py:232: in _psql
kl-002-database	Unit, lint, and type checks	2026-10-01T01:49:15.4164977Z     return self._run(
kl-002-database	Unit, lint, and type checks	2026-10-01T01:49:15.4165310Z _ _ _ _ _ _ _ _ _ _ _ _ _ _ _ _ _ _ _ _ _ _ _ _ _ _ _ _ _ _ _ _ _ _ _ _ _ _ _ _ 
kl-002-database	Unit, lint, and type checks	2026-10-01T01:49:15.4165795Z 
kl-002-database	Unit, lint, and type checks	2026-10-01T01:49:15.4166096Z self = <kineticloop.db.lifecycle.DatabaseLifecycle object at 0x7effcf220e30>
kl-002-database	Unit, lint, and type checks	2026-10-01T01:49:15.4166820Z command = ['docker', 'compose', '--project-name', 'kineticloop-kl024-2200e13', '--file', '/home/runner/work/KineticLoop/KineticLoop/compose.yaml', ...]
kl-002-database	Unit, lint, and type checks	2026-10-01T01:49:15.4167372Z 
kl-002-database	Unit, lint, and type checks	2026-10-01T01:49:15.4167548Z     def _run(
kl-002-database	Unit, lint, and type checks	2026-10-01T01:49:15.4167982Z         self,
kl-002-database	Unit, lint, and type checks	2026-10-01T01:49:15.4168528Z         command: Sequence[str],
kl-002-database	Unit, lint, and type checks	2026-10-01T01:49:15.4168843Z         *,
kl-002-database	Unit, lint, and type checks	2026-10-01T01:49:15.4169118Z         check: bool = True,
kl-002-database	Unit, lint, and type checks	2026-10-01T01:49:15.4169443Z     ) -> subprocess.CompletedProcess[str]:
kl-002-database	Unit, lint, and type checks	2026-10-01T01:49:15.4169778Z         try:
kl-002-database	Unit, lint, and type checks	2026-10-01T01:49:15.4181376Z             return self._runner(
kl-002-database	Unit, lint, and type checks	2026-10-01T01:49:15.4181778Z                 list(command),
kl-002-database	Unit, lint, and type checks	2026-10-01T01:49:15.4182093Z                 cwd=self.root,
kl-002-database	Unit, lint, and type checks	2026-10-01T01:49:15.4182414Z                 env=self.environment,
kl-002-database	Unit, lint, and type checks	2026-10-01T01:49:15.4182751Z                 check=check,
kl-002-database	Unit, lint, and type checks	2026-10-01T01:49:15.4183073Z                 capture_output=True,
kl-002-database	Unit, lint, and type checks	2026-10-01T01:49:15.4183388Z                 text=True,
kl-002-database	Unit, lint, and type checks	2026-10-01T01:49:15.4183669Z             )
kl-002-database	Unit, lint, and type checks	2026-10-01T01:49:15.4183958Z         except FileNotFoundError as error:
kl-002-database	Unit, lint, and type checks	2026-10-01T01:49:15.4184307Z             raise DatabaseLifecycleError(
kl-002-database	Unit, lint, and type checks	2026-10-01T01:49:15.4184741Z                 "Docker with the Compose plugin is required for the local test database."
kl-002-database	Unit, lint, and type checks	2026-10-01T01:49:15.4185168Z             ) from error
kl-002-database	Unit, lint, and type checks	2026-10-01T01:49:15.4185503Z         except subprocess.CalledProcessError as error:
kl-002-database	Unit, lint, and type checks	2026-10-01T01:49:15.4185973Z             details = Redactor((self.user, self.password)).exception_diagnostic(error)
kl-002-database	Unit, lint, and type checks	2026-10-01T01:49:15.4186516Z >           raise DatabaseLifecycleError(f"database command failed: {details}") from None
kl-002-database	Unit, lint, and type checks	2026-10-01T01:49:15.4188874Z E           kineticloop.db.lifecycle.DatabaseLifecycleError: database command failed: CalledProcessError: subprocess failed with return code 2 (returncode=2; command=['docker', 'compose', '--project-name', '[REDACTED]-kl024-2200e13', '--file', '/home/runner/work/KineticLoop/KineticLoop/compose.yaml', 'exec', '--no-TTY', 'postgres', 'psql', '--username', '[REDACTED]', '--dbname', 'postgres', '--set', 'ON_ERROR_STOP=1', '--tuples-only', '--no-align', '--command', 'DROP DATABASE IF EXISTS "[REDACTED]_kl024_2200e13" WITH (FORCE);']; stdout=''; stderr='psql: error: connection to server on socket "/var/run/postgresql/.s.PGSQL.5432" failed: No such file or directory\n\tIs the server running locally and accepting connections on that socket?\n')
kl-002-database	Unit, lint, and type checks	2026-10-01T01:49:15.4190922Z 
kl-002-database	Unit, lint, and type checks	2026-10-01T01:49:15.4191176Z src/kineticloop/db/lifecycle.py:197: DatabaseLifecycleError
kl-002-database	Unit, lint, and type checks	2026-10-01T01:49:15.4191616Z =========================== short test summary info ============================
kl-002-database	Unit, lint, and type checks	2026-10-01T01:49:15.4193915Z ERROR tests/db/test_planning.py::test_active_partition_and_quota_are_atomic - kineticloop.db.lifecycle.DatabaseLifecycleError: database command failed: CalledProcessError: subprocess failed with return code 2 (returncode=2; command=['docker', 'compose', '--project-name', '[REDACTED]-kl024-2200e13', '--file', '/home/runner/work/KineticLoop/KineticLoop/compose.yaml', 'exec', '--no-TTY', 'postgres', 'psql', '--username', '[REDACTED]', '--dbname', 'postgres', '--set', 'ON_ERROR_STOP=1', '--tuples-only', '--no-align', '--command', 'DROP DATABASE IF EXISTS "[REDACTED]_kl024_2200e13" WITH (FORCE);']; stdout=''; stderr='psql: error: connection to server on socket "/var/run/postgresql/.s.PGSQL.5432" failed: No such file or directory\n\tIs the server running locally and accepting connections on that socket?\n')
kl-002-database	Unit, lint, and type checks	2026-10-01T01:49:15.4196419Z =================== 243 passed, 1 error in 247.68s (0:04:07) ===================
kl-002-database	Unit, lint, and type checks	2026-10-01T01:49:15.5688978Z ##[error]Process completed with exit code 1.
