HG-018 KL-072 governance remediation validation
base_commit=5f90b07a35e6ffe19e45bbf183e7b912c6f952c5
tested_commit=00a58567fe0b1d4e4b93ac0f008430b5b304f584
protected_base_context=HG-019 and the KL-013 integration record are present at base_commit
review_remediation=GENERAL blocker on cluster-role provisioning and database object/routine ownership

governance_schema_valid: PASS
  HARNESS_CHANGE.schema.json validates docs/exec-plans/governance/HG-018.yaml.

fresh_follow_up_projection_exact: PASS
  KL-072 is a fresh NOT_STARTED, ENFORCEABLE M2 task with no result, review, or
  integration artifact. Its backlog identity, traceability projection, packet,
  shared-hotspot flag, resources, write paths, authority context, environment,
  command/transaction impact map, exact checks, and
  GENERAL/PROTOCOL/DB_CONCURRENCY/SECURITY_DATA_BOUNDARY review union agree.
  KL-017 and KL-018 preserve their existing definitions and depend on KL-072.

safe_role_design_exact: PASS
  Four new exact, digest-pinned checks require that the successor contain no
  cluster-role or protected-membership DDL; that missing roles, unsafe attributes,
  or protected-role membership drift fail before any successor object/catalog
  change; that all migrated tables, sequences, and non-command guard functions are
  owned by NOLOGIN kl_migration_owner; and that the exact seven non-overloaded
  SECURITY DEFINER routines are owned by NOLOGIN kl_writer_safety_registry with
  fixed search_path and EXECUTE granted only to kl_application. Existing empty-
  upgrade, integration, full SafetyRegistry, role-boundary, and regression oracles
  now require externally provisioned exact roles and a non-superuser runtime path.

completed_task_immutability: PASS
  KL-013 packet, result, and integration record are byte-identical to protected
  base 5f90b07a35e6ffe19e45bbf183e7b912c6f952c5. HG-018 adds no retroactive
  obligation to the completed task and preserves its integrated HG-019 state.

historical_m1_closure_unchanged: PASS
  docs/exec-plans/milestones/M1.json is byte-identical to protected base.

new_task_and_digest_guards_pass: PASS
  PYTHONPATH="$PWD/src" /private/tmp/hg018-venv/bin/pytest -q
  tests/harness/test_validator.py -k
  "m2_security_contracts_reject_removal_substitution_and_weakening or
  allows_new_follow_up_task_identity or new_task_must_start_not_started or
  new_task_cannot_arrive_with_review_artifact or
  rejects_retroactive_completed_task_refinement" -p no:cacheprovider
  5 passed, 101 deselected in 6.40s.
  The positive fixture admits a clean follow-up identity. Negative fixtures reject
  READY admission, pre-existing reviews, retroactive completed-task refinement,
  removal, substitution, weakening, and coordinated weakening of the four new
  role-safety contracts.

harness_structure_valid: PASS
  PYTHONPATH="$PWD/src" /private/tmp/hg018-venv/bin/kl check-harness
  HARNESS_CHECK_PASS tasks=69 active=67.

harness_tests_pass: PASS
  PYTHONPATH="$PWD/src" PYTEST_ADDOPTS="-p no:cacheprovider"
  /private/tmp/hg018-venv/bin/kl test-harness
  131 passed in 215.68s.

unit_tests_pass: PASS
  PYTHONPATH="$PWD/src" PYTEST_ADDOPTS="-p no:cacheprovider"
  /private/tmp/hg018-venv/bin/kl test-unit
  169 passed in 24.10s.

full_suite_passes: PASS
  PYTHONPATH="$PWD/src" PYTEST_ADDOPTS="-p no:cacheprovider"
  /private/tmp/hg018-venv/bin/pytest -q
  381 passed in 278.54s.

typecheck_passes: PASS
  MYPY_CACHE_DIR=/private/tmp/hg018-r2-exact-mypy PYTHONPATH="$PWD/src"
  /private/tmp/hg018-venv/bin/mypy src tools/harness tools/db tests
  Success: no issues found in 72 source files.

lint_passes: PASS
  RUFF_CACHE_DIR=/private/tmp/hg018-r2-exact-ruff PYTHONPATH="$PWD/src"
  /private/tmp/hg018-venv/bin/ruff check src tools tests
  All checks passed!

governance_scope_exact: PASS
  The protected-base-to-tested change set is exactly the 12 declared governance
  content, authority-projection, validator, and regression-test paths. KL-072 is
  the only new task identity; KL-017 and KL-018 are the only existing task
  definitions refined. The final bookkeeping suffix adds only this evidence file
  and the HG-018 governance record.

diff_clean: PASS
  git diff --check 5f90b07a35e6ffe19e45bbf183e7b912c6f952c5
  00a58567fe0b1d4e4b93ac0f008430b5b304f584
  No output.

frozen_and_historical_state_unchanged: PASS
  git diff --exit-code 5f90b07a35e6ffe19e45bbf183e7b912c6f952c5
  00a58567fe0b1d4e4b93ac0f008430b5b304f584 -- FROZEN_BASELINE.json
  04_KineticLoop_DB_Schema_Design_v0.2_FROZEN.md
  05_KineticLoop_Protocol_v1.2_FROZEN.md
  docs/exec-plans/active/KL-013.md
  docs/exec-plans/completed/KL-013_RESULT.yaml
  docs/exec-plans/integrations/KL-013.json
  docs/exec-plans/milestones/M1.json
  No output.

No Frozen Protocol/DB semantic, historical M1 closure, completed KL-013 packet,
result, integration record, or review artifact is changed. KL-072 remains
unimplemented; this governance change creates its exact executable contract and
downstream ordering.
