KL-003 blocker remediation validation
tested_commit: 8dd5b50ec78b5dd4bc70209876a13b10d4fd2ca5
base_commit: 1fd56e3f8e9207f0d63ae03647c93e54563d1abc

$ uv run pytest tests/unit/primitives -q -k id_format_valid
..                                                                       [100%]
2 passed, 32 deselected in 0.01s

$ uv run pytest tests/unit/primitives -q -k utc_time_normalized
..                                                                       [100%]
2 passed, 32 deselected in 0.01s

$ uv run pytest tests/unit/primitives -q -k canonical_serialization_deterministic
.                                                                        [100%]
1 passed, 33 deselected in 0.01s

$ uv run pytest tests/unit/primitives -q -k hash_deterministic
.                                                                        [100%]
1 passed, 33 deselected in 0.01s

$ uv run pytest tests/unit/primitives -q -k invalid_input_rejected
...........................                                              [100%]
27 passed, 7 deselected in 0.02s

$ uv run ruff check .
All checks passed!

$ uv run mypy
Success: no issues found in 14 source files

$ uv run kl test-unit
37 passed in 0.61s

$ uv run kl test-harness
52 passed in 24.16s

$ uv run kl check-harness --protected-base 1fd56e3f8e9207f0d63ae03647c93e54563d1abc --task-id KL-003
HARNESS_CHECK_PASS tasks=68 active=66
