KL-017 exact checks after SECURITY_DATA_BOUNDARY remediation
tested_commit: 05cd0e1b3f6143f995fcb8f10e35c22e9a092613
$ uv run pytest -q tests/db/test_subject_scope.py::test_subject_namespace_isolation
.                                                                        [100%]
1 passed in 2.35s
$ uv run pytest -q tests/db/test_subject_scope.py::test_cross_subject_denial_is_non_enumerating
.                                                                        [100%]
1 passed in 2.35s
$ uv run pytest -q tests/db/test_subject_scope.py::test_test_authorization_is_isolated
.                                                                        [100%]
1 passed in 2.39s
$ uv run pytest -q tests/db/test_subject_scope.py::test_evaluation_storage_is_isolated
.                                                                        [100%]
1 passed in 2.36s
$ uv run pytest -q tests/db/test_subject_scope.py::test_application_role_scope_enforced
.                                                                        [100%]
1 passed in 2.39s
$ uv run pytest -q tests/e2e/test_subject_isolation.py
.                                                                        [100%]
1 passed in 2.27s
$ uv run pytest -q tests/db/test_subject_scope.py tests/db/test_migrations.py
..............................                                           [100%]
30 passed in 47.11s
$ uv run alembic heads
d4c1a9e7b203 (head)
$ uv run kl check-harness
HARNESS_CHECK_PASS tasks=69 active=67
$ uv run pytest -q tests/db
........................................................................ [ 48%]
........................................................................ [ 96%]
......                                                                   [100%]
150 passed in 75.17s (0:01:15)
ALL_EXACT_CHECKS_PASS
