KL-017 exact checks
tested_commit: 089c7fb0250310021a648d599cee72c48549271c
$ uv run pytest -q tests/db/test_subject_scope.py::test_subject_namespace_isolation
.                                                                        [100%]
1 passed in 2.46s
$ uv run pytest -q tests/db/test_subject_scope.py::test_cross_subject_denial_is_non_enumerating
.                                                                        [100%]
1 passed in 2.47s
$ uv run pytest -q tests/db/test_subject_scope.py::test_test_authorization_is_isolated
.                                                                        [100%]
1 passed in 2.43s
$ uv run pytest -q tests/db/test_subject_scope.py::test_evaluation_storage_is_isolated
.                                                                        [100%]
1 passed in 2.46s
$ uv run pytest -q tests/db/test_subject_scope.py::test_application_role_scope_enforced
.                                                                        [100%]
1 passed in 2.44s
$ uv run pytest -q tests/e2e/test_subject_isolation.py
.                                                                        [100%]
1 passed in 2.38s
$ uv run pytest -q tests/db/test_subject_scope.py tests/db/test_migrations.py
..........................                                               [100%]
26 passed in 46.64s
$ uv run alembic heads
d4c1a9e7b203 (head)
$ uv run kl check-harness
HARNESS_CHECK_PASS tasks=69 active=67
$ uv run pytest -q tests/db
........................................................................ [ 49%]
........................................................................ [ 98%]
..                                                                       [100%]
146 passed in 81.26s (0:01:21)
ALL_EXACT_CHECKS_PASS
