KL-017 exact packet checks after third SECURITY_DATA_BOUNDARY remediation
tested_commit: 9b2f14ec2449ab95bac1bfbe1da5a0f6f04a8dd1

$ uv run pytest -q tests/db/test_subject_scope.py::test_subject_namespace_isolation
1 passed in 2.44s
$ uv run pytest -q tests/db/test_subject_scope.py::test_cross_subject_denial_is_non_enumerating
1 passed in 2.35s
$ uv run pytest -q tests/db/test_subject_scope.py::test_test_authorization_is_isolated
1 passed in 2.36s
$ uv run pytest -q tests/db/test_subject_scope.py::test_evaluation_storage_is_isolated
1 passed in 2.38s
$ uv run pytest -q tests/db/test_subject_scope.py::test_application_role_scope_enforced
1 passed in 2.38s
$ uv run pytest -q tests/e2e/test_subject_isolation.py
1 passed in 2.22s
$ uv run pytest -q tests/db/test_subject_scope.py tests/db/test_migrations.py
34 passed in 53.56s
$ uv run alembic heads
d4c1a9e7b203 (head)
$ uv run kl check-harness
HARNESS_CHECK_PASS tasks=69 active=67
$ uv run pytest -q tests/db
154 passed in 81.44s

One earlier check-7 attempt was invalidated by an orchestration collision: a yielded
copy of the same command was still resetting the same isolated Compose namespace,
so a second copy lost its PostgreSQL connection during role provisioning. No test
assertion failed. The command was rerun alone against the same tested commit and
the serialized 34-test PASS above is the acceptance result.

ALL_EXACT_CHECKS_PASS
