KL-017 exact packet checks
tested_commit: 3f57ff2f945b6fbe3fadb6ce895a6d5a33526b6f

$ uv run pytest -q tests/db/test_subject_scope.py::test_subject_namespace_isolation
1 passed in 2.50s

$ uv run pytest -q tests/db/test_subject_scope.py::test_cross_subject_denial_is_non_enumerating
1 passed in 2.50s

$ uv run pytest -q tests/db/test_subject_scope.py::test_test_authorization_is_isolated
1 passed in 2.49s

$ uv run pytest -q tests/db/test_subject_scope.py::test_evaluation_storage_is_isolated
1 passed in 2.48s

$ uv run pytest -q tests/db/test_subject_scope.py::test_application_role_scope_enforced
1 passed in 2.50s

$ uv run pytest -q tests/e2e/test_subject_isolation.py
1 passed in 2.33s

$ uv run pytest -q tests/db/test_subject_scope.py tests/db/test_migrations.py
43 passed in 65.84s

$ uv run alembic heads
d4c1a9e7b203 (head)

$ uv run kl check-harness
HARNESS_CHECK_PASS tasks=69 active=67

$ uv run pytest -q tests/db
163 passed in 95.41s

ALL_KL017_PACKET_CHECKS_PASS
