base_commit=eab2b305351cf3c504f74ac74868edc58d0a3430
tested_commit=ce812839dd33bf7c163ffa5c8a711ef38420e6df
command=/private/tmp/kl017-venv/bin/python docs/exec-plans/evidence/HG-035/audit.py
base_commit=eab2b305351cf3c504f74ac74868edc58d0a3430
tested_commit=ce812839dd33bf7c163ffa5c8a711ef38420e6df
PASS frozen/product/CI/requirement/completed prerequisites preserved byte-for-byte
PASS only unstarted KL019 definitions refined; dependency/review union and product state preserved
PASS exact20 check contracts, narrow write/resources/environment, guarded identity/bootstrap/owner boundaries
MERGED_PREREQUISITE KL-015 tested=cdc6243de229ab55a66b8c01c7aa7b9abba4ead2 reviewed=a7cf0af8bae32df8b1cd845c9e1d1159049b4b24
MERGED_PREREQUISITE KL-017 tested=eb617291e58dcaa99b7873096ada0e08dc7f6f26 reviewed=4aa711e0e6aa490e250c8eb3241653b90307df6d
MERGED_PREREQUISITE KL-020 tested=b5bbf280082dac1c2912ca161287e89dd57a191b reviewed=6f41d8e910facda3e8a4e501c4f5a0b9ba0fa452
MERGED_PREREQUISITE KL-021 tested=675697f0f455757d8efb548e0ac4ec6d48ca1908 reviewed=2e3209349f9cf9ef372f2869486336b8015c5efb
MERGED_PREREQUISITE KL-022 tested=fa228db83f8151f52bc4c78f43c5a7e17e0b8c48 reviewed=63f9decb1482c7f01c7170cdf6bf3778ed4cc063
MERGED_PREREQUISITE KL-023 tested=077c383e6a825bc6f55ece4d4311531e0bb0411f reviewed=6cd15b03cb0206156b8e295d34516f457c7b046a
MERGED_PREREQUISITE KL-024 tested=638396cc5d7c28d5152038d08390a2de11320064 reviewed=28a47f1747c942d6b0382d3d610b8a998e2c512f
MERGED_PREREQUISITE KL-025 tested=c3966cc790e1e2aa187dfb70496e4f811404a9ee reviewed=5f3c14b94a2aebd4e5ce97c2414c8271e9ff9ef4
NORMAL_MERGED_INTEGRATION KL-024 {"display_task_id": "KL-024", "integration_status": "MERGED", "merge_commit": "ff57a80feebd4e539f9af277e0dcb26d942bc3e0", "result_commit": "28a47f1747c942d6b0382d3d610b8a998e2c512f", "review_record_commit": "54c201fcb08f4686897c3b3bb44f34a43490471b", "reviewed_head_sha": "28a47f1747c942d6b0382d3d610b8a998e2c512f", "task_identity": "harness-backlog-v0.2/KL-024"}
NORMAL_MERGED_INTEGRATION KL-025 {"display_task_id": "KL-025", "integration_status": "MERGED", "merge_commit": "eab2b305351cf3c504f74ac74868edc58d0a3430", "result_commit": "5f3c14b94a2aebd4e5ce97c2414c8271e9ff9ef4", "review_record_commit": "2ab9c47f66730fe2bb826c09e744de6347027aa4", "reviewed_head_sha": "5f3c14b94a2aebd4e5ce97c2414c8271e9ff9ef4", "task_identity": "harness-backlog-v0.2/KL-025"}
PASS normal actual KL024/KL025 merge ancestry, byte-identical results, selected evidence and review-only suffix
API BuilderIdentity fields=actor,subject_id
API PlanningIdentity fields=actor,subject_id
API AdmitOrReviseIntent fields=subject_id,key,local_date,purpose,calendar_policy,constraints,explicit,trigger
API AcquireLease fields=subject_id,key,intent_id,expected_owner,expected_fence,request_revision,attempt_id,seconds
API RenewLease fields=subject_id,key,intent_id,fence,request_revision,attempt_id,seconds
API PlanningWorkflowService.admit_or_revise (self, command: 'AdmitOrReviseIntent') -> 'Mapping[str, Any]'
API PlanningWorkflowService.acquire_lease (self, command: 'AcquireLease') -> 'Mapping[str, Any]'
API PlanningWorkflowService.renew_lease (self, command: 'RenewLease') -> 'Mapping[str, Any]'
API CallLedgerService.reserve (self, command: 'ReserveCall') -> 'Mapping[str, Any]'
API CallLedgerService.permit (self, command: 'PermitDispatch') -> 'DispatchPermit'
API CallLedgerService.cancel (self, command: 'CancelUndispatched') -> 'Mapping[str, Any]'
API CallLedgerService.mark_unknown (self, command: 'MarkUnknown') -> 'Mapping[str, Any]'
API CallLedgerService.settle (self, command: 'SettleCall') -> 'Mapping[str, Any]'
OWNER PublishManifest DecisionPublicationService T3 ('S51', 'S01', 'S23', 'S24', 'S25', 'S02', 'S03', 'S04')
OWNER CommitBundle T6CommitCoordinator T6 ('S51', 'S01', 'S27', 'S38', 'S39', 'S40', 'S41', 'S42', 'S43', 'S29', 'S02', 'S03', 'S04')
OWNER StartSession ExecutionService T7 ('S51', 'S01', 'S38', 'S44', 'S45', 'S02', 'S03', 'S04')
PASS strict TEST_ONLY T6/T7 wire, existing owner matrix and bounded first-use/upstream gaps verified
FIXTURE_SOURCE tests/db/test_transaction_interfaces.py sha256=722346d6e0b03087ce08f2d03bc955c227652c189bfa4ccc1a50f2b7cf3abc3a functions=[('_database_timestamp', 110), ('_completion_certificate', 120), ('_manifest_candidate_payload', 144), ('database_urls', 275), ('_seed_transaction_rows', 296), ('_registry_ids', 594), ('_registry_identities', 598), ('_acquire_registry', 605), ('_event', 612), ('_reset_kl022_fixture', 624), ('_seed_current_t7_pair', 640), ('_wait_until_database_blocked', 686), ('_cancel_idempotent_outcome', 706), ('test_registry_lease_required_for_publish_commit_and_session_entry', 747), ('test_preparation_work_stays_outside_coordination_locks', 771), ('test_factset_build_stays_outside_subject_coordination', 798), ('test_subject_guard_required', 1026), ('test_complete_frozen_lock_order_enforced', 1075), ('test_multi_key_lock_order_is_stable', 1122), ('test_reverse_lock_order_is_rejected', 1165), ('test_receipt_before_s01_is_rejected', 1271), ('test_artifact_identity_required', 1279), ('test_direct_write_bypass_rejected', 1309), ('test_event_outbox_atomicity_enforced', 1360), ('test_t1_observation_key_identity_is_supported', 1676), ('test_outbox_dispatcher_does_not_lock_subject_guard', 1779), ('test_stale_fence_commit_is_rejected', 1804), ('test_dispatch_first_winner_and_replay_non_resend', 2026), ('test_t8_settlement_rejects_crosswired_intent_reservation', 2235), ('test_t2_invalidation_scope_is_mandatory', 2293), ('test_lease_commands_reject_arbitrary_attempt_locks', 2314), ('test_t2_invalidation_scope_must_match_active_policy', 2352), ('test_commit_bundle_rejects_inapplicable_reservation_lock', 2376), ('test_t8_expected_transition_is_exact', 2395), ('test_t8_stale_contender_rechecks_after_locked_transition', 2426), ('test_ack_loss_replay_preserves_natural_uniqueness', 2541), ('test_t6_ack_loss_replay_returns_same_issuance', 2705), ('test_reauthorize_requires_atomic_intent_success', 3247), ('test_t3_rejects_incomplete_or_crosswired_ready_candidate', 3423), ('test_t7_exact_session_and_t3_publication_guards', 3836), ('test_t2_t7_subject_commands_share_s01_linearization', 4266), ('test_concurrent_same_key_same_hash_replays_one_outcome', 4494), ('test_concurrent_same_key_different_hash_rejects_conflict', 4574), ('test_historical_replay_preserves_guard_boundary', 4661), ('_set_kl022_t6_ready', 4918), ('_prepare_kl022_t6_basis', 4951), ('test_t6_authorization_evaluator_persists_exact_minimum_certificate', 4996), ('test_t7_executability_rereads_epoch_scope_control_and_time', 5678), ('test_t6_t7_deny_revoked_transitive_dependency_after_current_registry_read', 5960)]
FIXTURE_SOURCE tests/db/test_planning.py sha256=b7b185e069d94f0e67826de02ec630259881add0fa8f5366823d830f95917636 functions=[('_planning_namespace', 65), ('database_urls', 81), ('service', 145), ('request', 149), ('read', 163), ('counts', 168), ('admission', 183), ('acquire', 188), ('observe_block', 213), ('test_active_partition_and_quota_are_atomic', 228), ('test_join_and_revision_preserve_root_authority', 289), ('test_takeover_and_renew_fence_old_workers', 381), ('test_atomicity_and_ack_loss_replay', 582), ('test_bounded_owner_capabilities', 703), ('test_command_identity_namespaces', 784)]
FIXTURE_SOURCE tests/db/test_call_ledger.py sha256=d3c09d2125844b1ed7e7bc138be41b43a02c0a95efd54d2bfc3012751fe615e2 functions=[('database_urls', 66), ('test_planning_fixture_namespace_isolation', 135), ('read', 197), ('bookkeeping', 202), ('root_payload', 212), ('request', 216), ('admission', 222), ('acquire', 227), ('ledger', 238), ('reserve_command', 243), ('reserve', 257), ('permit_command', 262), ('cancel_command', 270), ('unknown_command', 275), ('settlement_command', 281), ('invoke', 298), ('observe_block', 303), ('test_competing_reservations_share_root_budget', 317), ('test_cancel_and_dispatch_have_one_winner', 379), ('test_stale_attempt_fence_and_deadline_deny', 436), ('persisted', 522), ('test_ack_loss_and_payload_conflicts', 528), ('test_unknown_and_late_settlement_are_accounting_only', 687), ('assert_cross_reservation_identity_race', 866)]
FIXTURE_SOURCE tests/db/test_migrations.py sha256=d6bfb6bde2ec795bf0676f1a3943860076469d4571fa92694b3f3e6eb7570fa9 functions=[('role_url', 81), ('run_alembic', 91), ('run_alembic_downgrade', 103), ('provision_external_roles', 115), ('external_ownership_handoff', 191), ('provision_subject_scope_ddl_guard', 241), ('bootstrap_two_phase', 262), ('upgrade_empty', 295), ('migrated_database', 300), ('test_empty_db_upgrade_head', 306), ('test_safety_registry_successor_migration_chain', 320), ('test_artifact_registry_successor_migration_chain', 341), ('test_artifact_registry_upgrade_rejects_malformed_legacy_timeless_row', 385), ('assert_subject_scope_preflight_failure', 427), ('test_subject_scope_ddl_guard_inventory', 450), ('test_subject_scope_preflight_requires_exact_external_ddl_guard', 533), ('test_subject_scope_preflight_rejects_legacy_external_inbound_fk', 553), ('test_subject_scope_preflight_rejects_writer_assumption_paths', 612), ('test_subject_scope_preflight_rejects_principal_object_bypasses', 640), ('test_subject_scope_downgrade_locks_serialize_registration_and_writes', 686), ('test_safety_registry_successor_contains_no_cluster_role_ddl', 765), ('test_two_phase_empty_db_upgrade_head', 796), ('catalog_fingerprint', 816), ('assert_preflight_failure', 853), ('test_safety_registry_role_preflight_fails_before_object_changes', 864), ('test_safety_registry_migrated_object_ownership', 949), ('test_safety_registry_repository_integrates_with_migrated_schema', 985), ('test_logical_inventory_complete', 1059), ('test_fk_order_matches_topology', 1086), ('test_immutable_history_materialized', 1127), ('test_frozen_natural_keys_and_authorization_basis', 1181), ('test_registry_and_authorization_authority_is_materialized', 1210), ('test_typed_fact_child_rejects_wrong_parent_kind', 1280), ('test_role_reconciliation_and_no_application_write_bypass', 1331), ('test_factset_member_seal_serializes_and_old_parent_is_guarded', 1368), ('test_upgrade_downgrade_roundtrip', 1426), ('schema_signature', 1455), ('test_database_rebuild_is_deterministic', 1470), ('test_planning_active_partition_successor', 1479)]
FIXTURE_SOURCE tests/db/test_safety_registry.py sha256=736e2d96a072d6bcf96d1819f114e1970c51dd584ce5f9466a074f647adec5ed functions=[('database_urls', 76), ('db_urls', 89), ('connect', 94), ('seed', 98), ('eligibility', 269), ('mutate', 283), ('mutation_count', 297), ('assert_denied', 304), ('wait_until_blocked', 320), ('wait_until_database_time', 336), ('invoke_revoke_sql', 347), ('run_revoke_first_then_shared_denies', 368), ('revoke_command', 407), ('test_shared_gate_command_matrix_fails_closed', 437), ('test_direct_sql_null_lock_timeout_fails_closed_without_mutation', 527), ('test_migrated_schema_rejects_undefined_artifact_validity', 573), ('test_t6_migrated_eligibility_predicates_fail_closed', 602), ('test_t7_migrated_eligibility_predicates_fail_closed', 669), ('test_reauthorize_shared_gate_precedes_s01_and_fails_closed', 756), ('test_continue_session_rechecks_shared_gate_and_fails_closed', 793), ('test_exclusive_global_gate_serializes', 864), ('registry_counts', 966), ('relation_snapshot', 978), ('registry_state', 1006), ('test_t2_global_commit_rollback_and_effective_at_semantics', 1016), ('test_t2_global_has_no_subject_or_user_fanout_dependency', 1105), ('test_revoke_artifact_atomic_linearization_and_idempotency', 1174), ('test_shared_command_ack_loss_propagates_unknown_outcome', 1327), ('test_revoke_ack_loss_reconciles_by_command_key', 1345), ('test_committed_revoke_controls_current_admission_not_history', 1360), ('test_direct_sql_revoke_rejects_unbound_payload_hash', 1465), ('test_global_revoke_never_locks_s01', 1535), ('test_stop_has_no_registry_dependency', 1554), ('test_command_owners_reject_nested_transactions', 1577), ('test_migrated_registry_command_routine_privileges', 1593), ('create_hostile_temp_registry_objects', 1752), ('assert_direct_dml_denied', 1780), ('test_migrated_registry_definer_search_path_and_schema_acl', 1808), ('test_migrated_registry_runtime_login_boundary', 1928), ('test_migrated_registry_role_owner_boundary', 2015)]
FIXTURE_SOURCE tests/unit/persistence/test_transactions.py sha256=3b77bdb512cc88f66dec37c4fc26ef52d12d9ed55e66d934e8bb8e507b12ec1d functions=[('test_transaction_owner_matrix_complete', 16), ('test_every_public_owner_has_explicit_non_infrastructure_dml_capabilities', 42), ('test_catalog_mapping_and_release_owner_boundaries_complete', 79)]
FIXTURE_SOURCE tests/unit/workflow/test_planning.py sha256=043d52b9add9cf163ecb34c856d5049cce98fc2fab03b32e67b417ec38139189 functions=[('test_normalized_single_flight_and_revision_decisions', 28), ('test_fence_deadline_and_terminal_guards', 80)]
FIXTURE_SOURCE tests/unit/workflow/test_call_ledger.py sha256=80bfd519d9663f0ecf29306b8204a7007c236e94a2ab91b0feb05e8c46d765aa functions=[('root_budget', 38), ('test_root_budget_and_charge_bounds', 49), ('test_state_machine_and_non_sendable_replay', 164), ('_permit_runtime', 318), ('test_dispatch_occurs_once_after_commit', 334)]
EXACT_FUTURE_FIXTURE tests/db/test_planning.py before=b7b185e069d94f0e67826de02ec630259881add0fa8f5366823d830f95917636 after=3669217713228edd3592b4aeedc330216a57efe476ae45dae3b17c90dacfc0de
EXACT_FUTURE_FIXTURE tests/db/test_call_ledger.py before=d3c09d2125844b1ed7e7bc138be41b43a02c0a95efd54d2bfc3012751fe615e2 after=25142760e435fbc8f160da0c54c9939104a306a21b363242d2b970b2ec94b279
PASS complete actual fixture inventory; transaction fixture unchanged with existing two overrides
LIMITATION governance PASS is not KL019 task/product PASS; all20 future checks and I01/I02/I04/I07/A03@DC obligations remain NOT_RUN
HG035_AUDIT_PASS

exit_code=0
