{
  "status": "HG040_SCOPE_AUDIT_PASS",
  "base_commit": "70dc4863ccdca95f7a44e79b68501a698262e323",
  "tested_commit": "5f41d88c5f8c3142b43b3101486c1fa149394543",
  "paths": [
    "06_KineticLoop_Project_Plan_v0.6_HARNESS_HARDENED.md",
    "CURRENT_DOCUMENT_INDEX.json",
    "HARNESS_DOCUMENT_MANIFEST.json",
    "KineticLoop_Harness_Backlog_v0.2.json",
    "KineticLoop_Harness_Traceability_v0.3.json",
    "docs/exec-plans/active/KL-076.md",
    "docs/exec-plans/active/KL-078.md",
    "docs/exec-plans/evidence/HG-040/BASE_REFRESH.md",
    "docs/exec-plans/evidence/HG-040/COORDINATION_STATUS.md",
    "docs/exec-plans/evidence/HG-040/HG039-normal-merge.json",
    "docs/exec-plans/evidence/HG-040/HG039-status-preparation.json",
    "docs/exec-plans/evidence/HG-040/KL-078.definition.draft.json",
    "docs/exec-plans/evidence/HG-040/KL-078.packet.draft.md",
    "docs/exec-plans/evidence/HG-040/KL026-final-head-runs.json",
    "docs/exec-plans/evidence/HG-040/KL026-normal-merge.json",
    "docs/exec-plans/evidence/HG-040/KL026-verified-base.json",
    "docs/exec-plans/evidence/HG-040/KL075-normal-merge.json",
    "docs/exec-plans/evidence/HG-040/KL076-original-BLOCKER.md",
    "docs/exec-plans/evidence/HG-040/KL076-original-upstream-feasibility-d0470ba.json",
    "docs/exec-plans/evidence/HG-040/KL076-original-upstream-gateway-d0470ba.log",
    "docs/exec-plans/evidence/HG-040/PREPARATION.md",
    "docs/exec-plans/evidence/HG-040/audit.py",
    "docs/exec-plans/evidence/HG-040/candidate-gateway-d0470ba-rerun.log",
    "docs/exec-plans/evidence/HG-040/candidate-gateway-d0470ba.log",
    "docs/exec-plans/evidence/HG-040/candidate_gateway_diagnostic.py",
    "docs/exec-plans/evidence/HG-040/candidate_gateway_feasibility-20ed13c.json",
    "docs/exec-plans/evidence/HG-040/candidate_gateway_feasibility-20ed13c.log",
    "docs/exec-plans/evidence/HG-040/candidate_gateway_feasibility-35044fd.json",
    "docs/exec-plans/evidence/HG-040/candidate_gateway_feasibility-35044fd.log",
    "docs/exec-plans/evidence/HG-040/diff_clean-20ed13c.json",
    "docs/exec-plans/evidence/HG-040/diff_clean-20ed13c.log",
    "docs/exec-plans/evidence/HG-040/diff_clean-35044fd.json",
    "docs/exec-plans/evidence/HG-040/diff_clean-35044fd.log",
    "docs/exec-plans/evidence/HG-040/draft.py",
    "docs/exec-plans/evidence/HG-040/finalize.py",
    "docs/exec-plans/evidence/HG-040/harness_tests-20ed13c.json",
    "docs/exec-plans/evidence/HG-040/harness_tests-20ed13c.log",
    "docs/exec-plans/evidence/HG-040/harness_tests-35044fd.json",
    "docs/exec-plans/evidence/HG-040/harness_tests-35044fd.log",
    "docs/exec-plans/evidence/HG-040/harness_validation-20ed13c.json",
    "docs/exec-plans/evidence/HG-040/harness_validation-20ed13c.log",
    "docs/exec-plans/evidence/HG-040/harness_validation-35044fd.json",
    "docs/exec-plans/evidence/HG-040/harness_validation-35044fd.log",
    "docs/exec-plans/evidence/HG-040/held-governance-base37de321.yaml",
    "docs/exec-plans/evidence/HG-040/integrate.py",
    "docs/exec-plans/evidence/HG-040/integration-provenance.json",
    "docs/exec-plans/evidence/HG-040/lint-20ed13c.json",
    "docs/exec-plans/evidence/HG-040/lint-20ed13c.log",
    "docs/exec-plans/evidence/HG-040/lint-35044fd.json",
    "docs/exec-plans/evidence/HG-040/lint-35044fd.log",
    "docs/exec-plans/evidence/HG-040/original-gateway-d0470ba-rerun.log",
    "docs/exec-plans/evidence/HG-040/original-gateway-d0470ba.log",
    "docs/exec-plans/evidence/HG-040/original_gateway_probe.py",
    "docs/exec-plans/evidence/HG-040/original_gateway_reproduction-20ed13c.json",
    "docs/exec-plans/evidence/HG-040/original_gateway_reproduction-20ed13c.log",
    "docs/exec-plans/evidence/HG-040/original_gateway_reproduction-35044fd.json",
    "docs/exec-plans/evidence/HG-040/original_gateway_reproduction-35044fd.log",
    "docs/exec-plans/evidence/HG-040/prerequisites-d0470ba.json",
    "docs/exec-plans/evidence/HG-040/protected-base.txt",
    "docs/exec-plans/evidence/HG-040/refresh_hashes.py",
    "docs/exec-plans/evidence/HG-040/repin.py",
    "docs/exec-plans/evidence/HG-040/run_check.py",
    "docs/exec-plans/evidence/HG-040/scope_audit-20ed13c.json",
    "docs/exec-plans/evidence/HG-040/scope_audit-20ed13c.log",
    "docs/exec-plans/evidence/HG-040/scope_audit-35044fd.json",
    "docs/exec-plans/evidence/HG-040/scope_audit-35044fd.log",
    "docs/exec-plans/evidence/HG-040/setup-failure.json",
    "docs/exec-plans/evidence/HG-040/test_preparation_scope.draft.py",
    "docs/exec-plans/evidence/HG-040/typecheck-20ed13c.json",
    "docs/exec-plans/evidence/HG-040/typecheck-20ed13c.log",
    "docs/exec-plans/evidence/HG-040/typecheck-35044fd.json",
    "docs/exec-plans/evidence/HG-040/typecheck-35044fd.log",
    "docs/exec-plans/evidence/HG-040/unit_tests-20ed13c.json",
    "docs/exec-plans/evidence/HG-040/unit_tests-20ed13c.log",
    "docs/exec-plans/evidence/HG-040/unit_tests-35044fd.json",
    "docs/exec-plans/evidence/HG-040/unit_tests-35044fd.log",
    "docs/exec-plans/evidence/HG-040/upstream_scope_regressions-20ed13c.json",
    "docs/exec-plans/evidence/HG-040/upstream_scope_regressions-20ed13c.log",
    "docs/exec-plans/evidence/HG-040/upstream_scope_regressions-35044fd.json",
    "docs/exec-plans/evidence/HG-040/upstream_scope_regressions-35044fd.log",
    "docs/exec-plans/evidence/HG-040/write_record.py",
    "docs/exec-plans/governance/HG-040.yaml",
    "tests/harness/test_preparation_scope.py",
    "tools/harness/validate_harness.py"
  ],
  "application_edits": false,
  "prospective_checks": "NOT_RUN",
  "requirements_promoted": false
}
