Independent PROTOCOL structural/evidence inspection
B 3ec7f7a38d974256a928c3687f63e4d90019e42b
T b3171cc449a29e2ae03331cafc92500496c6179d
R d6f1f4d65b77fba434c467af21b1cc1b8aa6d9f2
Whole B..R changed paths: 145, all literal authorized paths
T..R contains only own result/evidence, no implementation drift
Exact source projection: six paths, 16 oracles, four reviews, five owner dependencies; four additive entry conditions and KL081 namespaces only
Exact traceability and only three dependency redirects verified
Merged owner KL-024 result PASS, integration merge ff57a80feebd4e539f9af277e0dcb26d942bc3e0
Merged owner KL-026 result PASS, integration merge 70dc4863ccdca95f7a44e79b68501a698262e323
Merged owner KL-025 result PASS, integration merge eab2b305351cf3c504f74ac74868edc58d0a3430
Merged owner KL-075 result PASS, integration merge d0470badf0ccf6bec28a9bc7e6836b57d9df93ce
Merged owner KL-019 result PASS, integration merge cfbfae0c366e654060d5d52f961a37abf956f2a0
Original KL-036 object present and excluded from clean ancestry 1fee7a4ef9ecb484da24522962a6df4d4c2bd9b9
Original HG-056 object present and excluded from clean ancestry 8bfb977f67f9e1fa8af8fb43fe98ad5bebd89aea
Frozen baseline, requirement set, integration/acceptance/M3, decoder/storage/review/installation authorities byte-identical
Current indexed authority and delivery hashes verified at R
Final recovery command/output/hash/revision/exit verified
Final validator command/output/hash/revision/exit verified
Final validator: collection = started = call = JUnit identities 158; all phases passed; no skips/errors/deselections/worker loss
Final unit command/output/hash/revision/exit verified
Final unit: collection = started = call = JUnit identities 247; all phases passed; no skips/errors/deselections/worker loss
Final harness command/output/hash/revision/exit verified
Final harness: collection = started = call = JUnit identities 1767; all phases passed; no skips/errors/deselections/worker loss
Final harness manifest bound, clean source, two workers, Python 3.12.14
Final lint command/output/hash/revision/exit verified
Final typecheck command/output/hash/revision/exit verified
Final authority command/output/hash/revision/exit verified
Final diff command/output/hash/revision/exit verified
Final author checks are macOS developer evidence; installed App/fullDB/trusted admission remain separate root gates
Independent inspection completed without running source helpers, test suites, DB or historical audit
